Starting auto-push script for machine 'bob' (every 10 minutes)
Press Ctrl+C to stop
[2026-01-27 18:54:07] Changes detected, pushing...
error: cannot pull with rebase: You have unstaged changes.
error: Please commit or stash them.
[main eb7853e] Sync results (bob)
 6 files changed, 37 insertions(+), 1 deletion(-)
 create mode 100644 auto_push_bob.out
 create mode 100644 job_logs_pg_bob/job_scheduler.log
 create mode 100644 job_logs_pg_bob/social_welfare_wealth_seed1.log
 create mode 100644 static_bob.out
To https://github.com/brahimdriss/LoanSimulator.git
   2a92c24..eb7853e  main -> main
[2026-01-27 18:54:07] Push complete
[2026-01-27 19:04:08] Changes detected, pushing...
error: cannot pull with rebase: You have unstaged changes.
error: Please commit or stash them.
[main a808f48] Sync results (bob)
 5 files changed, 415 insertions(+)
 create mode 100644 episode_metrics_pg_train_bob/pg_train_v2_social_welfare_wealth_seed1_20260127_185926_episode_metrics.csv
 create mode 100644 episode_metrics_pg_train_bob/pg_train_v2_social_welfare_wealth_seed1_20260127_185926_episode_metrics.npy
 create mode 100644 pg_sequential_results_bob/pepg_social_welfare_wealth_seed1.pt
To https://github.com/brahimdriss/LoanSimulator.git
   eb7853e..a808f48  main -> main
[2026-01-27 19:04:08] Push complete
[2026-01-27 19:14:09] Changes detected, pushing...
error: cannot pull with rebase: You have unstaged changes.
error: Please commit or stash them.
