2026-01-27 19:00:56 | INFO  | ==================================================
2026-01-27 19:00:56 | INFO  | Sequential PG Job Scheduler Started
2026-01-27 19:00:56 | INFO  | Total jobs: 12, Pending: 12, Completed: 0, Failed: 0
2026-01-27 19:00:56 | INFO  | Episodes per job: 300
2026-01-27 19:00:56 | INFO  | ==================================================
2026-01-27 19:00:56 | START | Job 1/12: social_welfare_both_seed1
2026-01-27 19:06:11 | DONE  | Job 1/12: social_welfare_both_seed1 (5m 14s)
2026-01-27 19:06:11 | START | Job 2/12: social_welfare_both_seed2
2026-01-27 19:10:50 | DONE  | Job 2/12: social_welfare_both_seed2 (4m 39s)
2026-01-27 19:10:50 | START | Job 3/12: social_welfare_both_seed3
2026-01-27 19:15:08 | DONE  | Job 3/12: social_welfare_both_seed3 (4m 17s)
2026-01-27 19:15:08 | START | Job 4/12: rawlsian_maximin_both_seed1
2026-01-27 19:21:10 | DONE  | Job 4/12: rawlsian_maximin_both_seed1 (6m 2s)
2026-01-27 19:21:10 | START | Job 5/12: rawlsian_maximin_both_seed2
2026-01-27 19:26:33 | DONE  | Job 5/12: rawlsian_maximin_both_seed2 (5m 23s)
2026-01-27 19:26:33 | START | Job 6/12: rawlsian_maximin_both_seed3
2026-01-27 19:31:16 | DONE  | Job 6/12: rawlsian_maximin_both_seed3 (4m 42s)
2026-01-27 19:31:16 | START | Job 7/12: fairness_lagrangian_both_seed1
2026-01-27 19:35:16 | DONE  | Job 7/12: fairness_lagrangian_both_seed1 (3m 59s)
2026-01-27 19:35:16 | START | Job 8/12: fairness_lagrangian_both_seed2
2026-01-27 19:39:33 | DONE  | Job 8/12: fairness_lagrangian_both_seed2 (4m 17s)
2026-01-27 19:39:33 | START | Job 9/12: fairness_lagrangian_both_seed3
2026-01-27 19:44:24 | DONE  | Job 9/12: fairness_lagrangian_both_seed3 (4m 51s)
2026-01-27 19:44:24 | START | Job 10/12: utilitarian_profit_both_seed1
2026-01-27 19:50:27 | DONE  | Job 10/12: utilitarian_profit_both_seed1 (6m 3s)
2026-01-27 19:50:27 | INFO  | Progress: 10 completed, 0 failed, 2 remaining
2026-01-27 19:50:27 | START | Job 11/12: utilitarian_profit_both_seed2
2026-01-27 19:56:30 | DONE  | Job 11/12: utilitarian_profit_both_seed2 (6m 2s)
2026-01-27 19:56:30 | START | Job 12/12: utilitarian_profit_both_seed3
2026-01-27 20:02:36 | DONE  | Job 12/12: utilitarian_profit_both_seed3 (6m 6s)
2026-01-27 20:02:36 | INFO  | ==================================================
2026-01-27 20:02:36 | INFO  | Scheduler Finished
2026-01-27 20:02:36 | INFO  | Total time: 1h 1m 39s
2026-01-27 20:02:36 | INFO  | Completed: 12/12
2026-01-27 20:02:36 | INFO  | Failed: 0
2026-01-27 20:02:36 | INFO  | ==================================================
