2026-01-22 12:36:37 | WARN  | Found interrupted job: social_welfare_approval_rate_seed1 - will retry
2026-01-22 12:36:37 | INFO  | ==================================================
2026-01-22 12:36:37 | INFO  | Sequential Static Job Scheduler Started
2026-01-22 12:36:37 | INFO  | Total jobs: 36, Pending: 36, Completed: 0, Failed: 0
2026-01-22 12:36:37 | INFO  | Episodes per job: 200
2026-01-22 12:36:37 | INFO  | ==================================================
2026-01-22 12:36:37 | START | Job 1/36: social_welfare_approval_rate_seed1
2026-01-22 13:05:00 | DONE  | Job 1/36: social_welfare_approval_rate_seed1 (28m 23s)
2026-01-22 13:05:00 | START | Job 2/36: social_welfare_approval_rate_seed2
2026-01-22 13:47:49 | DONE  | Job 2/36: social_welfare_approval_rate_seed2 (42m 48s)
2026-01-22 13:47:49 | START | Job 3/36: social_welfare_approval_rate_seed3
2026-01-22 14:17:47 | DONE  | Job 3/36: social_welfare_approval_rate_seed3 (29m 57s)
2026-01-22 14:17:47 | START | Job 4/36: social_welfare_wealth_seed1
2026-01-22 14:36:38 | DONE  | Job 4/36: social_welfare_wealth_seed1 (18m 50s)
2026-01-22 14:36:38 | START | Job 5/36: social_welfare_wealth_seed2
2026-01-22 14:51:02 | DONE  | Job 5/36: social_welfare_wealth_seed2 (14m 24s)
2026-01-22 14:51:02 | START | Job 6/36: social_welfare_wealth_seed3
2026-01-22 15:19:49 | DONE  | Job 6/36: social_welfare_wealth_seed3 (28m 46s)
2026-01-22 15:19:49 | START | Job 7/36: social_welfare_both_seed1
2026-01-22 15:31:41 | DONE  | Job 7/36: social_welfare_both_seed1 (11m 51s)
2026-01-22 15:31:41 | START | Job 8/36: social_welfare_both_seed2
2026-01-22 15:57:22 | DONE  | Job 8/36: social_welfare_both_seed2 (25m 41s)
2026-01-22 15:57:22 | START | Job 9/36: social_welfare_both_seed3
2026-01-22 16:11:53 | DONE  | Job 9/36: social_welfare_both_seed3 (14m 30s)
2026-01-22 16:11:53 | START | Job 10/36: rawlsian_maximin_approval_rate_seed1
2026-01-22 16:46:55 | DONE  | Job 10/36: rawlsian_maximin_approval_rate_seed1 (35m 2s)
2026-01-22 16:46:55 | INFO  | Progress: 10 completed, 0 failed, 26 remaining
2026-01-22 16:46:55 | START | Job 11/36: rawlsian_maximin_approval_rate_seed2
2026-01-22 17:13:58 | DONE  | Job 11/36: rawlsian_maximin_approval_rate_seed2 (27m 3s)
2026-01-22 17:13:58 | START | Job 12/36: rawlsian_maximin_approval_rate_seed3
2026-01-22 17:41:47 | DONE  | Job 12/36: rawlsian_maximin_approval_rate_seed3 (27m 48s)
2026-01-22 17:41:47 | START | Job 13/36: rawlsian_maximin_wealth_seed1
2026-01-22 17:50:32 | DONE  | Job 13/36: rawlsian_maximin_wealth_seed1 (8m 45s)
2026-01-22 17:50:32 | START | Job 14/36: rawlsian_maximin_wealth_seed2
2026-01-22 18:02:31 | DONE  | Job 14/36: rawlsian_maximin_wealth_seed2 (11m 58s)
2026-01-22 18:02:31 | START | Job 15/36: rawlsian_maximin_wealth_seed3
2026-01-22 18:15:04 | DONE  | Job 15/36: rawlsian_maximin_wealth_seed3 (12m 33s)
2026-01-22 18:15:04 | START | Job 16/36: rawlsian_maximin_both_seed1
2026-01-22 18:42:53 | DONE  | Job 16/36: rawlsian_maximin_both_seed1 (27m 48s)
2026-01-22 18:42:53 | START | Job 17/36: rawlsian_maximin_both_seed2
2026-01-22 19:11:51 | DONE  | Job 17/36: rawlsian_maximin_both_seed2 (28m 58s)
2026-01-22 19:11:51 | START | Job 18/36: rawlsian_maximin_both_seed3
2026-01-22 19:19:26 | DONE  | Job 18/36: rawlsian_maximin_both_seed3 (7m 34s)
2026-01-22 19:19:26 | START | Job 19/36: fairness_lagrangian_approval_rate_seed1
2026-01-22 19:49:48 | DONE  | Job 19/36: fairness_lagrangian_approval_rate_seed1 (30m 21s)
2026-01-22 19:49:48 | START | Job 20/36: fairness_lagrangian_approval_rate_seed2
2026-01-22 20:18:49 | DONE  | Job 20/36: fairness_lagrangian_approval_rate_seed2 (29m 1s)
2026-01-22 20:18:49 | INFO  | Progress: 20 completed, 0 failed, 16 remaining
2026-01-22 20:18:49 | START | Job 21/36: fairness_lagrangian_approval_rate_seed3
2026-01-22 20:47:36 | DONE  | Job 21/36: fairness_lagrangian_approval_rate_seed3 (28m 46s)
2026-01-22 20:47:36 | START | Job 22/36: fairness_lagrangian_wealth_seed1
2026-01-22 20:53:47 | DONE  | Job 22/36: fairness_lagrangian_wealth_seed1 (6m 10s)
2026-01-22 20:53:47 | START | Job 23/36: fairness_lagrangian_wealth_seed2
2026-01-22 21:03:31 | DONE  | Job 23/36: fairness_lagrangian_wealth_seed2 (9m 43s)
2026-01-22 21:03:31 | START | Job 24/36: fairness_lagrangian_wealth_seed3
2026-01-22 21:13:51 | DONE  | Job 24/36: fairness_lagrangian_wealth_seed3 (10m 20s)
2026-01-22 21:13:51 | START | Job 25/36: fairness_lagrangian_both_seed1
2026-01-22 21:20:20 | DONE  | Job 25/36: fairness_lagrangian_both_seed1 (6m 29s)
2026-01-22 21:20:20 | START | Job 26/36: fairness_lagrangian_both_seed2
2026-01-22 21:27:35 | DONE  | Job 26/36: fairness_lagrangian_both_seed2 (7m 14s)
2026-01-22 21:27:35 | START | Job 27/36: fairness_lagrangian_both_seed3
2026-01-22 21:54:26 | DONE  | Job 27/36: fairness_lagrangian_both_seed3 (26m 51s)
2026-01-22 21:54:26 | START | Job 28/36: utilitarian_profit_approval_rate_seed1
2026-01-22 22:23:31 | DONE  | Job 28/36: utilitarian_profit_approval_rate_seed1 (29m 4s)
2026-01-22 22:23:31 | START | Job 29/36: utilitarian_profit_approval_rate_seed2
2026-01-22 22:52:54 | DONE  | Job 29/36: utilitarian_profit_approval_rate_seed2 (29m 22s)
2026-01-22 22:52:54 | START | Job 30/36: utilitarian_profit_approval_rate_seed3
2026-01-22 23:18:45 | DONE  | Job 30/36: utilitarian_profit_approval_rate_seed3 (25m 51s)
2026-01-22 23:18:45 | INFO  | Progress: 30 completed, 0 failed, 6 remaining
2026-01-22 23:18:45 | START | Job 31/36: utilitarian_profit_wealth_seed1
2026-01-22 23:47:47 | DONE  | Job 31/36: utilitarian_profit_wealth_seed1 (29m 2s)
2026-01-22 23:47:47 | START | Job 32/36: utilitarian_profit_wealth_seed2
2026-01-23 01:05:31 | DONE  | Job 32/36: utilitarian_profit_wealth_seed2 (1h 17m 44s)
2026-01-23 01:05:31 | START | Job 33/36: utilitarian_profit_wealth_seed3
2026-01-23 01:31:28 | DONE  | Job 33/36: utilitarian_profit_wealth_seed3 (25m 56s)
2026-01-23 01:31:28 | START | Job 34/36: utilitarian_profit_both_seed1
2026-01-23 02:00:29 | DONE  | Job 34/36: utilitarian_profit_both_seed1 (29m 1s)
2026-01-23 02:00:29 | START | Job 35/36: utilitarian_profit_both_seed2
2026-01-23 02:31:54 | DONE  | Job 35/36: utilitarian_profit_both_seed2 (31m 24s)
2026-01-23 02:31:54 | START | Job 36/36: utilitarian_profit_both_seed3
2026-01-23 02:57:48 | DONE  | Job 36/36: utilitarian_profit_both_seed3 (25m 54s)
2026-01-23 02:57:48 | INFO  | ==================================================
2026-01-23 02:57:48 | INFO  | Scheduler Finished
2026-01-23 02:57:48 | INFO  | Total time: 14h 21m 11s
2026-01-23 02:57:48 | INFO  | Completed: 36/36
2026-01-23 02:57:48 | INFO  | Failed: 0
2026-01-23 02:57:48 | INFO  | ==================================================
