Job: fairness_lagrangian_both_seed2
Command: uv run python -u par_static.py --seeds 1 --seed 2 --reward fairness_lagrangian --constraint both --episodes 300 --workers 1 --weights-dir ./pg_sequential_results_desktop --episode-metrics-dir ./episode_metrics_pg_train_desktop
Started: 2026-01-27T19:35:16.029631
================================================================================

================================================================================
PERFORMATIVE POLICY GRADIENT V2 (Explicit Hawkes) EXPERIMENT
  Reward: FAIRNESS_LAGRANGIAN
  Constraint: BOTH
  Seed: 2
  Warmup: 0 episodes
================================================================================

CUDA Available: NVIDIA RTX 4000 Ada Generation

[STEP 1] Loading Adult Income Data...
Downloading Adult Income dataset...
  Trying UCI Repository...
  ✓ Downloaded 20,000 records from UCI repository
Preprocessing Adult Income data...

  Deriving creditworthiness using income prediction model...

Male applicants: 13519
Female applicants: 6481
Male high-income rate: 0.312
Female high-income rate: 0.116

[STEP 2] Learning θ Parameters...

[STEP 3] Creating Environment...

[STEP 4] Creating PePG V2 Agent...
  Using device: cuda
  Mixed precision (AMP): Enabled
  Learnable lambdas enabled for 'both' (lr=0.01)
  Replay buffer capacity: 0 episodes
  Warmup episodes: 0

[STEP 5] Training PePG V2 Agent...
Training PePG V2 with fairness_lagrangian (both constraint)...
  Warmup episodes: 0
  Gradient weights: hawkes=1.0, wealth=1.0, transition=1.0, reward=1.0
  [PePG] Ep 0: R=-26962.66, Avg=-26962.66, ρ=1.19, λw=2.020, Number of Approvals R = 329.000, Number of Approvals B = 251.000, 
  [PePG] Ep 10: R=-29167.10, Avg=-29167.10, ρ=1.24, λw=2.233, Number of Approvals R = 316.000, Number of Approvals B = 271.000, 
  [PePG] Ep 20: R=-33452.11, Avg=-30257.44, ρ=1.10, λw=2.467, Number of Approvals R = 283.000, Number of Approvals B = 241.000, 
  [PePG] Ep 30: R=-35067.40, Avg=-33328.93, ρ=1.41, λw=2.727, Number of Approvals R = 305.000, Number of Approvals B = 232.000, 
  [PePG] Ep 40: R=-37972.54, Avg=-36916.63, ρ=1.30, λw=3.014, Number of Approvals R = 286.000, Number of Approvals B = 213.000, 
  [PePG] Ep 50: R=-44718.74, Avg=-40899.55, ρ=1.34, λw=3.331, Number of Approvals R = 310.000, Number of Approvals B = 236.000, 
  [PePG] Ep 60: R=-50761.01, Avg=-45603.68, ρ=1.27, λw=3.681, Number of Approvals R = 296.000, Number of Approvals B = 233.000, 
  [PePG] Ep 70: R=-53480.83, Avg=-50844.50, ρ=1.30, λw=4.068, Number of Approvals R = 290.000, Number of Approvals B = 259.000, 
  [PePG] Ep 80: R=-61574.87, Avg=-56121.26, ρ=1.41, λw=4.496, Number of Approvals R = 313.000, Number of Approvals B = 250.000, 
  [PePG] Ep 90: R=-69787.88, Avg=-61930.67, ρ=1.36, λw=4.969, Number of Approvals R = 312.000, Number of Approvals B = 241.000, 
  [PePG] Ep 100: R=-72181.85, Avg=-68840.97, ρ=1.03, λw=5.491, Number of Approvals R = 277.000, Number of Approvals B = 242.000, 
  [PePG] Ep 110: R=-82686.31, Avg=-75884.52, ρ=1.21, λw=6.069, Number of Approvals R = 320.000, Number of Approvals B = 228.000, 
  [PePG] Ep 120: R=-92447.90, Avg=-83975.37, ρ=1.13, λw=6.707, Number of Approvals R = 297.000, Number of Approvals B = 267.000, 
  [PePG] Ep 130: R=-101591.43, Avg=-93580.12, ρ=1.26, λw=7.412, Number of Approvals R = 291.000, Number of Approvals B = 263.000, 
  [PePG] Ep 140: R=-111101.76, Avg=-103927.49, ρ=1.12, λw=8.192, Number of Approvals R = 300.000, Number of Approvals B = 249.000, 
  [PePG] Ep 150: R=-118542.76, Avg=-113959.81, ρ=1.31, λw=9.053, Number of Approvals R = 288.000, Number of Approvals B = 226.000, 
  [PePG] Ep 160: R=-142525.62, Avg=-125046.50, ρ=1.30, λw=10.006, Number of Approvals R = 329.000, Number of Approvals B = 244.000, 
  [PePG] Ep 170: R=-157802.28, Avg=-138370.84, ρ=1.17, λw=11.058, Number of Approvals R = 320.000, Number of Approvals B = 251.000, 
  [PePG] Ep 180: R=-163946.38, Avg=-152570.67, ρ=1.14, λw=12.221, Number of Approvals R = 295.000, Number of Approvals B = 236.000, 
  [PePG] Ep 190: R=-192593.35, Avg=-168684.59, ρ=1.19, λw=13.506, Number of Approvals R = 339.000, Number of Approvals B = 263.000, 
  [PePG] Ep 200: R=-211804.62, Avg=-186897.63, ρ=1.30, λw=14.927, Number of Approvals R = 327.000, Number of Approvals B = 267.000, 
  [PePG] Ep 210: R=-230062.37, Avg=-208038.81, ρ=1.30, λw=16.497, Number of Approvals R = 317.000, Number of Approvals B = 258.000, 
  [PePG] Ep 220: R=-255597.45, Avg=-230585.27, ρ=1.22, λw=18.231, Number of Approvals R = 305.000, Number of Approvals B = 259.000, 
  [PePG] Ep 230: R=-280052.97, Avg=-252361.26, ρ=1.04, λw=20.149, Number of Approvals R = 270.000, Number of Approvals B = 247.000, 
  [PePG] Ep 240: R=-318573.82, Avg=-280198.46, ρ=1.34, λw=22.268, Number of Approvals R = 318.000, Number of Approvals B = 233.000, 
  [PePG] Ep 250: R=-355406.25, Avg=-313828.56, ρ=1.40, λw=24.610, Number of Approvals R = 309.000, Number of Approvals B = 225.000, 
  [PePG] Ep 260: R=-364509.81, Avg=-344094.58, ρ=1.31, λw=27.198, Number of Approvals R = 316.000, Number of Approvals B = 226.000, 
  [PePG] Ep 270: R=-399571.03, Avg=-376712.85, ρ=1.45, λw=30.059, Number of Approvals R = 294.000, Number of Approvals B = 222.000, 
  [PePG] Ep 280: R=-468682.44, Avg=-415037.72, ρ=1.32, λw=33.220, Number of Approvals R = 190.000, Number of Approvals B = 171.000, 
  [PePG] Ep 290: R=-487712.49, Avg=-451566.29, ρ=1.25, λw=36.714, Number of Approvals R = 128.000, Number of Approvals B = 91.000, 
  [PePG] Ep 299: R=-546834.32, Avg=-486951.97, ρ=1.12, λw=40.171, Number of Approvals R = 93.000, Number of Approvals B = 81.000, 

Training complete. Buffer: 0 episodes

============================================================
TRAINING COMPLETE
============================================================
  Final wealth gap: $12.549k
  Approval disparity: -0.0025
  Total profit: $52.659k
  Mean ρ: 1.2409
  PePG V2 model saved to ./pg_sequential_results_desktop/pepg_fairness_lagrangian_both_seed2.pt
  Episode metrics saved to ./episode_metrics_pg_train_desktop/pg_train_v2_fairness_lagrangian_both_seed2_20260127_193818_episode_metrics.csv
  Episode metrics saved to ./episode_metrics_pg_train_desktop/pg_train_v2_fairness_lagrangian_both_seed2_20260127_193818_episode_metrics.npy
Loading PePG V2 agent from ./pg_sequential_results_desktop/pepg_fairness_lagrangian_both_seed2.pt...
Downloading Adult Income dataset...
  Trying UCI Repository...
  ✓ Downloaded 20,000 records from UCI repository
Preprocessing Adult Income data...

  Deriving creditworthiness using income prediction model...

Male applicants: 13519
Female applicants: 6481
Male high-income rate: 0.312
Female high-income rate: 0.116
  Using device: cuda
  Mixed precision (AMP): Enabled
  Learnable lambdas enabled for 'both' (lr=0.01)
  Replay buffer capacity: 0 episodes
  Warmup episodes: 0
  PePG V2 model loaded from ./pg_sequential_results_desktop/pepg_fairness_lagrangian_both_seed2.pt

[] Testing PePG V2 Agent...
Training PePG V2 with fairness_lagrangian (both constraint)...
  Warmup episodes: 0
  Gradient weights: hawkes=1.0, wealth=1.0, transition=1.0, reward=1.0
  [PePG] Ep 0: R=-528979.88, Avg=-489966.84, ρ=1.05, λw=40.575, Number of Approvals R = 75.000, Number of Approvals B = 66.000, 
  [PePG] Ep 10: R=-599012.68, Avg=-545646.11, ρ=0.96, λw=44.842, Number of Approvals R = 117.000, Number of Approvals B = 88.000, 
  [PePG] Ep 20: R=-712546.14, Avg=-619451.41, ρ=1.06, λw=49.558, Number of Approvals R = 122.000, Number of Approvals B = 91.000, 
  [PePG] Ep 30: R=-853309.88, Avg=-730779.24, ρ=1.16, λw=54.770, Number of Approvals R = 121.000, Number of Approvals B = 93.000, 
  [PePG] Ep 40: R=-1004555.25, Avg=-886281.92, ρ=1.15, λw=60.531, Number of Approvals R = 157.000, Number of Approvals B = 119.000, 
  [PePG] Ep 50: R=-1314154.96, Avg=-1081211.15, ρ=1.65, λw=66.897, Number of Approvals R = 198.000, Number of Approvals B = 150.000, 
  [PePG] Ep 60: R=-1579698.74, Avg=-1320270.79, ρ=1.29, λw=73.932, Number of Approvals R = 165.000, Number of Approvals B = 112.000, 
  [PePG] Ep 70: R=-1901705.93, Avg=-1627422.26, ρ=1.10, λw=81.708, Number of Approvals R = 173.000, Number of Approvals B = 125.000, 
  [PePG] Ep 80: R=-2222612.78, Avg=-1974180.10, ρ=1.17, λw=90.301, Number of Approvals R = 157.000, Number of Approvals B = 100.000, 
  [PePG] Ep 90: R=-2860877.18, Avg=-2376041.37, ρ=1.25, λw=99.798, Number of Approvals R = 196.000, Number of Approvals B = 158.000, 
  [PePG] Ep 99: R=-3349834.73, Avg=-2850359.76, ρ=1.08, λw=109.197, Number of Approvals R = 212.000, Number of Approvals B = 130.000, 

Training complete. Buffer: 0 episodes
  Episode metrics saved to ./episode_metrics_pg_test_desktop/pg_test_v2_fairness_lagrangian_both_seed2_20260127_193932_episode_metrics.csv
  Episode metrics saved to ./episode_metrics_pg_test_desktop/pg_test_v2_fairness_lagrangian_both_seed2_20260127_193932_episode_metrics.npy

================================================================================
Finished: 2026-01-27T19:39:33.048065
Exit code: 0
Test Exit code: 0
