Job: utilitarian_profit_both_seed3
Command: uv run python -u par_static.py --seeds 1 --seed 3 --reward utilitarian_profit --constraint both --episodes 300 --workers 1 --weights-dir ./pg_sequential_results_desktop --episode-metrics-dir ./episode_metrics_pg_train_desktop
Started: 2026-01-27T19:56:30.011317
================================================================================

================================================================================
PERFORMATIVE POLICY GRADIENT V2 (Explicit Hawkes) EXPERIMENT
  Reward: UTILITARIAN_PROFIT
  Constraint: BOTH
  Seed: 3
  Warmup: 0 episodes
================================================================================

CUDA Available: NVIDIA RTX 4000 Ada Generation

[STEP 1] Loading Adult Income Data...
Downloading Adult Income dataset...
  Trying UCI Repository...
  ✓ Downloaded 20,000 records from UCI repository
Preprocessing Adult Income data...

  Deriving creditworthiness using income prediction model...

Male applicants: 13519
Female applicants: 6481
Male high-income rate: 0.312
Female high-income rate: 0.116

[STEP 2] Learning θ Parameters...

[STEP 3] Creating Environment...

[STEP 4] Creating PePG V2 Agent...
  Using device: cuda
  Mixed precision (AMP): Enabled
  Replay buffer capacity: 0 episodes
  Warmup episodes: 0

[STEP 5] Training PePG V2 Agent...
Training PePG V2 with utilitarian_profit (both constraint)...
  Warmup episodes: 0
  Gradient weights: hawkes=1.0, wealth=1.0, transition=1.0, reward=1.0
  [PePG] Ep 0: R=850.56, Avg=850.56, ρ=1.46, λw=2.000, Number of Approvals R = 310.000, Number of Approvals B = 244.000, 
  [PePG] Ep 10: R=1227.84, Avg=1227.84, ρ=1.17, λw=2.000, Number of Approvals R = 419.000, Number of Approvals B = 347.000, 
  [PePG] Ep 20: R=1285.91, Avg=1149.07, ρ=1.37, λw=2.000, Number of Approvals R = 459.000, Number of Approvals B = 345.000, 
  [PePG] Ep 30: R=1469.45, Avg=1328.21, ρ=1.40, λw=2.000, Number of Approvals R = 541.000, Number of Approvals B = 396.000, 
  [PePG] Ep 40: R=1601.10, Avg=1496.03, ρ=1.24, λw=2.000, Number of Approvals R = 588.000, Number of Approvals B = 447.000, 
  [PePG] Ep 50: R=1540.61, Avg=1557.51, ρ=1.39, λw=2.000, Number of Approvals R = 563.000, Number of Approvals B = 431.000, 
  [PePG] Ep 60: R=1414.39, Avg=1486.41, ρ=1.08, λw=2.000, Number of Approvals R = 510.000, Number of Approvals B = 413.000, 
  [PePG] Ep 70: R=1510.30, Avg=1429.17, ρ=1.30, λw=2.000, Number of Approvals R = 541.000, Number of Approvals B = 403.000, 
  [PePG] Ep 80: R=1542.39, Avg=1478.42, ρ=1.29, λw=2.000, Number of Approvals R = 573.000, Number of Approvals B = 427.000, 
  [PePG] Ep 90: R=1553.41, Avg=1564.84, ρ=1.11, λw=2.000, Number of Approvals R = 555.000, Number of Approvals B = 463.000, 
  [PePG] Ep 100: R=1626.89, Avg=1611.92, ρ=1.51, λw=2.000, Number of Approvals R = 600.000, Number of Approvals B = 459.000, 
  [PePG] Ep 110: R=1561.70, Avg=1622.51, ρ=1.31, λw=2.000, Number of Approvals R = 586.000, Number of Approvals B = 469.000, 
  [PePG] Ep 120: R=1705.54, Avg=1644.80, ρ=1.18, λw=2.000, Number of Approvals R = 590.000, Number of Approvals B = 469.000, 
  [PePG] Ep 130: R=1646.67, Avg=1681.45, ρ=1.15, λw=2.000, Number of Approvals R = 574.000, Number of Approvals B = 474.000, 
  [PePG] Ep 140: R=1727.52, Avg=1688.43, ρ=1.28, λw=2.000, Number of Approvals R = 592.000, Number of Approvals B = 500.000, 
  [PePG] Ep 150: R=1727.37, Avg=1681.86, ρ=1.18, λw=2.000, Number of Approvals R = 604.000, Number of Approvals B = 487.000, 
  [PePG] Ep 160: R=1689.49, Avg=1696.89, ρ=1.15, λw=2.000, Number of Approvals R = 591.000, Number of Approvals B = 478.000, 
  [PePG] Ep 170: R=1652.71, Avg=1661.78, ρ=1.12, λw=2.000, Number of Approvals R = 565.000, Number of Approvals B = 504.000, 
  [PePG] Ep 180: R=1523.26, Avg=1642.88, ρ=1.14, λw=2.000, Number of Approvals R = 546.000, Number of Approvals B = 458.000, 
  [PePG] Ep 190: R=1822.07, Avg=1653.92, ρ=1.34, λw=2.000, Number of Approvals R = 652.000, Number of Approvals B = 471.000, 
  [PePG] Ep 200: R=1629.08, Avg=1657.83, ρ=1.29, λw=2.000, Number of Approvals R = 581.000, Number of Approvals B = 469.000, 
  [PePG] Ep 210: R=1704.06, Avg=1693.04, ρ=1.55, λw=2.000, Number of Approvals R = 639.000, Number of Approvals B = 446.000, 
  [PePG] Ep 220: R=1817.42, Avg=1705.00, ρ=1.35, λw=2.000, Number of Approvals R = 635.000, Number of Approvals B = 494.000, 
  [PePG] Ep 230: R=1740.70, Avg=1715.37, ρ=1.20, λw=2.000, Number of Approvals R = 592.000, Number of Approvals B = 514.000, 
  [PePG] Ep 240: R=1715.24, Avg=1749.04, ρ=1.35, λw=2.000, Number of Approvals R = 597.000, Number of Approvals B = 493.000, 
  [PePG] Ep 250: R=1708.27, Avg=1734.25, ρ=1.10, λw=2.000, Number of Approvals R = 597.000, Number of Approvals B = 502.000, 
  [PePG] Ep 260: R=1658.23, Avg=1717.10, ρ=1.28, λw=2.000, Number of Approvals R = 600.000, Number of Approvals B = 455.000, 
  [PePG] Ep 270: R=1817.70, Avg=1768.67, ρ=1.18, λw=2.000, Number of Approvals R = 686.000, Number of Approvals B = 530.000, 
  [PePG] Ep 280: R=1729.74, Avg=1783.01, ρ=1.14, λw=2.000, Number of Approvals R = 624.000, Number of Approvals B = 516.000, 
  [PePG] Ep 290: R=1776.19, Avg=1779.69, ρ=1.22, λw=2.000, Number of Approvals R = 596.000, Number of Approvals B = 507.000, 
  [PePG] Ep 299: R=1771.90, Avg=1765.94, ρ=1.14, λw=2.000, Number of Approvals R = 610.000, Number of Approvals B = 517.000, 

Training complete. Buffer: 0 episodes

============================================================
TRAINING COMPLETE
============================================================
  Final wealth gap: $12.722k
  Approval disparity: -0.0080
  Total profit: $1752.835k
  Mean ρ: 1.2530
  PePG V2 model saved to ./pg_sequential_results_desktop/pepg_utilitarian_profit_both_seed3.pt
  Episode metrics saved to ./episode_metrics_pg_train_desktop/pg_train_v2_utilitarian_profit_both_seed3_20260127_195945_episode_metrics.csv
  Episode metrics saved to ./episode_metrics_pg_train_desktop/pg_train_v2_utilitarian_profit_both_seed3_20260127_195945_episode_metrics.npy
Loading PePG V2 agent from ./pg_sequential_results_desktop/pepg_utilitarian_profit_both_seed3.pt...
Downloading Adult Income dataset...
  Trying UCI Repository...
  ✓ Downloaded 20,000 records from UCI repository
Preprocessing Adult Income data...

  Deriving creditworthiness using income prediction model...

Male applicants: 13519
Female applicants: 6481
Male high-income rate: 0.312
Female high-income rate: 0.116
  Using device: cuda
  Mixed precision (AMP): Enabled
  Replay buffer capacity: 0 episodes
  Warmup episodes: 0
  PePG V2 model loaded from ./pg_sequential_results_desktop/pepg_utilitarian_profit_both_seed3.pt

[] Testing PePG V2 Agent...
Training PePG V2 with utilitarian_profit (both constraint)...
  Warmup episodes: 0
  Gradient weights: hawkes=1.0, wealth=1.0, transition=1.0, reward=1.0
  [PePG] Ep 0: R=1840.05, Avg=1771.45, ρ=1.15, λw=2.000, Number of Approvals R = 643.000, Number of Approvals B = 547.000, 
  [PePG] Ep 10: R=2377.23, Avg=1858.35, ρ=1.46, λw=2.000, Number of Approvals R = 865.000, Number of Approvals B = 609.000, 
  [PePG] Ep 20: R=2761.57, Avg=2211.21, ρ=1.20, λw=2.000, Number of Approvals R = 984.000, Number of Approvals B = 761.000, 
  [PePG] Ep 30: R=3062.01, Avg=2730.25, ρ=1.40, λw=2.000, Number of Approvals R = 1203.000, Number of Approvals B = 884.000, 
  [PePG] Ep 40: R=4115.34, Avg=3415.86, ρ=1.30, λw=2.000, Number of Approvals R = 1527.000, Number of Approvals B = 1129.000, 
  [PePG] Ep 50: R=4917.85, Avg=4197.68, ρ=1.30, λw=2.000, Number of Approvals R = 1733.000, Number of Approvals B = 1362.000, 
  [PePG] Ep 60: R=5643.88, Avg=4933.12, ρ=1.11, λw=2.000, Number of Approvals R = 1891.000, Number of Approvals B = 1679.000, 
  [PePG] Ep 70: R=5959.33, Avg=5537.69, ρ=1.03, λw=2.000, Number of Approvals R = 1929.000, Number of Approvals B = 1842.000, 
  [PePG] Ep 80: R=6145.94, Avg=5907.37, ρ=1.00, λw=2.000, Number of Approvals R = 1979.000, Number of Approvals B = 1915.000, 
  [PePG] Ep 90: R=6217.64, Avg=6108.75, ρ=1.00, λw=2.000, Number of Approvals R = 1986.000, Number of Approvals B = 1963.000, 
  [PePG] Ep 99: R=6368.45, Avg=6193.97, ρ=1.01, λw=2.000, Number of Approvals R = 1981.000, Number of Approvals B = 1979.000, 

Training complete. Buffer: 0 episodes
  Episode metrics saved to ./episode_metrics_pg_test_desktop/pg_test_v2_utilitarian_profit_both_seed3_20260127_200236_episode_metrics.csv
  Episode metrics saved to ./episode_metrics_pg_test_desktop/pg_test_v2_utilitarian_profit_both_seed3_20260127_200236_episode_metrics.npy

================================================================================
Finished: 2026-01-27T20:02:36.883680
Exit code: 0
Test Exit code: 0
