2026-01-27 18:53:53 | INFO  | ==================================================
2026-01-27 18:53:53 | INFO  | Sequential PG Job Scheduler Started
2026-01-27 18:53:53 | INFO  | Total jobs: 12, Pending: 12, Completed: 0, Failed: 0
2026-01-27 18:53:53 | INFO  | Episodes per job: 300
2026-01-27 18:53:53 | INFO  | ==================================================
2026-01-27 18:53:53 | START | Job 1/12: social_welfare_wealth_seed1
2026-01-27 19:04:21 | DONE  | Job 1/12: social_welfare_wealth_seed1 (10m 28s)
2026-01-27 19:04:21 | START | Job 2/12: social_welfare_wealth_seed2
2026-01-27 19:11:33 | DONE  | Job 2/12: social_welfare_wealth_seed2 (7m 11s)
2026-01-27 19:11:33 | START | Job 3/12: social_welfare_wealth_seed3
2026-01-27 19:19:01 | DONE  | Job 3/12: social_welfare_wealth_seed3 (7m 28s)
2026-01-27 19:19:01 | START | Job 4/12: rawlsian_maximin_wealth_seed1
2026-01-27 19:26:16 | DONE  | Job 4/12: rawlsian_maximin_wealth_seed1 (7m 14s)
2026-01-27 19:26:16 | START | Job 5/12: rawlsian_maximin_wealth_seed2
2026-01-27 19:34:06 | DONE  | Job 5/12: rawlsian_maximin_wealth_seed2 (7m 50s)
2026-01-27 19:34:06 | START | Job 6/12: rawlsian_maximin_wealth_seed3
2026-01-27 19:41:43 | DONE  | Job 6/12: rawlsian_maximin_wealth_seed3 (7m 36s)
2026-01-27 19:41:43 | START | Job 7/12: fairness_lagrangian_wealth_seed1
2026-01-27 19:49:03 | DONE  | Job 7/12: fairness_lagrangian_wealth_seed1 (7m 19s)
2026-01-27 19:49:03 | START | Job 8/12: fairness_lagrangian_wealth_seed2
