Job: rawlsian_maximin_wealth_seed3
Command: uv run python -u par_static.py --seeds 1 --seed 3 --reward rawlsian_maximin --constraint wealth --episodes 300 --workers 1 --weights-dir ./pg_sequential_results_bob --episode-metrics-dir ./episode_metrics_pg_train_bob
Started: 2026-01-27T19:34:06.974875
================================================================================

================================================================================
PERFORMATIVE POLICY GRADIENT V2 (Explicit Hawkes) EXPERIMENT
  Reward: RAWLSIAN_MAXIMIN
  Constraint: WEALTH
  Seed: 3
  Warmup: 0 episodes
================================================================================

CUDA Available: NVIDIA L40S

[STEP 1] Loading Adult Income Data...
Downloading Adult Income dataset...
  Trying UCI Repository...
  ✓ Downloaded 20,000 records from UCI repository
Preprocessing Adult Income data...

  Deriving creditworthiness using income prediction model...

Male applicants: 13519
Female applicants: 6481
Male high-income rate: 0.312
Female high-income rate: 0.116

[STEP 2] Learning θ Parameters...

[STEP 3] Creating Environment...

[STEP 4] Creating PePG V2 Agent...
  Using device: cuda
  Mixed precision (AMP): Enabled
  Learnable lambdas enabled for 'wealth' (lr=0.01)
  Replay buffer capacity: 0 episodes
  Warmup episodes: 0

[STEP 5] Training PePG V2 Agent...
Training PePG V2 with rawlsian_maximin (wealth constraint)...
  Warmup episodes: 0
  Gradient weights: hawkes=1.0, wealth=1.0, transition=1.0, reward=1.0
  [PePG] Ep 0: R=112812.84, Avg=112812.84, ρ=1.46, λw=2.020, Number of Approvals R = 310.000, Number of Approvals B = 244.000, 
  [PePG] Ep 10: R=130618.59, Avg=130618.59, ρ=1.14, λw=2.233, Number of Approvals R = 388.000, Number of Approvals B = 295.000, 
  [PePG] Ep 20: R=127888.45, Avg=121805.43, ρ=1.11, λw=2.467, Number of Approvals R = 229.000, Number of Approvals B = 190.000, 
  [PePG] Ep 30: R=144306.30, Avg=133221.21, ρ=1.35, λw=2.727, Number of Approvals R = 253.000, Number of Approvals B = 216.000, 
  [PePG] Ep 40: R=162214.21, Avg=147328.26, ρ=1.38, λw=3.014, Number of Approvals R = 275.000, Number of Approvals B = 186.000, 
  [PePG] Ep 50: R=177969.35, Avg=160822.43, ρ=1.02, λw=3.331, Number of Approvals R = 218.000, Number of Approvals B = 181.000, 
  [PePG] Ep 60: R=190253.33, Avg=174159.02, ρ=1.00, λw=3.681, Number of Approvals R = 168.000, Number of Approvals B = 127.000, 
  [PePG] Ep 70: R=213608.57, Avg=193249.54, ρ=1.17, λw=4.068, Number of Approvals R = 163.000, Number of Approvals B = 137.000, 
  [PePG] Ep 80: R=230923.03, Avg=214584.96, ρ=1.27, λw=4.496, Number of Approvals R = 180.000, Number of Approvals B = 161.000, 
  [PePG] Ep 90: R=260971.62, Avg=235826.62, ρ=1.07, λw=4.969, Number of Approvals R = 204.000, Number of Approvals B = 157.000, 
  [PePG] Ep 100: R=288472.11, Avg=261722.17, ρ=1.43, λw=5.491, Number of Approvals R = 218.000, Number of Approvals B = 163.000, 
  [PePG] Ep 110: R=312039.16, Avg=288557.61, ρ=1.14, λw=6.069, Number of Approvals R = 159.000, Number of Approvals B = 117.000, 
  [PePG] Ep 120: R=347597.47, Avg=315231.25, ρ=0.96, λw=6.707, Number of Approvals R = 136.000, Number of Approvals B = 110.000, 
  [PePG] Ep 130: R=372167.22, Avg=349196.46, ρ=1.16, λw=7.412, Number of Approvals R = 158.000, Number of Approvals B = 99.000, 
  [PePG] Ep 140: R=413564.52, Avg=387043.08, ρ=1.04, λw=8.192, Number of Approvals R = 104.000, Number of Approvals B = 100.000, 
  [PePG] Ep 150: R=483273.61, Avg=424253.42, ρ=0.62, λw=9.053, Number of Approvals R = 77.000, Number of Approvals B = 62.000, 
  [PePG] Ep 160: R=506824.00, Avg=468833.41, ρ=1.32, λw=10.006, Number of Approvals R = 56.000, Number of Approvals B = 35.000, 
  [PePG] Ep 170: R=555407.97, Avg=512549.67, ρ=1.32, λw=11.058, Number of Approvals R = 89.000, Number of Approvals B = 83.000, 
  [PePG] Ep 180: R=577197.75, Avg=564759.71, ρ=1.74, λw=12.221, Number of Approvals R = 95.000, Number of Approvals B = 58.000, 
  [PePG] Ep 190: R=729982.59, Avg=634619.29, ρ=1.20, λw=13.506, Number of Approvals R = 125.000, Number of Approvals B = 105.000, 
  [PePG] Ep 200: R=787623.65, Avg=703338.04, ρ=1.53, λw=14.927, Number of Approvals R = 124.000, Number of Approvals B = 93.000, 
  [PePG] Ep 210: R=842417.82, Avg=779462.39, ρ=1.75, λw=16.496, Number of Approvals R = 114.000, Number of Approvals B = 77.000, 
  [PePG] Ep 220: R=971616.90, Avg=859282.33, ρ=1.02, λw=18.231, Number of Approvals R = 106.000, Number of Approvals B = 93.000, 
  [PePG] Ep 230: R=1060792.89, Avg=944197.27, ρ=1.16, λw=20.149, Number of Approvals R = 90.000, Number of Approvals B = 70.000, 
  [PePG] Ep 240: R=1083191.28, Avg=1043401.50, ρ=1.18, λw=22.268, Number of Approvals R = 83.000, Number of Approvals B = 58.000, 
  [PePG] Ep 250: R=1262470.38, Avg=1138173.52, ρ=0.91, λw=24.610, Number of Approvals R = 97.000, Number of Approvals B = 60.000, 
  [PePG] Ep 260: R=1347707.58, Avg=1255269.31, ρ=1.74, λw=27.198, Number of Approvals R = 80.000, Number of Approvals B = 56.000, 
  [PePG] Ep 270: R=1536774.34, Avg=1410078.01, ρ=1.42, λw=30.059, Number of Approvals R = 69.000, Number of Approvals B = 52.000, 
  [PePG] Ep 280: R=1694846.37, Avg=1567406.07, ρ=1.20, λw=33.220, Number of Approvals R = 59.000, Number of Approvals B = 55.000, 
  [PePG] Ep 290: R=1956904.53, Avg=1725356.34, ρ=1.67, λw=36.714, Number of Approvals R = 98.000, Number of Approvals B = 85.000, 
  [PePG] Ep 299: R=2107896.13, Avg=1870338.16, ρ=1.76, λw=40.171, Number of Approvals R = 107.000, Number of Approvals B = 72.000, 

Training complete. Buffer: 0 episodes

============================================================
TRAINING COMPLETE
============================================================
  Final wealth gap: $12.669k
  Approval disparity: 0.0104
  Total profit: $91.672k
  Mean ρ: 1.2530
  PePG V2 model saved to ./pg_sequential_results_bob/pepg_rawlsian_maximin_wealth_seed3.pt
  Episode metrics saved to ./episode_metrics_pg_train_bob/pg_train_v2_rawlsian_maximin_wealth_seed3_20260127_193906_episode_metrics.csv
  Episode metrics saved to ./episode_metrics_pg_train_bob/pg_train_v2_rawlsian_maximin_wealth_seed3_20260127_193906_episode_metrics.npy
Loading PePG V2 agent from ./pg_sequential_results_bob/pepg_rawlsian_maximin_wealth_seed3.pt...
Downloading Adult Income dataset...
  Trying UCI Repository...
  UCI failed: HTTP Error 502: Bad Gateway
  Generating realistic synthetic Adult Income data...
  ✓ Generated 20,000 synthetic records
Preprocessing Adult Income data...

  Deriving creditworthiness using income prediction model...

Male applicants: 13427
Female applicants: 6573
Male high-income rate: 0.393
Female high-income rate: 0.253
  Using device: cuda
  Mixed precision (AMP): Enabled
  Learnable lambdas enabled for 'wealth' (lr=0.01)
  Replay buffer capacity: 0 episodes
  Warmup episodes: 0
  PePG V2 model loaded from ./pg_sequential_results_bob/pepg_rawlsian_maximin_wealth_seed3.pt

[] Testing PePG V2 Agent...
Training PePG V2 with rawlsian_maximin (wealth constraint)...
  Warmup episodes: 0
  Gradient weights: hawkes=1.0, wealth=1.0, transition=1.0, reward=1.0
  [PePG] Ep 0: R=4129290.80, Avg=1992060.38, ρ=1.12, λw=40.575, Number of Approvals R = 137.000, Number of Approvals B = 126.000, 
  [PePG] Ep 10: R=4980853.42, Avg=3298326.07, ρ=1.19, λw=44.842, Number of Approvals R = 126.000, Number of Approvals B = 133.000, 
  [PePG] Ep 20: R=5535390.60, Avg=4821053.80, ρ=1.48, λw=49.558, Number of Approvals R = 110.000, Number of Approvals B = 80.000, 
  [PePG] Ep 30: R=6454846.76, Avg=5670204.30, ρ=0.68, λw=54.770, Number of Approvals R = 103.000, Number of Approvals B = 98.000, 
  [PePG] Ep 40: R=7604848.53, Avg=6658184.68, ρ=1.40, λw=60.530, Number of Approvals R = 98.000, Number of Approvals B = 103.000, 
  [PePG] Ep 50: R=8731714.46, Avg=7705152.63, ρ=1.16, λw=66.897, Number of Approvals R = 121.000, Number of Approvals B = 101.000, 
  [PePG] Ep 60: R=10399133.47, Avg=8897274.40, ρ=1.28, λw=73.932, Number of Approvals R = 140.000, Number of Approvals B = 119.000, 
  [PePG] Ep 70: R=12735629.56, Avg=10634348.72, ρ=0.97, λw=81.708, Number of Approvals R = 189.000, Number of Approvals B = 157.000, 
  [PePG] Ep 80: R=14765721.03, Avg=12766462.25, ρ=0.92, λw=90.301, Number of Approvals R = 196.000, Number of Approvals B = 205.000, 
  [PePG] Ep 90: R=18321422.39, Avg=15448864.31, ρ=1.04, λw=99.798, Number of Approvals R = 230.000, Number of Approvals B = 210.000, 
  [PePG] Ep 99: R=23227158.55, Avg=18576197.27, ρ=1.12, λw=109.196, Number of Approvals R = 287.000, Number of Approvals B = 274.000, 

Training complete. Buffer: 0 episodes
  Episode metrics saved to ./episode_metrics_pg_test_bob/pg_test_v2_rawlsian_maximin_wealth_seed3_20260127_194141_episode_metrics.csv
  Episode metrics saved to ./episode_metrics_pg_test_bob/pg_test_v2_rawlsian_maximin_wealth_seed3_20260127_194141_episode_metrics.npy

================================================================================
Finished: 2026-01-27T19:41:43.630895
Exit code: 0
Test Exit code: 0
