Job: utilitarian_profit_wealth_seed3
Command: uv run python -u par_static.py --seeds 1 --seed 3 --reward utilitarian_profit --constraint wealth --episodes 300 --workers 1 --weights-dir ./pg_sequential_results_bob --episode-metrics-dir ./episode_metrics_pg_train_bob
Started: 2026-01-27T20:26:36.072257
================================================================================

================================================================================
PERFORMATIVE POLICY GRADIENT V2 (Explicit Hawkes) EXPERIMENT
  Reward: UTILITARIAN_PROFIT
  Constraint: WEALTH
  Seed: 3
  Warmup: 0 episodes
================================================================================

CUDA Available: NVIDIA L40S

[STEP 1] Loading Adult Income Data...
Downloading Adult Income dataset...
  Trying UCI Repository...
  ✓ Downloaded 20,000 records from UCI repository
Preprocessing Adult Income data...

  Deriving creditworthiness using income prediction model...

Male applicants: 13519
Female applicants: 6481
Male high-income rate: 0.312
Female high-income rate: 0.116

[STEP 2] Learning θ Parameters...

[STEP 3] Creating Environment...

[STEP 4] Creating PePG V2 Agent...
  Using device: cuda
  Mixed precision (AMP): Enabled
  Replay buffer capacity: 0 episodes
  Warmup episodes: 0

[STEP 5] Training PePG V2 Agent...
Training PePG V2 with utilitarian_profit (wealth constraint)...
  Warmup episodes: 0
  Gradient weights: hawkes=1.0, wealth=1.0, transition=1.0, reward=1.0
  [PePG] Ep 0: R=850.56, Avg=850.56, ρ=1.46, λw=2.000, Number of Approvals R = 310.000, Number of Approvals B = 244.000, 
  [PePG] Ep 10: R=1484.35, Avg=1484.35, ρ=1.36, λw=2.000, Number of Approvals R = 525.000, Number of Approvals B = 425.000, 
  [PePG] Ep 20: R=1489.81, Avg=1346.41, ρ=1.27, λw=2.000, Number of Approvals R = 543.000, Number of Approvals B = 420.000, 
  [PePG] Ep 30: R=1592.01, Avg=1548.00, ρ=1.10, λw=2.000, Number of Approvals R = 560.000, Number of Approvals B = 487.000, 
  [PePG] Ep 40: R=1655.12, Avg=1617.20, ρ=0.99, λw=2.000, Number of Approvals R = 549.000, Number of Approvals B = 504.000, 
  [PePG] Ep 50: R=1549.73, Avg=1632.98, ρ=1.34, λw=2.000, Number of Approvals R = 611.000, Number of Approvals B = 430.000, 
  [PePG] Ep 60: R=1572.20, Avg=1622.78, ρ=1.50, λw=2.000, Number of Approvals R = 593.000, Number of Approvals B = 438.000, 
  [PePG] Ep 70: R=1593.53, Avg=1618.49, ρ=1.16, λw=2.000, Number of Approvals R = 563.000, Number of Approvals B = 481.000, 
  [PePG] Ep 80: R=1585.52, Avg=1608.38, ρ=1.28, λw=2.000, Number of Approvals R = 568.000, Number of Approvals B = 456.000, 
  [PePG] Ep 90: R=1503.12, Avg=1587.02, ρ=1.30, λw=2.000, Number of Approvals R = 584.000, Number of Approvals B = 427.000, 
  [PePG] Ep 100: R=1502.32, Avg=1568.76, ρ=1.36, λw=2.000, Number of Approvals R = 555.000, Number of Approvals B = 446.000, 
  [PePG] Ep 110: R=1590.39, Avg=1555.43, ρ=1.08, λw=2.000, Number of Approvals R = 545.000, Number of Approvals B = 443.000, 
  [PePG] Ep 120: R=1586.13, Avg=1564.68, ρ=1.18, λw=2.000, Number of Approvals R = 554.000, Number of Approvals B = 471.000, 
  [PePG] Ep 130: R=1510.06, Avg=1585.50, ρ=1.23, λw=2.000, Number of Approvals R = 544.000, Number of Approvals B = 445.000, 
  [PePG] Ep 140: R=1586.49, Avg=1619.54, ρ=1.34, λw=2.000, Number of Approvals R = 601.000, Number of Approvals B = 467.000, 
  [PePG] Ep 150: R=1684.56, Avg=1659.34, ρ=1.34, λw=2.000, Number of Approvals R = 615.000, Number of Approvals B = 471.000, 
  [PePG] Ep 160: R=1613.91, Avg=1694.96, ρ=1.29, λw=2.000, Number of Approvals R = 613.000, Number of Approvals B = 476.000, 
  [PePG] Ep 170: R=1709.77, Avg=1680.21, ρ=1.23, λw=2.000, Number of Approvals R = 593.000, Number of Approvals B = 468.000, 
  [PePG] Ep 180: R=1565.47, Avg=1670.46, ρ=1.17, λw=2.000, Number of Approvals R = 540.000, Number of Approvals B = 463.000, 
  [PePG] Ep 190: R=1764.92, Avg=1696.52, ρ=1.48, λw=2.000, Number of Approvals R = 692.000, Number of Approvals B = 469.000, 
  [PePG] Ep 200: R=1624.81, Avg=1689.10, ρ=1.17, λw=2.000, Number of Approvals R = 574.000, Number of Approvals B = 498.000, 
  [PePG] Ep 210: R=1701.70, Avg=1700.63, ρ=1.19, λw=2.000, Number of Approvals R = 600.000, Number of Approvals B = 475.000, 
  [PePG] Ep 220: R=1666.77, Avg=1705.74, ρ=1.03, λw=2.000, Number of Approvals R = 565.000, Number of Approvals B = 557.000, 
  [PePG] Ep 230: R=1670.04, Avg=1701.04, ρ=1.11, λw=2.000, Number of Approvals R = 598.000, Number of Approvals B = 513.000, 
  [PePG] Ep 240: R=1607.59, Avg=1717.98, ρ=1.39, λw=2.000, Number of Approvals R = 618.000, Number of Approvals B = 464.000, 
  [PePG] Ep 250: R=1698.70, Avg=1707.44, ρ=1.22, λw=2.000, Number of Approvals R = 600.000, Number of Approvals B = 492.000, 
  [PePG] Ep 260: R=1601.11, Avg=1699.02, ρ=1.15, λw=2.000, Number of Approvals R = 567.000, Number of Approvals B = 488.000, 
  [PePG] Ep 270: R=1911.82, Avg=1750.10, ρ=1.22, λw=2.000, Number of Approvals R = 661.000, Number of Approvals B = 536.000, 
  [PePG] Ep 280: R=1700.37, Avg=1778.04, ρ=1.25, λw=2.000, Number of Approvals R = 627.000, Number of Approvals B = 486.000, 
  [PePG] Ep 290: R=1763.27, Avg=1762.08, ρ=1.63, λw=2.000, Number of Approvals R = 669.000, Number of Approvals B = 441.000, 
  [PePG] Ep 299: R=1766.45, Avg=1732.88, ρ=1.35, λw=2.000, Number of Approvals R = 649.000, Number of Approvals B = 490.000, 

Training complete. Buffer: 0 episodes

============================================================
TRAINING COMPLETE
============================================================
  Final wealth gap: $12.960k
  Approval disparity: -0.0010
  Total profit: $2098.889k
  Mean ρ: 1.2488
  PePG V2 model saved to ./pg_sequential_results_bob/pepg_utilitarian_profit_wealth_seed3.pt
  Episode metrics saved to ./episode_metrics_pg_train_bob/pg_train_v2_utilitarian_profit_wealth_seed3_20260127_203206_episode_metrics.csv
  Episode metrics saved to ./episode_metrics_pg_train_bob/pg_train_v2_utilitarian_profit_wealth_seed3_20260127_203206_episode_metrics.npy
Loading PePG V2 agent from ./pg_sequential_results_bob/pepg_utilitarian_profit_wealth_seed3.pt...
Downloading Adult Income dataset...
  Trying UCI Repository...
  ✓ Downloaded 20,000 records from UCI repository
Preprocessing Adult Income data...

  Deriving creditworthiness using income prediction model...

Male applicants: 13519
Female applicants: 6481
Male high-income rate: 0.312
Female high-income rate: 0.116
  Using device: cuda
  Mixed precision (AMP): Enabled
  Replay buffer capacity: 0 episodes
  Warmup episodes: 0
  PePG V2 model loaded from ./pg_sequential_results_bob/pepg_utilitarian_profit_wealth_seed3.pt

[] Testing PePG V2 Agent...
Training PePG V2 with utilitarian_profit (wealth constraint)...
  Warmup episodes: 0
  Gradient weights: hawkes=1.0, wealth=1.0, transition=1.0, reward=1.0
  [PePG] Ep 0: R=1774.85, Avg=1736.60, ρ=1.31, λw=2.000, Number of Approvals R = 641.000, Number of Approvals B = 540.000, 
  [PePG] Ep 10: R=2254.53, Avg=1844.98, ρ=1.30, λw=2.000, Number of Approvals R = 803.000, Number of Approvals B = 632.000, 
  [PePG] Ep 20: R=2520.06, Avg=2173.83, ρ=1.39, λw=2.000, Number of Approvals R = 962.000, Number of Approvals B = 699.000, 
  [PePG] Ep 30: R=3358.02, Avg=2682.20, ρ=1.43, λw=2.000, Number of Approvals R = 1257.000, Number of Approvals B = 857.000, 
  [PePG] Ep 40: R=4133.38, Avg=3361.41, ρ=1.24, λw=2.000, Number of Approvals R = 1481.000, Number of Approvals B = 1120.000, 
  [PePG] Ep 50: R=4767.69, Avg=4075.71, ρ=1.28, λw=2.000, Number of Approvals R = 1704.000, Number of Approvals B = 1333.000, 
