Job: social_welfare_approval_rate_seed1
Command: uv run python -u par_static.py --seeds 1 --seed 1 --reward social_welfare --constraint approval_rate --episodes 300 --workers 1 --weights-dir ./pg_sequential_results_flanders --episode-metrics-dir ./episode_metrics_pg_train_flanders
Started: 2026-01-27T18:51:12.578897
================================================================================

================================================================================
PERFORMATIVE POLICY GRADIENT V2 (Explicit Hawkes) EXPERIMENT
  Reward: SOCIAL_WELFARE
  Constraint: APPROVAL_RATE
  Seed: 1
  Warmup: 0 episodes
================================================================================

CUDA Available: NVIDIA GeForce RTX 2080 Ti

[STEP 1] Loading Adult Income Data...
Downloading Adult Income dataset...
  Trying UCI Repository...
  ✓ Downloaded 20,000 records from UCI repository
Preprocessing Adult Income data...

  Deriving creditworthiness using income prediction model...

Male applicants: 13519
Female applicants: 6481
Male high-income rate: 0.312
Female high-income rate: 0.116

[STEP 2] Learning θ Parameters...

[STEP 3] Creating Environment...

[STEP 4] Creating PePG V2 Agent...
  Using device: cuda
  Mixed precision (AMP): Enabled
  Learnable lambdas enabled for 'approval_rate' (lr=0.01)
  Replay buffer capacity: 0 episodes
  Warmup episodes: 0

[STEP 5] Training PePG V2 Agent...
Training PePG V2 with social_welfare (approval_rate constraint)...
  Warmup episodes: 0
  Gradient weights: hawkes=1.0, wealth=1.0, transition=1.0, reward=1.0
  [PePG] Ep 0: R=1869.95, Avg=1869.95, ρ=1.07, λw=2.000, Number of Approvals R = 281.000, Number of Approvals B = 238.000, 
  [PePG] Ep 10: R=3888.42, Avg=3888.42, ρ=1.15, λw=2.000, Number of Approvals R = 545.000, Number of Approvals B = 484.000, 
  [PePG] Ep 20: R=3882.20, Avg=3587.69, ρ=1.02, λw=2.000, Number of Approvals R = 513.000, Number of Approvals B = 462.000, 
