Job: utilitarian_profit_approval_rate_seed2
Command: uv run python -u par_static.py --seeds 1 --seed 2 --reward utilitarian_profit --constraint approval_rate --episodes 300 --workers 1 --weights-dir ./pg_sequential_results_flanders --episode-metrics-dir ./episode_metrics_pg_train_flanders
Started: 2026-01-27T21:56:27.321781
================================================================================

================================================================================
PERFORMATIVE POLICY GRADIENT V2 (Explicit Hawkes) EXPERIMENT
  Reward: UTILITARIAN_PROFIT
  Constraint: APPROVAL_RATE
  Seed: 2
  Warmup: 0 episodes
================================================================================

CUDA Available: NVIDIA GeForce RTX 2080 Ti

[STEP 1] Loading Adult Income Data...
Downloading Adult Income dataset...
  Trying UCI Repository...
  ✓ Downloaded 20,000 records from UCI repository
Preprocessing Adult Income data...

  Deriving creditworthiness using income prediction model...

Male applicants: 13519
Female applicants: 6481
Male high-income rate: 0.312
Female high-income rate: 0.116

[STEP 2] Learning θ Parameters...

[STEP 3] Creating Environment...

[STEP 4] Creating PePG V2 Agent...
  Using device: cuda
  Mixed precision (AMP): Enabled
  Replay buffer capacity: 0 episodes
  Warmup episodes: 0

[STEP 5] Training PePG V2 Agent...
Training PePG V2 with utilitarian_profit (approval_rate constraint)...
  Warmup episodes: 0
  Gradient weights: hawkes=1.0, wealth=1.0, transition=1.0, reward=1.0
  [PePG] Ep 0: R=928.33, Avg=928.33, ρ=1.19, λw=2.000, Number of Approvals R = 329.000, Number of Approvals B = 251.000, 
  [PePG] Ep 10: R=820.72, Avg=820.72, ρ=1.19, λw=2.000, Number of Approvals R = 234.000, Number of Approvals B = 225.000, 
  [PePG] Ep 20: R=788.24, Avg=758.90, ρ=1.45, λw=2.000, Number of Approvals R = 309.000, Number of Approvals B = 216.000, 
  [PePG] Ep 30: R=894.53, Avg=830.85, ρ=1.32, λw=2.000, Number of Approvals R = 323.000, Number of Approvals B = 219.000, 
  [PePG] Ep 40: R=1070.80, Avg=957.63, ρ=1.37, λw=2.000, Number of Approvals R = 399.000, Number of Approvals B = 283.000, 
  [PePG] Ep 50: R=1420.87, Avg=1181.76, ρ=1.41, λw=2.000, Number of Approvals R = 523.000, Number of Approvals B = 408.000, 
  [PePG] Ep 60: R=1607.22, Avg=1435.22, ρ=1.32, λw=2.000, Number of Approvals R = 556.000, Number of Approvals B = 438.000, 
  [PePG] Ep 70: R=1517.21, Avg=1602.79, ρ=1.21, λw=2.000, Number of Approvals R = 558.000, Number of Approvals B = 461.000, 
  [PePG] Ep 80: R=1777.54, Avg=1711.98, ρ=1.24, λw=2.000, Number of Approvals R = 623.000, Number of Approvals B = 464.000, 
  [PePG] Ep 90: R=1721.46, Avg=1760.15, ρ=1.17, λw=2.000, Number of Approvals R = 612.000, Number of Approvals B = 499.000, 
  [PePG] Ep 100: R=1647.45, Avg=1757.80, ρ=1.20, λw=2.000, Number of Approvals R = 587.000, Number of Approvals B = 435.000, 
  [PePG] Ep 110: R=1591.34, Avg=1703.78, ρ=1.10, λw=2.000, Number of Approvals R = 517.000, Number of Approvals B = 448.000, 
  [PePG] Ep 120: R=1616.78, Avg=1609.06, ρ=1.28, λw=2.000, Number of Approvals R = 542.000, Number of Approvals B = 424.000, 
  [PePG] Ep 130: R=1462.11, Avg=1528.46, ρ=1.25, λw=2.000, Number of Approvals R = 489.000, Number of Approvals B = 433.000, 
  [PePG] Ep 140: R=1465.38, Avg=1467.65, ρ=1.32, λw=2.000, Number of Approvals R = 490.000, Number of Approvals B = 394.000, 
  [PePG] Ep 150: R=1377.88, Avg=1427.06, ρ=1.21, λw=2.000, Number of Approvals R = 460.000, Number of Approvals B = 374.000, 
  [PePG] Ep 160: R=1410.09, Avg=1398.02, ρ=1.16, λw=2.000, Number of Approvals R = 476.000, Number of Approvals B = 366.000, 
  [PePG] Ep 170: R=1428.16, Avg=1380.22, ρ=1.15, λw=2.000, Number of Approvals R = 482.000, Number of Approvals B = 396.000, 
  [PePG] Ep 180: R=1299.97, Avg=1353.05, ρ=1.32, λw=2.000, Number of Approvals R = 458.000, Number of Approvals B = 333.000, 
  [PePG] Ep 190: R=1514.90, Avg=1372.12, ρ=1.33, λw=2.000, Number of Approvals R = 505.000, Number of Approvals B = 427.000, 
