Job: fairness_lagrangian_both_seed1
Command: uv run python -u par_pepg.py --seeds 1 --seed 1 --reward fairness_lagrangian --constraint both --episodes 200 --workers 1 --weights-dir ./pepg_sequential_results
Started: 2026-01-23T04:45:55.442001
================================================================================

================================================================================
PERFORMATIVE POLICY GRADIENT V2 (Explicit Hawkes) EXPERIMENT
  Reward: FAIRNESS_LAGRANGIAN
  Constraint: BOTH
  Seed: 1
  Warmup: 0 episodes
================================================================================

CUDA Available: NVIDIA GeForce RTX 2080 Ti

[STEP 1] Loading Adult Income Data...
Downloading Adult Income dataset...
  Trying UCI Repository...
  ✓ Downloaded 20,000 records from UCI repository
Preprocessing Adult Income data...

  Deriving creditworthiness using income prediction model...

Male applicants: 13519
Female applicants: 6481
Male high-income rate: 0.312
Female high-income rate: 0.116

[STEP 2] Learning θ Parameters...

[STEP 3] Creating Environment...

[STEP 4] Creating PePG V2 Agent...
  Using device: cuda
  Mixed precision (AMP): Enabled
  Learnable lambdas enabled for 'both' (lr=0.01)
  Replay buffer capacity: 50 episodes
  Warmup episodes: 0

[STEP 5] Training PePG V2 Agent...
Training PePG V2 with fairness_lagrangian (both constraint)...
  Warmup episodes: 0
  Gradient weights: hawkes=1.0, wealth=1.0, transition=1.0, reward=1.0
  [PePG] Ep 0: R=-27333.78, Avg=-27333.78, ρ=1.07, λw=2.020, ‖∇std‖=35.526, ‖∇H‖=65971.359, ‖∇W‖=383973.281
  [PePG] Ep 10: R=-43434.69, Avg=-43434.69, ρ=1.20, λw=2.233, ‖∇std‖=2.168, ‖∇H‖=12401.029, ‖∇W‖=50623.773
  [PePG] Ep 20: R=-78192.65, Avg=-47897.04, ρ=1.29, λw=2.467, ‖∇std‖=9.167, ‖∇H‖=15412.418, ‖∇W‖=69727.773
  [PePG] Ep 30: R=-152708.44, Avg=-89033.49, ρ=1.32, λw=2.727, ‖∇std‖=4.842, ‖∇H‖=8032.833, ‖∇W‖=15960.933
  [PePG] Ep 40: R=-270934.54, Avg=-164917.92, ρ=1.23, λw=3.014, ‖∇std‖=6.175, ‖∇H‖=20803.975, ‖∇W‖=65758.656
  [PePG] Ep 50: R=-477366.80, Avg=-298795.85, ρ=1.20, λw=3.331, ‖∇std‖=2.357, ‖∇H‖=9876.286, ‖∇W‖=12935.471
  [PePG] Ep 60: R=-697453.98, Avg=-493183.21, ρ=1.08, λw=3.681, ‖∇std‖=1.308, ‖∇H‖=18408.023, ‖∇W‖=5073.571
  [PePG] Ep 70: R=-896625.72, Avg=-705768.15, ρ=1.02, λw=4.068, ‖∇std‖=5.672, ‖∇H‖=21860.365, ‖∇W‖=90548.180
  [PePG] Ep 80: R=-1039099.12, Avg=-894161.64, ρ=1.03, λw=4.496, ‖∇std‖=3.082, ‖∇H‖=23645.748, ‖∇W‖=102435.633
  [PePG] Ep 90: R=-1159137.07, Avg=-1044339.82, ρ=0.99, λw=4.969, ‖∇std‖=8.318, ‖∇H‖=68631.664, ‖∇W‖=141976.078
  [PePG] Ep 100: R=-1296511.91, Avg=-1172498.91, ρ=1.03, λw=5.491, ‖∇std‖=4.808, ‖∇H‖=38917.902, ‖∇W‖=56027.500
  [PePG] Ep 110: R=-1416091.48, Avg=-1296949.28, ρ=0.98, λw=6.069, ‖∇std‖=2.398, ‖∇H‖=19711.889, ‖∇W‖=82738.156
  [PePG] Ep 120: R=-1550716.72, Avg=-1425731.13, ρ=1.00, λw=6.707, ‖∇std‖=1.291, ‖∇H‖=18699.344, ‖∇W‖=96874.734
  [PePG] Ep 130: R=-1734577.41, Avg=-1572278.03, ρ=1.02, λw=7.412, ‖∇std‖=4.721, ‖∇H‖=50744.359, ‖∇W‖=135424.656
  [PePG] Ep 140: R=-1915419.63, Avg=-1742506.84, ρ=1.02, λw=8.192, ‖∇std‖=2.687, ‖∇H‖=55105.539, ‖∇W‖=180965.109
  [PePG] Ep 150: R=-2124833.54, Avg=-1930233.60, ρ=0.98, λw=9.053, ‖∇std‖=3.982, ‖∇H‖=59911.586, ‖∇W‖=183550.953
  [PePG] Ep 160: R=-2335483.75, Avg=-2135539.15, ρ=0.95, λw=10.006, ‖∇std‖=0.566, ‖∇H‖=8733.472, ‖∇W‖=174747.500
  [PePG] Ep 170: R=-2570868.03, Avg=-2356284.78, ρ=0.95, λw=11.058, ‖∇std‖=1.420, ‖∇H‖=23490.615, ‖∇W‖=61710.656
  [PePG] Ep 180: R=-2871214.87, Avg=-2606539.60, ρ=0.99, λw=12.221, ‖∇std‖=1.271, ‖∇H‖=21825.855, ‖∇W‖=11047.232
  [PePG] Ep 190: R=-3159805.59, Avg=-2887934.97, ρ=0.97, λw=13.506, ‖∇std‖=3.962, ‖∇H‖=99678.617, ‖∇W‖=360651.000
  [PePG] Ep 199: R=-3454284.59, Avg=-3152412.80, ρ=1.00, λw=14.778, ‖∇std‖=0.415, ‖∇H‖=14974.602, ‖∇W‖=72951.742

Training complete. Buffer: 50 episodes

============================================================
TRAINING COMPLETE
============================================================
  Final wealth gap: $59.088k
  Approval disparity: -0.0050
  Total profit: $6503.209k
  Mean ρ: 1.0953
  PePG V2 model saved to ./pepg_sequential_results/pepg_fairness_lagrangian_both_seed1.pt
================================================================================
TESTING TRAINED AGENT (EPISODE-WISE METRICS)
================================================================================
  Model: ./pepg_sequential_results/pepg_fairness_lagrangian_both_seed1.pt
  Episodes: 100
  Continuous play: YES (no wealth reset between episodes)
  Credit threshold for ground truth: 0.5
  Checkpoint directory: ./checkpoints
  Resume from checkpoint: True
================================================================================

[1] Loading Data...
Downloading Adult Income dataset...
Preprocessing Adult Income data...

  Deriving creditworthiness (ground truth) using income prediction model...

Male applicants: 13519
Female applicants: 6481
Male ground truth approval rate: 0.180
Female ground truth approval rate: 0.087
Loading model from ./pepg_sequential_results/pepg_fairness_lagrangian_both_seed1.pt...
  ✓ Model loaded successfully
    Reward function: fairness_lagrangian
    Constraint type: both

[5] Running 100 Episodes (Episodes 1 to 100)...

  Starting Episode 1 (ALL state preserved - continuous play)

  Episode 10/100 Complete:
    Timesteps this episode: 199
    Total time elapsed: 995.0
    μ_M: $78.76k, μ_F: $63.57k
    Wealth Gap: $15.18k
    Episode Approval Rate M: 0.9924
    Episode Approval Rate F: 0.9886
    Episode Profit: $5858.33k
    Cumulative Profit: $21501.43k

  Starting Episode 11 (ALL state preserved - continuous play)

  Episode 20/100 Complete:
    Timesteps this episode: 199
    Total time elapsed: 1990.0
    μ_M: $102.70k, μ_F: $81.10k
    Wealth Gap: $21.59k
    Episode Approval Rate M: 0.9864
    Episode Approval Rate F: 0.9772
    Episode Profit: $6856.05k
    Cumulative Profit: $45782.51k

  Starting Episode 21 (ALL state preserved - continuous play)

  Episode 30/100 Complete:
    Timesteps this episode: 199
    Total time elapsed: 2985.0
    μ_M: $133.47k, μ_F: $103.33k
    Wealth Gap: $30.14k
    Episode Approval Rate M: 0.9804
    Episode Approval Rate F: 0.9880
    Episode Profit: $8946.77k
    Cumulative Profit: $74080.43k

  Starting Episode 31 (ALL state preserved - continuous play)

  Episode 40/100 Complete:
    Timesteps this episode: 199
    Total time elapsed: 3980.0
    μ_M: $170.23k, μ_F: $131.63k
    Wealth Gap: $38.60k
    Episode Approval Rate M: 0.9784
    Episode Approval Rate F: 0.9876
    Episode Profit: $10993.16k
    Cumulative Profit: $112220.79k

  Starting Episode 41 (ALL state preserved - continuous play)

  Episode 50/100 Complete:
    Timesteps this episode: 199
    Total time elapsed: 4975.0
    μ_M: $214.10k, μ_F: $166.32k
    Wealth Gap: $47.77k
    Episode Approval Rate M: 0.9823
    Episode Approval Rate F: 0.9879
    Episode Profit: $13163.61k
    Cumulative Profit: $161890.89k

  Starting Episode 51 (ALL state preserved - continuous play)

  Episode 60/100 Complete:
    Timesteps this episode: 199
    Total time elapsed: 5970.0
    μ_M: $262.74k, μ_F: $209.10k
    Wealth Gap: $53.64k
    Episode Approval Rate M: 0.9910
    Episode Approval Rate F: 0.9849
    Episode Profit: $14969.30k
    Cumulative Profit: $217592.92k

  Starting Episode 61 (ALL state preserved - continuous play)

  Episode 70/100 Complete:
    Timesteps this episode: 199
    Total time elapsed: 6965.0
    μ_M: $313.60k, μ_F: $258.67k
    Wealth Gap: $54.93k
    Episode Approval Rate M: 0.9898
    Episode Approval Rate F: 0.9910
    Episode Profit: $15894.58k
    Cumulative Profit: $277294.71k

  Starting Episode 71 (ALL state preserved - continuous play)

  Episode 80/100 Complete:
    Timesteps this episode: 199
    Total time elapsed: 7960.0
    μ_M: $365.98k, μ_F: $311.07k
    Wealth Gap: $54.91k
    Episode Approval Rate M: 0.9939
    Episode Approval Rate F: 0.9932
    Episode Profit: $15963.40k
    Cumulative Profit: $337699.31k

  Starting Episode 81 (ALL state preserved - continuous play)

  Episode 90/100 Complete:
    Timesteps this episode: 199
    Total time elapsed: 8955.0
    μ_M: $418.87k, μ_F: $364.54k
    Wealth Gap: $54.33k
    Episode Approval Rate M: 0.9940
    Episode Approval Rate F: 0.9955
    Episode Profit: $16402.30k
    Cumulative Profit: $399672.38k

  Starting Episode 91 (ALL state preserved - continuous play)

  Episode 100/100 Complete:
    Timesteps this episode: 199
    Total time elapsed: 9950.0
    μ_M: $471.87k, μ_F: $418.43k
    Wealth Gap: $53.44k
    Episode Approval Rate M: 0.9925
    Episode Approval Rate F: 0.9940
    Episode Profit: $16331.63k
    Cumulative Profit: $460824.73k

[6] Computing Final Metrics...

================================================================================
FINAL TESTING RESULTS
================================================================================

  Model: fairness_lagrangian (both)
  Episodes: 100
  Total Time: 9950.0
  Hawkes Events (M/F): 153420/134913

  --- Wealth Metrics ---
  Initial μ_M,0: $60.82k
  Initial μ_F,0: $48.29k
  Final μ_M: $471.87k
  Final μ_F: $418.43k
  Final Wealth Gap: $53.44k

  --- Long-term Social Welfare R_g(t) = (μ_g,t - μ_g,0) / t ---
  R_M (Male):   0.041312 ($1000s per time unit)
  R_F (Female): 0.037200 ($1000s per time unit)
  R_total:      0.039256 ($1000s per time unit)
  R_M / R_F:    1.1106

  --- Inequality Ratio ρ = Δμ_M / Δμ_F (per episode) ---
  Mean ρ:   1.1643
  Std ρ:    0.1645
  Min ρ:    0.9276
  Max ρ:    1.4896
  Last 5 episodes: ['1.021', '0.987', '0.994', '1.004', '0.973']

  --- Approval Metrics ---
  Total Applications M: 155250
  Total Applications F: 136479
  Total Loans Approved M: 153420
  Total Loans Approved F: 134913
  Final Approval Rate M: 0.9882
  Final Approval Rate F: 0.9885

  --- Success Probabilities ---
  Total Defaults M: 12673
  Total Defaults F: 11576
  Final Success Prob M: 0.9174
  Final Success Prob F: 0.9142

  --- Ground Truth Comparison (Males) ---
  True Positives:  28711
  False Positives: 124709
  True Negatives:  1520
  False Negatives: 310
  Accuracy:  0.1947
  Precision: 0.1871
  Recall:    0.9893

  --- Ground Truth Comparison (Females) ---
  True Positives:  13479
  False Positives: 121434
  True Negatives:  1425
  False Negatives: 141
  Accuracy:  0.1092
  Precision: 0.0999
  Recall:    0.9896

  --- Profit ---
  Cumulative Profit: $460824.73k

[7] Saving Results...
  Saved episode metrics to ./pepg_sequential_results/test_episode_metrics_fairness_lagrangian_both_seed1_20260123_063841.csv

================================================================================
Finished: 2026-01-23T06:38:42.740992
Exit code: 0
Test Exit code: 0
