Job: fairness_lagrangian_approval_rate_seed2
Command: uv run python -u par_pepg.py --seeds 1 --seed 2 --reward fairness_lagrangian --constraint approval_rate --episodes 200 --workers 1 --weights-dir ./pepg_sequential_results
Started: 2026-01-25T00:21:54.323248
================================================================================

================================================================================
PERFORMATIVE POLICY GRADIENT V2 (Explicit Hawkes) EXPERIMENT
  Reward: FAIRNESS_LAGRANGIAN
  Constraint: APPROVAL_RATE
  Seed: 2
  Warmup: 0 episodes
================================================================================

CUDA Available: NVIDIA GeForce RTX 2080 Ti

[STEP 1] Loading Adult Income Data...
Downloading Adult Income dataset...
  Trying UCI Repository...
  ✓ Downloaded 20,000 records from UCI repository
Preprocessing Adult Income data...

  Deriving creditworthiness using income prediction model...

Male applicants: 13519
Female applicants: 6481
Male high-income rate: 0.312
Female high-income rate: 0.116

[STEP 2] Learning θ Parameters...

[STEP 3] Creating Environment...

[STEP 4] Creating PePG V2 Agent...
  Using device: cuda
  Mixed precision (AMP): Enabled
  Learnable lambdas enabled for 'approval_rate' (lr=0.01)
  Replay buffer capacity: 50 episodes
  Warmup episodes: 0

[STEP 5] Training PePG V2 Agent...
Training PePG V2 with fairness_lagrangian (approval_rate constraint)...
  Warmup episodes: 0
  Gradient weights: hawkes=1.0, wealth=1.0, transition=1.0, reward=1.0
  [PePG] Ep 0: R=817.50, Avg=817.50, ρ=1.19, λw=2.000, Number of Approvals R = 329.000, Number of Approvals B = 251.000, 
  [PePG] Ep 10: R=1716.66, Avg=1716.66, ρ=1.16, λw=2.000, Number of Approvals R = 596.000, Number of Approvals B = 480.000, 
  [PePG] Ep 20: R=2056.01, Avg=1637.17, ρ=1.29, λw=2.000, Number of Approvals R = 790.000, Number of Approvals B = 630.000, 
  [PePG] Ep 30: R=2472.69, Avg=2146.95, ρ=1.20, λw=2.000, Number of Approvals R = 943.000, Number of Approvals B = 713.000, 
  [PePG] Ep 40: R=3265.24, Avg=2675.99, ρ=1.45, λw=2.000, Number of Approvals R = 1211.000, Number of Approvals B = 838.000, 
  [PePG] Ep 50: R=3423.23, Avg=3179.59, ρ=1.29, λw=2.000, Number of Approvals R = 1339.000, Number of Approvals B = 1013.000, 
  [PePG] Ep 60: R=4209.91, Avg=3622.10, ρ=1.21, λw=2.000, Number of Approvals R = 1529.000, Number of Approvals B = 1230.000, 
  [PePG] Ep 70: R=4835.52, Avg=4172.17, ρ=1.12, λw=2.000, Number of Approvals R = 1663.000, Number of Approvals B = 1484.000, 
  [PePG] Ep 80: R=5181.41, Avg=4762.15, ρ=1.03, λw=2.000, Number of Approvals R = 1745.000, Number of Approvals B = 1645.000, 
  [PePG] Ep 90: R=5460.78, Avg=5143.62, ρ=0.94, λw=2.000, Number of Approvals R = 1775.000, Number of Approvals B = 1757.000, 
  [PePG] Ep 100: R=5401.95, Avg=5263.09, ρ=1.00, λw=2.000, Number of Approvals R = 1759.000, Number of Approvals B = 1784.000, 
  [PePG] Ep 110: R=5647.48, Avg=5333.25, ρ=0.97, λw=2.000, Number of Approvals R = 1844.000, Number of Approvals B = 1847.000, 
  [PePG] Ep 120: R=5570.23, Avg=5523.48, ρ=0.97, λw=2.000, Number of Approvals R = 1888.000, Number of Approvals B = 1903.000, 
