Job: fairness_lagrangian_both_seed2
Command: uv run python -u par_pepg.py --seeds 1 --seed 2 --reward fairness_lagrangian --constraint both --episodes 200 --workers 1 --weights-dir ./pepg_sequential_results
Started: 2026-01-23T06:38:42.742067
================================================================================

================================================================================
PERFORMATIVE POLICY GRADIENT V2 (Explicit Hawkes) EXPERIMENT
  Reward: FAIRNESS_LAGRANGIAN
  Constraint: BOTH
  Seed: 2
  Warmup: 0 episodes
================================================================================

CUDA Available: NVIDIA GeForce RTX 2080 Ti

[STEP 1] Loading Adult Income Data...
Downloading Adult Income dataset...
  Trying UCI Repository...
  ✓ Downloaded 20,000 records from UCI repository
Preprocessing Adult Income data...

  Deriving creditworthiness using income prediction model...

Male applicants: 13519
Female applicants: 6481
Male high-income rate: 0.312
Female high-income rate: 0.116

[STEP 2] Learning θ Parameters...

[STEP 3] Creating Environment...

[STEP 4] Creating PePG V2 Agent...
  Using device: cuda
  Mixed precision (AMP): Enabled
  Learnable lambdas enabled for 'both' (lr=0.01)
  Replay buffer capacity: 50 episodes
  Warmup episodes: 0

[STEP 5] Training PePG V2 Agent...
Training PePG V2 with fairness_lagrangian (both constraint)...
  Warmup episodes: 0
  Gradient weights: hawkes=1.0, wealth=1.0, transition=1.0, reward=1.0
  [PePG] Ep 0: R=-26962.66, Avg=-26962.66, ρ=1.19, λw=2.020, ‖∇std‖=66.897, ‖∇H‖=30422.299, ‖∇W‖=195335.188
  [PePG] Ep 10: R=-45497.68, Avg=-45497.68, ρ=1.47, λw=2.233, ‖∇std‖=7.361, ‖∇H‖=745.887, ‖∇W‖=7461.503
  [PePG] Ep 20: R=-84886.28, Avg=-50708.18, ρ=1.27, λw=2.467, ‖∇std‖=10.251, ‖∇H‖=3519.743, ‖∇W‖=6070.806
  [PePG] Ep 30: R=-151125.53, Avg=-92396.87, ρ=1.37, λw=2.727, ‖∇std‖=1.436, ‖∇H‖=3613.568, ‖∇W‖=5504.494
  [PePG] Ep 40: R=-278017.73, Avg=-168438.51, ρ=1.43, λw=3.014, ‖∇std‖=0.154, ‖∇H‖=2617.868, ‖∇W‖=4572.818
  [PePG] Ep 50: R=-473587.24, Avg=-301453.20, ρ=1.17, λw=3.331, ‖∇std‖=0.406, ‖∇H‖=2025.528, ‖∇W‖=20473.549
  [PePG] Ep 60: R=-716538.66, Avg=-495509.05, ρ=1.15, λw=3.681, ‖∇std‖=0.415, ‖∇H‖=5558.813, ‖∇W‖=3840.277
  [PePG] Ep 70: R=-917186.43, Avg=-717824.43, ρ=1.08, λw=4.068, ‖∇std‖=4.565, ‖∇H‖=31175.043, ‖∇W‖=48174.695
  [PePG] Ep 80: R=-1079056.57, Avg=-920727.76, ρ=0.96, λw=4.496, ‖∇std‖=4.883, ‖∇H‖=42025.352, ‖∇W‖=110121.797
  [PePG] Ep 90: R=-1201098.24, Avg=-1081866.23, ρ=1.01, λw=4.969, ‖∇std‖=1.430, ‖∇H‖=4593.410, ‖∇W‖=16283.874
  [PePG] Ep 100: R=-1329151.19, Avg=-1210812.39, ρ=0.95, λw=5.491, ‖∇std‖=1.969, ‖∇H‖=15231.678, ‖∇W‖=28142.342
  [PePG] Ep 110: R=-1432704.42, Avg=-1328190.19, ρ=0.91, λw=6.069, ‖∇std‖=1.626, ‖∇H‖=2977.395, ‖∇W‖=13310.577
  [PePG] Ep 120: R=-1568249.65, Avg=-1446955.41, ρ=0.99, λw=6.707, ‖∇std‖=0.193, ‖∇H‖=4332.846, ‖∇W‖=41623.754
  [PePG] Ep 130: R=-1714084.62, Avg=-1577616.97, ρ=0.99, λw=7.412, ‖∇std‖=1.226, ‖∇H‖=16442.600, ‖∇W‖=21287.246
  [PePG] Ep 140: R=-1869737.03, Avg=-1719622.31, ρ=1.00, λw=8.192, ‖∇std‖=2.162, ‖∇H‖=26959.885, ‖∇W‖=117988.547
  [PePG] Ep 150: R=-2051353.33, Avg=-1878678.41, ρ=1.05, λw=9.053, ‖∇std‖=2.392, ‖∇H‖=42120.512, ‖∇W‖=73644.320
  [PePG] Ep 160: R=-2236372.13, Avg=-2062715.77, ρ=1.03, λw=10.006, ‖∇std‖=0.852, ‖∇H‖=16631.592, ‖∇W‖=49925.555
  [PePG] Ep 170: R=-2474052.87, Avg=-2259210.96, ρ=1.06, λw=11.058, ‖∇std‖=0.532, ‖∇H‖=10189.948, ‖∇W‖=71033.078
  [PePG] Ep 180: R=-2728342.44, Avg=-2483765.55, ρ=1.01, λw=12.221, ‖∇std‖=0.172, ‖∇H‖=5057.932, ‖∇W‖=57173.895
  [PePG] Ep 190: R=-3013848.98, Avg=-2743535.60, ρ=1.03, λw=13.506, ‖∇std‖=5.941, ‖∇H‖=121265.148, ‖∇W‖=259682.000
  [PePG] Ep 199: R=-3273738.53, Avg=-2996613.35, ρ=1.02, λw=14.778, ‖∇std‖=2.994, ‖∇H‖=62234.582, ‖∇W‖=219921.875

Training complete. Buffer: 50 episodes

============================================================
TRAINING COMPLETE
============================================================
  Final wealth gap: $56.174k
  Approval disparity: -0.0005
  Total profit: $6918.724k
  Mean ρ: 1.0970
  PePG V2 model saved to ./pepg_sequential_results/pepg_fairness_lagrangian_both_seed2.pt
================================================================================
TESTING TRAINED AGENT (EPISODE-WISE METRICS)
================================================================================
  Model: ./pepg_sequential_results/pepg_fairness_lagrangian_both_seed2.pt
  Episodes: 100
  Continuous play: YES (no wealth reset between episodes)
  Credit threshold for ground truth: 0.5
  Checkpoint directory: ./checkpoints
  Resume from checkpoint: True
================================================================================

[1] Loading Data...
Downloading Adult Income dataset...
Preprocessing Adult Income data...

  Deriving creditworthiness (ground truth) using income prediction model...

Male applicants: 13519
Female applicants: 6481
Male ground truth approval rate: 0.180
Female ground truth approval rate: 0.087
Loading model from ./pepg_sequential_results/pepg_fairness_lagrangian_both_seed2.pt...
  ✓ Model loaded successfully
    Reward function: fairness_lagrangian
    Constraint type: both

[5] Running 100 Episodes (Episodes 1 to 100)...

  Starting Episode 1 (ALL state preserved - continuous play)

  Episode 10/100 Complete:
    Timesteps this episode: 199
    Total time elapsed: 995.0
    μ_M: $79.87k, μ_F: $63.06k
    Wealth Gap: $16.81k
    Episode Approval Rate M: 0.9874
    Episode Approval Rate F: 0.9913
    Episode Profit: $5440.05k
    Cumulative Profit: $19120.63k

  Starting Episode 11 (ALL state preserved - continuous play)

  Episode 20/100 Complete:
    Timesteps this episode: 199
    Total time elapsed: 1990.0
    μ_M: $104.52k, μ_F: $80.57k
    Wealth Gap: $23.96k
    Episode Approval Rate M: 0.9916
    Episode Approval Rate F: 0.9928
    Episode Profit: $7264.57k
    Cumulative Profit: $42933.57k

  Starting Episode 21 (ALL state preserved - continuous play)

  Episode 30/100 Complete:
    Timesteps this episode: 199
    Total time elapsed: 2985.0
    μ_M: $135.18k, μ_F: $102.48k
    Wealth Gap: $32.71k
    Episode Approval Rate M: 0.9929
    Episode Approval Rate F: 0.9932
    Episode Profit: $8960.25k
    Cumulative Profit: $71983.84k

  Starting Episode 31 (ALL state preserved - continuous play)

  Episode 40/100 Complete:
    Timesteps this episode: 199
    Total time elapsed: 3980.0
    μ_M: $173.50k, μ_F: $130.36k
    Wealth Gap: $43.14k
    Episode Approval Rate M: 0.9923
    Episode Approval Rate F: 0.9923
    Episode Profit: $11196.75k
    Cumulative Profit: $108934.19k

  Starting Episode 41 (ALL state preserved - continuous play)

  Episode 50/100 Complete:
    Timesteps this episode: 199
    Total time elapsed: 4975.0
    μ_M: $217.68k, μ_F: $164.75k
    Wealth Gap: $52.92k
    Episode Approval Rate M: 0.9960
    Episode Approval Rate F: 0.9935
    Episode Profit: $12930.69k
    Cumulative Profit: $153447.38k

  Starting Episode 51 (ALL state preserved - continuous play)

  Episode 60/100 Complete:
    Timesteps this episode: 199
    Total time elapsed: 5970.0
    μ_M: $267.20k, μ_F: $206.89k
    Wealth Gap: $60.32k
    Episode Approval Rate M: 0.9938
    Episode Approval Rate F: 0.9923
    Episode Profit: $14914.70k
    Cumulative Profit: $203817.39k

  Starting Episode 61 (ALL state preserved - continuous play)

  Episode 70/100 Complete:
    Timesteps this episode: 199
    Total time elapsed: 6965.0
    μ_M: $319.06k, μ_F: $255.55k
    Wealth Gap: $63.51k
    Episode Approval Rate M: 0.9949
    Episode Approval Rate F: 0.9957
    Episode Profit: $15829.50k
    Cumulative Profit: $258416.45k

  Starting Episode 71 (ALL state preserved - continuous play)

  Episode 80/100 Complete:
    Timesteps this episode: 199
    Total time elapsed: 7960.0
    μ_M: $371.62k, μ_F: $306.49k
    Wealth Gap: $65.13k
    Episode Approval Rate M: 0.9965
    Episode Approval Rate F: 0.9943
    Episode Profit: $16085.51k
    Cumulative Profit: $318755.90k

  Starting Episode 81 (ALL state preserved - continuous play)

  Episode 90/100 Complete:
    Timesteps this episode: 199
    Total time elapsed: 8955.0
    μ_M: $424.02k, μ_F: $358.92k
    Wealth Gap: $65.10k
    Episode Approval Rate M: 0.9970
    Episode Approval Rate F: 0.9980
    Episode Profit: $16265.99k
    Cumulative Profit: $382584.32k

  Starting Episode 91 (ALL state preserved - continuous play)

  Episode 100/100 Complete:
    Timesteps this episode: 199
    Total time elapsed: 9950.0
    μ_M: $476.85k, μ_F: $411.73k
    Wealth Gap: $65.12k
    Episode Approval Rate M: 0.9935
    Episode Approval Rate F: 0.9975
    Episode Profit: $16153.47k
    Cumulative Profit: $444517.28k

[6] Computing Final Metrics...

================================================================================
FINAL TESTING RESULTS
================================================================================

  Model: fairness_lagrangian (both)
  Episodes: 100
  Total Time: 9950.0
  Hawkes Events (M/F): 155655/135031

  --- Wealth Metrics ---
  Initial μ_M,0: $60.82k
  Initial μ_F,0: $48.29k
  Final μ_M: $476.85k
  Final μ_F: $411.73k
  Final Wealth Gap: $65.12k

  --- Long-term Social Welfare R_g(t) = (μ_g,t - μ_g,0) / t ---
  R_M (Male):   0.041812 ($1000s per time unit)
  R_F (Female): 0.036527 ($1000s per time unit)
  R_total:      0.039170 ($1000s per time unit)
  R_M / R_F:    1.1447

  --- Inequality Ratio ρ = Δμ_M / Δμ_F (per episode) ---
  Mean ρ:   1.2048
  Std ρ:    0.1762
  Min ρ:    0.9610
  Max ρ:    1.6303
  Last 5 episodes: ['0.961', '1.037', '1.017', '0.977', '1.055']

  --- Approval Metrics ---
  Total Applications M: 156539
  Total Applications F: 135813
  Total Loans Approved M: 155655
  Total Loans Approved F: 135031
  Final Approval Rate M: 0.9944
  Final Approval Rate F: 0.9942

  --- Success Probabilities ---
  Total Defaults M: 13502
  Total Defaults F: 11394
  Final Success Prob M: 0.9133
  Final Success Prob F: 0.9156

  --- Ground Truth Comparison (Males) ---
  True Positives:  28610
  False Positives: 127045
  True Negatives:  717
  False Negatives: 167
  Accuracy:  0.1873
  Precision: 0.1838
  Recall:    0.9942

  --- Ground Truth Comparison (Females) ---
  True Positives:  13314
  False Positives: 121717
  True Negatives:  696
  False Negatives: 86
  Accuracy:  0.1032
  Precision: 0.0986
  Recall:    0.9936

  --- Profit ---
  Cumulative Profit: $444517.28k

[7] Saving Results...
  Saved episode metrics to ./pepg_sequential_results/test_episode_metrics_fairness_lagrangian_both_seed2_20260123_083004.csv

================================================================================
Finished: 2026-01-23T08:30:05.848937
Exit code: 0
Test Exit code: 0
