Job: fairness_lagrangian_wealth_seed5
Command: uv run python -u par_pepg.py --seeds 1 --seed 5 --reward fairness_lagrangian --constraint wealth --episodes 200 --workers 1 --weights-dir ./pepg_sequential_results
Started: 2026-01-25T04:54:39.656940
================================================================================

================================================================================
PERFORMATIVE POLICY GRADIENT V2 (Explicit Hawkes) EXPERIMENT
  Reward: FAIRNESS_LAGRANGIAN
  Constraint: WEALTH
  Seed: 5
  Warmup: 0 episodes
================================================================================

CUDA Available: NVIDIA L40S

[STEP 1] Loading Adult Income Data...
Downloading Adult Income dataset...
  Trying UCI Repository...
  ✓ Downloaded 20,000 records from UCI repository
Preprocessing Adult Income data...

  Deriving creditworthiness using income prediction model...

Male applicants: 13519
Female applicants: 6481
Male high-income rate: 0.312
Female high-income rate: 0.116

[STEP 2] Learning θ Parameters...

[STEP 3] Creating Environment...

[STEP 4] Creating PePG V2 Agent...
  Using device: cuda
  Mixed precision (AMP): Enabled
  Learnable lambdas enabled for 'wealth' (lr=0.01)
  Replay buffer capacity: 50 episodes
  Warmup episodes: 0

[STEP 5] Training PePG V2 Agent...
Training PePG V2 with fairness_lagrangian (wealth constraint)...
  Warmup episodes: 0
  Gradient weights: hawkes=1.0, wealth=1.0, transition=1.0, reward=1.0
  [PePG] Ep 0: R=-28032.68, Avg=-28032.68, ρ=1.13, λw=2.020, Number of Approvals R = 295.000, Number of Approvals B = 244.000, 
  [PePG] Ep 10: R=-36016.42, Avg=-36016.42, ρ=1.38, λw=2.233, Number of Approvals R = 214.000, Number of Approvals B = 187.000, 
  [PePG] Ep 20: R=-44926.44, Avg=-36476.59, ρ=1.37, λw=2.467, Number of Approvals R = 134.000, Number of Approvals B = 110.000, 
  [PePG] Ep 30: R=-54815.88, Avg=-45286.06, ρ=1.39, λw=2.727, Number of Approvals R = 114.000, Number of Approvals B = 105.000, 
  [PePG] Ep 40: R=-64117.62, Avg=-53857.30, ρ=1.17, λw=3.014, Number of Approvals R = 121.000, Number of Approvals B = 91.000, 
  [PePG] Ep 50: R=-78263.33, Avg=-64734.98, ρ=0.97, λw=3.331, Number of Approvals R = 169.000, Number of Approvals B = 122.000, 
  [PePG] Ep 60: R=-97272.33, Avg=-78355.06, ρ=1.16, λw=3.681, Number of Approvals R = 288.000, Number of Approvals B = 222.000, 
  [PePG] Ep 70: R=-135634.30, Avg=-100697.30, ρ=1.25, λw=4.068, Number of Approvals R = 372.000, Number of Approvals B = 298.000, 
  [PePG] Ep 80: R=-179871.85, Avg=-135588.49, ρ=1.23, λw=4.496, Number of Approvals R = 340.000, Number of Approvals B = 247.000, 
  [PePG] Ep 90: R=-229614.95, Avg=-180632.74, ρ=1.32, λw=4.969, Number of Approvals R = 294.000, Number of Approvals B = 197.000, 
  [PePG] Ep 100: R=-277608.96, Avg=-230105.25, ρ=1.26, λw=5.491, Number of Approvals R = 347.000, Number of Approvals B = 208.000, 
  [PePG] Ep 110: R=-386415.02, Avg=-290256.36, ρ=1.60, λw=6.069, Number of Approvals R = 469.000, Number of Approvals B = 343.000, 
  [PePG] Ep 120: R=-501241.04, Avg=-382813.08, ρ=1.41, λw=6.707, Number of Approvals R = 579.000, Number of Approvals B = 380.000, 
  [PePG] Ep 130: R=-688729.19, Avg=-521752.97, ρ=1.57, λw=7.412, Number of Approvals R = 642.000, Number of Approvals B = 495.000, 
  [PePG] Ep 140: R=-947425.85, Avg=-720519.35, ρ=1.32, λw=8.192, Number of Approvals R = 691.000, Number of Approvals B = 502.000, 
  [PePG] Ep 150: R=-1256608.20, Avg=-987655.93, ρ=1.31, λw=9.053, Number of Approvals R = 572.000, Number of Approvals B = 457.000, 
  [PePG] Ep 160: R=-1583137.81, Avg=-1281820.79, ρ=1.22, λw=10.006, Number of Approvals R = 440.000, Number of Approvals B = 346.000, 
  [PePG] Ep 170: R=-1875672.79, Avg=-1574382.76, ρ=1.31, λw=11.058, Number of Approvals R = 397.000, Number of Approvals B = 317.000, 
  [PePG] Ep 180: R=-2218420.80, Avg=-1882203.35, ρ=1.33, λw=12.221, Number of Approvals R = 367.000, Number of Approvals B = 287.000, 
  [PePG] Ep 190: R=-2684908.03, Avg=-2243603.35, ρ=1.21, λw=13.506, Number of Approvals R = 651.000, Number of Approvals B = 558.000, 
  [PePG] Ep 199: R=-3207111.47, Avg=-2654449.44, ρ=1.10, λw=14.778, Number of Approvals R = 886.000, Number of Approvals B = 753.000, 

Training complete. Buffer: 50 episodes

============================================================
TRAINING COMPLETE
============================================================
  Final wealth gap: $61.974k
  Approval disparity: 0.0014
  Total profit: $2370.815k
  Mean ρ: 1.3152
  PePG V2 model saved to ./pepg_sequential_results/pepg_fairness_lagrangian_wealth_seed5.pt
================================================================================
TESTING TRAINED AGENT (EPISODE-WISE METRICS)
================================================================================
  Model: ./pepg_sequential_results/pepg_fairness_lagrangian_wealth_seed5.pt
  Episodes: 100
  Continuous play: YES (no wealth reset between episodes)
  Credit threshold for ground truth: 0.5
  Checkpoint directory: ./checkpoints
  Resume from checkpoint: True
================================================================================

[1] Loading Data...
Downloading Adult Income dataset...
Preprocessing Adult Income data...

  Deriving creditworthiness (ground truth) using income prediction model...

Male applicants: 13519
Female applicants: 6481
Male ground truth approval rate: 0.180
Female ground truth approval rate: 0.087
Loading model from ./pepg_sequential_results/pepg_fairness_lagrangian_wealth_seed5.pt...
  ✓ Model loaded successfully
    Reward function: fairness_lagrangian
    Constraint type: wealth

[5] Running 100 Episodes (Episodes 1 to 100)...

  Starting Episode 1 (ALL state preserved - continuous play)

  Episode 10/100 Complete:
    Timesteps this episode: 199
    Total time elapsed: 995.0
    μ_M: $67.82k, μ_F: $54.02k
    Wealth Gap: $13.80k
    Episode Approval Rate M: 0.4054
    Episode Approval Rate F: 0.4201
    Episode Profit: $1979.86k
    Cumulative Profit: $6922.35k

  Starting Episode 11 (ALL state preserved - continuous play)

  Episode 20/100 Complete:
    Timesteps this episode: 199
    Total time elapsed: 1990.0
    μ_M: $75.83k, μ_F: $60.06k
    Wealth Gap: $15.77k
    Episode Approval Rate M: 0.4292
    Episode Approval Rate F: 0.4257
    Episode Profit: $2342.88k
    Cumulative Profit: $14549.39k

  Starting Episode 21 (ALL state preserved - continuous play)

  Episode 30/100 Complete:
    Timesteps this episode: 199
    Total time elapsed: 2985.0
    μ_M: $84.85k, μ_F: $66.74k
    Wealth Gap: $18.10k
    Episode Approval Rate M: 0.4093
    Episode Approval Rate F: 0.4109
    Episode Profit: $2276.40k
    Cumulative Profit: $21773.34k

  Starting Episode 31 (ALL state preserved - continuous play)

  Episode 40/100 Complete:
    Timesteps this episode: 199
    Total time elapsed: 3980.0
    μ_M: $94.43k, μ_F: $73.98k
    Wealth Gap: $20.45k
    Episode Approval Rate M: 0.4293
    Episode Approval Rate F: 0.4192
    Episode Profit: $2545.78k
    Cumulative Profit: $30516.68k

  Starting Episode 41 (ALL state preserved - continuous play)

  Episode 50/100 Complete:
    Timesteps this episode: 199
    Total time elapsed: 4975.0
    μ_M: $105.54k, μ_F: $81.52k
    Wealth Gap: $24.02k
    Episode Approval Rate M: 0.4389
    Episode Approval Rate F: 0.4290
    Episode Profit: $3083.19k
    Cumulative Profit: $39667.98k

  Starting Episode 51 (ALL state preserved - continuous play)

  Episode 60/100 Complete:
    Timesteps this episode: 199
    Total time elapsed: 5970.0
    μ_M: $117.22k, μ_F: $90.36k
    Wealth Gap: $26.86k
    Episode Approval Rate M: 0.4350
    Episode Approval Rate F: 0.4584
    Episode Profit: $3322.08k
    Cumulative Profit: $51722.93k

  Starting Episode 61 (ALL state preserved - continuous play)

  Episode 70/100 Complete:
    Timesteps this episode: 199
    Total time elapsed: 6965.0
    μ_M: $130.83k, μ_F: $99.87k
    Wealth Gap: $30.96k
    Episode Approval Rate M: 0.4248
    Episode Approval Rate F: 0.4594
    Episode Profit: $3705.65k
    Cumulative Profit: $64896.05k

  Starting Episode 71 (ALL state preserved - continuous play)

  Episode 80/100 Complete:
    Timesteps this episode: 199
    Total time elapsed: 7960.0
    μ_M: $144.85k, μ_F: $110.42k
    Wealth Gap: $34.43k
    Episode Approval Rate M: 0.4504
    Episode Approval Rate F: 0.4200
    Episode Profit: $3957.88k
    Cumulative Profit: $78685.15k

  Starting Episode 81 (ALL state preserved - continuous play)

  Episode 90/100 Complete:
    Timesteps this episode: 199
    Total time elapsed: 8955.0
    μ_M: $161.20k, μ_F: $121.82k
    Wealth Gap: $39.39k
    Episode Approval Rate M: 0.4464
    Episode Approval Rate F: 0.4350
    Episode Profit: $4424.03k
    Cumulative Profit: $95375.18k

  Starting Episode 91 (ALL state preserved - continuous play)

  Episode 100/100 Complete:
    Timesteps this episode: 199
    Total time elapsed: 9950.0
    μ_M: $179.32k, μ_F: $134.24k
    Wealth Gap: $45.08k
    Episode Approval Rate M: 0.4471
    Episode Approval Rate F: 0.4513
    Episode Profit: $4782.16k
    Cumulative Profit: $113165.21k

[6] Computing Final Metrics...

================================================================================
FINAL TESTING RESULTS
================================================================================

  Model: fairness_lagrangian (wealth)
  Episodes: 100
  Total Time: 9950.0
  Hawkes Events (M/F): 43289/31857

  --- Wealth Metrics ---
  Initial μ_M,0: $60.82k
  Initial μ_F,0: $48.29k
  Final μ_M: $179.32k
  Final μ_F: $134.24k
  Final Wealth Gap: $45.08k

  --- Long-term Social Welfare R_g(t) = (μ_g,t - μ_g,0) / t ---
  R_M (Male):   0.011910 ($1000s per time unit)
  R_F (Female): 0.008638 ($1000s per time unit)
  R_total:      0.010274 ($1000s per time unit)
  R_M / R_F:    1.3787

  --- Inequality Ratio ρ = Δμ_M / Δμ_F (per episode) ---
  Mean ρ:   1.3747
  Std ρ:    0.1587
  Min ρ:    0.9772
  Max ρ:    1.9693
  Last 5 episodes: ['1.681', '1.453', '1.390', '1.543', '1.333']

  --- Approval Metrics ---
  Total Applications M: 99777
  Total Applications F: 74072
  Total Loans Approved M: 43289
  Total Loans Approved F: 31857
  Final Approval Rate M: 0.4339
  Final Approval Rate F: 0.4301

  --- Success Probabilities ---
  Total Defaults M: 3805
  Total Defaults F: 2698
  Final Success Prob M: 0.9121
  Final Success Prob F: 0.9153

  --- Ground Truth Comparison (Males) ---
  True Positives:  8748
  False Positives: 34541
  True Negatives:  45255
  False Negatives: 11233
  Accuracy:  0.5412
  Precision: 0.2021
  Recall:    0.4378

  --- Ground Truth Comparison (Females) ---
  True Positives:  3435
  False Positives: 28422
  True Negatives:  37489
  False Negatives: 4726
  Accuracy:  0.5525
  Precision: 0.1078
  Recall:    0.4209

  --- Profit ---
  Cumulative Profit: $113165.21k

[7] Saving Results...
  Saved episode metrics to ./pepg_sequential_results/test_episode_metrics_fairness_lagrangian_wealth_seed5_20260125_050955.csv

================================================================================
Finished: 2026-01-25T05:09:56.610516
Exit code: 0
Test Exit code: 0
