Job: fairness_lagrangian_wealth_seed1
Command: uv run python -u par_pepg.py --seeds 1 --seed 1 --reward fairness_lagrangian --constraint wealth --episodes 200 --workers 1 --weights-dir ./pepg_sequential_results
Started: 2026-01-24T07:32:56.951549
================================================================================

================================================================================
PERFORMATIVE POLICY GRADIENT V2 (Explicit Hawkes) EXPERIMENT
  Reward: FAIRNESS_LAGRANGIAN
  Constraint: WEALTH
  Seed: 1
  Warmup: 0 episodes
================================================================================

CUDA Available: NVIDIA L40S

[STEP 1] Loading Adult Income Data...
Downloading Adult Income dataset...
  Trying UCI Repository...
  ✓ Downloaded 20,000 records from UCI repository
Preprocessing Adult Income data...

  Deriving creditworthiness using income prediction model...

Male applicants: 13519
Female applicants: 6481
Male high-income rate: 0.312
Female high-income rate: 0.116

[STEP 2] Learning θ Parameters...

[STEP 3] Creating Environment...

[STEP 4] Creating PePG V2 Agent...
  Using device: cuda
  Mixed precision (AMP): Enabled
  Learnable lambdas enabled for 'wealth' (lr=0.01)
  Replay buffer capacity: 50 episodes
  Warmup episodes: 0

[STEP 5] Training PePG V2 Agent...
Training PePG V2 with fairness_lagrangian (wealth constraint)...
  Warmup episodes: 0
  Gradient weights: hawkes=1.0, wealth=1.0, transition=1.0, reward=1.0
  [PePG] Ep 0: R=-27206.10, Avg=-27206.10, ρ=1.07, λw=2.020, Number of Approvals R = 281.000, Number of Approvals B = 238.000, 
  [PePG] Ep 10: R=-34045.30, Avg=-34045.30, ρ=1.27, λw=2.233, Number of Approvals R = 177.000, Number of Approvals B = 158.000, 
  [PePG] Ep 20: R=-38804.89, Avg=-33533.25, ρ=1.30, λw=2.467, Number of Approvals R = 156.000, Number of Approvals B = 123.000, 
  [PePG] Ep 30: R=-51086.99, Avg=-41876.94, ρ=1.21, λw=2.727, Number of Approvals R = 245.000, Number of Approvals B = 186.000, 
  [PePG] Ep 40: R=-63319.28, Avg=-53015.24, ρ=1.06, λw=3.014, Number of Approvals R = 220.000, Number of Approvals B = 193.000, 
  [PePG] Ep 50: R=-90190.23, Avg=-68367.99, ρ=1.24, λw=3.331, Number of Approvals R = 279.000, Number of Approvals B = 213.000, 
  [PePG] Ep 60: R=-111939.13, Avg=-88255.51, ρ=1.22, λw=3.681, Number of Approvals R = 310.000, Number of Approvals B = 258.000, 
  [PePG] Ep 70: R=-144209.27, Avg=-113628.32, ρ=1.32, λw=4.068, Number of Approvals R = 338.000, Number of Approvals B = 266.000, 
  [PePG] Ep 80: R=-188779.98, Avg=-148221.59, ρ=1.50, λw=4.496, Number of Approvals R = 240.000, Number of Approvals B = 195.000, 
  [PePG] Ep 90: R=-225650.52, Avg=-188550.15, ρ=1.11, λw=4.969, Number of Approvals R = 212.000, Number of Approvals B = 205.000, 
  [PePG] Ep 100: R=-279326.14, Avg=-231269.88, ρ=1.20, λw=5.491, Number of Approvals R = 229.000, Number of Approvals B = 199.000, 
  [PePG] Ep 110: R=-342053.75, Avg=-282300.47, ρ=1.12, λw=6.069, Number of Approvals R = 195.000, Number of Approvals B = 149.000, 
  [PePG] Ep 120: R=-413400.05, Avg=-341151.02, ρ=1.49, λw=6.707, Number of Approvals R = 253.000, Number of Approvals B = 174.000, 
  [PePG] Ep 130: R=-489612.67, Avg=-412189.48, ρ=0.94, λw=7.412, Number of Approvals R = 257.000, Number of Approvals B = 187.000, 
  [PePG] Ep 140: R=-638239.12, Avg=-506784.00, ρ=1.12, λw=8.192, Number of Approvals R = 438.000, Number of Approvals B = 399.000, 
  [PePG] Ep 150: R=-852449.40, Avg=-646941.38, ρ=1.56, λw=9.053, Number of Approvals R = 680.000, Number of Approvals B = 499.000, 
  [PePG] Ep 160: R=-1162244.33, Avg=-876005.87, ρ=1.18, λw=10.006, Number of Approvals R = 721.000, Number of Approvals B = 587.000, 
  [PePG] Ep 170: R=-1587736.75, Avg=-1197816.28, ρ=1.26, λw=11.058, Number of Approvals R = 884.000, Number of Approvals B = 667.000, 
  [PePG] Ep 180: R=-2006256.17, Avg=-1590109.59, ρ=1.13, λw=12.221, Number of Approvals R = 845.000, Number of Approvals B = 738.000, 
  [PePG] Ep 190: R=-2588524.34, Avg=-2057395.01, ρ=1.04, λw=13.506, Number of Approvals R = 953.000, Number of Approvals B = 850.000, 
  [PePG] Ep 199: R=-3013388.09, Avg=-2525728.57, ρ=0.98, λw=14.778, Number of Approvals R = 949.000, Number of Approvals B = 886.000, 

Training complete. Buffer: 50 episodes

============================================================
TRAINING COMPLETE
============================================================
  Final wealth gap: $56.718k
  Approval disparity: -0.0188
  Total profit: $2471.575k
  Mean ρ: 1.2948
  PePG V2 model saved to ./pepg_sequential_results/pepg_fairness_lagrangian_wealth_seed1.pt
================================================================================
TESTING TRAINED AGENT (EPISODE-WISE METRICS)
================================================================================
  Model: ./pepg_sequential_results/pepg_fairness_lagrangian_wealth_seed1.pt
  Episodes: 100
  Continuous play: YES (no wealth reset between episodes)
  Credit threshold for ground truth: 0.5
  Checkpoint directory: ./checkpoints
  Resume from checkpoint: True
================================================================================

[1] Loading Data...
Downloading Adult Income dataset...
Preprocessing Adult Income data...

  Deriving creditworthiness (ground truth) using income prediction model...

Male applicants: 13519
Female applicants: 6481
Male ground truth approval rate: 0.180
Female ground truth approval rate: 0.087
Loading model from ./pepg_sequential_results/pepg_fairness_lagrangian_wealth_seed1.pt...
  ✓ Model loaded successfully
    Reward function: fairness_lagrangian
    Constraint type: wealth

[5] Running 100 Episodes (Episodes 1 to 100)...

  Starting Episode 1 (ALL state preserved - continuous play)

  Episode 10/100 Complete:
    Timesteps this episode: 199
    Total time elapsed: 995.0
    μ_M: $69.63k, μ_F: $55.38k
    Wealth Gap: $14.26k
    Episode Approval Rate M: 0.5058
    Episode Approval Rate F: 0.4918
    Episode Profit: $2540.10k
    Cumulative Profit: $8102.94k

  Starting Episode 11 (ALL state preserved - continuous play)

  Episode 20/100 Complete:
    Timesteps this episode: 199
    Total time elapsed: 1990.0
    μ_M: $78.75k, μ_F: $63.10k
    Wealth Gap: $15.65k
    Episode Approval Rate M: 0.4729
    Episode Approval Rate F: 0.5137
    Episode Profit: $2582.21k
    Cumulative Profit: $17350.43k

  Starting Episode 21 (ALL state preserved - continuous play)

  Episode 30/100 Complete:
    Timesteps this episode: 199
    Total time elapsed: 2985.0
    μ_M: $89.12k, μ_F: $71.30k
    Wealth Gap: $17.82k
    Episode Approval Rate M: 0.5131
    Episode Approval Rate F: 0.4727
    Episode Profit: $3074.99k
    Cumulative Profit: $28571.69k

  Starting Episode 31 (ALL state preserved - continuous play)

  Episode 40/100 Complete:
    Timesteps this episode: 199
    Total time elapsed: 3980.0
    μ_M: $100.57k, μ_F: $80.62k
    Wealth Gap: $19.95k
    Episode Approval Rate M: 0.5273
    Episode Approval Rate F: 0.4833
    Episode Profit: $3494.48k
    Cumulative Profit: $41994.19k

  Starting Episode 41 (ALL state preserved - continuous play)

  Episode 50/100 Complete:
    Timesteps this episode: 199
    Total time elapsed: 4975.0
    μ_M: $114.15k, μ_F: $90.36k
    Wealth Gap: $23.79k
    Episode Approval Rate M: 0.4952
    Episode Approval Rate F: 0.4850
    Episode Profit: $3555.49k
    Cumulative Profit: $55700.17k

  Starting Episode 51 (ALL state preserved - continuous play)

  Episode 60/100 Complete:
    Timesteps this episode: 199
    Total time elapsed: 5970.0
    μ_M: $128.80k, μ_F: $101.82k
    Wealth Gap: $26.98k
    Episode Approval Rate M: 0.4675
    Episode Approval Rate F: 0.4791
    Episode Profit: $4044.76k
    Cumulative Profit: $70940.42k

  Starting Episode 61 (ALL state preserved - continuous play)

  Episode 70/100 Complete:
    Timesteps this episode: 199
    Total time elapsed: 6965.0
    μ_M: $145.88k, μ_F: $114.81k
    Wealth Gap: $31.07k
    Episode Approval Rate M: 0.5039
    Episode Approval Rate F: 0.5439
    Episode Profit: $4812.13k
    Cumulative Profit: $85683.68k

  Starting Episode 71 (ALL state preserved - continuous play)

  Episode 80/100 Complete:
    Timesteps this episode: 199
    Total time elapsed: 7960.0
    μ_M: $164.30k, μ_F: $128.30k
    Wealth Gap: $36.00k
    Episode Approval Rate M: 0.4849
    Episode Approval Rate F: 0.4821
    Episode Profit: $4801.79k
    Cumulative Profit: $104795.15k

  Starting Episode 81 (ALL state preserved - continuous play)

  Episode 90/100 Complete:
    Timesteps this episode: 199
    Total time elapsed: 8955.0
    μ_M: $184.22k, μ_F: $143.95k
    Wealth Gap: $40.28k
    Episode Approval Rate M: 0.5056
    Episode Approval Rate F: 0.4780
    Episode Profit: $5807.46k
    Cumulative Profit: $125431.98k

  Starting Episode 91 (ALL state preserved - continuous play)

  Episode 100/100 Complete:
    Timesteps this episode: 199
    Total time elapsed: 9950.0
    μ_M: $206.35k, μ_F: $161.55k
    Wealth Gap: $44.80k
    Episode Approval Rate M: 0.5039
    Episode Approval Rate F: 0.5109
    Episode Profit: $6410.67k
    Cumulative Profit: $149204.82k

[6] Computing Final Metrics...

================================================================================
FINAL TESTING RESULTS
================================================================================

  Model: fairness_lagrangian (wealth)
  Episodes: 100
  Total Time: 9950.0
  Hawkes Events (M/F): 53711/41327

  --- Wealth Metrics ---
  Initial μ_M,0: $60.82k
  Initial μ_F,0: $48.29k
  Final μ_M: $206.35k
  Final μ_F: $161.55k
  Final Wealth Gap: $44.80k

  --- Long-term Social Welfare R_g(t) = (μ_g,t - μ_g,0) / t ---
  R_M (Male):   0.014627 ($1000s per time unit)
  R_F (Female): 0.011383 ($1000s per time unit)
  R_total:      0.013005 ($1000s per time unit)
  R_M / R_F:    1.2850

  --- Inequality Ratio ρ = Δμ_M / Δμ_F (per episode) ---
  Mean ρ:   1.2853
  Std ρ:    0.1333
  Min ρ:    0.9884
  Max ρ:    1.6228
  Last 5 episodes: ['1.197', '1.322', '1.382', '1.224', '1.269']

  --- Approval Metrics ---
  Total Applications M: 107336
  Total Applications F: 82735
  Total Loans Approved M: 53711
  Total Loans Approved F: 41327
  Final Approval Rate M: 0.5004
  Final Approval Rate F: 0.4995

  --- Success Probabilities ---
  Total Defaults M: 4577
  Total Defaults F: 3554
  Final Success Prob M: 0.9148
  Final Success Prob F: 0.9140

  --- Ground Truth Comparison (Males) ---
  True Positives:  10715
  False Positives: 42996
  True Negatives:  42950
  False Negatives: 10675
  Accuracy:  0.5000
  Precision: 0.1995
  Recall:    0.5009

  --- Ground Truth Comparison (Females) ---
  True Positives:  4534
  False Positives: 36793
  True Negatives:  36909
  False Negatives: 4499
  Accuracy:  0.5009
  Precision: 0.1097
  Recall:    0.5019

  --- Profit ---
  Cumulative Profit: $149204.82k

[7] Saving Results...
  Saved episode metrics to ./pepg_sequential_results/test_episode_metrics_fairness_lagrangian_wealth_seed1_20260124_091147.csv

================================================================================
Finished: 2026-01-24T09:11:51.968688
Exit code: 0
Test Exit code: 0
