Job: fairness_lagrangian_approval_rate_seed4
Command: uv run python -u par_pepg.py --seeds 1 --seed 4 --reward fairness_lagrangian --constraint approval_rate --episodes 200 --workers 1 --weights-dir ./pepg_sequential_results
Started: 2026-01-25T01:59:53.125422
================================================================================

================================================================================
PERFORMATIVE POLICY GRADIENT V2 (Explicit Hawkes) EXPERIMENT
  Reward: FAIRNESS_LAGRANGIAN
  Constraint: APPROVAL_RATE
  Seed: 4
  Warmup: 0 episodes
================================================================================

CUDA Available: NVIDIA GeForce RTX 2080 Ti

[STEP 1] Loading Adult Income Data...
Downloading Adult Income dataset...
  Trying UCI Repository...
  ✓ Downloaded 20,000 records from UCI repository
Preprocessing Adult Income data...

  Deriving creditworthiness using income prediction model...

Male applicants: 13519
Female applicants: 6481
Male high-income rate: 0.312
Female high-income rate: 0.116

[STEP 2] Learning θ Parameters...

[STEP 3] Creating Environment...

[STEP 4] Creating PePG V2 Agent...
  Using device: cuda
  Mixed precision (AMP): Enabled
  Learnable lambdas enabled for 'approval_rate' (lr=0.01)
  Replay buffer capacity: 50 episodes
  Warmup episodes: 0

[STEP 5] Training PePG V2 Agent...
Training PePG V2 with fairness_lagrangian (approval_rate constraint)...
  Warmup episodes: 0
  Gradient weights: hawkes=1.0, wealth=1.0, transition=1.0, reward=1.0
  [PePG] Ep 0: R=489.74, Avg=489.74, ρ=1.23, λw=2.000, Number of Approvals R = 200.000, Number of Approvals B = 176.000, 
  [PePG] Ep 10: R=694.21, Avg=694.21, ρ=1.28, λw=2.000, Number of Approvals R = 273.000, Number of Approvals B = 235.000, 
  [PePG] Ep 20: R=1544.93, Avg=829.73, ρ=1.23, λw=2.000, Number of Approvals R = 571.000, Number of Approvals B = 479.000, 
  [PePG] Ep 30: R=1922.05, Avg=1508.33, ρ=1.31, λw=2.000, Number of Approvals R = 758.000, Number of Approvals B = 574.000, 
  [PePG] Ep 40: R=2633.20, Avg=2103.51, ρ=1.29, λw=2.000, Number of Approvals R = 1000.000, Number of Approvals B = 779.000, 
  [PePG] Ep 50: R=3268.66, Avg=2677.64, ρ=1.22, λw=2.000, Number of Approvals R = 1242.000, Number of Approvals B = 944.000, 
  [PePG] Ep 60: R=3739.97, Avg=3278.47, ρ=1.20, λw=2.000, Number of Approvals R = 1421.000, Number of Approvals B = 1141.000, 
  [PePG] Ep 70: R=4763.19, Avg=3989.56, ρ=1.17, λw=2.000, Number of Approvals R = 1701.000, Number of Approvals B = 1392.000, 
  [PePG] Ep 80: R=5403.32, Avg=4725.07, ρ=1.08, λw=2.000, Number of Approvals R = 1843.000, Number of Approvals B = 1671.000, 
  [PePG] Ep 90: R=5526.28, Avg=5264.48, ρ=1.03, λw=2.000, Number of Approvals R = 1878.000, Number of Approvals B = 1777.000, 
  [PePG] Ep 100: R=5734.43, Avg=5507.63, ρ=0.99, λw=2.000, Number of Approvals R = 1907.000, Number of Approvals B = 1874.000, 
  [PePG] Ep 110: R=5549.74, Avg=5596.94, ρ=1.04, λw=2.000, Number of Approvals R = 1903.000, Number of Approvals B = 1909.000, 
  [PePG] Ep 120: R=5703.85, Avg=5622.59, ρ=0.99, λw=2.000, Number of Approvals R = 1906.000, Number of Approvals B = 1886.000, 
  [PePG] Ep 130: R=5468.92, Avg=5625.03, ρ=1.01, λw=2.000, Number of Approvals R = 1888.000, Number of Approvals B = 1896.000, 
  [PePG] Ep 140: R=5736.46, Avg=5633.98, ρ=0.98, λw=2.000, Number of Approvals R = 1914.000, Number of Approvals B = 1899.000, 
  [PePG] Ep 150: R=5804.09, Avg=5580.26, ρ=0.96, λw=2.000, Number of Approvals R = 1924.000, Number of Approvals B = 1926.000, 
