Job: fairness_lagrangian_wealth_seed4
Command: uv run python -u par_pepg.py --seeds 1 --seed 4 --reward fairness_lagrangian --constraint wealth --episodes 200 --workers 1 --weights-dir ./pepg_sequential_results
Started: 2026-01-25T03:59:42.478151
================================================================================

================================================================================
PERFORMATIVE POLICY GRADIENT V2 (Explicit Hawkes) EXPERIMENT
  Reward: FAIRNESS_LAGRANGIAN
  Constraint: WEALTH
  Seed: 4
  Warmup: 0 episodes
================================================================================

CUDA Available: NVIDIA L40S

[STEP 1] Loading Adult Income Data...
Downloading Adult Income dataset...
  Trying UCI Repository...
  ✓ Downloaded 20,000 records from UCI repository
Preprocessing Adult Income data...

  Deriving creditworthiness using income prediction model...

Male applicants: 13519
Female applicants: 6481
Male high-income rate: 0.312
Female high-income rate: 0.116

[STEP 2] Learning θ Parameters...

[STEP 3] Creating Environment...

[STEP 4] Creating PePG V2 Agent...
  Using device: cuda
  Mixed precision (AMP): Enabled
  Learnable lambdas enabled for 'wealth' (lr=0.01)
  Replay buffer capacity: 50 episodes
  Warmup episodes: 0

[STEP 5] Training PePG V2 Agent...
Training PePG V2 with fairness_lagrangian (wealth constraint)...
  Warmup episodes: 0
  Gradient weights: hawkes=1.0, wealth=1.0, transition=1.0, reward=1.0
  [PePG] Ep 0: R=-25863.87, Avg=-25863.87, ρ=1.23, λw=2.020, Number of Approvals R = 200.000, Number of Approvals B = 176.000, 
  [PePG] Ep 10: R=-32212.77, Avg=-32212.77, ρ=1.34, λw=2.233, Number of Approvals R = 110.000, Number of Approvals B = 78.000, 
  [PePG] Ep 20: R=-40420.67, Avg=-33440.68, ρ=1.11, λw=2.467, Number of Approvals R = 66.000, Number of Approvals B = 65.000, 
  [PePG] Ep 30: R=-43133.39, Avg=-39332.27, ρ=1.48, λw=2.727, Number of Approvals R = 74.000, Number of Approvals B = 56.000, 
  [PePG] Ep 40: R=-52307.24, Avg=-45445.95, ρ=0.98, λw=3.014, Number of Approvals R = 82.000, Number of Approvals B = 63.000, 
  [PePG] Ep 50: R=-62682.78, Avg=-52909.91, ρ=1.41, λw=3.331, Number of Approvals R = 115.000, Number of Approvals B = 97.000, 
  [PePG] Ep 60: R=-74535.46, Avg=-62842.13, ρ=1.26, λw=3.681, Number of Approvals R = 115.000, Number of Approvals B = 95.000, 
  [PePG] Ep 70: R=-93162.47, Avg=-76045.44, ρ=1.55, λw=4.068, Number of Approvals R = 200.000, Number of Approvals B = 155.000, 
  [PePG] Ep 80: R=-116667.45, Avg=-93973.40, ρ=1.15, λw=4.496, Number of Approvals R = 271.000, Number of Approvals B = 220.000, 
  [PePG] Ep 90: R=-147169.61, Avg=-119982.92, ρ=1.43, λw=4.969, Number of Approvals R = 324.000, Number of Approvals B = 233.000, 
  [PePG] Ep 100: R=-206944.10, Avg=-157245.60, ρ=1.25, λw=5.491, Number of Approvals R = 391.000, Number of Approvals B = 282.000, 
  [PePG] Ep 110: R=-290495.71, Avg=-212649.04, ρ=1.31, λw=6.069, Number of Approvals R = 445.000, Number of Approvals B = 362.000, 
  [PePG] Ep 120: R=-389799.85, Avg=-291785.77, ρ=1.34, λw=6.707, Number of Approvals R = 522.000, Number of Approvals B = 381.000, 
  [PePG] Ep 130: R=-552939.08, Avg=-403862.83, ρ=1.38, λw=7.412, Number of Approvals R = 633.000, Number of Approvals B = 481.000, 
