Job: fairness_lagrangian_approval_rate_seed3
Command: uv run python -u par_pepg.py --seeds 1 --seed 3 --reward fairness_lagrangian --constraint approval_rate --episodes 200 --workers 1 --weights-dir ./pepg_sequential_results
Started: 2026-01-25T01:12:52.073662
================================================================================

================================================================================
PERFORMATIVE POLICY GRADIENT V2 (Explicit Hawkes) EXPERIMENT
  Reward: FAIRNESS_LAGRANGIAN
  Constraint: APPROVAL_RATE
  Seed: 3
  Warmup: 0 episodes
================================================================================

CUDA Available: NVIDIA GeForce RTX 2080 Ti

[STEP 1] Loading Adult Income Data...
Downloading Adult Income dataset...
  Trying UCI Repository...
  ✓ Downloaded 20,000 records from UCI repository
Preprocessing Adult Income data...

  Deriving creditworthiness using income prediction model...

Male applicants: 13519
Female applicants: 6481
Male high-income rate: 0.312
Female high-income rate: 0.116

[STEP 2] Learning θ Parameters...

[STEP 3] Creating Environment...

[STEP 4] Creating PePG V2 Agent...
  Using device: cuda
  Mixed precision (AMP): Enabled
  Learnable lambdas enabled for 'approval_rate' (lr=0.01)
  Replay buffer capacity: 50 episodes
  Warmup episodes: 0

[STEP 5] Training PePG V2 Agent...
Training PePG V2 with fairness_lagrangian (approval_rate constraint)...
  Warmup episodes: 0
  Gradient weights: hawkes=1.0, wealth=1.0, transition=1.0, reward=1.0
  [PePG] Ep 0: R=737.90, Avg=737.90, ρ=1.46, λw=2.000, Number of Approvals R = 310.000, Number of Approvals B = 244.000, 
  [PePG] Ep 10: R=1328.09, Avg=1328.09, ρ=1.38, λw=2.000, Number of Approvals R = 493.000, Number of Approvals B = 363.000, 
  [PePG] Ep 20: R=1764.74, Avg=1185.30, ρ=1.20, λw=2.000, Number of Approvals R = 661.000, Number of Approvals B = 528.000, 
  [PePG] Ep 30: R=2310.10, Avg=1757.00, ρ=1.30, λw=2.000, Number of Approvals R = 871.000, Number of Approvals B = 650.000, 
  [PePG] Ep 40: R=2874.21, Avg=2316.82, ρ=1.30, λw=2.000, Number of Approvals R = 1125.000, Number of Approvals B = 844.000, 
  [PePG] Ep 50: R=3756.67, Avg=3020.78, ρ=1.21, λw=2.000, Number of Approvals R = 1387.000, Number of Approvals B = 1053.000, 
  [PePG] Ep 60: R=4405.89, Avg=3760.34, ρ=1.33, λw=2.000, Number of Approvals R = 1663.000, Number of Approvals B = 1293.000, 
  [PePG] Ep 70: R=5155.29, Avg=4459.25, ρ=1.19, λw=2.000, Number of Approvals R = 1808.000, Number of Approvals B = 1573.000, 
  [PePG] Ep 80: R=5292.70, Avg=5074.37, ρ=1.00, λw=2.000, Number of Approvals R = 1902.000, Number of Approvals B = 1747.000, 
  [PePG] Ep 90: R=5506.07, Avg=5458.70, ρ=1.04, λw=2.000, Number of Approvals R = 1900.000, Number of Approvals B = 1837.000, 
  [PePG] Ep 100: R=5925.87, Avg=5661.86, ρ=1.01, λw=2.000, Number of Approvals R = 1922.000, Number of Approvals B = 1891.000, 
  [PePG] Ep 110: R=5558.51, Avg=5720.10, ρ=0.99, λw=2.000, Number of Approvals R = 1916.000, Number of Approvals B = 1891.000, 
  [PePG] Ep 120: R=5856.50, Avg=5744.70, ρ=0.99, λw=2.000, Number of Approvals R = 1918.000, Number of Approvals B = 1921.000, 
  [PePG] Ep 130: R=5659.79, Avg=5732.61, ρ=0.98, λw=2.000, Number of Approvals R = 1928.000, Number of Approvals B = 1915.000, 
  [PePG] Ep 140: R=5819.56, Avg=5710.70, ρ=1.06, λw=2.000, Number of Approvals R = 1916.000, Number of Approvals B = 1915.000, 
  [PePG] Ep 150: R=5794.00, Avg=5718.68, ρ=0.99, λw=2.000, Number of Approvals R = 1923.000, Number of Approvals B = 1910.000, 
  [PePG] Ep 160: R=5569.77, Avg=5661.60, ρ=1.01, λw=2.000, Number of Approvals R = 1890.000, Number of Approvals B = 1882.000, 
  [PePG] Ep 170: R=5764.31, Avg=5607.71, ρ=0.95, λw=2.000, Number of Approvals R = 1892.000, Number of Approvals B = 1903.000, 
  [PePG] Ep 180: R=5508.52, Avg=5553.43, ρ=1.04, λw=2.000, Number of Approvals R = 1830.000, Number of Approvals B = 1843.000, 
  [PePG] Ep 190: R=5075.10, Avg=5435.39, ρ=1.03, λw=2.000, Number of Approvals R = 1830.000, Number of Approvals B = 1810.000, 
  [PePG] Ep 199: R=4738.37, Avg=5249.58, ρ=0.99, λw=2.000, Number of Approvals R = 1764.000, Number of Approvals B = 1777.000, 

Training complete. Buffer: 50 episodes

============================================================
TRAINING COMPLETE
============================================================
  Final wealth gap: $59.578k
  Approval disparity: 0.0121
  Total profit: $5213.692k
  Mean ρ: 1.1070
  PePG V2 model saved to ./pepg_sequential_results/pepg_fairness_lagrangian_approval_rate_seed3.pt
================================================================================
TESTING TRAINED AGENT (EPISODE-WISE METRICS)
================================================================================
  Model: ./pepg_sequential_results/pepg_fairness_lagrangian_approval_rate_seed3.pt
  Episodes: 100
  Continuous play: YES (no wealth reset between episodes)
  Credit threshold for ground truth: 0.5
  Checkpoint directory: ./checkpoints
  Resume from checkpoint: True
================================================================================

[1] Loading Data...
Downloading Adult Income dataset...
Preprocessing Adult Income data...

  Deriving creditworthiness (ground truth) using income prediction model...

Male applicants: 13519
Female applicants: 6481
Male ground truth approval rate: 0.180
Female ground truth approval rate: 0.087
Loading model from ./pepg_sequential_results/pepg_fairness_lagrangian_approval_rate_seed3.pt...
  ✓ Model loaded successfully
    Reward function: fairness_lagrangian
    Constraint type: approval_rate

[5] Running 100 Episodes (Episodes 1 to 100)...

  Starting Episode 1 (ALL state preserved - continuous play)

  Episode 10/100 Complete:
    Timesteps this episode: 199
    Total time elapsed: 995.0
    μ_M: $77.01k, μ_F: $60.91k
    Wealth Gap: $16.10k
    Episode Approval Rate M: 0.8811
    Episode Approval Rate F: 0.8853
    Episode Profit: $4990.70k
    Cumulative Profit: $19419.99k

  Starting Episode 11 (ALL state preserved - continuous play)
