Job: fairness_lagrangian_approval_rate_seed5
Command: uv run python -u par_pepg.py --seeds 1 --seed 5 --reward fairness_lagrangian --constraint approval_rate --episodes 200 --workers 1 --weights-dir ./pepg_sequential_results
Started: 2026-01-25T02:50:41.944316
================================================================================

================================================================================
PERFORMATIVE POLICY GRADIENT V2 (Explicit Hawkes) EXPERIMENT
  Reward: FAIRNESS_LAGRANGIAN
  Constraint: APPROVAL_RATE
  Seed: 5
  Warmup: 0 episodes
================================================================================

CUDA Available: NVIDIA GeForce RTX 2080 Ti

[STEP 1] Loading Adult Income Data...
Downloading Adult Income dataset...
  Trying UCI Repository...
  ✓ Downloaded 20,000 records from UCI repository
Preprocessing Adult Income data...

  Deriving creditworthiness using income prediction model...

Male applicants: 13519
Female applicants: 6481
Male high-income rate: 0.312
Female high-income rate: 0.116

[STEP 2] Learning θ Parameters...

[STEP 3] Creating Environment...

[STEP 4] Creating PePG V2 Agent...
  Using device: cuda
  Mixed precision (AMP): Enabled
  Learnable lambdas enabled for 'approval_rate' (lr=0.01)
  Replay buffer capacity: 50 episodes
  Warmup episodes: 0

[STEP 5] Training PePG V2 Agent...
Training PePG V2 with fairness_lagrangian (approval_rate constraint)...
  Warmup episodes: 0
  Gradient weights: hawkes=1.0, wealth=1.0, transition=1.0, reward=1.0
  [PePG] Ep 0: R=814.99, Avg=814.99, ρ=1.13, λw=2.000, Number of Approvals R = 295.000, Number of Approvals B = 244.000, 
  [PePG] Ep 10: R=1579.46, Avg=1579.46, ρ=1.17, λw=2.000, Number of Approvals R = 586.000, Number of Approvals B = 483.000, 
  [PePG] Ep 20: R=2157.07, Avg=1572.78, ρ=1.26, λw=2.000, Number of Approvals R = 803.000, Number of Approvals B = 649.000, 
  [PePG] Ep 30: R=2733.28, Avg=2119.71, ρ=1.35, λw=2.000, Number of Approvals R = 993.000, Number of Approvals B = 766.000, 
  [PePG] Ep 40: R=3341.98, Avg=2659.05, ρ=1.31, λw=2.000, Number of Approvals R = 1288.000, Number of Approvals B = 965.000, 
  [PePG] Ep 50: R=4271.43, Avg=3398.85, ρ=1.33, λw=2.000, Number of Approvals R = 1523.000, Number of Approvals B = 1185.000, 
  [PePG] Ep 60: R=4691.69, Avg=4154.00, ρ=1.13, λw=2.000, Number of Approvals R = 1696.000, Number of Approvals B = 1447.000, 
  [PePG] Ep 70: R=5246.66, Avg=4798.07, ρ=1.10, λw=2.000, Number of Approvals R = 1824.000, Number of Approvals B = 1662.000, 
  [PePG] Ep 80: R=5570.69, Avg=5305.08, ρ=1.10, λw=2.000, Number of Approvals R = 1866.000, Number of Approvals B = 1779.000, 
  [PePG] Ep 90: R=5706.30, Avg=5565.03, ρ=0.97, λw=2.000, Number of Approvals R = 1887.000, Number of Approvals B = 1849.000, 
  [PePG] Ep 100: R=5739.85, Avg=5690.75, ρ=0.94, λw=2.000, Number of Approvals R = 1888.000, Number of Approvals B = 1882.000, 
  [PePG] Ep 110: R=5692.35, Avg=5753.12, ρ=1.03, λw=2.000, Number of Approvals R = 1893.000, Number of Approvals B = 1899.000, 
  [PePG] Ep 120: R=5944.56, Avg=5753.18, ρ=1.01, λw=2.000, Number of Approvals R = 1893.000, Number of Approvals B = 1888.000, 
  [PePG] Ep 130: R=5648.20, Avg=5725.95, ρ=1.02, λw=2.000, Number of Approvals R = 1927.000, Number of Approvals B = 1890.000, 
  [PePG] Ep 140: R=5453.15, Avg=5736.36, ρ=1.00, λw=2.000, Number of Approvals R = 1913.000, Number of Approvals B = 1913.000, 
  [PePG] Ep 150: R=5605.92, Avg=5775.81, ρ=0.97, λw=2.000, Number of Approvals R = 1873.000, Number of Approvals B = 1907.000, 
  [PePG] Ep 160: R=5725.29, Avg=5684.41, ρ=1.01, λw=2.000, Number of Approvals R = 1863.000, Number of Approvals B = 1856.000, 
  [PePG] Ep 170: R=5493.97, Avg=5555.13, ρ=0.95, λw=2.000, Number of Approvals R = 1854.000, Number of Approvals B = 1844.000, 
  [PePG] Ep 180: R=4879.93, Avg=5405.00, ρ=0.95, λw=2.000, Number of Approvals R = 1850.000, Number of Approvals B = 1851.000, 
  [PePG] Ep 190: R=5355.15, Avg=5339.07, ρ=0.97, λw=2.000, Number of Approvals R = 1875.000, Number of Approvals B = 1878.000, 
  [PePG] Ep 199: R=5294.80, Avg=5408.78, ρ=1.01, λw=2.000, Number of Approvals R = 1879.000, Number of Approvals B = 1872.000, 

Training complete. Buffer: 50 episodes

============================================================
TRAINING COMPLETE
============================================================
  Final wealth gap: $62.548k
  Approval disparity: 0.0050
  Total profit: $5992.388k
  Mean ρ: 1.1064
  PePG V2 model saved to ./pepg_sequential_results/pepg_fairness_lagrangian_approval_rate_seed5.pt
================================================================================
TESTING TRAINED AGENT (EPISODE-WISE METRICS)
================================================================================
  Model: ./pepg_sequential_results/pepg_fairness_lagrangian_approval_rate_seed5.pt
  Episodes: 100
  Continuous play: YES (no wealth reset between episodes)
  Credit threshold for ground truth: 0.5
  Checkpoint directory: ./checkpoints
  Resume from checkpoint: True
================================================================================

[1] Loading Data...
Downloading Adult Income dataset...
Preprocessing Adult Income data...

  Deriving creditworthiness (ground truth) using income prediction model...

Male applicants: 13519
Female applicants: 6481
Male ground truth approval rate: 0.180
Female ground truth approval rate: 0.087
Loading model from ./pepg_sequential_results/pepg_fairness_lagrangian_approval_rate_seed5.pt...
  ✓ Model loaded successfully
    Reward function: fairness_lagrangian
    Constraint type: approval_rate

[5] Running 100 Episodes (Episodes 1 to 100)...

  Starting Episode 1 (ALL state preserved - continuous play)

  Episode 10/100 Complete:
    Timesteps this episode: 199
    Total time elapsed: 995.0
    μ_M: $78.67k, μ_F: $61.88k
    Wealth Gap: $16.79k
    Episode Approval Rate M: 0.9136
    Episode Approval Rate F: 0.9013
    Episode Profit: $5235.66k
    Cumulative Profit: $18025.69k

  Starting Episode 11 (ALL state preserved - continuous play)

  Episode 20/100 Complete:
    Timesteps this episode: 199
    Total time elapsed: 1990.0
    μ_M: $100.48k, μ_F: $77.76k
    Wealth Gap: $22.71k
    Episode Approval Rate M: 0.9282
    Episode Approval Rate F: 0.8962
    Episode Profit: $6820.64k
    Cumulative Profit: $42303.95k

  Starting Episode 21 (ALL state preserved - continuous play)

  Episode 30/100 Complete:
    Timesteps this episode: 199
    Total time elapsed: 2985.0
    μ_M: $128.41k, μ_F: $97.34k
    Wealth Gap: $31.08k
    Episode Approval Rate M: 0.9142
    Episode Approval Rate F: 0.9199
    Episode Profit: $8140.75k
    Cumulative Profit: $67188.12k

  Starting Episode 31 (ALL state preserved - continuous play)

  Episode 40/100 Complete:
    Timesteps this episode: 199
    Total time elapsed: 3980.0
    μ_M: $162.59k, μ_F: $120.83k
    Wealth Gap: $41.76k
    Episode Approval Rate M: 0.9083
    Episode Approval Rate F: 0.9090
    Episode Profit: $8778.56k
    Cumulative Profit: $97380.25k

  Starting Episode 41 (ALL state preserved - continuous play)

  Episode 50/100 Complete:
    Timesteps this episode: 199
    Total time elapsed: 4975.0
    μ_M: $203.00k, μ_F: $151.00k
    Wealth Gap: $52.00k
    Episode Approval Rate M: 0.9165
    Episode Approval Rate F: 0.9073
    Episode Profit: $11667.06k
    Cumulative Profit: $138357.05k

  Starting Episode 51 (ALL state preserved - continuous play)

  Episode 60/100 Complete:
    Timesteps this episode: 199
    Total time elapsed: 5970.0
    μ_M: $248.64k, μ_F: $186.92k
    Wealth Gap: $61.72k
    Episode Approval Rate M: 0.9273
    Episode Approval Rate F: 0.9023
    Episode Profit: $13007.91k
    Cumulative Profit: $183215.70k

  Starting Episode 61 (ALL state preserved - continuous play)

  Episode 70/100 Complete:
    Timesteps this episode: 199
    Total time elapsed: 6965.0
    μ_M: $296.39k, μ_F: $229.40k
    Wealth Gap: $66.99k
    Episode Approval Rate M: 0.9087
    Episode Approval Rate F: 0.9183
    Episode Profit: $14273.74k
    Cumulative Profit: $236742.89k

  Starting Episode 71 (ALL state preserved - continuous play)

  Episode 80/100 Complete:
    Timesteps this episode: 199
    Total time elapsed: 7960.0
    μ_M: $345.45k, μ_F: $276.64k
    Wealth Gap: $68.81k
    Episode Approval Rate M: 0.9180
    Episode Approval Rate F: 0.9187
    Episode Profit: $15018.53k
    Cumulative Profit: $292710.75k

  Starting Episode 81 (ALL state preserved - continuous play)

  Episode 90/100 Complete:
    Timesteps this episode: 199
    Total time elapsed: 8955.0
    μ_M: $395.28k, μ_F: $325.08k
    Wealth Gap: $70.20k
    Episode Approval Rate M: 0.9167
    Episode Approval Rate F: 0.9270
    Episode Profit: $15220.08k
    Cumulative Profit: $349928.00k

  Starting Episode 91 (ALL state preserved - continuous play)

  Episode 100/100 Complete:
    Timesteps this episode: 199
    Total time elapsed: 9950.0
    μ_M: $445.61k, μ_F: $374.03k
    Wealth Gap: $71.59k
    Episode Approval Rate M: 0.9140
    Episode Approval Rate F: 0.9268
    Episode Profit: $15266.82k
    Cumulative Profit: $410125.09k

[6] Computing Final Metrics...

================================================================================
FINAL TESTING RESULTS
================================================================================

  Model: fairness_lagrangian (approval_rate)
  Episodes: 100
  Total Time: 9950.0
  Hawkes Events (M/F): 140236/119526

  --- Wealth Metrics ---
  Initial μ_M,0: $60.82k
  Initial μ_F,0: $48.29k
  Final μ_M: $445.61k
  Final μ_F: $374.03k
  Final Wealth Gap: $71.59k

  --- Long-term Social Welfare R_g(t) = (μ_g,t - μ_g,0) / t ---
  R_M (Male):   0.038673 ($1000s per time unit)
  R_F (Female): 0.032737 ($1000s per time unit)
  R_total:      0.035705 ($1000s per time unit)
  R_M / R_F:    1.1813

  --- Inequality Ratio ρ = Δμ_M / Δμ_F (per episode) ---
  Mean ρ:   1.2414
  Std ρ:    0.1754
  Min ρ:    0.9645
  Max ρ:    1.6174
  Last 5 episodes: ['1.028', '1.006', '1.067', '1.046', '1.002']

  --- Approval Metrics ---
  Total Applications M: 152879
  Total Applications F: 130325
  Total Loans Approved M: 140236
  Total Loans Approved F: 119526
  Final Approval Rate M: 0.9173
  Final Approval Rate F: 0.9171

  --- Success Probabilities ---
  Total Defaults M: 12179
  Total Defaults F: 10105
  Final Success Prob M: 0.9132
  Final Success Prob F: 0.9155

  --- Ground Truth Comparison (Males) ---
  True Positives:  26197
  False Positives: 114039
  True Negatives:  10325
  False Negatives: 2318
  Accuracy:  0.2389
  Precision: 0.1868
  Recall:    0.9187

  --- Ground Truth Comparison (Females) ---
  True Positives:  12169
  False Positives: 107357
  True Negatives:  9751
  False Negatives: 1048
  Accuracy:  0.1682
  Precision: 0.1018
  Recall:    0.9207

  --- Profit ---
  Cumulative Profit: $410125.09k

[7] Saving Results...
  Saved episode metrics to ./pepg_sequential_results/test_episode_metrics_fairness_lagrangian_approval_rate_seed5_20260125_034024.csv

================================================================================
Finished: 2026-01-25T03:40:25.556617
Exit code: 0
Test Exit code: 0
