Job: rawlsian_maximin_wealth_seed2
Command: uv run python -u par_pepg.py --seeds 1 --seed 2 --reward rawlsian_maximin --constraint wealth --episodes 200 --workers 1 --weights-dir ./pepg_sequential_results
Started: 2026-01-24T19:42:23.176119
================================================================================

================================================================================
PERFORMATIVE POLICY GRADIENT V2 (Explicit Hawkes) EXPERIMENT
  Reward: RAWLSIAN_MAXIMIN
  Constraint: WEALTH
  Seed: 2
  Warmup: 0 episodes
================================================================================

CUDA Available: NVIDIA L40S

[STEP 1] Loading Adult Income Data...
Downloading Adult Income dataset...
  Trying UCI Repository...
  ✓ Downloaded 20,000 records from UCI repository
Preprocessing Adult Income data...

  Deriving creditworthiness using income prediction model...

Male applicants: 13519
Female applicants: 6481
Male high-income rate: 0.312
Female high-income rate: 0.116

[STEP 2] Learning θ Parameters...

[STEP 3] Creating Environment...

[STEP 4] Creating PePG V2 Agent...
  Using device: cuda
  Mixed precision (AMP): Enabled
  Learnable lambdas enabled for 'wealth' (lr=0.01)
  Replay buffer capacity: 50 episodes
  Warmup episodes: 0

[STEP 5] Training PePG V2 Agent...
Training PePG V2 with rawlsian_maximin (wealth constraint)...
  Warmup episodes: 0
  Gradient weights: hawkes=1.0, wealth=1.0, transition=1.0, reward=1.0
  [PePG] Ep 0: R=108602.46, Avg=108602.46, ρ=1.19, λw=2.020, Number of Approvals R = 329.000, Number of Approvals B = 251.000, 
  [PePG] Ep 10: R=137637.57, Avg=137637.57, ρ=1.18, λw=2.233, Number of Approvals R = 276.000, Number of Approvals B = 238.000, 
  [PePG] Ep 20: R=192849.71, Avg=145578.68, ρ=1.22, λw=2.467, Number of Approvals R = 404.000, Number of Approvals B = 309.000, 
  [PePG] Ep 30: R=271342.29, Avg=204336.50, ρ=1.18, λw=2.727, Number of Approvals R = 473.000, Number of Approvals B = 391.000, 
  [PePG] Ep 40: R=406087.66, Avg=296956.23, ρ=1.31, λw=3.014, Number of Approvals R = 511.000, Number of Approvals B = 385.000, 
  [PePG] Ep 50: R=589225.92, Avg=428837.01, ρ=1.35, λw=3.331, Number of Approvals R = 638.000, Number of Approvals B = 511.000, 
  [PePG] Ep 60: R=901263.42, Avg=623341.78, ρ=1.34, λw=3.681, Number of Approvals R = 820.000, Number of Approvals B = 573.000, 
  [PePG] Ep 70: R=1288252.44, Avg=922422.90, ρ=1.22, λw=4.068, Number of Approvals R = 889.000, Number of Approvals B = 678.000, 
  [PePG] Ep 80: R=1918937.90, Avg=1346001.31, ρ=1.28, λw=4.496, Number of Approvals R = 1077.000, Number of Approvals B = 843.000, 
  [PePG] Ep 90: R=2832036.93, Avg=1964200.47, ρ=1.19, λw=4.969, Number of Approvals R = 1408.000, Number of Approvals B = 1184.000, 
  [PePG] Ep 100: R=4037995.43, Avg=2894097.38, ρ=1.07, λw=5.491, Number of Approvals R = 1510.000, Number of Approvals B = 1362.000, 
  [PePG] Ep 110: R=5639777.65, Avg=4169045.75, ρ=1.07, λw=6.069, Number of Approvals R = 1569.000, Number of Approvals B = 1408.000, 
  [PePG] Ep 120: R=7552662.16, Avg=5777696.71, ρ=1.00, λw=6.707, Number of Approvals R = 1535.000, Number of Approvals B = 1521.000, 
  [PePG] Ep 130: R=9678966.33, Avg=7682660.84, ρ=1.01, λw=7.412, Number of Approvals R = 1534.000, Number of Approvals B = 1489.000, 
  [PePG] Ep 140: R=12063217.34, Avg=9842504.68, ρ=0.98, λw=8.192, Number of Approvals R = 1529.000, Number of Approvals B = 1515.000, 
  [PePG] Ep 150: R=14926452.57, Avg=12289578.98, ρ=0.95, λw=9.053, Number of Approvals R = 1631.000, Number of Approvals B = 1635.000, 
  [PePG] Ep 160: R=18366912.25, Avg=15177021.74, ρ=0.95, λw=10.006, Number of Approvals R = 1780.000, Number of Approvals B = 1798.000, 
  [PePG] Ep 170: R=22465125.85, Avg=18663696.06, ρ=0.97, λw=11.058, Number of Approvals R = 1805.000, Number of Approvals B = 1843.000, 
  [PePG] Ep 180: R=27295154.50, Avg=22818840.46, ρ=1.00, λw=12.221, Number of Approvals R = 1828.000, Number of Approvals B = 1816.000, 
  [PePG] Ep 190: R=32783555.30, Avg=27657337.05, ρ=1.02, λw=13.506, Number of Approvals R = 1776.000, Number of Approvals B = 1788.000, 
  [PePG] Ep 199: R=38467703.10, Avg=32635473.10, ρ=1.04, λw=14.778, Number of Approvals R = 1775.000, Number of Approvals B = 1743.000, 

Training complete. Buffer: 50 episodes

============================================================
TRAINING COMPLETE
============================================================
  Final wealth gap: $51.678k
  Approval disparity: 0.0111
  Total profit: $6128.204k
  Mean ρ: 1.1344
  PePG V2 model saved to ./pepg_sequential_results/pepg_rawlsian_maximin_wealth_seed2.pt
================================================================================
TESTING TRAINED AGENT (EPISODE-WISE METRICS)
================================================================================
  Model: ./pepg_sequential_results/pepg_rawlsian_maximin_wealth_seed2.pt
  Episodes: 100
  Continuous play: YES (no wealth reset between episodes)
  Credit threshold for ground truth: 0.5
  Checkpoint directory: ./checkpoints
  Resume from checkpoint: True
================================================================================

[1] Loading Data...
Downloading Adult Income dataset...
Preprocessing Adult Income data...

  Deriving creditworthiness (ground truth) using income prediction model...

Male applicants: 13519
Female applicants: 6481
Male ground truth approval rate: 0.180
Female ground truth approval rate: 0.087
Loading model from ./pepg_sequential_results/pepg_rawlsian_maximin_wealth_seed2.pt...
  ✓ Model loaded successfully
    Reward function: rawlsian_maximin
    Constraint type: wealth

[5] Running 100 Episodes (Episodes 1 to 100)...

  Starting Episode 1 (ALL state preserved - continuous play)

  Episode 10/100 Complete:
    Timesteps this episode: 199
    Total time elapsed: 995.0
    μ_M: $76.62k, μ_F: $61.01k
    Wealth Gap: $15.61k
    Episode Approval Rate M: 0.8511
    Episode Approval Rate F: 0.8716
    Episode Profit: $4647.86k
    Cumulative Profit: $17881.55k

  Starting Episode 11 (ALL state preserved - continuous play)

  Episode 20/100 Complete:
    Timesteps this episode: 199
    Total time elapsed: 1990.0
    μ_M: $96.35k, μ_F: $75.67k
    Wealth Gap: $20.68k
    Episode Approval Rate M: 0.8627
    Episode Approval Rate F: 0.8638
    Episode Profit: $5548.01k
    Cumulative Profit: $38201.92k

  Starting Episode 21 (ALL state preserved - continuous play)

  Episode 30/100 Complete:
    Timesteps this episode: 199
    Total time elapsed: 2985.0
    μ_M: $120.28k, μ_F: $93.26k
    Wealth Gap: $27.02k
    Episode Approval Rate M: 0.8646
    Episode Approval Rate F: 0.8661
    Episode Profit: $6621.42k
    Cumulative Profit: $64718.25k

  Starting Episode 31 (ALL state preserved - continuous play)

  Episode 40/100 Complete:
    Timesteps this episode: 199
    Total time elapsed: 3980.0
    μ_M: $150.78k, μ_F: $114.75k
    Wealth Gap: $36.03k
    Episode Approval Rate M: 0.8693
    Episode Approval Rate F: 0.8811
    Episode Profit: $8766.50k
    Cumulative Profit: $96158.62k

  Starting Episode 41 (ALL state preserved - continuous play)

  Episode 50/100 Complete:
    Timesteps this episode: 199
    Total time elapsed: 4975.0
    μ_M: $186.54k, μ_F: $141.42k
    Wealth Gap: $45.13k
    Episode Approval Rate M: 0.8693
    Episode Approval Rate F: 0.8783
    Episode Profit: $10118.68k
    Cumulative Profit: $131585.38k

  Starting Episode 51 (ALL state preserved - continuous play)

  Episode 60/100 Complete:
    Timesteps this episode: 199
    Total time elapsed: 5970.0
    μ_M: $226.74k, μ_F: $173.92k
    Wealth Gap: $52.82k
    Episode Approval Rate M: 0.8698
    Episode Approval Rate F: 0.8876
    Episode Profit: $11959.11k
    Cumulative Profit: $175298.66k

  Starting Episode 61 (ALL state preserved - continuous play)

  Episode 70/100 Complete:
    Timesteps this episode: 199
    Total time elapsed: 6965.0
    μ_M: $271.06k, μ_F: $213.21k
    Wealth Gap: $57.84k
    Episode Approval Rate M: 0.8718
    Episode Approval Rate F: 0.8669
    Episode Profit: $13020.65k
    Cumulative Profit: $218779.59k

  Starting Episode 71 (ALL state preserved - continuous play)

  Episode 80/100 Complete:
    Timesteps this episode: 199
    Total time elapsed: 7960.0
    μ_M: $316.38k, μ_F: $256.51k
    Wealth Gap: $59.87k
    Episode Approval Rate M: 0.8841
    Episode Approval Rate F: 0.8794
    Episode Profit: $14034.59k
    Cumulative Profit: $271820.74k

  Starting Episode 81 (ALL state preserved - continuous play)

  Episode 90/100 Complete:
    Timesteps this episode: 199
    Total time elapsed: 8955.0
    μ_M: $363.06k, μ_F: $301.77k
    Wealth Gap: $61.28k
    Episode Approval Rate M: 0.8753
    Episode Approval Rate F: 0.8682
    Episode Profit: $14136.12k
    Cumulative Profit: $325610.62k

  Starting Episode 91 (ALL state preserved - continuous play)

  Episode 100/100 Complete:
    Timesteps this episode: 199
    Total time elapsed: 9950.0
    μ_M: $410.34k, μ_F: $349.06k
    Wealth Gap: $61.28k
    Episode Approval Rate M: 0.8823
    Episode Approval Rate F: 0.8731
    Episode Profit: $14347.08k
    Cumulative Profit: $378947.98k

[6] Computing Final Metrics...

================================================================================
FINAL TESTING RESULTS
================================================================================

  Model: rawlsian_maximin (wealth)
  Episodes: 100
  Total Time: 9950.0
  Hawkes Events (M/F): 129471/110019

  --- Wealth Metrics ---
  Initial μ_M,0: $60.82k
  Initial μ_F,0: $48.29k
  Final μ_M: $410.34k
  Final μ_F: $349.06k
  Final Wealth Gap: $61.28k

  --- Long-term Social Welfare R_g(t) = (μ_g,t - μ_g,0) / t ---
  R_M (Male):   0.035129 ($1000s per time unit)
  R_F (Female): 0.030228 ($1000s per time unit)
  R_total:      0.032678 ($1000s per time unit)
  R_M / R_F:    1.1621

  --- Inequality Ratio ρ = Δμ_M / Δμ_F (per episode) ---
  Mean ρ:   1.2176
  Std ρ:    0.1679
  Min ρ:    0.9355
  Max ρ:    1.6268
  Last 5 episodes: ['0.996', '1.007', '1.006', '0.936', '1.035']

  --- Approval Metrics ---
  Total Applications M: 148322
  Total Applications F: 125571
  Total Loans Approved M: 129471
  Total Loans Approved F: 110019
  Final Approval Rate M: 0.8729
  Final Approval Rate F: 0.8761

  --- Success Probabilities ---
  Total Defaults M: 10894
  Total Defaults F: 9368
  Final Success Prob M: 0.9159
  Final Success Prob F: 0.9149

  --- Ground Truth Comparison (Males) ---
  True Positives:  24072
  False Positives: 105399
  True Negatives:  15413
  False Negatives: 3438
  Accuracy:  0.2662
  Precision: 0.1859
  Recall:    0.8750

  --- Ground Truth Comparison (Females) ---
  True Positives:  11013
  False Positives: 99006
  True Negatives:  13905
  False Negatives: 1647
  Accuracy:  0.1984
  Precision: 0.1001
  Recall:    0.8699

  --- Profit ---
  Cumulative Profit: $378947.98k

[7] Saving Results...
  Saved episode metrics to ./pepg_sequential_results/test_episode_metrics_rawlsian_maximin_wealth_seed2_20260124_201215.csv

================================================================================
Finished: 2026-01-24T20:12:16.078553
Exit code: 0
Test Exit code: 0
