Job: rawlsian_maximin_wealth_seed5
Command: uv run python -u par_pepg.py --seeds 1 --seed 5 --reward rawlsian_maximin --constraint wealth --episodes 200 --workers 1 --weights-dir ./pepg_sequential_results
Started: 2026-01-25T00:05:01.229704
================================================================================

================================================================================
PERFORMATIVE POLICY GRADIENT V2 (Explicit Hawkes) EXPERIMENT
  Reward: RAWLSIAN_MAXIMIN
  Constraint: WEALTH
  Seed: 5
  Warmup: 0 episodes
================================================================================

CUDA Available: NVIDIA L40S

[STEP 1] Loading Adult Income Data...
Downloading Adult Income dataset...
  Trying UCI Repository...
  ✓ Downloaded 20,000 records from UCI repository
Preprocessing Adult Income data...

  Deriving creditworthiness using income prediction model...

Male applicants: 13519
Female applicants: 6481
Male high-income rate: 0.312
Female high-income rate: 0.116

[STEP 2] Learning θ Parameters...

[STEP 3] Creating Environment...

[STEP 4] Creating PePG V2 Agent...
  Using device: cuda
  Mixed precision (AMP): Enabled
  Learnable lambdas enabled for 'wealth' (lr=0.01)
  Replay buffer capacity: 50 episodes
  Warmup episodes: 0

[STEP 5] Training PePG V2 Agent...
Training PePG V2 with rawlsian_maximin (wealth constraint)...
  Warmup episodes: 0
  Gradient weights: hawkes=1.0, wealth=1.0, transition=1.0, reward=1.0
  [PePG] Ep 0: R=112371.07, Avg=112371.07, ρ=1.13, λw=2.020, Number of Approvals R = 295.000, Number of Approvals B = 244.000, 
  [PePG] Ep 10: R=163013.50, Avg=163013.50, ρ=1.48, λw=2.233, Number of Approvals R = 532.000, Number of Approvals B = 374.000, 
  [PePG] Ep 20: R=267210.66, Avg=172683.72, ρ=1.23, λw=2.467, Number of Approvals R = 724.000, Number of Approvals B = 585.000, 
  [PePG] Ep 30: R=439063.14, Avg=283082.89, ρ=1.27, λw=2.727, Number of Approvals R = 872.000, Number of Approvals B = 662.000, 
  [PePG] Ep 40: R=728102.80, Avg=463604.61, ρ=1.35, λw=3.014, Number of Approvals R = 1163.000, Number of Approvals B = 809.000, 
  [PePG] Ep 50: R=1194225.04, Avg=769333.33, ρ=1.25, λw=3.331, Number of Approvals R = 1341.000, Number of Approvals B = 1022.000, 
  [PePG] Ep 60: R=1816479.95, Avg=1235201.69, ρ=1.24, λw=3.681, Number of Approvals R = 1435.000, Number of Approvals B = 1165.000, 
  [PePG] Ep 70: R=2796444.62, Avg=1924434.28, ρ=1.15, λw=4.068, Number of Approvals R = 1526.000, Number of Approvals B = 1340.000, 
  [PePG] Ep 80: R=3855872.11, Avg=2860991.85, ρ=1.13, λw=4.496, Number of Approvals R = 1447.000, Number of Approvals B = 1346.000, 
  [PePG] Ep 90: R=5111809.81, Avg=3976914.20, ρ=1.07, λw=4.969, Number of Approvals R = 1153.000, Number of Approvals B = 1095.000, 
  [PePG] Ep 100: R=6335309.96, Avg=5160220.64, ρ=1.03, λw=5.491, Number of Approvals R = 830.000, Number of Approvals B = 807.000, 
  [PePG] Ep 110: R=7394193.41, Avg=6313025.24, ρ=1.05, λw=6.069, Number of Approvals R = 531.000, Number of Approvals B = 534.000, 
  [PePG] Ep 120: R=8579479.31, Avg=7450507.73, ρ=1.02, λw=6.707, Number of Approvals R = 510.000, Number of Approvals B = 515.000, 
  [PePG] Ep 130: R=9793888.42, Avg=8640271.60, ρ=1.07, λw=7.412, Number of Approvals R = 336.000, Number of Approvals B = 337.000, 
  [PePG] Ep 140: R=11168729.49, Avg=9900877.07, ρ=0.96, λw=8.192, Number of Approvals R = 287.000, Number of Approvals B = 292.000, 
  [PePG] Ep 150: R=12615739.70, Avg=11245522.28, ρ=1.00, λw=9.053, Number of Approvals R = 251.000, Number of Approvals B = 251.000, 
  [PePG] Ep 160: R=14188549.89, Avg=12702956.85, ρ=1.09, λw=10.006, Number of Approvals R = 223.000, Number of Approvals B = 268.000, 
  [PePG] Ep 170: R=16003826.69, Avg=14309520.80, ρ=0.97, λw=11.058, Number of Approvals R = 200.000, Number of Approvals B = 226.000, 
  [PePG] Ep 180: R=17860246.59, Avg=16092703.06, ρ=1.21, λw=12.221, Number of Approvals R = 218.000, Number of Approvals B = 214.000, 
  [PePG] Ep 190: R=20171662.39, Avg=18076686.41, ρ=0.99, λw=13.506, Number of Approvals R = 236.000, Number of Approvals B = 246.000, 
  [PePG] Ep 199: R=22372969.52, Avg=20060991.12, ρ=1.11, λw=14.778, Number of Approvals R = 222.000, Number of Approvals B = 233.000, 

Training complete. Buffer: 50 episodes

============================================================
TRAINING COMPLETE
============================================================
  Final wealth gap: $63.656k
  Approval disparity: 0.0024
  Total profit: $855.198k
  Mean ρ: 1.1231
  PePG V2 model saved to ./pepg_sequential_results/pepg_rawlsian_maximin_wealth_seed5.pt
================================================================================
TESTING TRAINED AGENT (EPISODE-WISE METRICS)
================================================================================
  Model: ./pepg_sequential_results/pepg_rawlsian_maximin_wealth_seed5.pt
  Episodes: 100
  Continuous play: YES (no wealth reset between episodes)
  Credit threshold for ground truth: 0.5
  Checkpoint directory: ./checkpoints
  Resume from checkpoint: True
================================================================================

[1] Loading Data...
Downloading Adult Income dataset...
Preprocessing Adult Income data...

  Deriving creditworthiness (ground truth) using income prediction model...

Male applicants: 13519
Female applicants: 6481
Male ground truth approval rate: 0.180
Female ground truth approval rate: 0.087
Loading model from ./pepg_sequential_results/pepg_rawlsian_maximin_wealth_seed5.pt...
  ✓ Model loaded successfully
    Reward function: rawlsian_maximin
    Constraint type: wealth

[5] Running 100 Episodes (Episodes 1 to 100)...

  Starting Episode 1 (ALL state preserved - continuous play)

  Episode 10/100 Complete:
    Timesteps this episode: 199
    Total time elapsed: 995.0
    μ_M: $63.90k, μ_F: $50.59k
    Wealth Gap: $13.31k
    Episode Approval Rate M: 0.1851
    Episode Approval Rate F: 0.1865
    Episode Profit: $856.31k
    Cumulative Profit: $4025.50k

  Starting Episode 11 (ALL state preserved - continuous play)

  Episode 20/100 Complete:
    Timesteps this episode: 199
    Total time elapsed: 1990.0
    μ_M: $66.96k, μ_F: $53.07k
    Wealth Gap: $13.89k
    Episode Approval Rate M: 0.2054
    Episode Approval Rate F: 0.1985
    Episode Profit: $906.28k
    Cumulative Profit: $6772.12k

  Starting Episode 21 (ALL state preserved - continuous play)

  Episode 30/100 Complete:
    Timesteps this episode: 199
    Total time elapsed: 2985.0
    μ_M: $70.37k, μ_F: $55.70k
    Wealth Gap: $14.68k
    Episode Approval Rate M: 0.2044
    Episode Approval Rate F: 0.1903
    Episode Profit: $923.74k
    Cumulative Profit: $10236.71k

  Starting Episode 31 (ALL state preserved - continuous play)

  Episode 40/100 Complete:
    Timesteps this episode: 199
    Total time elapsed: 3980.0
    μ_M: $73.72k, μ_F: $58.23k
    Wealth Gap: $15.49k
    Episode Approval Rate M: 0.2165
    Episode Approval Rate F: 0.2016
    Episode Profit: $969.09k
    Cumulative Profit: $14160.37k

  Starting Episode 41 (ALL state preserved - continuous play)

  Episode 50/100 Complete:
    Timesteps this episode: 199
    Total time elapsed: 4975.0
    μ_M: $77.01k, μ_F: $60.77k
    Wealth Gap: $16.24k
    Episode Approval Rate M: 0.1790
    Episode Approval Rate F: 0.1731
    Episode Profit: $887.48k
    Cumulative Profit: $17688.60k

  Starting Episode 51 (ALL state preserved - continuous play)

  Episode 60/100 Complete:
    Timesteps this episode: 199
    Total time elapsed: 5970.0
    μ_M: $80.42k, μ_F: $63.42k
    Wealth Gap: $17.00k
    Episode Approval Rate M: 0.2115
    Episode Approval Rate F: 0.1951
    Episode Profit: $975.21k
    Cumulative Profit: $21899.66k

  Starting Episode 61 (ALL state preserved - continuous play)

  Episode 70/100 Complete:
    Timesteps this episode: 199
    Total time elapsed: 6965.0
    μ_M: $84.31k, μ_F: $66.05k
    Wealth Gap: $18.25k
    Episode Approval Rate M: 0.1701
    Episode Approval Rate F: 0.2007
    Episode Profit: $1033.06k
    Cumulative Profit: $25675.76k

  Starting Episode 71 (ALL state preserved - continuous play)
