Job: rawlsian_maximin_approval_rate_seed2
Command: uv run python -u par_pepg.py --seeds 1 --seed 2 --reward rawlsian_maximin --constraint approval_rate --episodes 200 --workers 1 --weights-dir ./pepg_sequential_results
Started: 2026-01-22T14:41:19.500235
================================================================================

================================================================================
PERFORMATIVE POLICY GRADIENT V2 (Explicit Hawkes) EXPERIMENT
  Reward: RAWLSIAN_MAXIMIN
  Constraint: APPROVAL_RATE
  Seed: 2
  Warmup: 0 episodes
================================================================================

CUDA Available: NVIDIA GeForce RTX 2080 Ti

[STEP 1] Loading Adult Income Data...
Downloading Adult Income dataset...
  Trying UCI Repository...
  ✓ Downloaded 20,000 records from UCI repository
Preprocessing Adult Income data...

  Deriving creditworthiness using income prediction model...

Male applicants: 13519
Female applicants: 6481
Male high-income rate: 0.312
Female high-income rate: 0.116

[STEP 2] Learning θ Parameters...

[STEP 3] Creating Environment...

[STEP 4] Creating PePG V2 Agent...
  Using device: cuda
  Mixed precision (AMP): Enabled
  Learnable lambdas enabled for 'approval_rate' (lr=0.01)
  Replay buffer capacity: 50 episodes
  Warmup episodes: 0

[STEP 5] Training PePG V2 Agent...
Training PePG V2 with rawlsian_maximin (approval_rate constraint)...
  Warmup episodes: 0
  Gradient weights: hawkes=1.0, wealth=1.0, transition=1.0, reward=1.0
  [PePG] Ep 0: R=2047.75, Avg=2047.75, ρ=1.19, λw=2.000, ‖∇std‖=35.092, ‖∇H‖=2061.110, ‖∇W‖=14572.241
  [PePG] Ep 10: R=510.60, Avg=510.60, ρ=1.17, λw=2.000, ‖∇std‖=5.658, ‖∇H‖=2.527, ‖∇W‖=37.663
  [PePG] Ep 20: R=330.15, Avg=659.75, ρ=0.97, λw=2.000, ‖∇std‖=7.399, ‖∇H‖=7.529, ‖∇W‖=29.656
  [PePG] Ep 30: R=220.96, Avg=369.82, ρ=1.03, λw=2.000, ‖∇std‖=30.026, ‖∇H‖=9.059, ‖∇W‖=3.268
  [PePG] Ep 40: R=199.77, Avg=264.36, ρ=2.31, λw=2.000, ‖∇std‖=2.133, ‖∇H‖=6.811, ‖∇W‖=40.892
  [PePG] Ep 50: R=255.59, Avg=208.60, ρ=1.66, λw=2.000, ‖∇std‖=6.866, ‖∇H‖=209.325, ‖∇W‖=1029.237
  [PePG] Ep 60: R=192.98, Avg=204.91, ρ=1.66, λw=2.000, ‖∇std‖=19.928, ‖∇H‖=13.437, ‖∇W‖=98.285
  [PePG] Ep 70: R=232.46, Avg=233.53, ρ=0.77, λw=2.000, ‖∇std‖=10.117, ‖∇H‖=13.303, ‖∇W‖=65.177
  [PePG] Ep 80: R=279.01, Avg=246.70, ρ=1.44, λw=2.000, ‖∇std‖=18.996, ‖∇H‖=93.825, ‖∇W‖=562.750
  [PePG] Ep 90: R=449.11, Avg=293.33, ρ=1.14, λw=2.000, ‖∇std‖=161.158, ‖∇H‖=378.780, ‖∇W‖=2245.945
  [PePG] Ep 100: R=565.07, Avg=415.23, ρ=1.34, λw=2.000, ‖∇std‖=48.585, ‖∇H‖=204.381, ‖∇W‖=953.165
  [PePG] Ep 110: R=1013.55, Avg=623.23, ρ=1.50, λw=2.000, ‖∇std‖=165.369, ‖∇H‖=1516.538, ‖∇W‖=6605.600
  [PePG] Ep 120: R=1272.22, Avg=939.48, ρ=1.17, λw=2.000, ‖∇std‖=114.152, ‖∇H‖=1423.156, ‖∇W‖=14205.656
  [PePG] Ep 130: R=1866.05, Avg=1397.07, ρ=1.45, λw=2.000, ‖∇std‖=4.083, ‖∇H‖=774.453, ‖∇W‖=2673.721
  [PePG] Ep 140: R=2142.48, Avg=1820.78, ρ=1.29, λw=2.000, ‖∇std‖=342.738, ‖∇H‖=1011.517, ‖∇W‖=11070.780
  [PePG] Ep 150: R=2395.84, Avg=2145.82, ρ=1.64, λw=2.000, ‖∇std‖=157.949, ‖∇H‖=5610.872, ‖∇W‖=47239.613
  [PePG] Ep 160: R=4220.91, Avg=2800.43, ρ=1.34, λw=2.000, ‖∇std‖=51.216, ‖∇H‖=656.959, ‖∇W‖=6622.562
  [PePG] Ep 170: R=4502.06, Avg=3584.36, ρ=1.08, λw=2.000, ‖∇std‖=5.898, ‖∇H‖=1959.976, ‖∇W‖=11461.460
  [PePG] Ep 180: R=4783.50, Avg=4238.67, ρ=1.97, λw=2.000, ‖∇std‖=188.048, ‖∇H‖=3627.801, ‖∇W‖=25271.621
  [PePG] Ep 190: R=6548.89, Avg=5000.73, ρ=1.20, λw=2.000, ‖∇std‖=73.650, ‖∇H‖=2940.963, ‖∇W‖=4338.231
  [PePG] Ep 199: R=8896.27, Avg=6198.90, ρ=1.58, λw=2.000, ‖∇std‖=147.368, ‖∇H‖=15366.079, ‖∇W‖=49628.230

Training complete. Buffer: 50 episodes

============================================================
TRAINING COMPLETE
============================================================
  Final wealth gap: $23.832k
  Approval disparity: 0.0022
  Total profit: $622.285k
  Mean ρ: 1.2936
  PePG V2 model saved to ./pepg_sequential_results/pepg_rawlsian_maximin_approval_rate_seed2.pt
================================================================================
TESTING TRAINED AGENT (EPISODE-WISE METRICS)
================================================================================
  Model: ./pepg_sequential_results/pepg_rawlsian_maximin_approval_rate_seed2.pt
  Episodes: 100
  Continuous play: YES (no wealth reset between episodes)
  Credit threshold for ground truth: 0.5
  Checkpoint directory: ./checkpoints
  Resume from checkpoint: True
================================================================================

[1] Loading Data...
Downloading Adult Income dataset...
Preprocessing Adult Income data...

  Deriving creditworthiness (ground truth) using income prediction model...

Male applicants: 13519
Female applicants: 6481
Male ground truth approval rate: 0.180
Female ground truth approval rate: 0.087
Loading model from ./pepg_sequential_results/pepg_rawlsian_maximin_approval_rate_seed2.pt...
  ✓ Model loaded successfully
    Reward function: rawlsian_maximin
    Constraint type: approval_rate

[5] Running 100 Episodes (Episodes 1 to 100)...

  Starting Episode 1 (ALL state preserved - continuous play)

  Episode 10/100 Complete:
    Timesteps this episode: 199
    Total time elapsed: 995.0
    μ_M: $64.66k, μ_F: $51.39k
    Wealth Gap: $13.27k
    Episode Approval Rate M: 0.2524
    Episode Approval Rate F: 0.2447
    Episode Profit: $1078.17k
    Cumulative Profit: $4442.15k

  Starting Episode 11 (ALL state preserved - continuous play)

  Episode 20/100 Complete:
    Timesteps this episode: 199
    Total time elapsed: 1990.0
    μ_M: $68.69k, μ_F: $54.82k
    Wealth Gap: $13.86k
    Episode Approval Rate M: 0.2594
    Episode Approval Rate F: 0.2392
    Episode Profit: $1085.72k
    Cumulative Profit: $8391.48k

  Starting Episode 21 (ALL state preserved - continuous play)

  Episode 30/100 Complete:
    Timesteps this episode: 199
    Total time elapsed: 2985.0
    μ_M: $72.77k, μ_F: $58.35k
    Wealth Gap: $14.42k
    Episode Approval Rate M: 0.2492
    Episode Approval Rate F: 0.2389
    Episode Profit: $1181.77k
    Cumulative Profit: $12934.14k

  Starting Episode 31 (ALL state preserved - continuous play)

  Episode 40/100 Complete:
    Timesteps this episode: 199
    Total time elapsed: 3980.0
    μ_M: $77.03k, μ_F: $62.05k
    Wealth Gap: $14.98k
    Episode Approval Rate M: 0.2271
    Episode Approval Rate F: 0.2316
    Episode Profit: $1224.60k
    Cumulative Profit: $17376.73k

  Starting Episode 41 (ALL state preserved - continuous play)

  Episode 50/100 Complete:
    Timesteps this episode: 199
    Total time elapsed: 4975.0
    μ_M: $81.56k, μ_F: $65.45k
    Wealth Gap: $16.10k
    Episode Approval Rate M: 0.2174
    Episode Approval Rate F: 0.2416
    Episode Profit: $1153.71k
    Cumulative Profit: $23057.76k

  Starting Episode 51 (ALL state preserved - continuous play)

  Episode 60/100 Complete:
    Timesteps this episode: 199
    Total time elapsed: 5970.0
    μ_M: $86.26k, μ_F: $69.26k
    Wealth Gap: $17.00k
    Episode Approval Rate M: 0.2265
    Episode Approval Rate F: 0.2129
    Episode Profit: $1201.25k
    Cumulative Profit: $28271.06k

  Starting Episode 61 (ALL state preserved - continuous play)

  Episode 70/100 Complete:
    Timesteps this episode: 199
    Total time elapsed: 6965.0
    μ_M: $91.33k, μ_F: $73.28k
    Wealth Gap: $18.05k
    Episode Approval Rate M: 0.2520
    Episode Approval Rate F: 0.2260
    Episode Profit: $1462.93k
    Cumulative Profit: $33885.45k

  Starting Episode 71 (ALL state preserved - continuous play)

  Episode 80/100 Complete:
    Timesteps this episode: 199
    Total time elapsed: 7960.0
    μ_M: $97.10k, μ_F: $77.45k
    Wealth Gap: $19.65k
    Episode Approval Rate M: 0.2412
    Episode Approval Rate F: 0.2321
    Episode Profit: $1450.39k
    Cumulative Profit: $40227.80k

  Starting Episode 81 (ALL state preserved - continuous play)

  Episode 90/100 Complete:
    Timesteps this episode: 199
    Total time elapsed: 8955.0
    μ_M: $102.75k, μ_F: $81.83k
    Wealth Gap: $20.92k
    Episode Approval Rate M: 0.2636
    Episode Approval Rate F: 0.2471
    Episode Profit: $1661.63k
    Cumulative Profit: $47167.07k

  Starting Episode 91 (ALL state preserved - continuous play)

  Episode 100/100 Complete:
    Timesteps this episode: 199
    Total time elapsed: 9950.0
    μ_M: $108.75k, μ_F: $86.60k
    Wealth Gap: $22.16k
    Episode Approval Rate M: 0.2539
    Episode Approval Rate F: 0.2588
    Episode Profit: $1786.06k
    Cumulative Profit: $52780.66k

[6] Computing Final Metrics...

================================================================================
FINAL TESTING RESULTS
================================================================================

  Model: rawlsian_maximin (approval_rate)
  Episodes: 100
  Total Time: 9950.0
  Hawkes Events (M/F): 18651/14664

  --- Wealth Metrics ---
  Initial μ_M,0: $60.82k
  Initial μ_F,0: $48.29k
  Final μ_M: $108.75k
  Final μ_F: $86.60k
  Final Wealth Gap: $22.16k

  --- Long-term Social Welfare R_g(t) = (μ_g,t - μ_g,0) / t ---
  R_M (Male):   0.004818 ($1000s per time unit)
  R_F (Female): 0.003850 ($1000s per time unit)
  R_total:      0.004334 ($1000s per time unit)
  R_M / R_F:    1.2515

  --- Inequality Ratio ρ = Δμ_M / Δμ_F (per episode) ---
  Mean ρ:   1.2654
  Std ρ:    0.2021
  Min ρ:    0.8591
  Max ρ:    1.7848
  Last 5 episodes: ['1.190', '1.427', '1.326', '1.135', '1.223']

  --- Approval Metrics ---
  Total Applications M: 76381
  Total Applications F: 59336
  Total Loans Approved M: 18651
  Total Loans Approved F: 14664
  Final Approval Rate M: 0.2442
  Final Approval Rate F: 0.2471

  --- Success Probabilities ---
  Total Defaults M: 1521
  Total Defaults F: 1233
  Final Success Prob M: 0.9184
  Final Success Prob F: 0.9159

  --- Ground Truth Comparison (Males) ---
  True Positives:  3838
  False Positives: 14813
  True Negatives:  45616
  False Negatives: 12114
  Accuracy:  0.6475
  Precision: 0.2058
  Recall:    0.2406

  --- Ground Truth Comparison (Females) ---
  True Positives:  1614
  False Positives: 13050
  True Negatives:  39716
  False Negatives: 4956
  Accuracy:  0.6965
  Precision: 0.1101
  Recall:    0.2457

  --- Profit ---
  Cumulative Profit: $52780.66k

[7] Saving Results...
  Saved episode metrics to ./pepg_sequential_results/test_episode_metrics_rawlsian_maximin_approval_rate_seed2_20260122_150748.csv

================================================================================
Finished: 2026-01-22T15:07:49.177270
Exit code: 0
Test Exit code: 0
