Job: rawlsian_maximin_approval_rate_seed1
Command: uv run python -u par_pepg.py --seeds 1 --seed 1 --reward rawlsian_maximin --constraint approval_rate --episodes 200 --workers 1 --weights-dir ./pepg_sequential_results
Started: 2026-01-22T14:18:07.684898
================================================================================

================================================================================
PERFORMATIVE POLICY GRADIENT V2 (Explicit Hawkes) EXPERIMENT
  Reward: RAWLSIAN_MAXIMIN
  Constraint: APPROVAL_RATE
  Seed: 1
  Warmup: 0 episodes
================================================================================

CUDA Available: NVIDIA GeForce RTX 2080 Ti

[STEP 1] Loading Adult Income Data...
Downloading Adult Income dataset...
  Trying UCI Repository...
  ✓ Downloaded 20,000 records from UCI repository
Preprocessing Adult Income data...

  Deriving creditworthiness using income prediction model...

Male applicants: 13519
Female applicants: 6481
Male high-income rate: 0.312
Female high-income rate: 0.116

[STEP 2] Learning θ Parameters...

[STEP 3] Creating Environment...

[STEP 4] Creating PePG V2 Agent...
  Using device: cuda
  Mixed precision (AMP): Enabled
  Learnable lambdas enabled for 'approval_rate' (lr=0.01)
  Replay buffer capacity: 50 episodes
  Warmup episodes: 0

[STEP 5] Training PePG V2 Agent...
Training PePG V2 with rawlsian_maximin (approval_rate constraint)...
  Warmup episodes: 0
  Gradient weights: hawkes=1.0, wealth=1.0, transition=1.0, reward=1.0
  [PePG] Ep 0: R=1817.65, Avg=1817.65, ρ=1.07, λw=2.000, ‖∇std‖=46.127, ‖∇H‖=3717.394, ‖∇W‖=22730.467
  [PePG] Ep 10: R=355.47, Avg=355.47, ρ=2.27, λw=2.000, ‖∇std‖=8.598, ‖∇H‖=76.071, ‖∇W‖=503.456
  [PePG] Ep 20: R=205.33, Avg=465.15, ρ=1.30, λw=2.000, ‖∇std‖=4.448, ‖∇H‖=11.007, ‖∇W‖=65.429
  [PePG] Ep 30: R=167.88, Avg=226.31, ρ=1.89, λw=2.000, ‖∇std‖=0.382, ‖∇H‖=1.527, ‖∇W‖=2.715
  [PePG] Ep 40: R=172.99, Avg=176.68, ρ=1.70, λw=2.000, ‖∇std‖=0.459, ‖∇H‖=2.266, ‖∇W‖=8.315
  [PePG] Ep 50: R=144.44, Avg=156.72, ρ=2.44, λw=2.000, ‖∇std‖=11.182, ‖∇H‖=12.287, ‖∇W‖=105.312
  [PePG] Ep 60: R=169.68, Avg=135.06, ρ=1.61, λw=2.000, ‖∇std‖=40.104, ‖∇H‖=3.423, ‖∇W‖=12.656
  [PePG] Ep 70: R=141.81, Avg=136.28, ρ=1.64, λw=2.000, ‖∇std‖=7.655, ‖∇H‖=2.487, ‖∇W‖=26.205
  [PePG] Ep 80: R=221.09, Avg=164.62, ρ=2.43, λw=2.000, ‖∇std‖=3.671, ‖∇H‖=5.387, ‖∇W‖=29.163
  [PePG] Ep 90: R=233.10, Avg=223.30, ρ=1.69, λw=2.000, ‖∇std‖=44.519, ‖∇H‖=3.974, ‖∇W‖=1.462
  [PePG] Ep 100: R=330.03, Avg=280.44, ρ=1.43, λw=2.000, ‖∇std‖=22.019, ‖∇H‖=115.635, ‖∇W‖=583.525
  [PePG] Ep 110: R=355.94, Avg=317.79, ρ=2.16, λw=2.000, ‖∇std‖=3.464, ‖∇H‖=3.051, ‖∇W‖=20.868
  [PePG] Ep 120: R=527.58, Avg=403.21, ρ=0.65, λw=2.000, ‖∇std‖=10.090, ‖∇H‖=20.192, ‖∇W‖=75.023
  [PePG] Ep 130: R=823.70, Avg=525.29, ρ=1.70, λw=2.000, ‖∇std‖=1.162, ‖∇H‖=40.376, ‖∇W‖=242.290
  [PePG] Ep 140: R=828.79, Avg=632.58, ρ=1.35, λw=2.000, ‖∇std‖=10.834, ‖∇H‖=377.320, ‖∇W‖=2559.955
  [PePG] Ep 150: R=849.58, Avg=707.02, ρ=1.42, λw=2.000, ‖∇std‖=7.168, ‖∇H‖=87.177, ‖∇W‖=290.065
  [PePG] Ep 160: R=1096.11, Avg=811.72, ρ=2.23, λw=2.000, ‖∇std‖=2.376, ‖∇H‖=283.369, ‖∇W‖=1075.286
  [PePG] Ep 170: R=2667.11, Avg=1440.04, ρ=1.27, λw=2.000, ‖∇std‖=4.617, ‖∇H‖=210.483, ‖∇W‖=1169.876
  [PePG] Ep 180: R=2418.05, Avg=2305.85, ρ=1.50, λw=2.000, ‖∇std‖=14.374, ‖∇H‖=675.362, ‖∇W‖=4030.767
  [PePG] Ep 190: R=3126.93, Avg=2587.38, ρ=1.56, λw=2.000, ‖∇std‖=150.350, ‖∇H‖=3781.466, ‖∇W‖=9803.182
  [PePG] Ep 199: R=3483.50, Avg=2856.47, ρ=1.10, λw=2.000, ‖∇std‖=14.545, ‖∇H‖=692.773, ‖∇W‖=2148.012

Training complete. Buffer: 50 episodes

============================================================
TRAINING COMPLETE
============================================================
  Final wealth gap: $18.262k
  Approval disparity: -0.0272
  Total profit: $456.703k
  Mean ρ: 1.4075
  PePG V2 model saved to ./pepg_sequential_results/pepg_rawlsian_maximin_approval_rate_seed1.pt
================================================================================
TESTING TRAINED AGENT (EPISODE-WISE METRICS)
================================================================================
  Model: ./pepg_sequential_results/pepg_rawlsian_maximin_approval_rate_seed1.pt
  Episodes: 100
  Continuous play: YES (no wealth reset between episodes)
  Credit threshold for ground truth: 0.5
  Checkpoint directory: ./checkpoints
  Resume from checkpoint: True
================================================================================

[1] Loading Data...
Downloading Adult Income dataset...
Preprocessing Adult Income data...

  Deriving creditworthiness (ground truth) using income prediction model...

Male applicants: 13519
Female applicants: 6481
Male ground truth approval rate: 0.180
Female ground truth approval rate: 0.087
Loading model from ./pepg_sequential_results/pepg_rawlsian_maximin_approval_rate_seed1.pt...
  ✓ Model loaded successfully
    Reward function: rawlsian_maximin
    Constraint type: approval_rate

[5] Running 100 Episodes (Episodes 1 to 100)...

  Starting Episode 1 (ALL state preserved - continuous play)

  Episode 10/100 Complete:
    Timesteps this episode: 199
    Total time elapsed: 995.0
    μ_M: $63.10k, μ_F: $50.22k
    Wealth Gap: $12.88k
    Episode Approval Rate M: 0.1633
    Episode Approval Rate F: 0.1667
    Episode Profit: $748.70k
    Cumulative Profit: $2752.97k

  Starting Episode 11 (ALL state preserved - continuous play)

  Episode 20/100 Complete:
    Timesteps this episode: 199
    Total time elapsed: 1990.0
    μ_M: $65.43k, μ_F: $52.01k
    Wealth Gap: $13.42k
    Episode Approval Rate M: 0.1701
    Episode Approval Rate F: 0.1417
    Episode Profit: $612.35k
    Cumulative Profit: $4873.45k

  Starting Episode 21 (ALL state preserved - continuous play)

  Episode 30/100 Complete:
    Timesteps this episode: 199
    Total time elapsed: 2985.0
    μ_M: $67.83k, μ_F: $53.93k
    Wealth Gap: $13.90k
    Episode Approval Rate M: 0.1906
    Episode Approval Rate F: 0.1326
    Episode Profit: $772.13k
    Cumulative Profit: $8245.71k

  Starting Episode 31 (ALL state preserved - continuous play)

  Episode 40/100 Complete:
    Timesteps this episode: 199
    Total time elapsed: 3980.0
    μ_M: $70.52k, μ_F: $56.02k
    Wealth Gap: $14.51k
    Episode Approval Rate M: 0.1751
    Episode Approval Rate F: 0.1627
    Episode Profit: $737.41k
    Cumulative Profit: $10782.94k

  Starting Episode 41 (ALL state preserved - continuous play)

  Episode 50/100 Complete:
    Timesteps this episode: 199
    Total time elapsed: 4975.0
    μ_M: $72.93k, μ_F: $58.07k
    Wealth Gap: $14.87k
    Episode Approval Rate M: 0.1433
    Episode Approval Rate F: 0.1516
    Episode Profit: $673.99k
    Cumulative Profit: $13575.10k

  Starting Episode 51 (ALL state preserved - continuous play)

  Episode 60/100 Complete:
    Timesteps this episode: 199
    Total time elapsed: 5970.0
    μ_M: $75.42k, μ_F: $60.10k
    Wealth Gap: $15.33k
    Episode Approval Rate M: 0.1342
    Episode Approval Rate F: 0.1667
    Episode Profit: $726.54k
    Cumulative Profit: $16739.18k

  Starting Episode 61 (ALL state preserved - continuous play)

  Episode 70/100 Complete:
    Timesteps this episode: 199
    Total time elapsed: 6965.0
    μ_M: $78.07k, μ_F: $62.26k
    Wealth Gap: $15.81k
    Episode Approval Rate M: 0.1788
    Episode Approval Rate F: 0.1512
    Episode Profit: $797.55k
    Cumulative Profit: $19695.07k

  Starting Episode 71 (ALL state preserved - continuous play)

  Episode 80/100 Complete:
    Timesteps this episode: 199
    Total time elapsed: 7960.0
    μ_M: $80.85k, μ_F: $64.50k
    Wealth Gap: $16.35k
    Episode Approval Rate M: 0.1605
    Episode Approval Rate F: 0.1540
    Episode Profit: $755.73k
    Cumulative Profit: $22957.30k

  Starting Episode 81 (ALL state preserved - continuous play)

  Episode 90/100 Complete:
    Timesteps this episode: 199
    Total time elapsed: 8955.0
    μ_M: $83.59k, μ_F: $66.73k
    Wealth Gap: $16.86k
    Episode Approval Rate M: 0.1287
    Episode Approval Rate F: 0.1571
    Episode Profit: $797.45k
    Cumulative Profit: $25923.35k

  Starting Episode 91 (ALL state preserved - continuous play)

  Episode 100/100 Complete:
    Timesteps this episode: 199
    Total time elapsed: 9950.0
    μ_M: $86.53k, μ_F: $68.91k
    Wealth Gap: $17.61k
    Episode Approval Rate M: 0.1614
    Episode Approval Rate F: 0.1462
    Episode Profit: $803.65k
    Cumulative Profit: $28983.10k

[6] Computing Final Metrics...

================================================================================
FINAL TESTING RESULTS
================================================================================

  Model: rawlsian_maximin (approval_rate)
  Episodes: 100
  Total Time: 9950.0
  Hawkes Events (M/F): 10605/8283

  --- Wealth Metrics ---
  Initial μ_M,0: $60.82k
  Initial μ_F,0: $48.29k
  Final μ_M: $86.53k
  Final μ_F: $68.91k
  Final Wealth Gap: $17.61k

  --- Long-term Social Welfare R_g(t) = (μ_g,t - μ_g,0) / t ---
  R_M (Male):   0.002584 ($1000s per time unit)
  R_F (Female): 0.002073 ($1000s per time unit)
  R_total:      0.002328 ($1000s per time unit)
  R_M / R_F:    1.2467

  --- Inequality Ratio ρ = Δμ_M / Δμ_F (per episode) ---
  Mean ρ:   1.2728
  Std ρ:    0.2513
  Min ρ:    0.7935
  Max ρ:    1.9006
  Last 5 episodes: ['1.640', '1.221', '1.127', '1.307', '1.671']

  --- Approval Metrics ---
  Total Applications M: 67985
  Total Applications F: 53650
  Total Loans Approved M: 10605
  Total Loans Approved F: 8283
  Final Approval Rate M: 0.1560
  Final Approval Rate F: 0.1544

  --- Success Probabilities ---
  Total Defaults M: 853
  Total Defaults F: 695
  Final Success Prob M: 0.9196
  Final Success Prob F: 0.9161

  --- Ground Truth Comparison (Males) ---
  True Positives:  2184
  False Positives: 8421
  True Negatives:  45257
  False Negatives: 12123
  Accuracy:  0.6978
  Precision: 0.2059
  Recall:    0.1527

  --- Ground Truth Comparison (Females) ---
  True Positives:  913
  False Positives: 7370
  True Negatives:  40399
  False Negatives: 4968
  Accuracy:  0.7700
  Precision: 0.1102
  Recall:    0.1552

  --- Profit ---
  Cumulative Profit: $28983.10k

[7] Saving Results...
  Saved episode metrics to ./pepg_sequential_results/test_episode_metrics_rawlsian_maximin_approval_rate_seed1_20260122_144118.csv

================================================================================
Finished: 2026-01-22T14:41:19.499649
Exit code: 0
Test Exit code: 0
