Job: rawlsian_maximin_approval_rate_seed4
Command: uv run python -u par_pepg.py --seeds 1 --seed 4 --reward rawlsian_maximin --constraint approval_rate --episodes 200 --workers 1 --weights-dir ./pepg_sequential_results
Started: 2026-01-24T22:53:50.708779
================================================================================

================================================================================
PERFORMATIVE POLICY GRADIENT V2 (Explicit Hawkes) EXPERIMENT
  Reward: RAWLSIAN_MAXIMIN
  Constraint: APPROVAL_RATE
  Seed: 4
  Warmup: 0 episodes
================================================================================

CUDA Available: NVIDIA GeForce RTX 2080 Ti

[STEP 1] Loading Adult Income Data...
Downloading Adult Income dataset...
  Trying UCI Repository...
  ✓ Downloaded 20,000 records from UCI repository
Preprocessing Adult Income data...

  Deriving creditworthiness using income prediction model...

Male applicants: 13519
Female applicants: 6481
Male high-income rate: 0.312
Female high-income rate: 0.116

[STEP 2] Learning θ Parameters...

[STEP 3] Creating Environment...

[STEP 4] Creating PePG V2 Agent...
  Using device: cuda
  Mixed precision (AMP): Enabled
  Learnable lambdas enabled for 'approval_rate' (lr=0.01)
  Replay buffer capacity: 50 episodes
  Warmup episodes: 0

[STEP 5] Training PePG V2 Agent...
Training PePG V2 with rawlsian_maximin (approval_rate constraint)...
  Warmup episodes: 0
  Gradient weights: hawkes=1.0, wealth=1.0, transition=1.0, reward=1.0
  [PePG] Ep 0: R=1376.33, Avg=1376.33, ρ=1.23, λw=2.000, Number of Approvals R = 200.000, Number of Approvals B = 176.000, 
  [PePG] Ep 10: R=2350.83, Avg=2350.83, ρ=1.34, λw=2.000, Number of Approvals R = 392.000, Number of Approvals B = 318.000, 
  [PePG] Ep 20: R=3905.27, Avg=2515.50, ρ=1.31, λw=2.000, Number of Approvals R = 560.000, Number of Approvals B = 457.000, 
  [PePG] Ep 30: R=5120.51, Avg=3956.02, ρ=1.32, λw=2.000, Number of Approvals R = 738.000, Number of Approvals B = 552.000, 
  [PePG] Ep 40: R=7344.19, Avg=5575.45, ρ=1.36, λw=2.000, Number of Approvals R = 974.000, Number of Approvals B = 754.000, 
  [PePG] Ep 50: R=9548.47, Avg=7480.24, ρ=1.35, λw=2.000, Number of Approvals R = 1267.000, Number of Approvals B = 925.000, 
  [PePG] Ep 60: R=12211.96, Avg=9735.69, ρ=1.21, λw=2.000, Number of Approvals R = 1415.000, Number of Approvals B = 1112.000, 
  [PePG] Ep 70: R=14074.84, Avg=12219.65, ρ=1.23, λw=2.000, Number of Approvals R = 1593.000, Number of Approvals B = 1313.000, 
  [PePG] Ep 80: R=16167.53, Avg=14342.04, ρ=1.08, λw=2.000, Number of Approvals R = 1633.000, Number of Approvals B = 1478.000, 
  [PePG] Ep 90: R=16178.41, Avg=15762.06, ρ=1.06, λw=2.000, Number of Approvals R = 1613.000, Number of Approvals B = 1506.000, 
  [PePG] Ep 100: R=18106.81, Avg=16799.68, ρ=0.99, λw=2.000, Number of Approvals R = 1666.000, Number of Approvals B = 1637.000, 
  [PePG] Ep 110: R=20596.19, Avg=18513.20, ρ=1.01, λw=2.000, Number of Approvals R = 1771.000, Number of Approvals B = 1738.000, 
  [PePG] Ep 120: R=22172.62, Avg=20466.95, ρ=0.96, λw=2.000, Number of Approvals R = 1797.000, Number of Approvals B = 1755.000, 
  [PePG] Ep 130: R=23175.34, Avg=21986.29, ρ=1.02, λw=2.000, Number of Approvals R = 1790.000, Number of Approvals B = 1809.000, 
  [PePG] Ep 140: R=24312.03, Avg=23214.14, ρ=0.98, λw=2.000, Number of Approvals R = 1760.000, Number of Approvals B = 1744.000, 
  [PePG] Ep 150: R=24806.96, Avg=24116.34, ρ=0.96, λw=2.000, Number of Approvals R = 1719.000, Number of Approvals B = 1730.000, 
  [PePG] Ep 160: R=25650.04, Avg=25039.13, ρ=1.03, λw=2.000, Number of Approvals R = 1575.000, Number of Approvals B = 1604.000, 
  [PePG] Ep 170: R=25812.43, Avg=25590.14, ρ=0.92, λw=2.000, Number of Approvals R = 1505.000, Number of Approvals B = 1504.000, 
  [PePG] Ep 180: R=28863.22, Avg=26750.82, ρ=1.04, λw=2.000, Number of Approvals R = 1543.000, Number of Approvals B = 1563.000, 
  [PePG] Ep 190: R=35612.62, Avg=29724.47, ρ=1.04, λw=2.000, Number of Approvals R = 1678.000, Number of Approvals B = 1658.000, 
  [PePG] Ep 199: R=39967.43, Avg=34363.43, ρ=1.03, λw=2.000, Number of Approvals R = 1655.000, Number of Approvals B = 1646.000, 

Training complete. Buffer: 50 episodes

============================================================
TRAINING COMPLETE
============================================================
  Final wealth gap: $56.079k
  Approval disparity: 0.0020
  Total profit: $4147.178k
  Mean ρ: 1.1083
  PePG V2 model saved to ./pepg_sequential_results/pepg_rawlsian_maximin_approval_rate_seed4.pt
================================================================================
TESTING TRAINED AGENT (EPISODE-WISE METRICS)
================================================================================
  Model: ./pepg_sequential_results/pepg_rawlsian_maximin_approval_rate_seed4.pt
  Episodes: 100
  Continuous play: YES (no wealth reset between episodes)
  Credit threshold for ground truth: 0.5
  Checkpoint directory: ./checkpoints
  Resume from checkpoint: True
================================================================================

[1] Loading Data...
Downloading Adult Income dataset...
Preprocessing Adult Income data...

  Deriving creditworthiness (ground truth) using income prediction model...

Male applicants: 13519
Female applicants: 6481
Male ground truth approval rate: 0.180
Female ground truth approval rate: 0.087
Loading model from ./pepg_sequential_results/pepg_rawlsian_maximin_approval_rate_seed4.pt...
  ✓ Model loaded successfully
    Reward function: rawlsian_maximin
    Constraint type: approval_rate

[5] Running 100 Episodes (Episodes 1 to 100)...

  Starting Episode 1 (ALL state preserved - continuous play)
