Job: rawlsian_maximin_wealth_seed3
Command: uv run python -u par_pepg.py --seeds 1 --seed 3 --reward rawlsian_maximin --constraint wealth --episodes 200 --workers 1 --weights-dir ./pepg_sequential_results
Started: 2026-01-22T16:33:08.109045
================================================================================

================================================================================
PERFORMATIVE POLICY GRADIENT V2 (Explicit Hawkes) EXPERIMENT
  Reward: RAWLSIAN_MAXIMIN
  Constraint: WEALTH
  Seed: 3
  Warmup: 0 episodes
================================================================================

CUDA Available: NVIDIA GeForce RTX 2080 Ti

[STEP 1] Loading Adult Income Data...
Downloading Adult Income dataset...
  Trying UCI Repository...
  ✓ Downloaded 20,000 records from UCI repository
Preprocessing Adult Income data...

  Deriving creditworthiness using income prediction model...

Male applicants: 13519
Female applicants: 6481
Male high-income rate: 0.312
Female high-income rate: 0.116

[STEP 2] Learning θ Parameters...

[STEP 3] Creating Environment...

[STEP 4] Creating PePG V2 Agent...
  Using device: cuda
  Mixed precision (AMP): Enabled
  Learnable lambdas enabled for 'wealth' (lr=0.01)
  Replay buffer capacity: 50 episodes
  Warmup episodes: 0

[STEP 5] Training PePG V2 Agent...
Training PePG V2 with rawlsian_maximin (wealth constraint)...
  Warmup episodes: 0
  Gradient weights: hawkes=1.0, wealth=1.0, transition=1.0, reward=1.0
  [PePG] Ep 0: R=112812.84, Avg=112812.84, ρ=1.46, λw=2.020, ‖∇std‖=9.044, ‖∇H‖=152153.641, ‖∇W‖=747571.438
  [PePG] Ep 10: R=134982.85, Avg=134982.85, ρ=1.51, λw=2.233, ‖∇std‖=12.148, ‖∇H‖=35147.102, ‖∇W‖=143998.234
  [PePG] Ep 20: R=142916.30, Avg=128718.11, ρ=1.54, λw=2.467, ‖∇std‖=8.094, ‖∇H‖=20694.156, ‖∇W‖=108878.383
  [PePG] Ep 30: R=164165.73, Avg=147342.79, ρ=0.67, λw=2.727, ‖∇std‖=2.364, ‖∇H‖=5981.769, ‖∇W‖=47779.445
  [PePG] Ep 40: R=186376.49, Avg=166937.33, ρ=1.31, λw=3.014, ‖∇std‖=6.053, ‖∇H‖=20890.465, ‖∇W‖=91568.406
  [PePG] Ep 50: R=199651.43, Avg=184902.95, ρ=5.82, λw=3.331, ‖∇std‖=4.059, ‖∇H‖=10311.425, ‖∇W‖=55113.590
  [PePG] Ep 60: R=226827.96, Avg=203254.90, ρ=3.68, λw=3.681, ‖∇std‖=5.212, ‖∇H‖=3342.568, ‖∇W‖=20711.420
  [PePG] Ep 70: R=251101.30, Avg=227633.38, ρ=0.69, λw=4.068, ‖∇std‖=4.871, ‖∇H‖=1657.772, ‖∇W‖=7364.434
  [PePG] Ep 80: R=276985.89, Avg=254732.63, ρ=1.08, λw=4.496, ‖∇std‖=3.384, ‖∇H‖=53.933, ‖∇W‖=51.514
  [PePG] Ep 90: R=309317.47, Avg=281135.54, ρ=0.22, λw=4.969, ‖∇std‖=2.913, ‖∇H‖=216.369, ‖∇W‖=1487.285
  [PePG] Ep 100: R=342356.44, Avg=310845.38, ρ=1.12, λw=5.491, ‖∇std‖=3.440, ‖∇H‖=10159.596, ‖∇W‖=46869.750
  [PePG] Ep 110: R=370154.74, Avg=342647.52, ρ=0.07, λw=6.069, ‖∇std‖=6.735, ‖∇H‖=578.406, ‖∇W‖=4650.453
  [PePG] Ep 120: R=421264.48, Avg=377393.87, ρ=1.75, λw=6.707, ‖∇std‖=0.116, ‖∇H‖=0.000, ‖∇W‖=0.000
  [PePG] Ep 130: R=452652.42, Avg=421839.87, ρ=0.87, λw=7.412, ‖∇std‖=1.426, ‖∇H‖=458.795, ‖∇W‖=469.509
  [PePG] Ep 140: R=508714.11, Avg=468404.04, ρ=0.28, λw=8.192, ‖∇std‖=5.569, ‖∇H‖=0.032, ‖∇W‖=0.000
  [PePG] Ep 150: R=589529.53, Avg=517749.89, ρ=1.31, λw=9.053, ‖∇std‖=2.048, ‖∇H‖=30.813, ‖∇W‖=112.800
  [PePG] Ep 160: R=616562.92, Avg=578285.33, ρ=0.00, λw=10.006, ‖∇std‖=3.131, ‖∇H‖=246.725, ‖∇W‖=1863.421
  [PePG] Ep 170: R=669517.20, Avg=632889.71, ρ=5.12, λw=11.058, ‖∇std‖=1.491, ‖∇H‖=0.948, ‖∇W‖=3.596
  [PePG] Ep 180: R=701018.48, Avg=695508.34, ρ=0.00, λw=12.221, ‖∇std‖=0.777, ‖∇H‖=269.857, ‖∇W‖=1326.363
  [PePG] Ep 190: R=873125.14, Avg=773089.30, ρ=100.00, λw=13.506, ‖∇std‖=1.692, ‖∇H‖=7.458, ‖∇W‖=27.187
  [PePG] Ep 199: R=898262.98, Avg=841608.84, ρ=100.00, λw=14.778, ‖∇std‖=2.401, ‖∇H‖=176.827, ‖∇W‖=429.819

Training complete. Buffer: 50 episodes

============================================================
TRAINING COMPLETE
============================================================
  Final wealth gap: $14.049k
  Approval disparity: 0.0016
  Total profit: $-26.000k
  Mean ρ: 9.7718
  PePG V2 model saved to ./pepg_sequential_results/pepg_rawlsian_maximin_wealth_seed3.pt
================================================================================
TESTING TRAINED AGENT (EPISODE-WISE METRICS)
================================================================================
  Model: ./pepg_sequential_results/pepg_rawlsian_maximin_wealth_seed3.pt
  Episodes: 100
  Continuous play: YES (no wealth reset between episodes)
  Credit threshold for ground truth: 0.5
  Checkpoint directory: ./checkpoints
  Resume from checkpoint: True
================================================================================

[1] Loading Data...
Downloading Adult Income dataset...
Preprocessing Adult Income data...

  Deriving creditworthiness (ground truth) using income prediction model...

Male applicants: 13519
Female applicants: 6481
Male ground truth approval rate: 0.180
Female ground truth approval rate: 0.087
Loading model from ./pepg_sequential_results/pepg_rawlsian_maximin_wealth_seed3.pt...
  ✓ Model loaded successfully
    Reward function: rawlsian_maximin
    Constraint type: wealth

[5] Running 100 Episodes (Episodes 1 to 100)...

  Starting Episode 1 (ALL state preserved - continuous play)

  Episode 10/100 Complete:
    Timesteps this episode: 199
    Total time elapsed: 995.0
    μ_M: $60.84k, μ_F: $48.31k
    Wealth Gap: $12.53k
    Episode Approval Rate M: 0.0034
    Episode Approval Rate F: 0.0000
    Episode Profit: $3.61k
    Cumulative Profit: $21.03k

  Starting Episode 11 (ALL state preserved - continuous play)

  Episode 20/100 Complete:
    Timesteps this episode: 199
    Total time elapsed: 1990.0
    μ_M: $60.87k, μ_F: $48.33k
    Wealth Gap: $12.54k
    Episode Approval Rate M: 0.0016
    Episode Approval Rate F: 0.0000
    Episode Profit: $4.52k
    Cumulative Profit: $0.28k

  Starting Episode 21 (ALL state preserved - continuous play)

  Episode 30/100 Complete:
    Timesteps this episode: 199
    Total time elapsed: 2985.0
    μ_M: $60.93k, μ_F: $48.34k
    Wealth Gap: $12.59k
    Episode Approval Rate M: 0.0016
    Episode Approval Rate F: 0.0000
    Episode Profit: $4.03k
    Cumulative Profit: $7.01k

  Starting Episode 31 (ALL state preserved - continuous play)

  Episode 40/100 Complete:
    Timesteps this episode: 199
    Total time elapsed: 3980.0
    μ_M: $60.95k, μ_F: $48.36k
    Wealth Gap: $12.59k
    Episode Approval Rate M: 0.0000
    Episode Approval Rate F: 0.0021
    Episode Profit: $5.04k
    Cumulative Profit: $69.15k

  Starting Episode 41 (ALL state preserved - continuous play)

  Episode 50/100 Complete:
    Timesteps this episode: 199
    Total time elapsed: 4975.0
    μ_M: $60.97k, μ_F: $48.36k
    Wealth Gap: $12.61k
    Episode Approval Rate M: 0.0018
    Episode Approval Rate F: 0.0000
    Episode Profit: $3.89k
    Cumulative Profit: $94.67k

  Starting Episode 51 (ALL state preserved - continuous play)

  Episode 60/100 Complete:
    Timesteps this episode: 199
    Total time elapsed: 5970.0
    μ_M: $60.99k, μ_F: $48.37k
    Wealth Gap: $12.62k
    Episode Approval Rate M: 0.0000
    Episode Approval Rate F: 0.0022
    Episode Profit: $4.41k
    Cumulative Profit: $160.31k

  Starting Episode 61 (ALL state preserved - continuous play)

  Episode 70/100 Complete:
    Timesteps this episode: 199
    Total time elapsed: 6965.0
    μ_M: $61.02k, μ_F: $48.38k
    Wealth Gap: $12.64k
    Episode Approval Rate M: 0.0000
    Episode Approval Rate F: 0.0000
    Episode Profit: $0.00k
    Cumulative Profit: $179.65k

  Starting Episode 71 (ALL state preserved - continuous play)

  Episode 80/100 Complete:
    Timesteps this episode: 199
    Total time elapsed: 7960.0
    μ_M: $61.04k, μ_F: $48.39k
    Wealth Gap: $12.66k
    Episode Approval Rate M: 0.0017
    Episode Approval Rate F: 0.0000
    Episode Profit: $5.74k
    Cumulative Profit: $235.98k

  Starting Episode 81 (ALL state preserved - continuous play)

  Episode 90/100 Complete:
    Timesteps this episode: 199
    Total time elapsed: 8955.0
    μ_M: $61.07k, μ_F: $48.40k
    Wealth Gap: $12.66k
    Episode Approval Rate M: 0.0000
    Episode Approval Rate F: 0.0021
    Episode Profit: $5.73k
    Cumulative Profit: $315.92k

  Starting Episode 91 (ALL state preserved - continuous play)

  Episode 100/100 Complete:
    Timesteps this episode: 199
    Total time elapsed: 9950.0
    μ_M: $61.09k, μ_F: $48.41k
    Wealth Gap: $12.68k
    Episode Approval Rate M: 0.0000
    Episode Approval Rate F: 0.0000
    Episode Profit: $0.00k
    Cumulative Profit: $329.42k

[6] Computing Final Metrics...

================================================================================
FINAL TESTING RESULTS
================================================================================

  Model: rawlsian_maximin (wealth)
  Episodes: 100
  Total Time: 9950.0
  Hawkes Events (M/F): 110/65

  --- Wealth Metrics ---
  Initial μ_M,0: $60.82k
  Initial μ_F,0: $48.29k
  Final μ_M: $61.09k
  Final μ_F: $48.41k
  Final Wealth Gap: $12.68k

  --- Long-term Social Welfare R_g(t) = (μ_g,t - μ_g,0) / t ---
  R_M (Male):   0.000028 ($1000s per time unit)
  R_F (Female): 0.000012 ($1000s per time unit)
  R_total:      0.000020 ($1000s per time unit)
  R_M / R_F:    2.2644

  --- Inequality Ratio ρ = Δμ_M / Δμ_F (per episode) ---
  Mean ρ:   37.7076
  Std ρ:    47.7680
  Min ρ:    0.0000
  Max ρ:    100.0000
  Last 5 episodes: ['1.078', '0.000', '1.641', '0.000', '0.000']

  --- Approval Metrics ---
  Total Applications M: 58466
  Total Applications F: 46629
  Total Loans Approved M: 110
  Total Loans Approved F: 65
  Final Approval Rate M: 0.0019
  Final Approval Rate F: 0.0014

  --- Success Probabilities ---
  Total Defaults M: 9
  Total Defaults F: 2
  Final Success Prob M: 0.9182
  Final Success Prob F: 0.9692

  --- Ground Truth Comparison (Males) ---
  True Positives:  29
  False Positives: 81
  True Negatives:  45708
  False Negatives: 12648
  Accuracy:  0.7823
  Precision: 0.2636
  Recall:    0.0023

  --- Ground Truth Comparison (Females) ---
  True Positives:  4
  False Positives: 61
  True Negatives:  41503
  False Negatives: 5061
  Accuracy:  0.8902
  Precision: 0.0615
  Recall:    0.0008

  --- Profit ---
  Cumulative Profit: $329.42k

[7] Saving Results...
  Saved episode metrics to ./pepg_sequential_results/test_episode_metrics_rawlsian_maximin_wealth_seed3_20260122_165257.csv

================================================================================
Finished: 2026-01-22T16:52:58.493459
Exit code: 0
Test Exit code: 0
