Job: rawlsian_maximin_both_seed2
Command: uv run python -u par_pepg.py --seeds 1 --seed 2 --reward rawlsian_maximin --constraint both --episodes 200 --workers 1 --weights-dir ./pepg_sequential_results
Started: 2026-01-22T17:09:48.529336
================================================================================

================================================================================
PERFORMATIVE POLICY GRADIENT V2 (Explicit Hawkes) EXPERIMENT
  Reward: RAWLSIAN_MAXIMIN
  Constraint: BOTH
  Seed: 2
  Warmup: 0 episodes
================================================================================

CUDA Available: NVIDIA GeForce RTX 2080 Ti

[STEP 1] Loading Adult Income Data...
Downloading Adult Income dataset...
  Trying UCI Repository...
  ✓ Downloaded 20,000 records from UCI repository
Preprocessing Adult Income data...

  Deriving creditworthiness using income prediction model...

Male applicants: 13519
Female applicants: 6481
Male high-income rate: 0.312
Female high-income rate: 0.116

[STEP 2] Learning θ Parameters...

[STEP 3] Creating Environment...

[STEP 4] Creating PePG V2 Agent...
  Using device: cuda
  Mixed precision (AMP): Enabled
  Learnable lambdas enabled for 'both' (lr=0.01)
  Replay buffer capacity: 50 episodes
  Warmup episodes: 0

[STEP 5] Training PePG V2 Agent...
Training PePG V2 with rawlsian_maximin (both constraint)...
  Warmup episodes: 0
  Gradient weights: hawkes=1.0, wealth=1.0, transition=1.0, reward=1.0
  [PePG] Ep 0: R=109721.89, Avg=109721.89, ρ=1.19, λw=2.020, ‖∇std‖=56.022, ‖∇H‖=116479.445, ‖∇W‖=750985.562
  [PePG] Ep 10: R=127684.21, Avg=127684.21, ρ=1.15, λw=2.233, ‖∇std‖=5.383, ‖∇H‖=24186.965, ‖∇W‖=160591.094
  [PePG] Ep 20: R=143697.05, Avg=129136.71, ρ=1.51, λw=2.467, ‖∇std‖=3.616, ‖∇H‖=8930.015, ‖∇W‖=31172.562
  [PePG] Ep 30: R=158147.23, Avg=146411.51, ρ=0.63, λw=2.727, ‖∇std‖=0.446, ‖∇H‖=7578.905, ‖∇W‖=37485.789
  [PePG] Ep 40: R=175695.93, Avg=164764.82, ρ=3.55, λw=3.014, ‖∇std‖=6.021, ‖∇H‖=4433.332, ‖∇W‖=19792.645
  [PePG] Ep 50: R=204786.62, Avg=183211.81, ρ=1.16, λw=3.331, ‖∇std‖=5.487, ‖∇H‖=1264.860, ‖∇W‖=6216.409
  [PePG] Ep 60: R=222715.80, Avg=204052.48, ρ=0.61, λw=3.681, ‖∇std‖=7.270, ‖∇H‖=56.217, ‖∇W‖=333.757
  [PePG] Ep 70: R=241120.71, Avg=228113.03, ρ=0.81, λw=4.068, ‖∇std‖=0.907, ‖∇H‖=6458.740, ‖∇W‖=35252.957
  [PePG] Ep 80: R=274124.23, Avg=253275.20, ρ=0.83, λw=4.496, ‖∇std‖=7.687, ‖∇H‖=208.509, ‖∇W‖=709.625
  [PePG] Ep 90: R=306264.44, Avg=280288.27, ρ=0.46, λw=4.969, ‖∇std‖=1.223, ‖∇H‖=5018.614, ‖∇W‖=43602.418
  [PePG] Ep 100: R=326934.17, Avg=311905.75, ρ=1.94, λw=5.491, ‖∇std‖=8.526, ‖∇H‖=233.269, ‖∇W‖=844.420
  [PePG] Ep 110: R=376173.12, Avg=343687.97, ρ=100.00, λw=6.069, ‖∇std‖=2.571, ‖∇H‖=0.030, ‖∇W‖=0.257
  [PePG] Ep 120: R=424847.48, Avg=380585.77, ρ=0.00, λw=6.707, ‖∇std‖=2.292, ‖∇H‖=95.578, ‖∇W‖=555.800
  [PePG] Ep 130: R=449475.22, Avg=423230.97, ρ=0.00, λw=7.412, ‖∇std‖=3.794, ‖∇H‖=38.058, ‖∇W‖=159.988
  [PePG] Ep 140: R=514664.36, Avg=469928.03, ρ=0.91, λw=8.192, ‖∇std‖=3.797, ‖∇H‖=2800.506, ‖∇W‖=21048.229
  [PePG] Ep 150: R=542939.68, Avg=517234.81, ρ=1.73, λw=9.053, ‖∇std‖=0.499, ‖∇H‖=1688.255, ‖∇W‖=12515.497
  [PePG] Ep 160: R=640668.00, Avg=570636.83, ρ=100.00, λw=10.006, ‖∇std‖=2.303, ‖∇H‖=7.007, ‖∇W‖=1.581
  [PePG] Ep 170: R=722216.62, Avg=633590.85, ρ=0.16, λw=11.058, ‖∇std‖=2.318, ‖∇H‖=278.453, ‖∇W‖=1060.002
  [PePG] Ep 180: R=733114.80, Avg=693664.70, ρ=0.88, λw=12.221, ‖∇std‖=0.971, ‖∇H‖=0.248, ‖∇W‖=2.137
  [PePG] Ep 190: R=859121.66, Avg=765466.90, ρ=0.23, λw=13.506, ‖∇std‖=3.065, ‖∇H‖=2.921, ‖∇W‖=18.078
  [PePG] Ep 199: R=894465.54, Avg=839997.56, ρ=2.70, λw=14.778, ‖∇std‖=1.064, ‖∇H‖=20.188, ‖∇W‖=169.600

Training complete. Buffer: 50 episodes

============================================================
TRAINING COMPLETE
============================================================
  Final wealth gap: $13.750k
  Approval disparity: 0.0010
  Total profit: $10.057k
  Mean ρ: 10.7420
  PePG V2 model saved to ./pepg_sequential_results/pepg_rawlsian_maximin_both_seed2.pt
================================================================================
TESTING TRAINED AGENT (EPISODE-WISE METRICS)
================================================================================
  Model: ./pepg_sequential_results/pepg_rawlsian_maximin_both_seed2.pt
  Episodes: 100
  Continuous play: YES (no wealth reset between episodes)
  Credit threshold for ground truth: 0.5
  Checkpoint directory: ./checkpoints
  Resume from checkpoint: True
================================================================================

[1] Loading Data...
Downloading Adult Income dataset...
Preprocessing Adult Income data...

  Deriving creditworthiness (ground truth) using income prediction model...

Male applicants: 13519
Female applicants: 6481
Male ground truth approval rate: 0.180
Female ground truth approval rate: 0.087
Loading model from ./pepg_sequential_results/pepg_rawlsian_maximin_both_seed2.pt...
  ✓ Model loaded successfully
    Reward function: rawlsian_maximin
    Constraint type: both

[5] Running 100 Episodes (Episodes 1 to 100)...

  Starting Episode 1 (ALL state preserved - continuous play)

  Episode 10/100 Complete:
    Timesteps this episode: 199
    Total time elapsed: 995.0
    μ_M: $60.86k, μ_F: $48.31k
    Wealth Gap: $12.54k
    Episode Approval Rate M: 0.0000
    Episode Approval Rate F: 0.0021
    Episode Profit: $6.49k
    Cumulative Profit: $4.19k

  Starting Episode 11 (ALL state preserved - continuous play)

  Episode 20/100 Complete:
    Timesteps this episode: 199
    Total time elapsed: 1990.0
    μ_M: $60.86k, μ_F: $48.32k
    Wealth Gap: $12.54k
    Episode Approval Rate M: 0.0018
    Episode Approval Rate F: 0.0022
    Episode Profit: $7.32k
    Cumulative Profit: $41.42k

  Starting Episode 21 (ALL state preserved - continuous play)

  Episode 30/100 Complete:
    Timesteps this episode: 199
    Total time elapsed: 2985.0
    μ_M: $60.90k, μ_F: $48.34k
    Wealth Gap: $12.56k
    Episode Approval Rate M: 0.0017
    Episode Approval Rate F: 0.0043
    Episode Profit: $11.96k
    Cumulative Profit: $42.84k

  Starting Episode 31 (ALL state preserved - continuous play)

  Episode 40/100 Complete:
    Timesteps this episode: 199
    Total time elapsed: 3980.0
    μ_M: $60.94k, μ_F: $48.37k
    Wealth Gap: $12.57k
    Episode Approval Rate M: 0.0018
    Episode Approval Rate F: 0.0000
    Episode Profit: $4.06k
    Cumulative Profit: $24.53k

  Starting Episode 41 (ALL state preserved - continuous play)

  Episode 50/100 Complete:
    Timesteps this episode: 199
    Total time elapsed: 4975.0
    μ_M: $60.97k, μ_F: $48.42k
    Wealth Gap: $12.56k
    Episode Approval Rate M: 0.0036
    Episode Approval Rate F: 0.0000
    Episode Profit: $6.64k
    Cumulative Profit: $-35.54k

  Starting Episode 51 (ALL state preserved - continuous play)

  Episode 60/100 Complete:
    Timesteps this episode: 199
    Total time elapsed: 5970.0
    μ_M: $60.99k, μ_F: $48.46k
    Wealth Gap: $12.53k
    Episode Approval Rate M: 0.0017
    Episode Approval Rate F: 0.0000
    Episode Profit: $6.37k
    Cumulative Profit: $-25.71k

  Starting Episode 61 (ALL state preserved - continuous play)

  Episode 70/100 Complete:
    Timesteps this episode: 199
    Total time elapsed: 6965.0
    μ_M: $61.02k, μ_F: $48.51k
    Wealth Gap: $12.51k
    Episode Approval Rate M: 0.0016
    Episode Approval Rate F: 0.0000
    Episode Profit: $1.50k
    Cumulative Profit: $-104.77k

  Starting Episode 71 (ALL state preserved - continuous play)

  Episode 80/100 Complete:
    Timesteps this episode: 199
    Total time elapsed: 7960.0
    μ_M: $61.06k, μ_F: $48.52k
    Wealth Gap: $12.54k
    Episode Approval Rate M: 0.0017
    Episode Approval Rate F: 0.0022
    Episode Profit: $1.67k
    Cumulative Profit: $-111.89k

  Starting Episode 81 (ALL state preserved - continuous play)

  Episode 90/100 Complete:
    Timesteps this episode: 199
    Total time elapsed: 8955.0
    μ_M: $61.07k, μ_F: $48.55k
    Wealth Gap: $12.52k
    Episode Approval Rate M: 0.0000
    Episode Approval Rate F: 0.0021
    Episode Profit: $3.55k
    Cumulative Profit: $-113.60k

  Starting Episode 91 (ALL state preserved - continuous play)

  Episode 100/100 Complete:
    Timesteps this episode: 199
    Total time elapsed: 9950.0
    μ_M: $61.08k, μ_F: $48.57k
    Wealth Gap: $12.51k
    Episode Approval Rate M: 0.0000
    Episode Approval Rate F: 0.0021
    Episode Profit: $3.65k
    Cumulative Profit: $-82.50k

[6] Computing Final Metrics...

================================================================================
FINAL TESTING RESULTS
================================================================================

  Model: rawlsian_maximin (both)
  Episodes: 100
  Total Time: 9950.0
  Hawkes Events (M/F): 90/105

  --- Wealth Metrics ---
  Initial μ_M,0: $60.82k
  Initial μ_F,0: $48.29k
  Final μ_M: $61.08k
  Final μ_F: $48.57k
  Final Wealth Gap: $12.51k

  --- Long-term Social Welfare R_g(t) = (μ_g,t - μ_g,0) / t ---
  R_M (Male):   0.000027 ($1000s per time unit)
  R_F (Female): 0.000028 ($1000s per time unit)
  R_total:      0.000028 ($1000s per time unit)
  R_M / R_F:    0.9342

  --- Inequality Ratio ρ = Δμ_M / Δμ_F (per episode) ---
  Mean ρ:   24.7277
  Std ρ:    42.3432
  Min ρ:    0.0000
  Max ρ:    100.0000
  Last 5 episodes: ['0.715', '100.000', '0.677', '0.000', '0.000']

  --- Approval Metrics ---
  Total Applications M: 58596
  Total Applications F: 46912
  Total Loans Approved M: 90
  Total Loans Approved F: 105
  Final Approval Rate M: 0.0015
  Final Approval Rate F: 0.0022

  --- Success Probabilities ---
  Total Defaults M: 15
  Total Defaults F: 11
  Final Success Prob M: 0.8333
  Final Success Prob F: 0.8952

  --- Ground Truth Comparison (Males) ---
  True Positives:  17
  False Positives: 73
  True Negatives:  46151
  False Negatives: 12355
  Accuracy:  0.7879
  Precision: 0.1889
  Recall:    0.0014

  --- Ground Truth Comparison (Females) ---
  True Positives:  9
  False Positives: 96
  True Negatives:  41802
  False Negatives: 5005
  Accuracy:  0.8913
  Precision: 0.0857
  Recall:    0.0018

  --- Profit ---
  Cumulative Profit: $-82.50k

[7] Saving Results...
  Saved episode metrics to ./pepg_sequential_results/test_episode_metrics_rawlsian_maximin_both_seed2_20260122_173025.csv

================================================================================
Finished: 2026-01-22T17:30:26.013492
Exit code: 0
Test Exit code: 0
