Job: rawlsian_maximin_approval_rate_seed5
Command: uv run python -u par_pepg.py --seeds 1 --seed 5 --reward rawlsian_maximin --constraint approval_rate --episodes 200 --workers 1 --weights-dir ./pepg_sequential_results
Started: 2026-01-24T23:33:02.990341
================================================================================

================================================================================
PERFORMATIVE POLICY GRADIENT V2 (Explicit Hawkes) EXPERIMENT
  Reward: RAWLSIAN_MAXIMIN
  Constraint: APPROVAL_RATE
  Seed: 5
  Warmup: 0 episodes
================================================================================

CUDA Available: NVIDIA GeForce RTX 2080 Ti

[STEP 1] Loading Adult Income Data...
Downloading Adult Income dataset...
  Trying UCI Repository...
  ✓ Downloaded 20,000 records from UCI repository
Preprocessing Adult Income data...

  Deriving creditworthiness using income prediction model...

Male applicants: 13519
Female applicants: 6481
Male high-income rate: 0.312
Female high-income rate: 0.116

[STEP 2] Learning θ Parameters...

[STEP 3] Creating Environment...

[STEP 4] Creating PePG V2 Agent...
  Using device: cuda
  Mixed precision (AMP): Enabled
  Learnable lambdas enabled for 'approval_rate' (lr=0.01)
  Replay buffer capacity: 50 episodes
  Warmup episodes: 0

[STEP 5] Training PePG V2 Agent...
Training PePG V2 with rawlsian_maximin (approval_rate constraint)...
  Warmup episodes: 0
  Gradient weights: hawkes=1.0, wealth=1.0, transition=1.0, reward=1.0
  [PePG] Ep 0: R=1883.14, Avg=1883.14, ρ=1.13, λw=2.000, Number of Approvals R = 295.000, Number of Approvals B = 244.000, 
  [PePG] Ep 10: R=3983.50, Avg=3983.50, ρ=1.26, λw=2.000, Number of Approvals R = 576.000, Number of Approvals B = 495.000, 
  [PePG] Ep 20: R=5526.88, Avg=3925.45, ρ=1.21, λw=2.000, Number of Approvals R = 802.000, Number of Approvals B = 627.000, 
  [PePG] Ep 30: R=6972.01, Avg=5475.82, ρ=1.28, λw=2.000, Number of Approvals R = 1005.000, Number of Approvals B = 769.000, 
  [PePG] Ep 40: R=9163.41, Avg=7143.02, ρ=1.36, λw=2.000, Number of Approvals R = 1262.000, Number of Approvals B = 962.000, 
  [PePG] Ep 50: R=11402.44, Avg=9184.11, ρ=1.28, λw=2.000, Number of Approvals R = 1472.000, Number of Approvals B = 1185.000, 
  [PePG] Ep 60: R=13346.05, Avg=11389.22, ρ=1.21, λw=2.000, Number of Approvals R = 1683.000, Number of Approvals B = 1390.000, 
  [PePG] Ep 70: R=15600.30, Avg=13576.44, ρ=1.01, λw=2.000, Number of Approvals R = 1823.000, Number of Approvals B = 1636.000, 
  [PePG] Ep 80: R=17033.24, Avg=15611.40, ρ=1.03, λw=2.000, Number of Approvals R = 1849.000, Number of Approvals B = 1773.000, 
  [PePG] Ep 90: R=18407.14, Avg=17152.87, ρ=1.00, λw=2.000, Number of Approvals R = 1897.000, Number of Approvals B = 1867.000, 
  [PePG] Ep 100: R=19133.17, Avg=18286.76, ρ=0.95, λw=2.000, Number of Approvals R = 1898.000, Number of Approvals B = 1901.000, 
  [PePG] Ep 110: R=19982.59, Avg=19109.72, ρ=1.04, λw=2.000, Number of Approvals R = 1932.000, Number of Approvals B = 1920.000, 
  [PePG] Ep 120: R=20662.51, Avg=19830.50, ρ=1.02, λw=2.000, Number of Approvals R = 1915.000, Number of Approvals B = 1920.000, 
  [PePG] Ep 130: R=20983.69, Avg=20591.30, ρ=1.00, λw=2.000, Number of Approvals R = 1904.000, Number of Approvals B = 1885.000, 
  [PePG] Ep 140: R=21317.75, Avg=21169.06, ρ=0.97, λw=2.000, Number of Approvals R = 1856.000, Number of Approvals B = 1852.000, 
  [PePG] Ep 150: R=22007.73, Avg=21576.41, ρ=1.02, λw=2.000, Number of Approvals R = 1812.000, Number of Approvals B = 1806.000, 
  [PePG] Ep 160: R=24160.57, Avg=22466.70, ρ=0.98, λw=2.000, Number of Approvals R = 1852.000, Number of Approvals B = 1846.000, 
  [PePG] Ep 170: R=26757.82, Avg=24430.64, ρ=1.00, λw=2.000, Number of Approvals R = 1889.000, Number of Approvals B = 1887.000, 
  [PePG] Ep 180: R=28998.64, Avg=26837.56, ρ=0.96, λw=2.000, Number of Approvals R = 1915.000, Number of Approvals B = 1922.000, 
  [PePG] Ep 190: R=30709.76, Avg=28889.82, ρ=1.02, λw=2.000, Number of Approvals R = 1919.000, Number of Approvals B = 1914.000, 
  [PePG] Ep 199: R=32772.53, Avg=30648.63, ρ=0.99, λw=2.000, Number of Approvals R = 1946.000, Number of Approvals B = 1932.000, 

Training complete. Buffer: 50 episodes

============================================================
TRAINING COMPLETE
============================================================
  Final wealth gap: $58.703k
  Approval disparity: 0.0025
  Total profit: $4551.866k
  Mean ρ: 1.0931
  PePG V2 model saved to ./pepg_sequential_results/pepg_rawlsian_maximin_approval_rate_seed5.pt
================================================================================
TESTING TRAINED AGENT (EPISODE-WISE METRICS)
================================================================================
  Model: ./pepg_sequential_results/pepg_rawlsian_maximin_approval_rate_seed5.pt
  Episodes: 100
  Continuous play: YES (no wealth reset between episodes)
  Credit threshold for ground truth: 0.5
  Checkpoint directory: ./checkpoints
  Resume from checkpoint: True
================================================================================

[1] Loading Data...
Downloading Adult Income dataset...
