Job: rawlsian_maximin_wealth_seed1
Command: uv run python -u par_pepg.py --seeds 1 --seed 1 --reward rawlsian_maximin --constraint wealth --episodes 200 --workers 1 --weights-dir ./pepg_sequential_results
Started: 2026-01-22T15:56:18.060230
================================================================================

================================================================================
PERFORMATIVE POLICY GRADIENT V2 (Explicit Hawkes) EXPERIMENT
  Reward: RAWLSIAN_MAXIMIN
  Constraint: WEALTH
  Seed: 1
  Warmup: 0 episodes
================================================================================

CUDA Available: NVIDIA GeForce RTX 2080 Ti

[STEP 1] Loading Adult Income Data...
Downloading Adult Income dataset...
  Trying UCI Repository...
  ✓ Downloaded 20,000 records from UCI repository
Preprocessing Adult Income data...

  Deriving creditworthiness using income prediction model...

Male applicants: 13519
Female applicants: 6481
Male high-income rate: 0.312
Female high-income rate: 0.116

[STEP 2] Learning θ Parameters...

[STEP 3] Creating Environment...

[STEP 4] Creating PePG V2 Agent...
  Using device: cuda
  Mixed precision (AMP): Enabled
  Learnable lambdas enabled for 'wealth' (lr=0.01)
  Replay buffer capacity: 50 episodes
  Warmup episodes: 0

[STEP 5] Training PePG V2 Agent...
Training PePG V2 with rawlsian_maximin (wealth constraint)...
  Warmup episodes: 0
  Gradient weights: hawkes=1.0, wealth=1.0, transition=1.0, reward=1.0
  [PePG] Ep 0: R=109415.88, Avg=109415.88, ρ=1.07, λw=2.020, ‖∇std‖=34.388, ‖∇H‖=246513.641, ‖∇W‖=1437240.250
  [PePG] Ep 10: R=126557.43, Avg=126557.43, ρ=0.86, λw=2.233, ‖∇std‖=15.390, ‖∇H‖=36898.016, ‖∇W‖=139088.922
  [PePG] Ep 20: R=135341.07, Avg=124587.26, ρ=2.52, λw=2.467, ‖∇std‖=11.490, ‖∇H‖=8409.718, ‖∇W‖=49276.211
  [PePG] Ep 30: R=151244.94, Avg=142109.47, ρ=1.27, λw=2.727, ‖∇std‖=2.451, ‖∇H‖=9888.842, ‖∇W‖=51634.953
  [PePG] Ep 40: R=168369.60, Avg=158641.44, ρ=1.34, λw=3.014, ‖∇std‖=1.112, ‖∇H‖=4451.615, ‖∇W‖=31246.980
  [PePG] Ep 50: R=202629.91, Avg=176555.49, ρ=1.11, λw=3.331, ‖∇std‖=8.695, ‖∇H‖=3612.653, ‖∇W‖=3560.066
  [PePG] Ep 60: R=220921.20, Avg=197177.35, ρ=0.47, λw=3.681, ‖∇std‖=7.151, ‖∇H‖=90.403, ‖∇W‖=333.688
  [PePG] Ep 70: R=241246.71, Avg=217967.92, ρ=5.64, λw=4.068, ‖∇std‖=4.421, ‖∇H‖=2964.045, ‖∇W‖=9690.709
  [PePG] Ep 80: R=261211.12, Avg=241045.82, ρ=1.29, λw=4.496, ‖∇std‖=4.186, ‖∇H‖=1435.732, ‖∇W‖=7357.779
  [PePG] Ep 90: R=299249.31, Avg=269513.85, ρ=1.20, λw=4.969, ‖∇std‖=4.316, ‖∇H‖=3872.127, ‖∇W‖=13044.848
  [PePG] Ep 100: R=321428.47, Avg=297332.16, ρ=100.00, λw=5.491, ‖∇std‖=1.928, ‖∇H‖=37.181, ‖∇W‖=254.294
  [PePG] Ep 110: R=360953.08, Avg=327817.19, ρ=0.00, λw=6.069, ‖∇std‖=1.011, ‖∇H‖=11.565, ‖∇W‖=94.078
  [PePG] Ep 120: R=411409.36, Avg=366151.47, ρ=0.93, λw=6.707, ‖∇std‖=3.591, ‖∇H‖=0.831, ‖∇W‖=3.212
  [PePG] Ep 130: R=443928.36, Avg=405957.19, ρ=100.00, λw=7.412, ‖∇std‖=4.659, ‖∇H‖=0.968, ‖∇W‖=6.689
  [PePG] Ep 140: R=479042.81, Avg=448973.31, ρ=1.68, λw=8.192, ‖∇std‖=0.259, ‖∇H‖=1099.351, ‖∇W‖=4588.559
  [PePG] Ep 150: R=530921.62, Avg=493459.30, ρ=100.00, λw=9.053, ‖∇std‖=3.121, ‖∇H‖=1453.724, ‖∇W‖=12270.650
  [PePG] Ep 160: R=616160.59, Avg=543700.42, ρ=0.00, λw=10.006, ‖∇std‖=1.659, ‖∇H‖=139.370, ‖∇W‖=2119.123
  [PePG] Ep 170: R=679733.90, Avg=601086.79, ρ=0.00, λw=11.058, ‖∇std‖=2.782, ‖∇H‖=2003.120, ‖∇W‖=15993.135
  [PePG] Ep 180: R=699553.79, Avg=665944.80, ρ=0.00, λw=12.221, ‖∇std‖=1.961, ‖∇H‖=0.291, ‖∇W‖=2.259
  [PePG] Ep 190: R=771234.14, Avg=729290.86, ρ=1.11, λw=13.506, ‖∇std‖=1.653, ‖∇H‖=1430.092, ‖∇W‖=10164.937
  [PePG] Ep 199: R=895265.28, Avg=799034.12, ρ=0.99, λw=14.778, ‖∇std‖=0.869, ‖∇H‖=0.000, ‖∇W‖=0.000

Training complete. Buffer: 50 episodes

============================================================
TRAINING COMPLETE
============================================================
  Final wealth gap: $13.388k
  Approval disparity: -0.0007
  Total profit: $18.320k
  Mean ρ: 16.0374
  PePG V2 model saved to ./pepg_sequential_results/pepg_rawlsian_maximin_wealth_seed1.pt
================================================================================
TESTING TRAINED AGENT (EPISODE-WISE METRICS)
================================================================================
  Model: ./pepg_sequential_results/pepg_rawlsian_maximin_wealth_seed1.pt
  Episodes: 100
  Continuous play: YES (no wealth reset between episodes)
  Credit threshold for ground truth: 0.5
  Checkpoint directory: ./checkpoints
  Resume from checkpoint: True
================================================================================

[1] Loading Data...
Downloading Adult Income dataset...
Preprocessing Adult Income data...

  Deriving creditworthiness (ground truth) using income prediction model...

Male applicants: 13519
Female applicants: 6481
Male ground truth approval rate: 0.180
Female ground truth approval rate: 0.087
Loading model from ./pepg_sequential_results/pepg_rawlsian_maximin_wealth_seed1.pt...
  ✓ Model loaded successfully
    Reward function: rawlsian_maximin
    Constraint type: wealth

[5] Running 100 Episodes (Episodes 1 to 100)...

  Starting Episode 1 (ALL state preserved - continuous play)

  Episode 10/100 Complete:
    Timesteps this episode: 199
    Total time elapsed: 995.0
    μ_M: $60.84k, μ_F: $48.31k
    Wealth Gap: $12.53k
    Episode Approval Rate M: 0.0000
    Episode Approval Rate F: 0.0020
    Episode Profit: $5.65k
    Cumulative Profit: $34.45k

  Starting Episode 11 (ALL state preserved - continuous play)

  Episode 20/100 Complete:
    Timesteps this episode: 199
    Total time elapsed: 1990.0
    μ_M: $60.85k, μ_F: $48.34k
    Wealth Gap: $12.52k
    Episode Approval Rate M: 0.0017
    Episode Approval Rate F: 0.0000
    Episode Profit: $2.92k
    Cumulative Profit: $67.35k

  Starting Episode 21 (ALL state preserved - continuous play)

  Episode 30/100 Complete:
    Timesteps this episode: 199
    Total time elapsed: 2985.0
    μ_M: $60.88k, μ_F: $48.36k
    Wealth Gap: $12.52k
    Episode Approval Rate M: 0.0000
    Episode Approval Rate F: 0.0000
    Episode Profit: $0.00k
    Cumulative Profit: $12.19k

  Starting Episode 31 (ALL state preserved - continuous play)

  Episode 40/100 Complete:
    Timesteps this episode: 199
    Total time elapsed: 3980.0
    μ_M: $60.89k, μ_F: $48.38k
    Wealth Gap: $12.52k
    Episode Approval Rate M: 0.0050
    Episode Approval Rate F: 0.0022
    Episode Profit: $17.86k
    Cumulative Profit: $80.29k

  Starting Episode 41 (ALL state preserved - continuous play)

  Episode 50/100 Complete:
    Timesteps this episode: 199
    Total time elapsed: 4975.0
    μ_M: $60.92k, μ_F: $48.40k
    Wealth Gap: $12.51k
    Episode Approval Rate M: 0.0000
    Episode Approval Rate F: 0.0042
    Episode Profit: $9.56k
    Cumulative Profit: $111.38k

  Starting Episode 51 (ALL state preserved - continuous play)

  Episode 60/100 Complete:
    Timesteps this episode: 199
    Total time elapsed: 5970.0
    μ_M: $60.95k, μ_F: $48.43k
    Wealth Gap: $12.53k
    Episode Approval Rate M: 0.0034
    Episode Approval Rate F: 0.0000
    Episode Profit: $4.02k
    Cumulative Profit: $76.28k

  Starting Episode 61 (ALL state preserved - continuous play)

  Episode 70/100 Complete:
    Timesteps this episode: 199
    Total time elapsed: 6965.0
    μ_M: $60.97k, μ_F: $48.47k
    Wealth Gap: $12.50k
    Episode Approval Rate M: 0.0000
    Episode Approval Rate F: 0.0000
    Episode Profit: $0.00k
    Cumulative Profit: $23.43k

  Starting Episode 71 (ALL state preserved - continuous play)

  Episode 80/100 Complete:
    Timesteps this episode: 199
    Total time elapsed: 7960.0
    μ_M: $60.99k, μ_F: $48.49k
    Wealth Gap: $12.50k
    Episode Approval Rate M: 0.0019
    Episode Approval Rate F: 0.0000
    Episode Profit: $4.97k
    Cumulative Profit: $82.99k

  Starting Episode 81 (ALL state preserved - continuous play)

  Episode 90/100 Complete:
    Timesteps this episode: 199
    Total time elapsed: 8955.0
    μ_M: $60.99k, μ_F: $48.51k
    Wealth Gap: $12.48k
    Episode Approval Rate M: 0.0000
    Episode Approval Rate F: 0.0000
    Episode Profit: $0.00k
    Cumulative Profit: $86.88k

  Starting Episode 91 (ALL state preserved - continuous play)

  Episode 100/100 Complete:
    Timesteps this episode: 199
    Total time elapsed: 9950.0
    μ_M: $61.00k, μ_F: $48.54k
    Wealth Gap: $12.46k
    Episode Approval Rate M: 0.0035
    Episode Approval Rate F: 0.0023
    Episode Profit: $6.57k
    Cumulative Profit: $70.41k

[6] Computing Final Metrics...

================================================================================
FINAL TESTING RESULTS
================================================================================

  Model: rawlsian_maximin (wealth)
  Episodes: 100
  Total Time: 9950.0
  Hawkes Events (M/F): 85/82

  --- Wealth Metrics ---
  Initial μ_M,0: $60.82k
  Initial μ_F,0: $48.29k
  Final μ_M: $61.00k
  Final μ_F: $48.54k
  Final Wealth Gap: $12.46k

  --- Long-term Social Welfare R_g(t) = (μ_g,t - μ_g,0) / t ---
  R_M (Male):   0.000019 ($1000s per time unit)
  R_F (Female): 0.000025 ($1000s per time unit)
  R_total:      0.000022 ($1000s per time unit)
  R_M / R_F:    0.7528

  --- Inequality Ratio ρ = Δμ_M / Δμ_F (per episode) ---
  Mean ρ:   25.4957
  Std ρ:    43.0322
  Min ρ:    0.0000
  Max ρ:    100.0000
  Last 5 episodes: ['0.000', '0.000', '0.000', '0.000', '2.650']

  --- Approval Metrics ---
  Total Applications M: 57716
  Total Applications F: 47109
  Total Loans Approved M: 85
  Total Loans Approved F: 82
  Final Approval Rate M: 0.0015
  Final Approval Rate F: 0.0017

  --- Success Probabilities ---
  Total Defaults M: 8
  Total Defaults F: 11
  Final Success Prob M: 0.9059
  Final Success Prob F: 0.8659

  --- Ground Truth Comparison (Males) ---
  True Positives:  20
  False Positives: 65
  True Negatives:  45373
  False Negatives: 12258
  Accuracy:  0.7865
  Precision: 0.2353
  Recall:    0.0016

  --- Ground Truth Comparison (Females) ---
  True Positives:  6
  False Positives: 76
  True Negatives:  41886
  False Negatives: 5141
  Accuracy:  0.8893
  Precision: 0.0732
  Recall:    0.0012

  --- Profit ---
  Cumulative Profit: $70.41k

[7] Saving Results...
  Saved episode metrics to ./pepg_sequential_results/test_episode_metrics_rawlsian_maximin_wealth_seed1_20260122_161632.csv

================================================================================
Finished: 2026-01-22T16:16:33.245206
Exit code: 0
Test Exit code: 0
