Job: social_welfare_wealth_seed3
Command: uv run python -u par_pepg.py --seeds 1 --seed 3 --reward social_welfare --constraint wealth --episodes 200 --workers 1 --weights-dir ./pepg_sequential_results
Started: 2026-01-24T18:24:46.643603
================================================================================

================================================================================
PERFORMATIVE POLICY GRADIENT V2 (Explicit Hawkes) EXPERIMENT
  Reward: SOCIAL_WELFARE
  Constraint: WEALTH
  Seed: 3
  Warmup: 0 episodes
================================================================================

CUDA Available: NVIDIA L40S

[STEP 1] Loading Adult Income Data...
Downloading Adult Income dataset...
  Trying UCI Repository...
  ✓ Downloaded 20,000 records from UCI repository
Preprocessing Adult Income data...

  Deriving creditworthiness using income prediction model...

Male applicants: 13519
Female applicants: 6481
Male high-income rate: 0.312
Female high-income rate: 0.116

[STEP 2] Learning θ Parameters...

[STEP 3] Creating Environment...

[STEP 4] Creating PePG V2 Agent...
  Using device: cuda
  Mixed precision (AMP): Enabled
  Learnable lambdas enabled for 'wealth' (lr=0.01)
  Replay buffer capacity: 50 episodes
  Warmup episodes: 0

[STEP 5] Training PePG V2 Agent...
Training PePG V2 with social_welfare (wealth constraint)...
  Warmup episodes: 0
  Gradient weights: hawkes=1.0, wealth=1.0, transition=1.0, reward=1.0
  [PePG] Ep 0: R=253766.09, Avg=253766.09, ρ=1.46, λw=2.020, Number of Approvals R = 310.000, Number of Approvals B = 244.000, 
  [PePG] Ep 10: R=371067.60, Avg=371067.60, ρ=1.32, λw=2.233, Number of Approvals R = 401.000, Number of Approvals B = 343.000, 
  [PePG] Ep 20: R=478358.44, Avg=364279.50, ρ=1.28, λw=2.467, Number of Approvals R = 391.000, Number of Approvals B = 282.000, 
  [PePG] Ep 30: R=702947.94, Avg=513384.44, ρ=1.21, λw=2.727, Number of Approvals R = 554.000, Number of Approvals B = 432.000, 
  [PePG] Ep 40: R=1057522.23, Avg=753362.06, ρ=1.36, λw=3.014, Number of Approvals R = 672.000, Number of Approvals B = 490.000, 
  [PePG] Ep 50: R=1576541.70, Avg=1115194.35, ρ=1.56, λw=3.331, Number of Approvals R = 811.000, Number of Approvals B = 552.000, 
  [PePG] Ep 60: R=2384330.25, Avg=1658861.42, ρ=1.11, λw=3.681, Number of Approvals R = 938.000, Number of Approvals B = 772.000, 
  [PePG] Ep 70: R=3514569.91, Avg=2495365.66, ρ=1.30, λw=4.068, Number of Approvals R = 895.000, Number of Approvals B = 664.000, 
  [PePG] Ep 80: R=4778441.95, Avg=3588165.96, ρ=1.26, λw=4.496, Number of Approvals R = 896.000, Number of Approvals B = 718.000, 
  [PePG] Ep 90: R=6281598.62, Avg=4883380.62, ρ=1.18, λw=4.969, Number of Approvals R = 868.000, Number of Approvals B = 710.000, 
  [PePG] Ep 100: R=8202282.72, Avg=6442702.57, ρ=1.17, λw=5.491, Number of Approvals R = 776.000, Number of Approvals B = 700.000, 
  [PePG] Ep 110: R=10154176.73, Avg=8290727.73, ρ=1.14, λw=6.069, Number of Approvals R = 691.000, Number of Approvals B = 560.000, 
  [PePG] Ep 120: R=12157713.88, Avg=10285306.62, ρ=1.27, λw=6.707, Number of Approvals R = 516.000, Number of Approvals B = 448.000, 
  [PePG] Ep 130: R=14123982.14, Avg=12332518.45, ρ=1.01, λw=7.412, Number of Approvals R = 346.000, Number of Approvals B = 285.000, 
  [PePG] Ep 140: R=16470988.76, Avg=14399645.80, ρ=1.08, λw=8.192, Number of Approvals R = 340.000, Number of Approvals B = 298.000, 
  [PePG] Ep 150: R=18803027.43, Avg=16592332.06, ρ=1.20, λw=9.053, Number of Approvals R = 310.000, Number of Approvals B = 268.000, 
  [PePG] Ep 160: R=21638150.67, Avg=19094502.09, ρ=1.12, λw=10.006, Number of Approvals R = 301.000, Number of Approvals B = 280.000, 
  [PePG] Ep 170: R=24717942.27, Avg=21820464.08, ρ=1.08, λw=11.058, Number of Approvals R = 290.000, Number of Approvals B = 258.000, 
  [PePG] Ep 180: R=28013042.62, Avg=24885442.03, ρ=1.09, λw=12.221, Number of Approvals R = 272.000, Number of Approvals B = 264.000, 
  [PePG] Ep 190: R=32002654.73, Avg=28354772.49, ρ=0.93, λw=13.506, Number of Approvals R = 227.000, Number of Approvals B = 209.000, 
  [PePG] Ep 199: R=35381716.76, Avg=31647976.93, ρ=1.13, λw=14.778, Number of Approvals R = 189.000, Number of Approvals B = 174.000, 

Training complete. Buffer: 50 episodes

============================================================
TRAINING COMPLETE
============================================================
  Final wealth gap: $63.747k
  Approval disparity: -0.0015
  Total profit: $341.674k
  Mean ρ: 1.1930
  PePG V2 model saved to ./pepg_sequential_results/pepg_social_welfare_wealth_seed3.pt
================================================================================
TESTING TRAINED AGENT (EPISODE-WISE METRICS)
================================================================================
  Model: ./pepg_sequential_results/pepg_social_welfare_wealth_seed3.pt
  Episodes: 100
  Continuous play: YES (no wealth reset between episodes)
  Credit threshold for ground truth: 0.5
  Checkpoint directory: ./checkpoints
  Resume from checkpoint: True
================================================================================

[1] Loading Data...
Downloading Adult Income dataset...
Preprocessing Adult Income data...

  Deriving creditworthiness (ground truth) using income prediction model...

Male applicants: 13519
Female applicants: 6481
Male ground truth approval rate: 0.180
Female ground truth approval rate: 0.087
Loading model from ./pepg_sequential_results/pepg_social_welfare_wealth_seed3.pt...
  ✓ Model loaded successfully
    Reward function: social_welfare
    Constraint type: wealth

[5] Running 100 Episodes (Episodes 1 to 100)...

  Starting Episode 1 (ALL state preserved - continuous play)

  Episode 10/100 Complete:
    Timesteps this episode: 199
    Total time elapsed: 995.0
    μ_M: $63.08k, μ_F: $50.25k
    Wealth Gap: $12.83k
    Episode Approval Rate M: 0.1364
    Episode Approval Rate F: 0.1612
    Episode Profit: $613.80k
    Cumulative Profit: $3119.71k

  Starting Episode 11 (ALL state preserved - continuous play)

  Episode 20/100 Complete:
    Timesteps this episode: 199
    Total time elapsed: 1990.0
    μ_M: $65.79k, μ_F: $52.30k
    Wealth Gap: $13.49k
    Episode Approval Rate M: 0.1612
    Episode Approval Rate F: 0.1476
    Episode Profit: $746.54k
    Cumulative Profit: $5784.60k

  Starting Episode 21 (ALL state preserved - continuous play)

  Episode 30/100 Complete:
    Timesteps this episode: 199
    Total time elapsed: 2985.0
    μ_M: $68.41k, μ_F: $54.31k
    Wealth Gap: $14.10k
    Episode Approval Rate M: 0.1536
    Episode Approval Rate F: 0.1728
    Episode Profit: $758.32k
    Cumulative Profit: $8320.68k

  Starting Episode 31 (ALL state preserved - continuous play)

  Episode 40/100 Complete:
    Timesteps this episode: 199
    Total time elapsed: 3980.0
    μ_M: $71.14k, μ_F: $56.35k
    Wealth Gap: $14.79k
    Episode Approval Rate M: 0.1485
    Episode Approval Rate F: 0.1516
    Episode Profit: $674.08k
    Cumulative Profit: $10997.02k

  Starting Episode 41 (ALL state preserved - continuous play)

  Episode 50/100 Complete:
    Timesteps this episode: 199
    Total time elapsed: 4975.0
    μ_M: $73.60k, μ_F: $58.33k
    Wealth Gap: $15.27k
    Episode Approval Rate M: 0.1601
    Episode Approval Rate F: 0.1703
    Episode Profit: $772.98k
    Cumulative Profit: $15010.51k

  Starting Episode 51 (ALL state preserved - continuous play)

  Episode 60/100 Complete:
    Timesteps this episode: 199
    Total time elapsed: 5970.0
    μ_M: $76.44k, μ_F: $60.62k
    Wealth Gap: $15.82k
    Episode Approval Rate M: 0.1408
    Episode Approval Rate F: 0.1484
    Episode Profit: $669.76k
    Cumulative Profit: $17291.60k

  Starting Episode 61 (ALL state preserved - continuous play)

  Episode 70/100 Complete:
    Timesteps this episode: 199
    Total time elapsed: 6965.0
    μ_M: $79.25k, μ_F: $62.71k
    Wealth Gap: $16.55k
    Episode Approval Rate M: 0.1394
    Episode Approval Rate F: 0.1488
    Episode Profit: $755.55k
    Cumulative Profit: $20509.01k

  Starting Episode 71 (ALL state preserved - continuous play)

  Episode 80/100 Complete:
    Timesteps this episode: 199
    Total time elapsed: 7960.0
    μ_M: $82.20k, μ_F: $64.89k
    Wealth Gap: $17.31k
    Episode Approval Rate M: 0.1658
    Episode Approval Rate F: 0.1704
    Episode Profit: $828.91k
    Cumulative Profit: $23289.56k

  Starting Episode 81 (ALL state preserved - continuous play)

  Episode 90/100 Complete:
    Timesteps this episode: 199
    Total time elapsed: 8955.0
    μ_M: $84.98k, μ_F: $67.15k
    Wealth Gap: $17.83k
    Episode Approval Rate M: 0.1413
    Episode Approval Rate F: 0.1617
    Episode Profit: $822.95k
    Cumulative Profit: $26604.34k

  Starting Episode 91 (ALL state preserved - continuous play)

  Episode 100/100 Complete:
    Timesteps this episode: 199
    Total time elapsed: 9950.0
    μ_M: $87.87k, μ_F: $69.48k
    Wealth Gap: $18.39k
    Episode Approval Rate M: 0.1402
    Episode Approval Rate F: 0.1341
    Episode Profit: $700.38k
    Cumulative Profit: $29821.16k

[6] Computing Final Metrics...

================================================================================
FINAL TESTING RESULTS
================================================================================

  Model: social_welfare (wealth)
  Episodes: 100
  Total Time: 9950.0
  Hawkes Events (M/F): 10799/8334

  --- Wealth Metrics ---
  Initial μ_M,0: $60.82k
  Initial μ_F,0: $48.29k
  Final μ_M: $87.87k
  Final μ_F: $69.48k
  Final Wealth Gap: $18.39k

  --- Long-term Social Welfare R_g(t) = (μ_g,t - μ_g,0) / t ---
  R_M (Male):   0.002719 ($1000s per time unit)
  R_F (Female): 0.002130 ($1000s per time unit)
  R_total:      0.002425 ($1000s per time unit)
  R_M / R_F:    1.2766

  --- Inequality Ratio ρ = Δμ_M / Δμ_F (per episode) ---
  Mean ρ:   1.3121
  Std ρ:    0.2761
  Min ρ:    0.8037
  Max ρ:    2.2273
  Last 5 episodes: ['1.080', '0.905', '1.580', '1.203', '1.574']

  --- Approval Metrics ---
  Total Applications M: 68985
  Total Applications F: 53574
  Total Loans Approved M: 10799
  Total Loans Approved F: 8334
  Final Approval Rate M: 0.1565
  Final Approval Rate F: 0.1556

  --- Success Probabilities ---
  Total Defaults M: 873
  Total Defaults F: 704
  Final Success Prob M: 0.9192
  Final Success Prob F: 0.9155

  --- Ground Truth Comparison (Males) ---
  True Positives:  2269
  False Positives: 8530
  True Negatives:  45989
  False Negatives: 12197
  Accuracy:  0.6995
  Precision: 0.2101
  Recall:    0.1569

  --- Ground Truth Comparison (Females) ---
  True Positives:  925
  False Positives: 7409
  True Negatives:  40246
  False Negatives: 4994
  Accuracy:  0.7685
  Precision: 0.1110
  Recall:    0.1563

  --- Profit ---
  Cumulative Profit: $29821.16k

[7] Saving Results...
  Saved episode metrics to ./pepg_sequential_results/test_episode_metrics_social_welfare_wealth_seed3_20260124_183544.csv

================================================================================
Finished: 2026-01-24T18:35:45.371836
Exit code: 0
Test Exit code: 0
