Job: social_welfare_wealth_seed4
Command: uv run python -u par_pepg.py --seeds 1 --seed 4 --reward social_welfare --constraint wealth --episodes 200 --workers 1 --weights-dir ./pepg_sequential_results
Started: 2026-01-24T18:35:45.372519
================================================================================

================================================================================
PERFORMATIVE POLICY GRADIENT V2 (Explicit Hawkes) EXPERIMENT
  Reward: SOCIAL_WELFARE
  Constraint: WEALTH
  Seed: 4
  Warmup: 0 episodes
================================================================================

CUDA Available: NVIDIA L40S

[STEP 1] Loading Adult Income Data...
Downloading Adult Income dataset...
  Trying UCI Repository...
  ✓ Downloaded 20,000 records from UCI repository
Preprocessing Adult Income data...

  Deriving creditworthiness using income prediction model...

Male applicants: 13519
Female applicants: 6481
Male high-income rate: 0.312
Female high-income rate: 0.116

[STEP 2] Learning θ Parameters...

[STEP 3] Creating Environment...

[STEP 4] Creating PePG V2 Agent...
  Using device: cuda
  Mixed precision (AMP): Enabled
  Learnable lambdas enabled for 'wealth' (lr=0.01)
  Replay buffer capacity: 50 episodes
  Warmup episodes: 0

[STEP 5] Training PePG V2 Agent...
Training PePG V2 with social_welfare (wealth constraint)...
  Warmup episodes: 0
  Gradient weights: hawkes=1.0, wealth=1.0, transition=1.0, reward=1.0
  [PePG] Ep 0: R=230569.69, Avg=230569.69, ρ=1.23, λw=2.020, Number of Approvals R = 200.000, Number of Approvals B = 176.000, 
  [PePG] Ep 10: R=327080.41, Avg=327080.41, ρ=1.35, λw=2.233, Number of Approvals R = 363.000, Number of Approvals B = 261.000, 
  [PePG] Ep 20: R=499139.00, Avg=353948.29, ρ=1.36, λw=2.467, Number of Approvals R = 494.000, Number of Approvals B = 374.000, 
  [PePG] Ep 30: R=673594.05, Avg=511749.12, ρ=1.34, λw=2.727, Number of Approvals R = 531.000, Number of Approvals B = 399.000, 
  [PePG] Ep 40: R=1111183.30, Avg=759317.71, ρ=1.34, λw=3.014, Number of Approvals R = 787.000, Number of Approvals B = 580.000, 
  [PePG] Ep 50: R=1798943.70, Avg=1171037.45, ρ=1.44, λw=3.331, Number of Approvals R = 1045.000, Number of Approvals B = 697.000, 
  [PePG] Ep 60: R=2689787.66, Avg=1832952.83, ρ=1.33, λw=3.681, Number of Approvals R = 959.000, Number of Approvals B = 699.000, 
  [PePG] Ep 70: R=3956202.86, Avg=2781917.72, ρ=1.42, λw=4.068, Number of Approvals R = 1161.000, Number of Approvals B = 811.000, 
  [PePG] Ep 80: R=5675096.56, Avg=4096360.64, ρ=1.29, λw=4.496, Number of Approvals R = 1291.000, Number of Approvals B = 1068.000, 
  [PePG] Ep 90: R=8045683.80, Avg=5944511.15, ρ=1.19, λw=4.969, Number of Approvals R = 1486.000, Number of Approvals B = 1239.000, 
  [PePG] Ep 100: R=11293187.75, Avg=8412197.39, ρ=1.06, λw=5.491, Number of Approvals R = 1461.000, Number of Approvals B = 1355.000, 
  [PePG] Ep 110: R=14839210.35, Avg=11472660.40, ρ=1.02, λw=6.069, Number of Approvals R = 1575.000, Number of Approvals B = 1513.000, 
  [PePG] Ep 120: R=18902011.57, Avg=15043341.60, ρ=0.98, λw=6.707, Number of Approvals R = 1718.000, Number of Approvals B = 1677.000, 
  [PePG] Ep 130: R=23733562.92, Avg=19224581.33, ρ=0.98, λw=7.412, Number of Approvals R = 1746.000, Number of Approvals B = 1741.000, 
  [PePG] Ep 140: R=29424354.59, Avg=24159700.34, ρ=1.02, λw=8.192, Number of Approvals R = 1744.000, Number of Approvals B = 1755.000, 
  [PePG] Ep 150: R=35993585.72, Avg=29882072.66, ρ=1.01, λw=9.053, Number of Approvals R = 1781.000, Number of Approvals B = 1789.000, 
  [PePG] Ep 160: R=43694510.70, Avg=36532817.53, ρ=1.03, λw=10.006, Number of Approvals R = 1858.000, Number of Approvals B = 1844.000, 
  [PePG] Ep 170: R=52717907.66, Avg=44340009.64, ρ=0.99, λw=11.058, Number of Approvals R = 1888.000, Number of Approvals B = 1872.000, 
  [PePG] Ep 180: R=63220007.95, Avg=53458649.55, ρ=1.07, λw=12.221, Number of Approvals R = 1929.000, Number of Approvals B = 1922.000, 
  [PePG] Ep 190: R=75396814.60, Avg=64066418.19, ρ=0.98, λw=13.506, Number of Approvals R = 1943.000, Number of Approvals B = 1928.000, 
  [PePG] Ep 199: R=88064891.06, Avg=75080142.24, ρ=1.02, λw=14.778, Number of Approvals R = 1950.000, Number of Approvals B = 1938.000, 

Training complete. Buffer: 50 episodes

============================================================
TRAINING COMPLETE
============================================================
  Final wealth gap: $66.294k
  Approval disparity: -0.0045
  Total profit: $5681.072k
  Mean ρ: 1.1501
  PePG V2 model saved to ./pepg_sequential_results/pepg_social_welfare_wealth_seed4.pt
================================================================================
TESTING TRAINED AGENT (EPISODE-WISE METRICS)
================================================================================
  Model: ./pepg_sequential_results/pepg_social_welfare_wealth_seed4.pt
  Episodes: 100
  Continuous play: YES (no wealth reset between episodes)
  Credit threshold for ground truth: 0.5
  Checkpoint directory: ./checkpoints
  Resume from checkpoint: True
================================================================================

[1] Loading Data...
Downloading Adult Income dataset...
Preprocessing Adult Income data...

  Deriving creditworthiness (ground truth) using income prediction model...

Male applicants: 13519
Female applicants: 6481
Male ground truth approval rate: 0.180
Female ground truth approval rate: 0.087
Loading model from ./pepg_sequential_results/pepg_social_welfare_wealth_seed4.pt...
  ✓ Model loaded successfully
    Reward function: social_welfare
    Constraint type: wealth

[5] Running 100 Episodes (Episodes 1 to 100)...

  Starting Episode 1 (ALL state preserved - continuous play)

  Episode 10/100 Complete:
    Timesteps this episode: 199
    Total time elapsed: 995.0
    μ_M: $78.40k, μ_F: $62.39k
    Wealth Gap: $16.01k
    Episode Approval Rate M: 0.9481
    Episode Approval Rate F: 0.9371
    Episode Profit: $5484.86k
    Cumulative Profit: $20179.68k

  Starting Episode 11 (ALL state preserved - continuous play)

  Episode 20/100 Complete:
    Timesteps this episode: 199
    Total time elapsed: 1990.0
    μ_M: $100.44k, μ_F: $79.69k
    Wealth Gap: $20.75k
    Episode Approval Rate M: 0.9432
    Episode Approval Rate F: 0.9304
    Episode Profit: $6912.55k
    Cumulative Profit: $41912.85k

  Starting Episode 21 (ALL state preserved - continuous play)

  Episode 30/100 Complete:
    Timesteps this episode: 199
    Total time elapsed: 2985.0
    μ_M: $129.16k, μ_F: $100.78k
    Wealth Gap: $28.38k
    Episode Approval Rate M: 0.9316
    Episode Approval Rate F: 0.9435
    Episode Profit: $7906.96k
    Cumulative Profit: $67811.86k

  Starting Episode 31 (ALL state preserved - continuous play)

  Episode 40/100 Complete:
    Timesteps this episode: 199
    Total time elapsed: 3980.0
    μ_M: $163.44k, μ_F: $126.64k
    Wealth Gap: $36.80k
    Episode Approval Rate M: 0.9273
    Episode Approval Rate F: 0.9386
    Episode Profit: $9850.48k
    Cumulative Profit: $103998.67k

  Starting Episode 41 (ALL state preserved - continuous play)

  Episode 50/100 Complete:
    Timesteps this episode: 199
    Total time elapsed: 4975.0
    μ_M: $206.27k, μ_F: $159.21k
    Wealth Gap: $47.06k
    Episode Approval Rate M: 0.9430
    Episode Approval Rate F: 0.9419
    Episode Profit: $12672.87k
    Cumulative Profit: $146678.76k

  Starting Episode 51 (ALL state preserved - continuous play)

  Episode 60/100 Complete:
    Timesteps this episode: 199
    Total time elapsed: 5970.0
    μ_M: $252.54k, μ_F: $198.27k
    Wealth Gap: $54.27k
    Episode Approval Rate M: 0.9493
    Episode Approval Rate F: 0.9521
    Episode Profit: $13949.49k
    Cumulative Profit: $198706.27k

  Starting Episode 61 (ALL state preserved - continuous play)

  Episode 70/100 Complete:
    Timesteps this episode: 199
    Total time elapsed: 6965.0
    μ_M: $302.31k, μ_F: $243.89k
    Wealth Gap: $58.42k
    Episode Approval Rate M: 0.9510
    Episode Approval Rate F: 0.9473
    Episode Profit: $15110.07k
    Cumulative Profit: $254285.48k

  Starting Episode 71 (ALL state preserved - continuous play)

  Episode 80/100 Complete:
    Timesteps this episode: 199
    Total time elapsed: 7960.0
    μ_M: $353.74k, μ_F: $293.67k
    Wealth Gap: $60.07k
    Episode Approval Rate M: 0.9517
    Episode Approval Rate F: 0.9516
    Episode Profit: $15597.54k
    Cumulative Profit: $312022.09k

  Starting Episode 81 (ALL state preserved - continuous play)

  Episode 90/100 Complete:
    Timesteps this episode: 199
    Total time elapsed: 8955.0
    μ_M: $406.33k, μ_F: $344.79k
    Wealth Gap: $61.54k
    Episode Approval Rate M: 0.9610
    Episode Approval Rate F: 0.9561
    Episode Profit: $15936.06k
    Cumulative Profit: $370750.61k

  Starting Episode 91 (ALL state preserved - continuous play)

  Episode 100/100 Complete:
    Timesteps this episode: 199
    Total time elapsed: 9950.0
    μ_M: $458.73k, μ_F: $396.85k
    Wealth Gap: $61.88k
    Episode Approval Rate M: 0.9635
    Episode Approval Rate F: 0.9583
    Episode Profit: $16038.52k
    Cumulative Profit: $430430.47k

[6] Computing Final Metrics...

================================================================================
FINAL TESTING RESULTS
================================================================================

  Model: social_welfare (wealth)
  Episodes: 100
  Total Time: 9950.0
  Hawkes Events (M/F): 145649/127066

  --- Wealth Metrics ---
  Initial μ_M,0: $60.82k
  Initial μ_F,0: $48.29k
  Final μ_M: $458.73k
  Final μ_F: $396.85k
  Final Wealth Gap: $61.88k

  --- Long-term Social Welfare R_g(t) = (μ_g,t - μ_g,0) / t ---
  R_M (Male):   0.039991 ($1000s per time unit)
  R_F (Female): 0.035031 ($1000s per time unit)
  R_total:      0.037511 ($1000s per time unit)
  R_M / R_F:    1.1416

  --- Inequality Ratio ρ = Δμ_M / Δμ_F (per episode) ---
  Mean ρ:   1.1893
  Std ρ:    0.1460
  Min ρ:    0.9691
  Max ρ:    1.4899
  Last 5 episodes: ['0.988', '1.033', '1.018', '1.014', '0.969']

  --- Approval Metrics ---
  Total Applications M: 153576
  Total Applications F: 133741
  Total Loans Approved M: 145649
  Total Loans Approved F: 127066
  Final Approval Rate M: 0.9484
  Final Approval Rate F: 0.9501

  --- Success Probabilities ---
  Total Defaults M: 12350
  Total Defaults F: 10888
  Final Success Prob M: 0.9152
  Final Success Prob F: 0.9143

  --- Ground Truth Comparison (Males) ---
  True Positives:  27048
  False Positives: 118601
  True Negatives:  6428
  False Negatives: 1499
  Accuracy:  0.2180
  Precision: 0.1857
  Recall:    0.9475

  --- Ground Truth Comparison (Females) ---
  True Positives:  12906
  False Positives: 114160
  True Negatives:  5976
  False Negatives: 699
  Accuracy:  0.1412
  Precision: 0.1016
  Recall:    0.9486

  --- Profit ---
  Cumulative Profit: $430430.47k

[7] Saving Results...
  Saved episode metrics to ./pepg_sequential_results/test_episode_metrics_social_welfare_wealth_seed4_20260124_190935.csv

================================================================================
Finished: 2026-01-24T19:09:36.401052
Exit code: 0
Test Exit code: 0
