Job: social_welfare_both_seed2
Command: uv run python -u par_pepg.py --seeds 1 --seed 2 --reward social_welfare --constraint both --episodes 200 --workers 1 --weights-dir ./pepg_sequential_results
Started: 2026-01-22T13:36:57.263767
================================================================================

================================================================================
PERFORMATIVE POLICY GRADIENT V2 (Explicit Hawkes) EXPERIMENT
  Reward: SOCIAL_WELFARE
  Constraint: BOTH
  Seed: 2
  Warmup: 0 episodes
================================================================================

CUDA Available: NVIDIA GeForce RTX 2080 Ti

[STEP 1] Loading Adult Income Data...
Downloading Adult Income dataset...
  Trying UCI Repository...
  ✓ Downloaded 20,000 records from UCI repository
Preprocessing Adult Income data...

  Deriving creditworthiness using income prediction model...

Male applicants: 13519
Female applicants: 6481
Male high-income rate: 0.312
Female high-income rate: 0.116

[STEP 2] Learning θ Parameters...

[STEP 3] Creating Environment...

[STEP 4] Creating PePG V2 Agent...
  Using device: cuda
  Mixed precision (AMP): Enabled
  Learnable lambdas enabled for 'both' (lr=0.01)
  Replay buffer capacity: 50 episodes
  Warmup episodes: 0

[STEP 5] Training PePG V2 Agent...
Training PePG V2 with social_welfare (both constraint)...
  Warmup episodes: 0
  Gradient weights: hawkes=1.0, wealth=1.0, transition=1.0, reward=1.0
  [PePG] Ep 0: R=244997.00, Avg=244997.00, ρ=1.19, λw=2.020, ‖∇std‖=58.033, ‖∇H‖=265418.875, ‖∇W‖=1713793.000
  [PePG] Ep 10: R=285199.51, Avg=285199.51, ρ=1.04, λw=2.233, ‖∇std‖=1.358, ‖∇H‖=89519.930, ‖∇W‖=444642.156
  [PePG] Ep 20: R=328847.81, Avg=289631.06, ρ=0.67, λw=2.467, ‖∇std‖=5.896, ‖∇H‖=45490.758, ‖∇W‖=381043.719
  [PePG] Ep 30: R=359578.37, Avg=327771.88, ρ=0.85, λw=2.727, ‖∇std‖=11.085, ‖∇H‖=12366.523, ‖∇W‖=87342.953
  [PePG] Ep 40: R=395399.13, Avg=369091.66, ρ=0.73, λw=3.014, ‖∇std‖=5.103, ‖∇H‖=31898.887, ‖∇W‖=163790.891
  [PePG] Ep 50: R=454969.02, Avg=412122.16, ρ=5.44, λw=3.331, ‖∇std‖=3.874, ‖∇H‖=943.615, ‖∇W‖=3518.747
  [PePG] Ep 60: R=499218.86, Avg=458810.39, ρ=1.59, λw=3.681, ‖∇std‖=1.028, ‖∇H‖=146.735, ‖∇W‖=708.448
  [PePG] Ep 70: R=548654.87, Avg=512515.39, ρ=1.43, λw=4.068, ‖∇std‖=1.280, ‖∇H‖=244.940, ‖∇W‖=1072.734
  [PePG] Ep 80: R=609249.81, Avg=568711.41, ρ=2.04, λw=4.496, ‖∇std‖=2.444, ‖∇H‖=2277.359, ‖∇W‖=10504.080
  [PePG] Ep 90: R=681975.31, Avg=628406.43, ρ=0.82, λw=4.969, ‖∇std‖=1.237, ‖∇H‖=29458.568, ‖∇W‖=104640.594
  [PePG] Ep 100: R=729243.91, Avg=700332.53, ρ=0.64, λw=5.491, ‖∇std‖=2.547, ‖∇H‖=192.742, ‖∇W‖=718.913
  [PePG] Ep 110: R=831064.27, Avg=772129.59, ρ=100.00, λw=6.069, ‖∇std‖=1.277, ‖∇H‖=21.752, ‖∇W‖=54.206
  [PePG] Ep 120: R=965849.37, Avg=854421.96, ρ=3.40, λw=6.707, ‖∇std‖=3.591, ‖∇H‖=7.325, ‖∇W‖=66.718
  [PePG] Ep 130: R=1009173.66, Avg=948460.36, ρ=3.90, λw=7.412, ‖∇std‖=0.260, ‖∇H‖=4337.918, ‖∇W‖=12330.321
  [PePG] Ep 140: R=1147039.87, Avg=1052602.78, ρ=0.00, λw=8.192, ‖∇std‖=2.415, ‖∇H‖=63.498, ‖∇W‖=361.179
  [PePG] Ep 150: R=1212952.05, Avg=1157256.57, ρ=5.84, λw=9.053, ‖∇std‖=0.328, ‖∇H‖=866.201, ‖∇W‖=3131.466
  [PePG] Ep 160: R=1428069.06, Avg=1271066.58, ρ=0.09, λw=10.006, ‖∇std‖=1.170, ‖∇H‖=3.721, ‖∇W‖=19.929
  [PePG] Ep 170: R=1611935.70, Avg=1410898.80, ρ=0.22, λw=11.058, ‖∇std‖=2.599, ‖∇H‖=4.137, ‖∇W‖=12.601
  [PePG] Ep 180: R=1636580.68, Avg=1554841.23, ρ=0.00, λw=12.221, ‖∇std‖=2.026, ‖∇H‖=7211.875, ‖∇W‖=0.000
  [PePG] Ep 190: R=1953560.95, Avg=1726432.91, ρ=0.00, λw=13.506, ‖∇std‖=0.398, ‖∇H‖=6109.463, ‖∇W‖=10410.746
  [PePG] Ep 199: R=1998171.82, Avg=1887921.67, ρ=0.55, λw=14.778, ‖∇std‖=0.844, ‖∇H‖=2141.854, ‖∇W‖=10971.526

Training complete. Buffer: 50 episodes

============================================================
TRAINING COMPLETE
============================================================
  Final wealth gap: $13.828k
  Approval disparity: -0.0014
  Total profit: $15.619k
  Mean ρ: 10.7504
  PePG V2 model saved to ./pepg_sequential_results/pepg_social_welfare_both_seed2.pt
================================================================================
TESTING TRAINED AGENT (EPISODE-WISE METRICS)
================================================================================
  Model: ./pepg_sequential_results/pepg_social_welfare_both_seed2.pt
  Episodes: 100
  Continuous play: YES (no wealth reset between episodes)
  Credit threshold for ground truth: 0.5
  Checkpoint directory: ./checkpoints
  Resume from checkpoint: True
================================================================================

[1] Loading Data...
Downloading Adult Income dataset...
Preprocessing Adult Income data...

  Deriving creditworthiness (ground truth) using income prediction model...

Male applicants: 13519
Female applicants: 6481
Male ground truth approval rate: 0.180
Female ground truth approval rate: 0.087
Loading model from ./pepg_sequential_results/pepg_social_welfare_both_seed2.pt...
  ✓ Model loaded successfully
    Reward function: social_welfare
    Constraint type: both

[5] Running 100 Episodes (Episodes 1 to 100)...

  Starting Episode 1 (ALL state preserved - continuous play)

  Episode 10/100 Complete:
    Timesteps this episode: 199
    Total time elapsed: 995.0
    μ_M: $60.82k, μ_F: $48.31k
    Wealth Gap: $12.51k
    Episode Approval Rate M: 0.0000
    Episode Approval Rate F: 0.0000
    Episode Profit: $0.00k
    Cumulative Profit: $60.03k

  Starting Episode 11 (ALL state preserved - continuous play)

  Episode 20/100 Complete:
    Timesteps this episode: 199
    Total time elapsed: 1990.0
    μ_M: $60.84k, μ_F: $48.32k
    Wealth Gap: $12.52k
    Episode Approval Rate M: 0.0018
    Episode Approval Rate F: 0.0000
    Episode Profit: $4.27k
    Cumulative Profit: $110.15k

  Starting Episode 21 (ALL state preserved - continuous play)

  Episode 30/100 Complete:
    Timesteps this episode: 199
    Total time elapsed: 2985.0
    μ_M: $60.88k, μ_F: $48.33k
    Wealth Gap: $12.55k
    Episode Approval Rate M: 0.0017
    Episode Approval Rate F: 0.0000
    Episode Profit: $0.00k
    Cumulative Profit: $68.48k

  Starting Episode 31 (ALL state preserved - continuous play)

  Episode 40/100 Complete:
    Timesteps this episode: 199
    Total time elapsed: 3980.0
    μ_M: $60.90k, μ_F: $48.35k
    Wealth Gap: $12.55k
    Episode Approval Rate M: 0.0018
    Episode Approval Rate F: 0.0042
    Episode Profit: $6.06k
    Cumulative Profit: $111.69k

  Starting Episode 41 (ALL state preserved - continuous play)

  Episode 50/100 Complete:
    Timesteps this episode: 199
    Total time elapsed: 4975.0
    μ_M: $60.92k, μ_F: $48.35k
    Wealth Gap: $12.56k
    Episode Approval Rate M: 0.0018
    Episode Approval Rate F: 0.0000
    Episode Profit: $0.00k
    Cumulative Profit: $132.70k

  Starting Episode 51 (ALL state preserved - continuous play)

  Episode 60/100 Complete:
    Timesteps this episode: 199
    Total time elapsed: 5970.0
    μ_M: $60.93k, μ_F: $48.38k
    Wealth Gap: $12.56k
    Episode Approval Rate M: 0.0033
    Episode Approval Rate F: 0.0000
    Episode Profit: $9.22k
    Cumulative Profit: $118.27k

  Starting Episode 61 (ALL state preserved - continuous play)

  Episode 70/100 Complete:
    Timesteps this episode: 199
    Total time elapsed: 6965.0
    μ_M: $60.96k, μ_F: $48.40k
    Wealth Gap: $12.56k
    Episode Approval Rate M: 0.0032
    Episode Approval Rate F: 0.0041
    Episode Profit: $19.55k
    Cumulative Profit: $141.76k

  Starting Episode 71 (ALL state preserved - continuous play)

  Episode 80/100 Complete:
    Timesteps this episode: 199
    Total time elapsed: 7960.0
    μ_M: $60.98k, μ_F: $48.41k
    Wealth Gap: $12.57k
    Episode Approval Rate M: 0.0034
    Episode Approval Rate F: 0.0000
    Episode Profit: $9.10k
    Cumulative Profit: $223.61k

  Starting Episode 81 (ALL state preserved - continuous play)

  Episode 90/100 Complete:
    Timesteps this episode: 199
    Total time elapsed: 8955.0
    μ_M: $61.00k, μ_F: $48.42k
    Wealth Gap: $12.58k
    Episode Approval Rate M: 0.0017
    Episode Approval Rate F: 0.0000
    Episode Profit: $5.33k
    Cumulative Profit: $254.18k

  Starting Episode 91 (ALL state preserved - continuous play)

  Episode 100/100 Complete:
    Timesteps this episode: 199
    Total time elapsed: 9950.0
    μ_M: $61.02k, μ_F: $48.44k
    Wealth Gap: $12.58k
    Episode Approval Rate M: 0.0017
    Episode Approval Rate F: 0.0000
    Episode Profit: $5.58k
    Cumulative Profit: $264.50k

[6] Computing Final Metrics...

================================================================================
FINAL TESTING RESULTS
================================================================================

  Model: social_welfare (both)
  Episodes: 100
  Total Time: 9950.0
  Hawkes Events (M/F): 84/70

  --- Wealth Metrics ---
  Initial μ_M,0: $60.82k
  Initial μ_F,0: $48.29k
  Final μ_M: $61.02k
  Final μ_F: $48.44k
  Final Wealth Gap: $12.58k

  --- Long-term Social Welfare R_g(t) = (μ_g,t - μ_g,0) / t ---
  R_M (Male):   0.000021 ($1000s per time unit)
  R_F (Female): 0.000015 ($1000s per time unit)
  R_total:      0.000018 ($1000s per time unit)
  R_M / R_F:    1.3771

  --- Inequality Ratio ρ = Δμ_M / Δμ_F (per episode) ---
  Mean ρ:   35.3724
  Std ρ:    47.4318
  Min ρ:    0.0000
  Max ρ:    100.0000
  Last 5 episodes: ['0.000', '0.000', '1.408', '0.000', '2.624']

  --- Approval Metrics ---
  Total Applications M: 58498
  Total Applications F: 46898
  Total Loans Approved M: 84
  Total Loans Approved F: 70
  Final Approval Rate M: 0.0014
  Final Approval Rate F: 0.0015

  --- Success Probabilities ---
  Total Defaults M: 10
  Total Defaults F: 4
  Final Success Prob M: 0.8810
  Final Success Prob F: 0.9429

  --- Ground Truth Comparison (Males) ---
  True Positives:  22
  False Positives: 62
  True Negatives:  46159
  False Negatives: 12255
  Accuracy:  0.7894
  Precision: 0.2619
  Recall:    0.0018

  --- Ground Truth Comparison (Females) ---
  True Positives:  10
  False Positives: 60
  True Negatives:  41638
  False Negatives: 5190
  Accuracy:  0.8881
  Precision: 0.1429
  Recall:    0.0019

  --- Profit ---
  Cumulative Profit: $264.50k

[7] Saving Results...
  Saved episode metrics to ./pepg_sequential_results/test_episode_metrics_social_welfare_both_seed2_20260122_135704.csv

================================================================================
Finished: 2026-01-22T13:57:05.873576
Exit code: 0
Test Exit code: 0
