Job: social_welfare_approval_rate_seed2
Command: uv run python -u par_pepg.py --seeds 1 --seed 2 --reward social_welfare --constraint approval_rate --episodes 200 --workers 1 --weights-dir ./pepg_sequential_results
Started: 2026-01-22T11:47:15.017118
================================================================================

================================================================================
PERFORMATIVE POLICY GRADIENT V2 (Explicit Hawkes) EXPERIMENT
  Reward: SOCIAL_WELFARE
  Constraint: APPROVAL_RATE
  Seed: 2
  Warmup: 0 episodes
================================================================================

CUDA Available: NVIDIA GeForce RTX 2080 Ti

[STEP 1] Loading Adult Income Data...
Downloading Adult Income dataset...
  Trying UCI Repository...
  ✓ Downloaded 20,000 records from UCI repository
Preprocessing Adult Income data...

  Deriving creditworthiness using income prediction model...

Male applicants: 13519
Female applicants: 6481
Male high-income rate: 0.312
Female high-income rate: 0.116

[STEP 2] Learning θ Parameters...

[STEP 3] Creating Environment...

[STEP 4] Creating PePG V2 Agent...
  Using device: cuda
  Mixed precision (AMP): Enabled
  Learnable lambdas enabled for 'approval_rate' (lr=0.01)
  Replay buffer capacity: 50 episodes
  Warmup episodes: 0

[STEP 5] Training PePG V2 Agent...
Training PePG V2 with social_welfare (approval_rate constraint)...
  Warmup episodes: 0
  Gradient weights: hawkes=1.0, wealth=1.0, transition=1.0, reward=1.0
  [PePG] Ep 0: R=2089.95, Avg=2089.95, ρ=1.19, λw=2.000, ‖∇std‖=57.734, ‖∇H‖=3160.160, ‖∇W‖=24055.824
  [PePG] Ep 10: R=521.37, Avg=521.37, ρ=1.51, λw=2.000, ‖∇std‖=7.982, ‖∇H‖=50.319, ‖∇W‖=316.380
  [PePG] Ep 20: R=265.11, Avg=668.82, ρ=1.39, λw=2.000, ‖∇std‖=4.418, ‖∇H‖=41.834, ‖∇W‖=299.864
  [PePG] Ep 30: R=160.79, Avg=286.13, ρ=3.00, λw=2.000, ‖∇std‖=0.278, ‖∇H‖=1.904, ‖∇W‖=10.530
  [PePG] Ep 40: R=128.79, Avg=178.73, ρ=2.73, λw=2.000, ‖∇std‖=17.850, ‖∇H‖=2.186, ‖∇W‖=2.053
  [PePG] Ep 50: R=121.23, Avg=136.04, ρ=3.21, λw=2.000, ‖∇std‖=7.511, ‖∇H‖=0.926, ‖∇W‖=7.247
  [PePG] Ep 60: R=116.72, Avg=121.99, ρ=0.38, λw=2.000, ‖∇std‖=23.098, ‖∇H‖=1.570, ‖∇W‖=9.773
  [PePG] Ep 70: R=104.39, Avg=114.11, ρ=2.27, λw=2.000, ‖∇std‖=31.278, ‖∇H‖=4.804, ‖∇W‖=19.690
  [PePG] Ep 80: R=93.82, Avg=105.34, ρ=2.03, λw=2.000, ‖∇std‖=7.039, ‖∇H‖=0.745, ‖∇W‖=4.252
  [PePG] Ep 90: R=87.30, Avg=94.78, ρ=1.16, λw=2.000, ‖∇std‖=7.734, ‖∇H‖=0.711, ‖∇W‖=6.209
  [PePG] Ep 100: R=76.74, Avg=86.26, ρ=0.20, λw=2.000, ‖∇std‖=3.575, ‖∇H‖=0.652, ‖∇W‖=1.444
  [PePG] Ep 110: R=87.25, Avg=83.11, ρ=0.75, λw=2.000, ‖∇std‖=5.568, ‖∇H‖=0.082, ‖∇W‖=0.289
  [PePG] Ep 120: R=106.05, Avg=91.59, ρ=1.74, λw=2.000, ‖∇std‖=3.205, ‖∇H‖=0.062, ‖∇W‖=0.072
  [PePG] Ep 130: R=105.85, Avg=103.87, ρ=0.40, λw=2.000, ‖∇std‖=4.233, ‖∇H‖=0.775, ‖∇W‖=2.469
  [PePG] Ep 140: R=114.78, Avg=111.14, ρ=2.04, λw=2.000, ‖∇std‖=9.702, ‖∇H‖=3.642, ‖∇W‖=19.113
  [PePG] Ep 150: R=118.06, Avg=115.32, ρ=0.39, λw=2.000, ‖∇std‖=9.444, ‖∇H‖=2.945, ‖∇W‖=17.583
  [PePG] Ep 160: R=144.85, Avg=121.91, ρ=0.49, λw=2.000, ‖∇std‖=3.516, ‖∇H‖=4.669, ‖∇W‖=19.670
  [PePG] Ep 170: R=151.09, Avg=134.79, ρ=1.70, λw=2.000, ‖∇std‖=1.371, ‖∇H‖=0.652, ‖∇W‖=5.678
  [PePG] Ep 180: R=164.03, Avg=153.16, ρ=2.20, λw=2.000, ‖∇std‖=0.906, ‖∇H‖=1.476, ‖∇W‖=7.997
  [PePG] Ep 190: R=216.99, Avg=180.80, ρ=0.96, λw=2.000, ‖∇std‖=9.023, ‖∇H‖=0.327, ‖∇W‖=2.630
  [PePG] Ep 199: R=240.27, Avg=207.71, ρ=3.25, λw=2.000, ‖∇std‖=29.919, ‖∇H‖=29.058, ‖∇W‖=110.842

Training complete. Buffer: 50 episodes

============================================================
TRAINING COMPLETE
============================================================
  Final wealth gap: $14.716k
  Approval disparity: 0.0232
  Total profit: $116.485k
  Mean ρ: 1.8181
  PePG V2 model saved to ./pepg_sequential_results/pepg_social_welfare_approval_rate_seed2.pt
================================================================================
TESTING TRAINED AGENT (EPISODE-WISE METRICS)
================================================================================
  Model: ./pepg_sequential_results/pepg_social_welfare_approval_rate_seed2.pt
  Episodes: 100
  Continuous play: YES (no wealth reset between episodes)
  Credit threshold for ground truth: 0.5
  Checkpoint directory: ./checkpoints
  Resume from checkpoint: True
================================================================================

[1] Loading Data...
Downloading Adult Income dataset...
Preprocessing Adult Income data...

  Deriving creditworthiness (ground truth) using income prediction model...

Male applicants: 13519
Female applicants: 6481
Male ground truth approval rate: 0.180
Female ground truth approval rate: 0.087
Loading model from ./pepg_sequential_results/pepg_social_welfare_approval_rate_seed2.pt...
  ✓ Model loaded successfully
    Reward function: social_welfare
    Constraint type: approval_rate

[5] Running 100 Episodes (Episodes 1 to 100)...

  Starting Episode 1 (ALL state preserved - continuous play)

  Episode 10/100 Complete:
    Timesteps this episode: 199
    Total time elapsed: 995.0
    μ_M: $61.04k, μ_F: $48.47k
    Wealth Gap: $12.57k
    Episode Approval Rate M: 0.0107
    Episode Approval Rate F: 0.0286
    Episode Profit: $73.27k
    Cumulative Profit: $213.29k

  Starting Episode 11 (ALL state preserved - continuous play)

  Episode 20/100 Complete:
    Timesteps this episode: 199
    Total time elapsed: 1990.0
    μ_M: $61.28k, μ_F: $48.63k
    Wealth Gap: $12.65k
    Episode Approval Rate M: 0.0163
    Episode Approval Rate F: 0.0276
    Episode Profit: $88.85k
    Cumulative Profit: $530.44k

  Starting Episode 21 (ALL state preserved - continuous play)

  Episode 30/100 Complete:
    Timesteps this episode: 199
    Total time elapsed: 2985.0
    μ_M: $61.52k, μ_F: $48.80k
    Wealth Gap: $12.72k
    Episode Approval Rate M: 0.0199
    Episode Approval Rate F: 0.0148
    Episode Profit: $64.06k
    Cumulative Profit: $698.14k

  Starting Episode 31 (ALL state preserved - continuous play)

  Episode 40/100 Complete:
    Timesteps this episode: 199
    Total time elapsed: 3980.0
    μ_M: $61.80k, μ_F: $48.96k
    Wealth Gap: $12.84k
    Episode Approval Rate M: 0.0165
    Episode Approval Rate F: 0.0226
    Episode Profit: $76.50k
    Cumulative Profit: $821.94k

  Starting Episode 41 (ALL state preserved - continuous play)

  Episode 50/100 Complete:
    Timesteps this episode: 199
    Total time elapsed: 4975.0
    μ_M: $61.99k, μ_F: $49.18k
    Wealth Gap: $12.81k
    Episode Approval Rate M: 0.0108
    Episode Approval Rate F: 0.0182
    Episode Profit: $57.05k
    Cumulative Profit: $1056.46k

  Starting Episode 51 (ALL state preserved - continuous play)

  Episode 60/100 Complete:
    Timesteps this episode: 199
    Total time elapsed: 5970.0
    μ_M: $62.20k, μ_F: $49.38k
    Wealth Gap: $12.82k
    Episode Approval Rate M: 0.0118
    Episode Approval Rate F: 0.0043
    Episode Profit: $26.82k
    Cumulative Profit: $1425.72k

  Starting Episode 61 (ALL state preserved - continuous play)

  Episode 70/100 Complete:
    Timesteps this episode: 199
    Total time elapsed: 6965.0
    μ_M: $62.39k, μ_F: $49.54k
    Wealth Gap: $12.85k
    Episode Approval Rate M: 0.0142
    Episode Approval Rate F: 0.0097
    Episode Profit: $50.13k
    Cumulative Profit: $1813.41k

  Starting Episode 71 (ALL state preserved - continuous play)

  Episode 80/100 Complete:
    Timesteps this episode: 199
    Total time elapsed: 7960.0
    μ_M: $62.58k, μ_F: $49.76k
    Wealth Gap: $12.82k
    Episode Approval Rate M: 0.0150
    Episode Approval Rate F: 0.0157
    Episode Profit: $58.28k
    Cumulative Profit: $1923.37k

  Starting Episode 81 (ALL state preserved - continuous play)

  Episode 90/100 Complete:
    Timesteps this episode: 199
    Total time elapsed: 8955.0
    μ_M: $62.82k, μ_F: $49.92k
    Wealth Gap: $12.90k
    Episode Approval Rate M: 0.0133
    Episode Approval Rate F: 0.0200
    Episode Profit: $77.86k
    Cumulative Profit: $2350.71k

  Starting Episode 91 (ALL state preserved - continuous play)

  Episode 100/100 Complete:
    Timesteps this episode: 199
    Total time elapsed: 9950.0
    μ_M: $63.04k, μ_F: $50.17k
    Wealth Gap: $12.87k
    Episode Approval Rate M: 0.0151
    Episode Approval Rate F: 0.0126
    Episode Profit: $51.60k
    Cumulative Profit: $2428.13k

[6] Computing Final Metrics...

================================================================================
FINAL TESTING RESULTS
================================================================================

  Model: social_welfare (approval_rate)
  Episodes: 100
  Total Time: 9950.0
  Hawkes Events (M/F): 939/779

  --- Wealth Metrics ---
  Initial μ_M,0: $60.82k
  Initial μ_F,0: $48.29k
  Final μ_M: $63.04k
  Final μ_F: $50.17k
  Final Wealth Gap: $12.87k

  --- Long-term Social Welfare R_g(t) = (μ_g,t - μ_g,0) / t ---
  R_M (Male):   0.000224 ($1000s per time unit)
  R_F (Female): 0.000189 ($1000s per time unit)
  R_total:      0.000206 ($1000s per time unit)
  R_M / R_F:    1.1848

  --- Inequality Ratio ρ = Δμ_M / Δμ_F (per episode) ---
  Mean ρ:   1.5099
  Std ρ:    1.0317
  Min ρ:    0.2251
  Max ρ:    4.6181
  Last 5 episodes: ['1.316', '0.580', '0.855', '1.203', '3.320']

  --- Approval Metrics ---
  Total Applications M: 59217
  Total Applications F: 47519
  Total Loans Approved M: 939
  Total Loans Approved F: 779
  Final Approval Rate M: 0.0159
  Final Approval Rate F: 0.0164

  --- Success Probabilities ---
  Total Defaults M: 82
  Total Defaults F: 66
  Final Success Prob M: 0.9127
  Final Success Prob F: 0.9153

  --- Ground Truth Comparison (Males) ---
  True Positives:  214
  False Positives: 725
  True Negatives:  46146
  False Negatives: 12132
  Accuracy:  0.7829
  Precision: 0.2279
  Recall:    0.0173

  --- Ground Truth Comparison (Females) ---
  True Positives:  80
  False Positives: 699
  True Negatives:  41646
  False Negatives: 5094
  Accuracy:  0.8781
  Precision: 0.1027
  Recall:    0.0155

  --- Profit ---
  Cumulative Profit: $2428.13k

[7] Saving Results...
  Saved episode metrics to ./pepg_sequential_results/test_episode_metrics_social_welfare_approval_rate_seed2_20260122_120404.csv

================================================================================
Finished: 2026-01-22T12:04:05.597236
Exit code: 0
Test Exit code: 0
