Job: social_welfare_approval_rate_seed1
Command: uv run python -u par_pepg.py --seeds 1 --seed 1 --reward social_welfare --constraint approval_rate --episodes 200 --workers 1 --weights-dir ./pepg_sequential_results
Started: 2026-01-24T01:32:12.192337
================================================================================

================================================================================
PERFORMATIVE POLICY GRADIENT V2 (Explicit Hawkes) EXPERIMENT
  Reward: SOCIAL_WELFARE
  Constraint: APPROVAL_RATE
  Seed: 1
  Warmup: 0 episodes
================================================================================

CUDA Available: NVIDIA GeForce RTX 2080 Ti

[STEP 1] Loading Adult Income Data...
Downloading Adult Income dataset...
  Trying UCI Repository...
  ✓ Downloaded 20,000 records from UCI repository
Preprocessing Adult Income data...

  Deriving creditworthiness using income prediction model...

Male applicants: 13519
Female applicants: 6481
Male high-income rate: 0.312
Female high-income rate: 0.116

[STEP 2] Learning θ Parameters...

[STEP 3] Creating Environment...

[STEP 4] Creating PePG V2 Agent...
  Using device: cuda
  Mixed precision (AMP): Enabled
  Learnable lambdas enabled for 'approval_rate' (lr=0.01)
  Replay buffer capacity: 50 episodes
  Warmup episodes: 0

[STEP 5] Training PePG V2 Agent...
Training PePG V2 with social_welfare (approval_rate constraint)...
  Warmup episodes: 0
  Gradient weights: hawkes=1.0, wealth=1.0, transition=1.0, reward=1.0
  [PePG] Ep 0: R=1869.95, Avg=1869.95, ρ=1.07, λw=2.000, Number of Approvals R = 281.000, Number of Approvals B = 238.000, 
  [PePG] Ep 10: R=4001.52, Avg=4001.52, ρ=1.23, λw=2.000, Number of Approvals R = 577.000, Number of Approvals B = 476.000, 
  [PePG] Ep 20: R=5203.49, Avg=4028.37, ρ=1.26, λw=2.000, Number of Approvals R = 728.000, Number of Approvals B = 607.000, 
  [PePG] Ep 30: R=7423.16, Avg=5614.25, ρ=1.51, λw=2.000, Number of Approvals R = 1062.000, Number of Approvals B = 726.000, 
  [PePG] Ep 40: R=9563.05, Avg=7526.32, ρ=1.30, λw=2.000, Number of Approvals R = 1252.000, Number of Approvals B = 948.000, 
  [PePG] Ep 50: R=12014.49, Avg=9754.46, ρ=1.31, λw=2.000, Number of Approvals R = 1521.000, Number of Approvals B = 1125.000, 
  [PePG] Ep 60: R=14582.59, Avg=12249.40, ρ=1.18, λw=2.000, Number of Approvals R = 1684.000, Number of Approvals B = 1370.000, 
  [PePG] Ep 70: R=17042.90, Avg=14745.35, ρ=1.15, λw=2.000, Number of Approvals R = 1794.000, Number of Approvals B = 1630.000, 
  [PePG] Ep 80: R=18585.48, Avg=16963.38, ρ=0.98, λw=2.000, Number of Approvals R = 1801.000, Number of Approvals B = 1768.000, 
  [PePG] Ep 90: R=19991.55, Avg=18690.45, ρ=1.05, λw=2.000, Number of Approvals R = 1865.000, Number of Approvals B = 1846.000, 
  [PePG] Ep 100: R=20774.74, Avg=19974.47, ρ=0.99, λw=2.000, Number of Approvals R = 1867.000, Number of Approvals B = 1868.000, 
  [PePG] Ep 110: R=22138.10, Avg=21037.66, ρ=0.99, λw=2.000, Number of Approvals R = 1879.000, Number of Approvals B = 1879.000, 
  [PePG] Ep 120: R=23406.92, Avg=22205.55, ρ=1.02, λw=2.000, Number of Approvals R = 1901.000, Number of Approvals B = 1895.000, 
  [PePG] Ep 130: R=25076.28, Avg=23582.15, ρ=1.02, λw=2.000, Number of Approvals R = 1930.000, Number of Approvals B = 1932.000, 
  [PePG] Ep 140: R=26501.59, Avg=25068.16, ρ=0.99, λw=2.000, Number of Approvals R = 1933.000, Number of Approvals B = 1914.000, 
  [PePG] Ep 150: R=28317.69, Avg=26670.39, ρ=1.01, λw=2.000, Number of Approvals R = 1937.000, Number of Approvals B = 1931.000, 
  [PePG] Ep 160: R=29998.15, Avg=28399.00, ρ=1.00, λw=2.000, Number of Approvals R = 1938.000, Number of Approvals B = 1948.000, 
  [PePG] Ep 170: R=32080.37, Avg=30225.09, ρ=1.01, λw=2.000, Number of Approvals R = 1947.000, Number of Approvals B = 1959.000, 
  [PePG] Ep 180: R=34649.53, Avg=32328.55, ρ=0.99, λw=2.000, Number of Approvals R = 1952.000, Number of Approvals B = 1958.000, 
