Job: social_welfare_approval_rate_seed4
Command: uv run python -u par_pepg.py --seeds 1 --seed 4 --reward social_welfare --constraint approval_rate --episodes 200 --workers 1 --weights-dir ./pepg_sequential_results
Started: 2026-01-24T19:31:36.885480
================================================================================

================================================================================
PERFORMATIVE POLICY GRADIENT V2 (Explicit Hawkes) EXPERIMENT
  Reward: SOCIAL_WELFARE
  Constraint: APPROVAL_RATE
  Seed: 4
  Warmup: 0 episodes
================================================================================

CUDA Available: NVIDIA GeForce RTX 2080 Ti

[STEP 1] Loading Adult Income Data...
Downloading Adult Income dataset...
  Trying UCI Repository...
  ✓ Downloaded 20,000 records from UCI repository
Preprocessing Adult Income data...

  Deriving creditworthiness using income prediction model...

Male applicants: 13519
Female applicants: 6481
Male high-income rate: 0.312
Female high-income rate: 0.116

[STEP 2] Learning θ Parameters...

[STEP 3] Creating Environment...

[STEP 4] Creating PePG V2 Agent...
  Using device: cuda
  Mixed precision (AMP): Enabled
  Learnable lambdas enabled for 'approval_rate' (lr=0.01)
  Replay buffer capacity: 50 episodes
  Warmup episodes: 0

[STEP 5] Training PePG V2 Agent...
Training PePG V2 with social_welfare (approval_rate constraint)...
  Warmup episodes: 0
  Gradient weights: hawkes=1.0, wealth=1.0, transition=1.0, reward=1.0
  [PePG] Ep 0: R=1387.57, Avg=1387.57, ρ=1.23, λw=2.000, Number of Approvals R = 200.000, Number of Approvals B = 176.000, 
  [PePG] Ep 10: R=3092.49, Avg=3092.49, ρ=1.11, λw=2.000, Number of Approvals R = 454.000, Number of Approvals B = 383.000, 
  [PePG] Ep 20: R=5099.01, Avg=3366.22, ρ=1.20, λw=2.000, Number of Approvals R = 752.000, Number of Approvals B = 572.000, 
  [PePG] Ep 30: R=6477.91, Avg=5038.28, ρ=1.32, λw=2.000, Number of Approvals R = 887.000, Number of Approvals B = 674.000, 
  [PePG] Ep 40: R=8813.53, Avg=6956.15, ρ=1.30, λw=2.000, Number of Approvals R = 1152.000, Number of Approvals B = 880.000, 
  [PePG] Ep 50: R=11700.19, Avg=9233.89, ρ=1.38, λw=2.000, Number of Approvals R = 1489.000, Number of Approvals B = 1123.000, 
  [PePG] Ep 60: R=14116.27, Avg=11659.47, ρ=1.17, λw=2.000, Number of Approvals R = 1635.000, Number of Approvals B = 1362.000, 
  [PePG] Ep 70: R=16421.75, Avg=14103.46, ρ=1.07, λw=2.000, Number of Approvals R = 1758.000, Number of Approvals B = 1603.000, 
  [PePG] Ep 80: R=17948.13, Avg=16359.20, ρ=1.10, λw=2.000, Number of Approvals R = 1840.000, Number of Approvals B = 1739.000, 
  [PePG] Ep 90: R=19081.18, Avg=18019.52, ρ=0.96, λw=2.000, Number of Approvals R = 1877.000, Number of Approvals B = 1820.000, 
  [PePG] Ep 100: R=20041.52, Avg=19163.23, ρ=1.02, λw=2.000, Number of Approvals R = 1923.000, Number of Approvals B = 1902.000, 
  [PePG] Ep 110: R=20739.82, Avg=20109.73, ρ=1.00, λw=2.000, Number of Approvals R = 1942.000, Number of Approvals B = 1940.000, 
  [PePG] Ep 120: R=21381.48, Avg=20828.24, ρ=0.98, λw=2.000, Number of Approvals R = 1946.000, Number of Approvals B = 1936.000, 
  [PePG] Ep 130: R=22106.76, Avg=21491.16, ρ=0.98, λw=2.000, Number of Approvals R = 1954.000, Number of Approvals B = 1950.000, 
  [PePG] Ep 140: R=22616.47, Avg=22190.59, ρ=0.95, λw=2.000, Number of Approvals R = 1966.000, Number of Approvals B = 1960.000, 
  [PePG] Ep 150: R=23481.69, Avg=22882.90, ρ=0.96, λw=2.000, Number of Approvals R = 1965.000, Number of Approvals B = 1976.000, 
  [PePG] Ep 160: R=24226.98, Avg=23600.74, ρ=1.02, λw=2.000, Number of Approvals R = 1973.000, Number of Approvals B = 1973.000, 
  [PePG] Ep 170: R=25101.64, Avg=24354.04, ρ=0.96, λw=2.000, Number of Approvals R = 1971.000, Number of Approvals B = 1968.000, 
  [PePG] Ep 180: R=25752.40, Avg=25141.21, ρ=0.97, λw=2.000, Number of Approvals R = 1987.000, Number of Approvals B = 1967.000, 
  [PePG] Ep 190: R=26781.48, Avg=25936.92, ρ=1.02, λw=2.000, Number of Approvals R = 1979.000, Number of Approvals B = 1977.000, 
  [PePG] Ep 199: R=27600.75, Avg=26721.49, ρ=0.97, λw=2.000, Number of Approvals R = 1976.000, Number of Approvals B = 1980.000, 

Training complete. Buffer: 50 episodes

============================================================
TRAINING COMPLETE
============================================================
  Final wealth gap: $59.678k
  Approval disparity: -0.0030
  Total profit: $5858.136k
  Mean ρ: 1.1008
  PePG V2 model saved to ./pepg_sequential_results/pepg_social_welfare_approval_rate_seed4.pt
================================================================================
TESTING TRAINED AGENT (EPISODE-WISE METRICS)
================================================================================
  Model: ./pepg_sequential_results/pepg_social_welfare_approval_rate_seed4.pt
  Episodes: 100
  Continuous play: YES (no wealth reset between episodes)
  Credit threshold for ground truth: 0.5
  Checkpoint directory: ./checkpoints
  Resume from checkpoint: True
================================================================================

[1] Loading Data...
Downloading Adult Income dataset...
Preprocessing Adult Income data...

  Deriving creditworthiness (ground truth) using income prediction model...

Male applicants: 13519
Female applicants: 6481
Male ground truth approval rate: 0.180
Female ground truth approval rate: 0.087
Loading model from ./pepg_sequential_results/pepg_social_welfare_approval_rate_seed4.pt...
  ✓ Model loaded successfully
    Reward function: social_welfare
    Constraint type: approval_rate

[5] Running 100 Episodes (Episodes 1 to 100)...

  Starting Episode 1 (ALL state preserved - continuous play)

  Episode 10/100 Complete:
    Timesteps this episode: 199
    Total time elapsed: 995.0
    μ_M: $79.16k, μ_F: $63.17k
    Wealth Gap: $15.99k
    Episode Approval Rate M: 0.9658
    Episode Approval Rate F: 0.9732
    Episode Profit: $5690.28k
    Cumulative Profit: $19866.49k

  Starting Episode 11 (ALL state preserved - continuous play)

  Episode 20/100 Complete:
    Timesteps this episode: 199
    Total time elapsed: 1990.0
    μ_M: $102.96k, μ_F: $80.95k
    Wealth Gap: $22.01k
    Episode Approval Rate M: 0.9674
    Episode Approval Rate F: 0.9833
    Episode Profit: $7299.14k
    Cumulative Profit: $42883.27k

  Starting Episode 21 (ALL state preserved - continuous play)

  Episode 30/100 Complete:
    Timesteps this episode: 199
    Total time elapsed: 2985.0
    μ_M: $131.89k, μ_F: $102.99k
    Wealth Gap: $28.90k
    Episode Approval Rate M: 0.9713
    Episode Approval Rate F: 0.9737
    Episode Profit: $8360.00k
    Cumulative Profit: $75180.05k

  Starting Episode 31 (ALL state preserved - continuous play)

  Episode 40/100 Complete:
    Timesteps this episode: 199
    Total time elapsed: 3980.0
    μ_M: $168.33k, μ_F: $130.23k
    Wealth Gap: $38.10k
    Episode Approval Rate M: 0.9762
    Episode Approval Rate F: 0.9824
    Episode Profit: $10729.06k
    Cumulative Profit: $116488.75k

  Starting Episode 41 (ALL state preserved - continuous play)

  Episode 50/100 Complete:
    Timesteps this episode: 199
    Total time elapsed: 4975.0
    μ_M: $212.94k, μ_F: $165.13k
    Wealth Gap: $47.81k
    Episode Approval Rate M: 0.9833
    Episode Approval Rate F: 0.9816
    Episode Profit: $13191.91k
    Cumulative Profit: $162548.70k

  Starting Episode 51 (ALL state preserved - continuous play)

  Episode 60/100 Complete:
    Timesteps this episode: 199
    Total time elapsed: 5970.0
    μ_M: $261.87k, μ_F: $206.69k
    Wealth Gap: $55.18k
    Episode Approval Rate M: 0.9748
    Episode Approval Rate F: 0.9814
    Episode Profit: $14559.31k
    Cumulative Profit: $216452.54k

  Starting Episode 61 (ALL state preserved - continuous play)

  Episode 70/100 Complete:
    Timesteps this episode: 199
    Total time elapsed: 6965.0
    μ_M: $313.63k, μ_F: $254.07k
    Wealth Gap: $59.57k
    Episode Approval Rate M: 0.9791
    Episode Approval Rate F: 0.9767
    Episode Profit: $15510.64k
    Cumulative Profit: $275825.74k

  Starting Episode 71 (ALL state preserved - continuous play)

  Episode 80/100 Complete:
    Timesteps this episode: 199
    Total time elapsed: 7960.0
    μ_M: $366.58k, μ_F: $304.55k
    Wealth Gap: $62.03k
    Episode Approval Rate M: 0.9809
    Episode Approval Rate F: 0.9826
    Episode Profit: $16276.10k
    Cumulative Profit: $339602.00k

  Starting Episode 81 (ALL state preserved - continuous play)

  Episode 90/100 Complete:
    Timesteps this episode: 199
    Total time elapsed: 8955.0
    μ_M: $420.16k, μ_F: $357.29k
    Wealth Gap: $62.87k
    Episode Approval Rate M: 0.9860
    Episode Approval Rate F: 0.9849
    Episode Profit: $16572.65k
    Cumulative Profit: $399951.10k

  Starting Episode 91 (ALL state preserved - continuous play)

  Episode 100/100 Complete:
    Timesteps this episode: 199
    Total time elapsed: 9950.0
    μ_M: $473.84k, μ_F: $410.67k
    Wealth Gap: $63.17k
    Episode Approval Rate M: 0.9860
    Episode Approval Rate F: 0.9865
    Episode Profit: $16294.11k
    Cumulative Profit: $459326.48k

[6] Computing Final Metrics...

================================================================================
FINAL TESTING RESULTS
================================================================================

  Model: social_welfare (approval_rate)
  Episodes: 100
  Total Time: 9950.0
  Hawkes Events (M/F): 151908/133069

  --- Wealth Metrics ---
  Initial μ_M,0: $60.82k
  Initial μ_F,0: $48.29k
  Final μ_M: $473.84k
  Final μ_F: $410.67k
  Final Wealth Gap: $63.17k

  --- Long-term Social Welfare R_g(t) = (μ_g,t - μ_g,0) / t ---
  R_M (Male):   0.041510 ($1000s per time unit)
  R_F (Female): 0.036420 ($1000s per time unit)
  R_total:      0.038965 ($1000s per time unit)
  R_M / R_F:    1.1398

  --- Inequality Ratio ρ = Δμ_M / Δμ_F (per episode) ---
  Mean ρ:   1.1867
  Std ρ:    0.1481
  Min ρ:    0.9713
  Max ρ:    1.5500
  Last 5 episodes: ['1.014', '1.016', '1.014', '0.988', '1.014']

  --- Approval Metrics ---
  Total Applications M: 155248
  Total Applications F: 136016
  Total Loans Approved M: 151908
  Total Loans Approved F: 133069
  Final Approval Rate M: 0.9785
  Final Approval Rate F: 0.9783

  --- Success Probabilities ---
  Total Defaults M: 12881
  Total Defaults F: 11149
  Final Success Prob M: 0.9152
  Final Success Prob F: 0.9162

  --- Ground Truth Comparison (Males) ---
  True Positives:  28196
  False Positives: 123712
  True Negatives:  2754
  False Negatives: 586
  Accuracy:  0.1994
  Precision: 0.1856
  Recall:    0.9796

  --- Ground Truth Comparison (Females) ---
  True Positives:  13434
  False Positives: 119635
  True Negatives:  2660
  False Negatives: 287
  Accuracy:  0.1183
  Precision: 0.1010
  Recall:    0.9791

  --- Profit ---
  Cumulative Profit: $459326.48k

[7] Saving Results...
  Saved episode metrics to ./pepg_sequential_results/test_episode_metrics_social_welfare_approval_rate_seed4_20260124_202431.csv

================================================================================
Finished: 2026-01-24T20:24:31.869479
Exit code: 0
Test Exit code: 0
