Job: social_welfare_wealth_seed1
Command: uv run python -u par_pepg.py --seeds 1 --seed 1 --reward social_welfare --constraint wealth --episodes 200 --workers 1 --weights-dir ./pepg_sequential_results
Started: 2026-01-22T12:25:15.050116
================================================================================

================================================================================
PERFORMATIVE POLICY GRADIENT V2 (Explicit Hawkes) EXPERIMENT
  Reward: SOCIAL_WELFARE
  Constraint: WEALTH
  Seed: 1
  Warmup: 0 episodes
================================================================================

CUDA Available: NVIDIA GeForce RTX 2080 Ti

[STEP 1] Loading Adult Income Data...
Downloading Adult Income dataset...
  Trying UCI Repository...
  ✓ Downloaded 20,000 records from UCI repository
Preprocessing Adult Income data...

  Deriving creditworthiness using income prediction model...

Male applicants: 13519
Female applicants: 6481
Male high-income rate: 0.312
Female high-income rate: 0.116

[STEP 2] Learning θ Parameters...

[STEP 3] Creating Environment...

[STEP 4] Creating PePG V2 Agent...
  Using device: cuda
  Mixed precision (AMP): Enabled
  Learnable lambdas enabled for 'wealth' (lr=0.01)
  Replay buffer capacity: 50 episodes
  Warmup episodes: 0

[STEP 5] Training PePG V2 Agent...
Training PePG V2 with social_welfare (wealth constraint)...
  Warmup episodes: 0
  Gradient weights: hawkes=1.0, wealth=1.0, transition=1.0, reward=1.0
  [PePG] Ep 0: R=245595.55, Avg=245595.55, ρ=1.07, λw=2.020, ‖∇std‖=34.599, ‖∇H‖=568316.000, ‖∇W‖=3310226.750
  [PePG] Ep 10: R=284616.49, Avg=284616.49, ρ=0.86, λw=2.233, ‖∇std‖=15.403, ‖∇H‖=84040.023, ‖∇W‖=316709.094
  [PePG] Ep 20: R=303989.57, Avg=280057.25, ρ=2.52, λw=2.467, ‖∇std‖=11.682, ‖∇H‖=19456.705, ‖∇W‖=114018.227
  [PePG] Ep 30: R=339969.32, Avg=319376.19, ρ=1.27, λw=2.727, ‖∇std‖=2.454, ‖∇H‖=22471.691, ‖∇W‖=117349.953
  [PePG] Ep 40: R=377948.08, Avg=356329.13, ρ=1.34, λw=3.014, ‖∇std‖=1.112, ‖∇H‖=10210.577, ‖∇W‖=71662.102
  [PePG] Ep 50: R=455364.47, Avg=396531.61, ρ=1.11, λw=3.331, ‖∇std‖=8.691, ‖∇H‖=8207.372, ‖∇W‖=8086.897
  [PePG] Ep 60: R=496532.43, Avg=442939.65, ρ=0.47, λw=3.681, ‖∇std‖=7.154, ‖∇H‖=205.435, ‖∇W‖=758.276
  [PePG] Ep 70: R=540588.69, Avg=489406.70, ρ=5.64, λw=4.068, ‖∇std‖=4.569, ‖∇H‖=6843.856, ‖∇W‖=22398.949
  [PePG] Ep 80: R=585360.00, Avg=541073.53, ρ=1.29, λw=4.496, ‖∇std‖=4.105, ‖∇H‖=3221.827, ‖∇W‖=16617.357
  [PePG] Ep 90: R=675121.41, Avg=604800.02, ρ=2.80, λw=4.969, ‖∇std‖=9.519, ‖∇H‖=14502.057, ‖∇W‖=51393.199
  [PePG] Ep 100: R=729890.86, Avg=666883.45, ρ=0.00, λw=5.491, ‖∇std‖=2.560, ‖∇H‖=9.505, ‖∇W‖=54.635
  [PePG] Ep 110: R=811706.55, Avg=734846.13, ρ=0.20, λw=6.069, ‖∇std‖=1.920, ‖∇H‖=68.853, ‖∇W‖=583.339
  [PePG] Ep 120: R=914423.31, Avg=819644.69, ρ=100.00, λw=6.707, ‖∇std‖=7.877, ‖∇H‖=855.377, ‖∇W‖=5168.517
  [PePG] Ep 130: R=993924.07, Avg=909810.30, ρ=2.64, λw=7.412, ‖∇std‖=1.068, ‖∇H‖=476.305, ‖∇W‖=2093.705
  [PePG] Ep 140: R=1075845.08, Avg=1007307.62, ρ=1.75, λw=8.192, ‖∇std‖=0.467, ‖∇H‖=35.601, ‖∇W‖=105.823
  [PePG] Ep 150: R=1192789.69, Avg=1106052.53, ρ=0.52, λw=9.053, ‖∇std‖=7.225, ‖∇H‖=18129.812, ‖∇W‖=118806.383
  [PePG] Ep 160: R=1380243.17, Avg=1221584.62, ρ=2.37, λw=10.006, ‖∇std‖=0.362, ‖∇H‖=35.991, ‖∇W‖=382.636
  [PePG] Ep 170: R=1489037.42, Avg=1351358.39, ρ=0.00, λw=11.058, ‖∇std‖=3.019, ‖∇H‖=0.000, ‖∇W‖=0.000
  [PePG] Ep 180: R=1549898.97, Avg=1494078.71, ρ=100.00, λw=12.221, ‖∇std‖=3.233, ‖∇H‖=1152.785, ‖∇W‖=7313.118
  [PePG] Ep 190: R=1737505.67, Avg=1642113.21, ρ=0.00, λw=13.506, ‖∇std‖=1.325, ‖∇H‖=5967.490, ‖∇W‖=21977.330
  [PePG] Ep 199: R=2007666.21, Avg=1798268.29, ρ=0.00, λw=14.778, ‖∇std‖=7.919, ‖∇H‖=125.585, ‖∇W‖=828.056

Training complete. Buffer: 50 episodes

============================================================
TRAINING COMPLETE
============================================================
  Final wealth gap: $13.396k
  Approval disparity: 0.0000
  Total profit: $0.000k
  Mean ρ: 12.9784
  PePG V2 model saved to ./pepg_sequential_results/pepg_social_welfare_wealth_seed1.pt
================================================================================
TESTING TRAINED AGENT (EPISODE-WISE METRICS)
================================================================================
  Model: ./pepg_sequential_results/pepg_social_welfare_wealth_seed1.pt
  Episodes: 100
  Continuous play: YES (no wealth reset between episodes)
  Credit threshold for ground truth: 0.5
  Checkpoint directory: ./checkpoints
  Resume from checkpoint: True
================================================================================

[1] Loading Data...
Downloading Adult Income dataset...
Preprocessing Adult Income data...

  Deriving creditworthiness (ground truth) using income prediction model...

Male applicants: 13519
Female applicants: 6481
Male ground truth approval rate: 0.180
Female ground truth approval rate: 0.087
Loading model from ./pepg_sequential_results/pepg_social_welfare_wealth_seed1.pt...
  ✓ Model loaded successfully
    Reward function: social_welfare
    Constraint type: wealth

[5] Running 100 Episodes (Episodes 1 to 100)...

  Starting Episode 1 (ALL state preserved - continuous play)

  Episode 10/100 Complete:
    Timesteps this episode: 199
    Total time elapsed: 995.0
    μ_M: $60.84k, μ_F: $48.32k
    Wealth Gap: $12.52k
    Episode Approval Rate M: 0.0000
    Episode Approval Rate F: 0.0020
    Episode Profit: $5.65k
    Cumulative Profit: $41.54k

  Starting Episode 11 (ALL state preserved - continuous play)

  Episode 20/100 Complete:
    Timesteps this episode: 199
    Total time elapsed: 1990.0
    μ_M: $60.87k, μ_F: $48.33k
    Wealth Gap: $12.54k
    Episode Approval Rate M: 0.0034
    Episode Approval Rate F: 0.0000
    Episode Profit: $6.52k
    Cumulative Profit: $86.43k

  Starting Episode 21 (ALL state preserved - continuous play)

  Episode 30/100 Complete:
    Timesteps this episode: 199
    Total time elapsed: 2985.0
    μ_M: $60.89k, μ_F: $48.34k
    Wealth Gap: $12.55k
    Episode Approval Rate M: 0.0017
    Episode Approval Rate F: 0.0022
    Episode Profit: $9.18k
    Cumulative Profit: $93.35k

  Starting Episode 31 (ALL state preserved - continuous play)

  Episode 40/100 Complete:
    Timesteps this episode: 199
    Total time elapsed: 3980.0
    μ_M: $60.91k, μ_F: $48.37k
    Wealth Gap: $12.54k
    Episode Approval Rate M: 0.0034
    Episode Approval Rate F: 0.0000
    Episode Profit: $6.26k
    Cumulative Profit: $113.78k

  Starting Episode 41 (ALL state preserved - continuous play)

  Episode 50/100 Complete:
    Timesteps this episode: 199
    Total time elapsed: 4975.0
    μ_M: $60.93k, μ_F: $48.40k
    Wealth Gap: $12.54k
    Episode Approval Rate M: 0.0033
    Episode Approval Rate F: 0.0063
    Episode Profit: $21.51k
    Cumulative Profit: $161.20k

  Starting Episode 51 (ALL state preserved - continuous play)

  Episode 60/100 Complete:
    Timesteps this episode: 199
    Total time elapsed: 5970.0
    μ_M: $60.96k, μ_F: $48.41k
    Wealth Gap: $12.55k
    Episode Approval Rate M: 0.0017
    Episode Approval Rate F: 0.0020
    Episode Profit: $6.88k
    Cumulative Profit: $178.14k

  Starting Episode 61 (ALL state preserved - continuous play)

  Episode 70/100 Complete:
    Timesteps this episode: 199
    Total time elapsed: 6965.0
    μ_M: $60.98k, μ_F: $48.42k
    Wealth Gap: $12.56k
    Episode Approval Rate M: 0.0000
    Episode Approval Rate F: 0.0020
    Episode Profit: $3.80k
    Cumulative Profit: $249.84k

  Starting Episode 71 (ALL state preserved - continuous play)

  Episode 80/100 Complete:
    Timesteps this episode: 199
    Total time elapsed: 7960.0
    μ_M: $61.01k, μ_F: $48.45k
    Wealth Gap: $12.56k
    Episode Approval Rate M: 0.0019
    Episode Approval Rate F: 0.0000
    Episode Profit: $4.49k
    Cumulative Profit: $278.23k

  Starting Episode 81 (ALL state preserved - continuous play)

  Episode 90/100 Complete:
    Timesteps this episode: 199
    Total time elapsed: 8955.0
    μ_M: $61.03k, μ_F: $48.49k
    Wealth Gap: $12.54k
    Episode Approval Rate M: 0.0016
    Episode Approval Rate F: 0.0082
    Episode Profit: $15.87k
    Cumulative Profit: $282.99k

  Starting Episode 91 (ALL state preserved - continuous play)

  Episode 100/100 Complete:
    Timesteps this episode: 199
    Total time elapsed: 9950.0
    μ_M: $61.05k, μ_F: $48.50k
    Wealth Gap: $12.54k
    Episode Approval Rate M: 0.0000
    Episode Approval Rate F: 0.0023
    Episode Profit: $5.08k
    Cumulative Profit: $318.70k

[6] Computing Final Metrics...

================================================================================
FINAL TESTING RESULTS
================================================================================

  Model: social_welfare (wealth)
  Episodes: 100
  Total Time: 9950.0
  Hawkes Events (M/F): 102/89

  --- Wealth Metrics ---
  Initial μ_M,0: $60.82k
  Initial μ_F,0: $48.29k
  Final μ_M: $61.05k
  Final μ_F: $48.50k
  Final Wealth Gap: $12.54k

  --- Long-term Social Welfare R_g(t) = (μ_g,t - μ_g,0) / t ---
  R_M (Male):   0.000023 ($1000s per time unit)
  R_F (Female): 0.000021 ($1000s per time unit)
  R_total:      0.000022 ($1000s per time unit)
  R_M / R_F:    1.0875

  --- Inequality Ratio ρ = Δμ_M / Δμ_F (per episode) ---
  Mean ρ:   31.4696
  Std ρ:    45.9448
  Min ρ:    0.0000
  Max ρ:    100.0000
  Last 5 episodes: ['0.000', '0.000', '0.000', '100.000', '0.000']

  --- Approval Metrics ---
  Total Applications M: 57892
  Total Applications F: 47044
  Total Loans Approved M: 102
  Total Loans Approved F: 89
  Final Approval Rate M: 0.0018
  Final Approval Rate F: 0.0019

  --- Success Probabilities ---
  Total Defaults M: 11
  Total Defaults F: 6
  Final Success Prob M: 0.8922
  Final Success Prob F: 0.9326

  --- Ground Truth Comparison (Males) ---
  True Positives:  20
  False Positives: 82
  True Negatives:  45518
  False Negatives: 12272
  Accuracy:  0.7866
  Precision: 0.1961
  Recall:    0.0016

  --- Ground Truth Comparison (Females) ---
  True Positives:  10
  False Positives: 79
  True Negatives:  41753
  False Negatives: 5202
  Accuracy:  0.8877
  Precision: 0.1124
  Recall:    0.0019

  --- Profit ---
  Cumulative Profit: $318.70k

[7] Saving Results...
  Saved episode metrics to ./pepg_sequential_results/test_episode_metrics_social_welfare_wealth_seed1_20260122_124147.csv

================================================================================
Finished: 2026-01-22T12:41:48.626508
Exit code: 0
Test Exit code: 0
