Job: social_welfare_wealth_seed5
Command: uv run python -u par_pepg.py --seeds 1 --seed 5 --reward social_welfare --constraint wealth --episodes 200 --workers 1 --weights-dir ./pepg_sequential_results
Started: 2026-01-24T19:09:36.401736
================================================================================

================================================================================
PERFORMATIVE POLICY GRADIENT V2 (Explicit Hawkes) EXPERIMENT
  Reward: SOCIAL_WELFARE
  Constraint: WEALTH
  Seed: 5
  Warmup: 0 episodes
================================================================================

CUDA Available: NVIDIA L40S

[STEP 1] Loading Adult Income Data...
Downloading Adult Income dataset...
  Trying UCI Repository...
  ✓ Downloaded 20,000 records from UCI repository
Preprocessing Adult Income data...

  Deriving creditworthiness using income prediction model...

Male applicants: 13519
Female applicants: 6481
Male high-income rate: 0.312
Female high-income rate: 0.116

[STEP 2] Learning θ Parameters...

[STEP 3] Creating Environment...

[STEP 4] Creating PePG V2 Agent...
  Using device: cuda
  Mixed precision (AMP): Enabled
  Learnable lambdas enabled for 'wealth' (lr=0.01)
  Replay buffer capacity: 50 episodes
  Warmup episodes: 0

[STEP 5] Training PePG V2 Agent...
Training PePG V2 with social_welfare (wealth constraint)...
  Warmup episodes: 0
  Gradient weights: hawkes=1.0, wealth=1.0, transition=1.0, reward=1.0
  [PePG] Ep 0: R=252334.64, Avg=252334.64, ρ=1.13, λw=2.020, Number of Approvals R = 295.000, Number of Approvals B = 244.000, 
  [PePG] Ep 10: R=345274.23, Avg=345274.23, ρ=1.22, λw=2.233, Number of Approvals R = 388.000, Number of Approvals B = 283.000, 
  [PePG] Ep 20: R=504865.21, Avg=357199.94, ρ=1.20, λw=2.467, Number of Approvals R = 475.000, Number of Approvals B = 381.000, 
  [PePG] Ep 30: R=764749.41, Avg=531249.01, ρ=1.20, λw=2.727, Number of Approvals R = 590.000, Number of Approvals B = 486.000, 
  [PePG] Ep 40: R=1156577.51, Avg=799445.92, ρ=1.28, λw=3.014, Number of Approvals R = 713.000, Number of Approvals B = 552.000, 
  [PePG] Ep 50: R=1808263.57, Avg=1229679.70, ρ=1.34, λw=3.331, Number of Approvals R = 916.000, Number of Approvals B = 632.000, 
  [PePG] Ep 60: R=2738367.21, Avg=1879253.60, ρ=1.42, λw=3.681, Number of Approvals R = 1177.000, Number of Approvals B = 838.000, 
  [PePG] Ep 70: R=4510901.07, Avg=2950396.56, ρ=1.27, λw=4.068, Number of Approvals R = 1489.000, Number of Approvals B = 1172.000, 
  [PePG] Ep 80: R=6687250.47, Avg=4653143.80, ρ=1.16, λw=4.496, Number of Approvals R = 1681.000, Number of Approvals B = 1388.000, 
  [PePG] Ep 90: R=9930781.49, Avg=7060689.57, ρ=1.05, λw=4.969, Number of Approvals R = 1768.000, Number of Approvals B = 1680.000, 
  [PePG] Ep 100: R=13373843.62, Avg=10079106.82, ρ=1.02, λw=5.491, Number of Approvals R = 1748.000, Number of Approvals B = 1710.000, 
  [PePG] Ep 110: R=17245056.03, Avg=13547235.44, ρ=1.03, λw=6.069, Number of Approvals R = 1710.000, Number of Approvals B = 1689.000, 
