Job: social_welfare_approval_rate_seed5
Command: uv run python -u par_pepg.py --seeds 1 --seed 5 --reward social_welfare --constraint approval_rate --episodes 200 --workers 1 --weights-dir ./pepg_sequential_results
Started: 2026-01-24T20:24:31.870699
================================================================================

================================================================================
PERFORMATIVE POLICY GRADIENT V2 (Explicit Hawkes) EXPERIMENT
  Reward: SOCIAL_WELFARE
  Constraint: APPROVAL_RATE
  Seed: 5
  Warmup: 0 episodes
================================================================================

CUDA Available: NVIDIA GeForce RTX 2080 Ti

[STEP 1] Loading Adult Income Data...
Downloading Adult Income dataset...
  Trying UCI Repository...
  ✓ Downloaded 20,000 records from UCI repository
Preprocessing Adult Income data...

  Deriving creditworthiness using income prediction model...

Male applicants: 13519
Female applicants: 6481
Male high-income rate: 0.312
Female high-income rate: 0.116

[STEP 2] Learning θ Parameters...

[STEP 3] Creating Environment...

[STEP 4] Creating PePG V2 Agent...
  Using device: cuda
  Mixed precision (AMP): Enabled
  Learnable lambdas enabled for 'approval_rate' (lr=0.01)
  Replay buffer capacity: 50 episodes
  Warmup episodes: 0

[STEP 5] Training PePG V2 Agent...
Training PePG V2 with social_welfare (approval_rate constraint)...
  Warmup episodes: 0
  Gradient weights: hawkes=1.0, wealth=1.0, transition=1.0, reward=1.0
  [PePG] Ep 0: R=1966.66, Avg=1966.66, ρ=1.13, λw=2.000, Number of Approvals R = 295.000, Number of Approvals B = 244.000, 
  [PePG] Ep 10: R=4129.47, Avg=4129.47, ρ=1.12, λw=2.000, Number of Approvals R = 572.000, Number of Approvals B = 504.000, 
  [PePG] Ep 20: R=5682.63, Avg=4072.14, ρ=1.19, λw=2.000, Number of Approvals R = 805.000, Number of Approvals B = 639.000, 
  [PePG] Ep 30: R=7505.23, Avg=5711.33, ρ=1.29, λw=2.000, Number of Approvals R = 1016.000, Number of Approvals B = 812.000, 
  [PePG] Ep 40: R=9851.98, Avg=7583.58, ρ=1.27, λw=2.000, Number of Approvals R = 1273.000, Number of Approvals B = 973.000, 
  [PePG] Ep 50: R=12143.05, Avg=9869.09, ρ=1.34, λw=2.000, Number of Approvals R = 1516.000, Number of Approvals B = 1152.000, 
  [PePG] Ep 60: R=14692.60, Avg=12304.22, ρ=1.19, λw=2.000, Number of Approvals R = 1690.000, Number of Approvals B = 1393.000, 
  [PePG] Ep 70: R=17161.97, Avg=14842.92, ρ=1.05, λw=2.000, Number of Approvals R = 1784.000, Number of Approvals B = 1620.000, 
  [PePG] Ep 80: R=19224.59, Avg=17319.80, ρ=1.03, λw=2.000, Number of Approvals R = 1841.000, Number of Approvals B = 1769.000, 
  [PePG] Ep 90: R=21134.95, Avg=19407.81, ρ=1.04, λw=2.000, Number of Approvals R = 1902.000, Number of Approvals B = 1860.000, 
  [PePG] Ep 100: R=22647.81, Avg=21173.04, ρ=0.97, λw=2.000, Number of Approvals R = 1928.000, Number of Approvals B = 1921.000, 
  [PePG] Ep 110: R=23973.91, Avg=22636.61, ρ=0.97, λw=2.000, Number of Approvals R = 1960.000, Number of Approvals B = 1938.000, 
  [PePG] Ep 120: R=25438.76, Avg=24020.68, ρ=0.99, λw=2.000, Number of Approvals R = 1974.000, Number of Approvals B = 1963.000, 
  [PePG] Ep 130: R=26926.14, Avg=25491.56, ρ=1.00, λw=2.000, Number of Approvals R = 1973.000, Number of Approvals B = 1964.000, 
  [PePG] Ep 140: R=28067.96, Avg=26904.82, ρ=0.99, λw=2.000, Number of Approvals R = 1975.000, Number of Approvals B = 1978.000, 
  [PePG] Ep 150: R=29412.02, Avg=28202.83, ρ=0.96, λw=2.000, Number of Approvals R = 1977.000, Number of Approvals B = 1970.000, 
  [PePG] Ep 160: R=31047.22, Avg=29527.32, ρ=0.99, λw=2.000, Number of Approvals R = 1982.000, Number of Approvals B = 1977.000, 
  [PePG] Ep 170: R=32305.43, Avg=31000.82, ρ=1.03, λw=2.000, Number of Approvals R = 1980.000, Number of Approvals B = 1981.000, 
  [PePG] Ep 180: R=34107.37, Avg=32578.74, ρ=1.00, λw=2.000, Number of Approvals R = 1975.000, Number of Approvals B = 1978.000, 
  [PePG] Ep 190: R=35521.75, Avg=34153.45, ρ=1.05, λw=2.000, Number of Approvals R = 1986.000, Number of Approvals B = 1993.000, 
  [PePG] Ep 199: R=36944.04, Avg=35501.46, ρ=0.96, λw=2.000, Number of Approvals R = 1985.000, Number of Approvals B = 1983.000, 

Training complete. Buffer: 50 episodes

============================================================
TRAINING COMPLETE
============================================================
  Final wealth gap: $66.547k
  Approval disparity: -0.0010
  Total profit: $5725.428k
  Mean ρ: 1.1087
  PePG V2 model saved to ./pepg_sequential_results/pepg_social_welfare_approval_rate_seed5.pt
================================================================================
TESTING TRAINED AGENT (EPISODE-WISE METRICS)
================================================================================
  Model: ./pepg_sequential_results/pepg_social_welfare_approval_rate_seed5.pt
  Episodes: 100
  Continuous play: YES (no wealth reset between episodes)
  Credit threshold for ground truth: 0.5
  Checkpoint directory: ./checkpoints
  Resume from checkpoint: True
================================================================================

[1] Loading Data...
Downloading Adult Income dataset...
Preprocessing Adult Income data...

  Deriving creditworthiness (ground truth) using income prediction model...

Male applicants: 13519
Female applicants: 6481
Male ground truth approval rate: 0.180
Female ground truth approval rate: 0.087
Loading model from ./pepg_sequential_results/pepg_social_welfare_approval_rate_seed5.pt...
  ✓ Model loaded successfully
    Reward function: social_welfare
    Constraint type: approval_rate

[5] Running 100 Episodes (Episodes 1 to 100)...

  Starting Episode 1 (ALL state preserved - continuous play)

  Episode 10/100 Complete:
    Timesteps this episode: 199
    Total time elapsed: 995.0
    μ_M: $79.98k, μ_F: $62.97k
    Wealth Gap: $17.01k
    Episode Approval Rate M: 0.9766
    Episode Approval Rate F: 0.9718
    Episode Profit: $5804.13k
    Cumulative Profit: $19372.30k

  Starting Episode 11 (ALL state preserved - continuous play)

  Episode 20/100 Complete:
    Timesteps this episode: 199
    Total time elapsed: 1990.0
    μ_M: $103.82k, μ_F: $80.56k
    Wealth Gap: $23.26k
    Episode Approval Rate M: 0.9780
    Episode Approval Rate F: 0.9603
    Episode Profit: $7122.07k
    Cumulative Profit: $43710.17k

  Starting Episode 21 (ALL state preserved - continuous play)

  Episode 30/100 Complete:
    Timesteps this episode: 199
    Total time elapsed: 2985.0
    μ_M: $133.65k, μ_F: $102.56k
    Wealth Gap: $31.09k
    Episode Approval Rate M: 0.9772
    Episode Approval Rate F: 0.9754
    Episode Profit: $8873.87k
    Cumulative Profit: $73270.36k

  Starting Episode 31 (ALL state preserved - continuous play)

  Episode 40/100 Complete:
    Timesteps this episode: 199
    Total time elapsed: 3980.0
    μ_M: $171.16k, μ_F: $129.76k
    Wealth Gap: $41.39k
    Episode Approval Rate M: 0.9746
    Episode Approval Rate F: 0.9659
    Episode Profit: $10468.42k
    Cumulative Profit: $109737.83k

  Starting Episode 41 (ALL state preserved - continuous play)

  Episode 50/100 Complete:
    Timesteps this episode: 199
    Total time elapsed: 4975.0
    μ_M: $214.94k, μ_F: $164.71k
    Wealth Gap: $50.23k
    Episode Approval Rate M: 0.9799
    Episode Approval Rate F: 0.9721
    Episode Profit: $12898.04k
    Cumulative Profit: $155167.86k

  Starting Episode 51 (ALL state preserved - continuous play)

  Episode 60/100 Complete:
    Timesteps this episode: 199
    Total time elapsed: 5970.0
    μ_M: $263.90k, μ_F: $206.99k
    Wealth Gap: $56.91k
    Episode Approval Rate M: 0.9827
    Episode Approval Rate F: 0.9687
    Episode Profit: $14247.98k
    Cumulative Profit: $204140.95k

  Starting Episode 61 (ALL state preserved - continuous play)
