Job: social_welfare_both_seed1
Command: uv run python -u par_pepg.py --seeds 1 --seed 1 --reward social_welfare --constraint both --episodes 200 --workers 1 --weights-dir ./pepg_sequential_results
Started: 2026-01-22T13:19:56.683077
================================================================================

================================================================================
PERFORMATIVE POLICY GRADIENT V2 (Explicit Hawkes) EXPERIMENT
  Reward: SOCIAL_WELFARE
  Constraint: BOTH
  Seed: 1
  Warmup: 0 episodes
================================================================================

CUDA Available: NVIDIA GeForce RTX 2080 Ti

[STEP 1] Loading Adult Income Data...
Downloading Adult Income dataset...
  Trying UCI Repository...
  ✓ Downloaded 20,000 records from UCI repository
Preprocessing Adult Income data...

  Deriving creditworthiness using income prediction model...

Male applicants: 13519
Female applicants: 6481
Male high-income rate: 0.312
Female high-income rate: 0.116

[STEP 2] Learning θ Parameters...

[STEP 3] Creating Environment...

[STEP 4] Creating PePG V2 Agent...
  Using device: cuda
  Mixed precision (AMP): Enabled
  Learnable lambdas enabled for 'both' (lr=0.01)
  Replay buffer capacity: 50 episodes
  Warmup episodes: 0

[STEP 5] Training PePG V2 Agent...
Training PePG V2 with social_welfare (both constraint)...
  Warmup episodes: 0
  Gradient weights: hawkes=1.0, wealth=1.0, transition=1.0, reward=1.0
  [PePG] Ep 0: R=246634.53, Avg=246634.53, ρ=1.07, λw=2.020, ‖∇std‖=34.726, ‖∇H‖=571548.438, ‖∇W‖=3330283.000
  [PePG] Ep 10: R=284843.20, Avg=284843.20, ρ=0.86, λw=2.233, ‖∇std‖=15.412, ‖∇H‖=84142.789, ‖∇W‖=317161.969
  [PePG] Ep 20: R=304113.77, Avg=280325.87, ρ=2.52, λw=2.467, ‖∇std‖=11.685, ‖∇H‖=19465.131, ‖∇W‖=114067.281
  [PePG] Ep 30: R=340046.48, Avg=319499.92, ρ=1.27, λw=2.727, ‖∇std‖=2.451, ‖∇H‖=22477.707, ‖∇W‖=117384.531
  [PePG] Ep 40: R=378005.25, Avg=356411.10, ρ=1.34, λw=3.014, ‖∇std‖=1.111, ‖∇H‖=10210.168, ‖∇W‖=71659.633
  [PePG] Ep 50: R=455411.73, Avg=396590.54, ρ=1.11, λw=3.331, ‖∇std‖=8.697, ‖∇H‖=8208.229, ‖∇W‖=8087.928
  [PePG] Ep 60: R=496570.91, Avg=442985.08, ρ=0.47, λw=3.681, ‖∇std‖=7.152, ‖∇H‖=205.466, ‖∇W‖=758.437
  [PePG] Ep 70: R=540621.02, Avg=489443.95, ρ=5.64, λw=4.068, ‖∇std‖=4.568, ‖∇H‖=6837.868, ‖∇W‖=22380.314
  [PePG] Ep 80: R=585390.32, Avg=541106.13, ρ=1.29, λw=4.496, ‖∇std‖=4.106, ‖∇H‖=3221.453, ‖∇W‖=16616.309
  [PePG] Ep 90: R=672181.01, Avg=605098.31, ρ=1.20, λw=4.969, ‖∇std‖=4.317, ‖∇H‖=8797.851, ‖∇W‖=29639.746
  [PePG] Ep 100: R=721390.56, Avg=667549.95, ρ=100.00, λw=5.491, ‖∇std‖=1.949, ‖∇H‖=83.766, ‖∇W‖=572.828
  [PePG] Ep 110: R=815452.98, Avg=735648.70, ρ=0.91, λw=6.069, ‖∇std‖=0.716, ‖∇H‖=85.775, ‖∇W‖=1749.818
  [PePG] Ep 120: R=928239.11, Avg=820254.01, ρ=2.52, λw=6.707, ‖∇std‖=5.609, ‖∇H‖=109.892, ‖∇W‖=504.974
  [PePG] Ep 130: R=991599.96, Avg=909955.45, ρ=1.05, λw=7.412, ‖∇std‖=4.428, ‖∇H‖=6756.811, ‖∇W‖=17124.635
  [PePG] Ep 140: R=1069118.06, Avg=1005557.53, ρ=0.00, λw=8.192, ‖∇std‖=1.750, ‖∇H‖=293.246, ‖∇W‖=730.377
  [PePG] Ep 150: R=1203592.13, Avg=1105592.20, ρ=100.00, λw=9.053, ‖∇std‖=4.338, ‖∇H‖=24342.141, ‖∇W‖=168986.797
  [PePG] Ep 160: R=1381300.81, Avg=1221466.06, ρ=0.15, λw=10.006, ‖∇std‖=0.944, ‖∇H‖=0.000, ‖∇W‖=0.000
  [PePG] Ep 170: R=1509772.68, Avg=1349852.27, ρ=0.62, λw=11.058, ‖∇std‖=2.980, ‖∇H‖=20.490, ‖∇W‖=175.598
  [PePG] Ep 180: R=1585628.46, Avg=1495497.78, ρ=0.00, λw=12.221, ‖∇std‖=2.477, ‖∇H‖=0.659, ‖∇W‖=5.683
  [PePG] Ep 190: R=1739738.18, Avg=1642595.59, ρ=2.26, λw=13.506, ‖∇std‖=0.240, ‖∇H‖=0.000, ‖∇W‖=0.000
  [PePG] Ep 199: R=2008334.04, Avg=1795338.20, ρ=0.37, λw=14.778, ‖∇std‖=8.159, ‖∇H‖=883.580, ‖∇W‖=2334.581

Training complete. Buffer: 50 episodes

============================================================
TRAINING COMPLETE
============================================================
  Final wealth gap: $13.435k
  Approval disparity: -0.0022
  Total profit: $13.752k
  Mean ρ: 16.4455
  PePG V2 model saved to ./pepg_sequential_results/pepg_social_welfare_both_seed1.pt
================================================================================
TESTING TRAINED AGENT (EPISODE-WISE METRICS)
================================================================================
  Model: ./pepg_sequential_results/pepg_social_welfare_both_seed1.pt
  Episodes: 100
  Continuous play: YES (no wealth reset between episodes)
  Credit threshold for ground truth: 0.5
  Checkpoint directory: ./checkpoints
  Resume from checkpoint: True
================================================================================

[1] Loading Data...
Downloading Adult Income dataset...
Preprocessing Adult Income data...

  Deriving creditworthiness (ground truth) using income prediction model...

Male applicants: 13519
Female applicants: 6481
Male ground truth approval rate: 0.180
Female ground truth approval rate: 0.087
Loading model from ./pepg_sequential_results/pepg_social_welfare_both_seed1.pt...
  ✓ Model loaded successfully
    Reward function: social_welfare
    Constraint type: both

[5] Running 100 Episodes (Episodes 1 to 100)...

  Starting Episode 1 (ALL state preserved - continuous play)

  Episode 10/100 Complete:
    Timesteps this episode: 199
    Total time elapsed: 995.0
    μ_M: $60.84k, μ_F: $48.31k
    Wealth Gap: $12.53k
    Episode Approval Rate M: 0.0000
    Episode Approval Rate F: 0.0020
    Episode Profit: $5.65k
    Cumulative Profit: $34.45k

  Starting Episode 11 (ALL state preserved - continuous play)

  Episode 20/100 Complete:
    Timesteps this episode: 199
    Total time elapsed: 1990.0
    μ_M: $60.85k, μ_F: $48.34k
    Wealth Gap: $12.52k
    Episode Approval Rate M: 0.0017
    Episode Approval Rate F: 0.0000
    Episode Profit: $2.92k
    Cumulative Profit: $67.35k

  Starting Episode 21 (ALL state preserved - continuous play)

  Episode 30/100 Complete:
    Timesteps this episode: 199
    Total time elapsed: 2985.0
    μ_M: $60.88k, μ_F: $48.36k
    Wealth Gap: $12.52k
    Episode Approval Rate M: 0.0017
    Episode Approval Rate F: 0.0000
    Episode Profit: $3.64k
    Cumulative Profit: $17.51k

  Starting Episode 31 (ALL state preserved - continuous play)

  Episode 40/100 Complete:
    Timesteps this episode: 199
    Total time elapsed: 3980.0
    μ_M: $60.89k, μ_F: $48.37k
    Wealth Gap: $12.52k
    Episode Approval Rate M: 0.0050
    Episode Approval Rate F: 0.0022
    Episode Profit: $17.86k
    Cumulative Profit: $82.35k

  Starting Episode 41 (ALL state preserved - continuous play)

  Episode 50/100 Complete:
    Timesteps this episode: 199
    Total time elapsed: 4975.0
    μ_M: $60.91k, μ_F: $48.39k
    Wealth Gap: $12.52k
    Episode Approval Rate M: 0.0000
    Episode Approval Rate F: 0.0021
    Episode Profit: $3.28k
    Cumulative Profit: $153.33k

  Starting Episode 51 (ALL state preserved - continuous play)

  Episode 60/100 Complete:
    Timesteps this episode: 199
    Total time elapsed: 5970.0
    μ_M: $60.92k, μ_F: $48.40k
    Wealth Gap: $12.52k
    Episode Approval Rate M: 0.0017
    Episode Approval Rate F: 0.0020
    Episode Profit: $9.58k
    Cumulative Profit: $211.92k

  Starting Episode 61 (ALL state preserved - continuous play)

  Episode 70/100 Complete:
    Timesteps this episode: 199
    Total time elapsed: 6965.0
    μ_M: $60.95k, μ_F: $48.43k
    Wealth Gap: $12.52k
    Episode Approval Rate M: 0.0035
    Episode Approval Rate F: 0.0042
    Episode Profit: $9.16k
    Cumulative Profit: $244.99k

  Starting Episode 71 (ALL state preserved - continuous play)

  Episode 80/100 Complete:
    Timesteps this episode: 199
    Total time elapsed: 7960.0
    μ_M: $60.97k, μ_F: $48.44k
    Wealth Gap: $12.52k
    Episode Approval Rate M: 0.0000
    Episode Approval Rate F: 0.0021
    Episode Profit: $3.55k
    Cumulative Profit: $233.17k

  Starting Episode 81 (ALL state preserved - continuous play)

  Episode 90/100 Complete:
    Timesteps this episode: 199
    Total time elapsed: 8955.0
    μ_M: $60.98k, μ_F: $48.45k
    Wealth Gap: $12.53k
    Episode Approval Rate M: 0.0000
    Episode Approval Rate F: 0.0000
    Episode Profit: $0.00k
    Cumulative Profit: $273.49k

  Starting Episode 91 (ALL state preserved - continuous play)

  Episode 100/100 Complete:
    Timesteps this episode: 199
    Total time elapsed: 9950.0
    μ_M: $60.98k, μ_F: $48.46k
    Wealth Gap: $12.52k
    Episode Approval Rate M: 0.0018
    Episode Approval Rate F: 0.0000
    Episode Profit: $1.50k
    Cumulative Profit: $288.22k

[6] Computing Final Metrics...

================================================================================
FINAL TESTING RESULTS
================================================================================

  Model: social_welfare (both)
  Episodes: 100
  Total Time: 9950.0
  Hawkes Events (M/F): 80/71

  --- Wealth Metrics ---
  Initial μ_M,0: $60.82k
  Initial μ_F,0: $48.29k
  Final μ_M: $60.98k
  Final μ_F: $48.46k
  Final Wealth Gap: $12.52k

  --- Long-term Social Welfare R_g(t) = (μ_g,t - μ_g,0) / t ---
  R_M (Male):   0.000017 ($1000s per time unit)
  R_F (Female): 0.000017 ($1000s per time unit)
  R_total:      0.000017 ($1000s per time unit)
  R_M / R_F:    0.9807

  --- Inequality Ratio ρ = Δμ_M / Δμ_F (per episode) ---
  Mean ρ:   28.3048
  Std ρ:    44.7155
  Min ρ:    0.0000
  Max ρ:    100.0000
  Last 5 episodes: ['0.000', '100.000', '0.000', '0.000', '100.000']

  --- Approval Metrics ---
  Total Applications M: 57780
  Total Applications F: 47062
  Total Loans Approved M: 80
  Total Loans Approved F: 71
  Final Approval Rate M: 0.0014
  Final Approval Rate F: 0.0015

  --- Success Probabilities ---
  Total Defaults M: 6
  Total Defaults F: 7
  Final Success Prob M: 0.9250
  Final Success Prob F: 0.9014

  --- Ground Truth Comparison (Males) ---
  True Positives:  15
  False Positives: 65
  True Negatives:  45436
  False Negatives: 12264
  Accuracy:  0.7866
  Precision: 0.1875
  Recall:    0.0012

  --- Ground Truth Comparison (Females) ---
  True Positives:  6
  False Positives: 65
  True Negatives:  41845
  False Negatives: 5146
  Accuracy:  0.8893
  Precision: 0.0845
  Recall:    0.0012

  --- Profit ---
  Cumulative Profit: $288.22k

[7] Saving Results...
  Saved episode metrics to ./pepg_sequential_results/test_episode_metrics_social_welfare_both_seed1_20260122_133656.csv

================================================================================
Finished: 2026-01-22T13:36:57.262538
Exit code: 0
Test Exit code: 0
