Job: utilitarian_profit_both_seed3
Command: uv run python -u par_pepg.py --seeds 1 --seed 3 --reward utilitarian_profit --constraint both --episodes 200 --workers 1 --weights-dir ./pepg_sequential_results
Started: 2026-01-23T12:08:59.566938
================================================================================

================================================================================
PERFORMATIVE POLICY GRADIENT V2 (Explicit Hawkes) EXPERIMENT
  Reward: UTILITARIAN_PROFIT
  Constraint: BOTH
  Seed: 3
  Warmup: 0 episodes
================================================================================

CUDA Available: NVIDIA GeForce RTX 2080 Ti

[STEP 1] Loading Adult Income Data...
Downloading Adult Income dataset...
  Trying UCI Repository...
  ✓ Downloaded 20,000 records from UCI repository
Preprocessing Adult Income data...

  Deriving creditworthiness using income prediction model...

Male applicants: 13519
Female applicants: 6481
Male high-income rate: 0.312
Female high-income rate: 0.116

[STEP 2] Learning θ Parameters...

[STEP 3] Creating Environment...

[STEP 4] Creating PePG V2 Agent...
  Using device: cuda
  Mixed precision (AMP): Enabled
  Replay buffer capacity: 50 episodes
  Warmup episodes: 0

[STEP 5] Training PePG V2 Agent...
Training PePG V2 with utilitarian_profit (both constraint)...
  Warmup episodes: 0
  Gradient weights: hawkes=1.0, wealth=1.0, transition=1.0, reward=1.0
  [PePG] Ep 0: R=850.56, Avg=850.56, ρ=1.46, λw=2.000, ‖∇std‖=11.759, ‖∇H‖=884.100, ‖∇W‖=5983.074
  [PePG] Ep 10: R=229.20, Avg=229.20, ρ=1.19, λw=2.000, ‖∇std‖=3.477, ‖∇H‖=35.241, ‖∇W‖=177.418
  [PePG] Ep 20: R=116.00, Avg=279.05, ρ=0.85, λw=2.000, ‖∇std‖=7.810, ‖∇H‖=21.886, ‖∇W‖=167.896
  [PePG] Ep 30: R=92.78, Avg=130.25, ρ=1.03, λw=2.000, ‖∇std‖=12.551, ‖∇H‖=1.674, ‖∇W‖=6.829
  [PePG] Ep 40: R=79.31, Avg=92.20, ρ=0.86, λw=2.000, ‖∇std‖=3.576, ‖∇H‖=4.607, ‖∇W‖=84.860
  [PePG] Ep 50: R=69.42, Avg=79.18, ρ=1.43, λw=2.000, ‖∇std‖=14.036, ‖∇H‖=4.824, ‖∇W‖=33.301
  [PePG] Ep 60: R=75.69, Avg=72.56, ρ=1.05, λw=2.000, ‖∇std‖=26.813, ‖∇H‖=7.621, ‖∇W‖=45.816
  [PePG] Ep 70: R=70.36, Avg=71.22, ρ=1.06, λw=2.000, ‖∇std‖=8.835, ‖∇H‖=3.248, ‖∇W‖=3.394
  [PePG] Ep 80: R=84.15, Avg=73.85, ρ=1.48, λw=2.000, ‖∇std‖=47.647, ‖∇H‖=10.229, ‖∇W‖=28.927
  [PePG] Ep 90: R=74.52, Avg=75.84, ρ=1.11, λw=2.000, ‖∇std‖=5.117, ‖∇H‖=8.390, ‖∇W‖=42.081
  [PePG] Ep 100: R=59.96, Avg=72.23, ρ=2.47, λw=2.000, ‖∇std‖=4.757, ‖∇H‖=1.948, ‖∇W‖=21.861
  [PePG] Ep 110: R=53.94, Avg=62.53, ρ=1.45, λw=2.000, ‖∇std‖=8.910, ‖∇H‖=2.443, ‖∇W‖=12.203
  [PePG] Ep 120: R=48.27, Avg=52.27, ρ=0.90, λw=2.000, ‖∇std‖=1.116, ‖∇H‖=0.326, ‖∇W‖=0.756
  [PePG] Ep 130: R=44.85, Avg=45.71, ρ=1.24, λw=2.000, ‖∇std‖=14.474, ‖∇H‖=4.617, ‖∇W‖=45.219
  [PePG] Ep 140: R=46.25, Avg=44.64, ρ=1.71, λw=2.000, ‖∇std‖=1.340, ‖∇H‖=0.216, ‖∇W‖=3.060
  [PePG] Ep 150: R=45.88, Avg=47.64, ρ=0.37, λw=2.000, ‖∇std‖=5.353, ‖∇H‖=0.161, ‖∇W‖=2.854
  [PePG] Ep 160: R=43.93, Avg=49.23, ρ=1.00, λw=2.000, ‖∇std‖=5.326, ‖∇H‖=1.650, ‖∇W‖=8.466
  [PePG] Ep 170: R=40.98, Avg=46.51, ρ=0.97, λw=2.000, ‖∇std‖=4.625, ‖∇H‖=0.015, ‖∇W‖=0.472
  [PePG] Ep 180: R=33.75, Avg=42.87, ρ=0.38, λw=2.000, ‖∇std‖=6.027, ‖∇H‖=1.371, ‖∇W‖=3.071
  [PePG] Ep 190: R=42.93, Avg=41.18, ρ=1.27, λw=2.000, ‖∇std‖=6.868, ‖∇H‖=0.267, ‖∇W‖=2.425
  [PePG] Ep 199: R=39.57, Avg=40.67, ρ=1.09, λw=2.000, ‖∇std‖=31.681, ‖∇H‖=0.656, ‖∇W‖=3.306

Training complete. Buffer: 50 episodes

============================================================
TRAINING COMPLETE
============================================================
  Final wealth gap: $15.524k
  Approval disparity: 0.0027
  Total profit: $79.105k
  Mean ρ: 1.4414
  PePG V2 model saved to ./pepg_sequential_results/pepg_utilitarian_profit_both_seed3.pt
================================================================================
TESTING TRAINED AGENT (EPISODE-WISE METRICS)
================================================================================
  Model: ./pepg_sequential_results/pepg_utilitarian_profit_both_seed3.pt
  Episodes: 100
  Continuous play: YES (no wealth reset between episodes)
  Credit threshold for ground truth: 0.5
  Checkpoint directory: ./checkpoints
  Resume from checkpoint: True
================================================================================

[1] Loading Data...
Downloading Adult Income dataset...
Preprocessing Adult Income data...

  Deriving creditworthiness (ground truth) using income prediction model...

Male applicants: 13519
Female applicants: 6481
Male ground truth approval rate: 0.180
Female ground truth approval rate: 0.087
Loading model from ./pepg_sequential_results/pepg_utilitarian_profit_both_seed3.pt...
  ✓ Model loaded successfully
    Reward function: utilitarian_profit
    Constraint type: both

[5] Running 100 Episodes (Episodes 1 to 100)...

  Starting Episode 1 (ALL state preserved - continuous play)

  Episode 10/100 Complete:
    Timesteps this episode: 199
    Total time elapsed: 995.0
    μ_M: $61.11k, μ_F: $48.55k
    Wealth Gap: $12.56k
    Episode Approval Rate M: 0.0312
    Episode Approval Rate F: 0.0309
    Episode Profit: $120.74k
    Cumulative Profit: $277.96k

  Starting Episode 11 (ALL state preserved - continuous play)

  Episode 20/100 Complete:
    Timesteps this episode: 199
    Total time elapsed: 1990.0
    μ_M: $61.51k, μ_F: $48.76k
    Wealth Gap: $12.75k
    Episode Approval Rate M: 0.0193
    Episode Approval Rate F: 0.0138
    Episode Profit: $79.72k
    Cumulative Profit: $447.00k

  Starting Episode 21 (ALL state preserved - continuous play)

  Episode 30/100 Complete:
    Timesteps this episode: 199
    Total time elapsed: 2985.0
    μ_M: $61.84k, μ_F: $49.04k
    Wealth Gap: $12.80k
    Episode Approval Rate M: 0.0260
    Episode Approval Rate F: 0.0274
    Episode Profit: $111.56k
    Cumulative Profit: $980.16k

  Starting Episode 31 (ALL state preserved - continuous play)

  Episode 40/100 Complete:
    Timesteps this episode: 199
    Total time elapsed: 3980.0
    μ_M: $62.21k, μ_F: $49.29k
    Wealth Gap: $12.92k
    Episode Approval Rate M: 0.0202
    Episode Approval Rate F: 0.0108
    Episode Profit: $65.74k
    Cumulative Profit: $1150.79k

  Starting Episode 41 (ALL state preserved - continuous play)

  Episode 50/100 Complete:
    Timesteps this episode: 199
    Total time elapsed: 4975.0
    μ_M: $62.50k, μ_F: $49.51k
    Wealth Gap: $12.99k
    Episode Approval Rate M: 0.0253
    Episode Approval Rate F: 0.0158
    Episode Profit: $84.68k
    Cumulative Profit: $1601.29k

  Starting Episode 51 (ALL state preserved - continuous play)

  Episode 60/100 Complete:
    Timesteps this episode: 199
    Total time elapsed: 5970.0
    μ_M: $62.79k, μ_F: $49.76k
    Wealth Gap: $13.03k
    Episode Approval Rate M: 0.0248
    Episode Approval Rate F: 0.0209
    Episode Profit: $67.26k
    Cumulative Profit: $1836.23k

  Starting Episode 61 (ALL state preserved - continuous play)

  Episode 70/100 Complete:
    Timesteps this episode: 199
    Total time elapsed: 6965.0
    μ_M: $63.13k, μ_F: $50.03k
    Wealth Gap: $13.10k
    Episode Approval Rate M: 0.0202
    Episode Approval Rate F: 0.0207
    Episode Profit: $82.88k
    Cumulative Profit: $2154.62k

  Starting Episode 71 (ALL state preserved - continuous play)

  Episode 80/100 Complete:
    Timesteps this episode: 199
    Total time elapsed: 7960.0
    μ_M: $63.43k, μ_F: $50.30k
    Wealth Gap: $13.12k
    Episode Approval Rate M: 0.0133
    Episode Approval Rate F: 0.0122
    Episode Profit: $50.14k
    Cumulative Profit: $2332.68k

  Starting Episode 81 (ALL state preserved - continuous play)

  Episode 90/100 Complete:
    Timesteps this episode: 199
    Total time elapsed: 8955.0
    μ_M: $63.80k, μ_F: $50.55k
    Wealth Gap: $13.25k
    Episode Approval Rate M: 0.0226
    Episode Approval Rate F: 0.0212
    Episode Profit: $91.71k
    Cumulative Profit: $2563.29k

  Starting Episode 91 (ALL state preserved - continuous play)

  Episode 100/100 Complete:
    Timesteps this episode: 199
    Total time elapsed: 9950.0
    μ_M: $64.08k, μ_F: $50.81k
    Wealth Gap: $13.27k
    Episode Approval Rate M: 0.0208
    Episode Approval Rate F: 0.0181
    Episode Profit: $85.34k
    Cumulative Profit: $3158.61k

[6] Computing Final Metrics...

================================================================================
FINAL TESTING RESULTS
================================================================================

  Model: utilitarian_profit (both)
  Episodes: 100
  Total Time: 9950.0
  Hawkes Events (M/F): 1338/1008

  --- Wealth Metrics ---
  Initial μ_M,0: $60.82k
  Initial μ_F,0: $48.29k
  Final μ_M: $64.08k
  Final μ_F: $50.81k
  Final Wealth Gap: $13.27k

  --- Long-term Social Welfare R_g(t) = (μ_g,t - μ_g,0) / t ---
  R_M (Male):   0.000328 ($1000s per time unit)
  R_F (Female): 0.000254 ($1000s per time unit)
  R_total:      0.000291 ($1000s per time unit)
  R_M / R_F:    1.2941

  --- Inequality Ratio ρ = Δμ_M / Δμ_F (per episode) ---
  Mean ρ:   1.5964
  Std ρ:    1.0486
  Min ρ:    0.3863
  Max ρ:    5.7621
  Last 5 episodes: ['1.245', '1.386', '0.717', '1.207', '1.358']

  --- Approval Metrics ---
  Total Applications M: 59520
  Total Applications F: 47620
  Total Loans Approved M: 1338
  Total Loans Approved F: 1008
  Final Approval Rate M: 0.0225
  Final Approval Rate F: 0.0212

  --- Success Probabilities ---
  Total Defaults M: 111
  Total Defaults F: 94
  Final Success Prob M: 0.9170
  Final Success Prob F: 0.9067

  --- Ground Truth Comparison (Males) ---
  True Positives:  263
  False Positives: 1075
  True Negatives:  45844
  False Negatives: 12338
  Accuracy:  0.7746
  Precision: 0.1966
  Recall:    0.0209

  --- Ground Truth Comparison (Females) ---
  True Positives:  116
  False Positives: 892
  True Negatives:  41633
  False Negatives: 4979
  Accuracy:  0.8767
  Precision: 0.1151
  Recall:    0.0228

  --- Profit ---
  Cumulative Profit: $3158.61k

[7] Saving Results...
  Saved episode metrics to ./pepg_sequential_results/test_episode_metrics_utilitarian_profit_both_seed3_20260123_122409.csv

================================================================================
Finished: 2026-01-23T12:24:10.534871
Exit code: 0
Test Exit code: 0
