Job: utilitarian_profit_wealth_seed2
Command: uv run python -u par_pepg.py --seeds 1 --seed 2 --reward utilitarian_profit --constraint wealth --episodes 200 --workers 1 --weights-dir ./pepg_sequential_results
Started: 2026-01-25T05:09:56.611411
================================================================================

================================================================================
PERFORMATIVE POLICY GRADIENT V2 (Explicit Hawkes) EXPERIMENT
  Reward: UTILITARIAN_PROFIT
  Constraint: WEALTH
  Seed: 2
  Warmup: 0 episodes
================================================================================

CUDA Available: NVIDIA L40S

[STEP 1] Loading Adult Income Data...
Downloading Adult Income dataset...
  Trying UCI Repository...
  ✓ Downloaded 20,000 records from UCI repository
Preprocessing Adult Income data...

  Deriving creditworthiness using income prediction model...

Male applicants: 13519
Female applicants: 6481
Male high-income rate: 0.312
Female high-income rate: 0.116

[STEP 2] Learning θ Parameters...

[STEP 3] Creating Environment...

[STEP 4] Creating PePG V2 Agent...
  Using device: cuda
  Mixed precision (AMP): Enabled
  Replay buffer capacity: 50 episodes
  Warmup episodes: 0

[STEP 5] Training PePG V2 Agent...
Training PePG V2 with utilitarian_profit (wealth constraint)...
  Warmup episodes: 0
  Gradient weights: hawkes=1.0, wealth=1.0, transition=1.0, reward=1.0
  [PePG] Ep 0: R=928.33, Avg=928.33, ρ=1.19, λw=2.000, Number of Approvals R = 329.000, Number of Approvals B = 251.000, 
  [PePG] Ep 10: R=1295.71, Avg=1295.71, ρ=1.31, λw=2.000, Number of Approvals R = 408.000, Number of Approvals B = 365.000, 
  [PePG] Ep 20: R=1952.21, Avg=1312.24, ρ=1.65, λw=2.000, Number of Approvals R = 705.000, Number of Approvals B = 515.000, 
  [PePG] Ep 30: R=2530.11, Avg=1953.32, ρ=1.38, λw=2.000, Number of Approvals R = 880.000, Number of Approvals B = 677.000, 
  [PePG] Ep 40: R=3164.98, Avg=2614.18, ρ=1.41, λw=2.000, Number of Approvals R = 1201.000, Number of Approvals B = 827.000, 
  [PePG] Ep 50: R=3950.53, Avg=3294.82, ρ=1.35, λw=2.000, Number of Approvals R = 1399.000, Number of Approvals B = 1081.000, 
  [PePG] Ep 60: R=4603.60, Avg=3956.07, ρ=1.14, λw=2.000, Number of Approvals R = 1544.000, Number of Approvals B = 1307.000, 
  [PePG] Ep 70: R=4870.18, Avg=4492.95, ρ=1.15, λw=2.000, Number of Approvals R = 1615.000, Number of Approvals B = 1384.000, 
  [PePG] Ep 80: R=5232.07, Avg=4937.44, ρ=0.97, λw=2.000, Number of Approvals R = 1737.000, Number of Approvals B = 1635.000, 
  [PePG] Ep 90: R=5683.91, Avg=5372.04, ρ=1.02, λw=2.000, Number of Approvals R = 1820.000, Number of Approvals B = 1737.000, 
  [PePG] Ep 100: R=6056.31, Avg=5719.63, ρ=0.98, λw=2.000, Number of Approvals R = 1858.000, Number of Approvals B = 1835.000, 
  [PePG] Ep 110: R=5902.12, Avg=5887.08, ρ=0.93, λw=2.000, Number of Approvals R = 1891.000, Number of Approvals B = 1878.000, 
  [PePG] Ep 120: R=6027.64, Avg=6001.31, ρ=1.01, λw=2.000, Number of Approvals R = 1911.000, Number of Approvals B = 1902.000, 
  [PePG] Ep 130: R=6380.38, Avg=6144.68, ρ=1.02, λw=2.000, Number of Approvals R = 1954.000, Number of Approvals B = 1950.000, 
  [PePG] Ep 140: R=6126.07, Avg=6264.14, ρ=0.99, λw=2.000, Number of Approvals R = 1957.000, Number of Approvals B = 1956.000, 
  [PePG] Ep 150: R=6216.40, Avg=6312.04, ρ=0.99, λw=2.000, Number of Approvals R = 1967.000, Number of Approvals B = 1970.000, 
  [PePG] Ep 160: R=6326.95, Avg=6333.18, ρ=1.03, λw=2.000, Number of Approvals R = 1962.000, Number of Approvals B = 1972.000, 
  [PePG] Ep 170: R=6309.02, Avg=6340.61, ρ=1.00, λw=2.000, Number of Approvals R = 1971.000, Number of Approvals B = 1964.000, 
  [PePG] Ep 180: R=6292.06, Avg=6338.51, ρ=0.98, λw=2.000, Number of Approvals R = 1965.000, Number of Approvals B = 1970.000, 
  [PePG] Ep 190: R=6343.65, Avg=6377.25, ρ=0.98, λw=2.000, Number of Approvals R = 1967.000, Number of Approvals B = 1968.000, 
  [PePG] Ep 199: R=6425.41, Avg=6386.70, ρ=1.00, λw=2.000, Number of Approvals R = 1980.000, Number of Approvals B = 1975.000, 

Training complete. Buffer: 50 episodes

============================================================
TRAINING COMPLETE
============================================================
  Final wealth gap: $52.472k
  Approval disparity: -0.0015
  Total profit: $6219.512k
  Mean ρ: 1.0997
  PePG V2 model saved to ./pepg_sequential_results/pepg_utilitarian_profit_wealth_seed2.pt
================================================================================
TESTING TRAINED AGENT (EPISODE-WISE METRICS)
================================================================================
  Model: ./pepg_sequential_results/pepg_utilitarian_profit_wealth_seed2.pt
  Episodes: 100
  Continuous play: YES (no wealth reset between episodes)
  Credit threshold for ground truth: 0.5
  Checkpoint directory: ./checkpoints
  Resume from checkpoint: True
================================================================================

[1] Loading Data...
Downloading Adult Income dataset...
Preprocessing Adult Income data...

  Deriving creditworthiness (ground truth) using income prediction model...

Male applicants: 13519
Female applicants: 6481
Male ground truth approval rate: 0.180
Female ground truth approval rate: 0.087
Loading model from ./pepg_sequential_results/pepg_utilitarian_profit_wealth_seed2.pt...
  ✓ Model loaded successfully
    Reward function: utilitarian_profit
    Constraint type: wealth

[5] Running 100 Episodes (Episodes 1 to 100)...

  Starting Episode 1 (ALL state preserved - continuous play)

  Episode 10/100 Complete:
    Timesteps this episode: 199
    Total time elapsed: 995.0
    μ_M: $79.15k, μ_F: $62.57k
    Wealth Gap: $16.57k
    Episode Approval Rate M: 0.9558
    Episode Approval Rate F: 0.9591
    Episode Profit: $5306.27k
    Cumulative Profit: $18550.21k

  Starting Episode 11 (ALL state preserved - continuous play)

  Episode 20/100 Complete:
    Timesteps this episode: 199
    Total time elapsed: 1990.0
    μ_M: $102.08k, μ_F: $80.45k
    Wealth Gap: $21.63k
    Episode Approval Rate M: 0.9598
    Episode Approval Rate F: 0.9567
    Episode Profit: $6753.05k
    Cumulative Profit: $39483.94k

  Starting Episode 21 (ALL state preserved - continuous play)

  Episode 30/100 Complete:
    Timesteps this episode: 199
    Total time elapsed: 2985.0
    μ_M: $131.17k, μ_F: $101.26k
    Wealth Gap: $29.91k
    Episode Approval Rate M: 0.9535
    Episode Approval Rate F: 0.9603
    Episode Profit: $8327.68k
    Cumulative Profit: $67994.09k

  Starting Episode 31 (ALL state preserved - continuous play)

  Episode 40/100 Complete:
    Timesteps this episode: 199
    Total time elapsed: 3980.0
    μ_M: $167.02k, μ_F: $128.37k
    Wealth Gap: $38.65k
    Episode Approval Rate M: 0.9601
    Episode Approval Rate F: 0.9676
    Episode Profit: $10807.74k
    Cumulative Profit: $104132.48k

  Starting Episode 41 (ALL state preserved - continuous play)

  Episode 50/100 Complete:
    Timesteps this episode: 199
    Total time elapsed: 4975.0
    μ_M: $208.87k, μ_F: $161.48k
    Wealth Gap: $47.39k
    Episode Approval Rate M: 0.9716
    Episode Approval Rate F: 0.9635
    Episode Profit: $12554.65k
    Cumulative Profit: $147928.77k

  Starting Episode 51 (ALL state preserved - continuous play)
