Job: utilitarian_profit_approval_rate_seed4
Command: uv run python -u par_pepg.py --seeds 1 --seed 4 --reward utilitarian_profit --constraint approval_rate --episodes 200 --workers 1 --weights-dir ./pepg_sequential_results
Started: 2026-01-25T05:22:01.544181
================================================================================

================================================================================
PERFORMATIVE POLICY GRADIENT V2 (Explicit Hawkes) EXPERIMENT
  Reward: UTILITARIAN_PROFIT
  Constraint: APPROVAL_RATE
  Seed: 4
  Warmup: 0 episodes
================================================================================

CUDA Available: NVIDIA GeForce RTX 2080 Ti

[STEP 1] Loading Adult Income Data...
Downloading Adult Income dataset...
  Trying UCI Repository...
  ✓ Downloaded 20,000 records from UCI repository
Preprocessing Adult Income data...

  Deriving creditworthiness using income prediction model...

Male applicants: 13519
Female applicants: 6481
Male high-income rate: 0.312
Female high-income rate: 0.116

[STEP 2] Learning θ Parameters...

[STEP 3] Creating Environment...

[STEP 4] Creating PePG V2 Agent...
  Using device: cuda
  Mixed precision (AMP): Enabled
  Replay buffer capacity: 50 episodes
  Warmup episodes: 0

[STEP 5] Training PePG V2 Agent...
Training PePG V2 with utilitarian_profit (approval_rate constraint)...
  Warmup episodes: 0
  Gradient weights: hawkes=1.0, wealth=1.0, transition=1.0, reward=1.0
  [PePG] Ep 0: R=607.16, Avg=607.16, ρ=1.23, λw=2.000, Number of Approvals R = 200.000, Number of Approvals B = 176.000, 
  [PePG] Ep 10: R=1403.12, Avg=1403.12, ρ=1.15, λw=2.000, Number of Approvals R = 461.000, Number of Approvals B = 422.000, 
  [PePG] Ep 20: R=1895.11, Avg=1402.51, ρ=1.28, λw=2.000, Number of Approvals R = 695.000, Number of Approvals B = 540.000, 
  [PePG] Ep 30: R=2385.43, Avg=1984.64, ρ=1.41, λw=2.000, Number of Approvals R = 887.000, Number of Approvals B = 655.000, 
  [PePG] Ep 40: R=3117.75, Avg=2586.57, ρ=1.32, λw=2.000, Number of Approvals R = 1166.000, Number of Approvals B = 897.000, 
