Job: utilitarian_profit_wealth_seed1
Command: uv run python -u par_pepg.py --seeds 1 --seed 1 --reward utilitarian_profit --constraint wealth --episodes 200 --workers 1 --weights-dir ./pepg_sequential_results
Started: 2026-01-23T10:54:56.639090
================================================================================

================================================================================
PERFORMATIVE POLICY GRADIENT V2 (Explicit Hawkes) EXPERIMENT
  Reward: UTILITARIAN_PROFIT
  Constraint: WEALTH
  Seed: 1
  Warmup: 0 episodes
================================================================================

CUDA Available: NVIDIA GeForce RTX 2080 Ti

[STEP 1] Loading Adult Income Data...
Downloading Adult Income dataset...
  Trying UCI Repository...
  ✓ Downloaded 20,000 records from UCI repository
Preprocessing Adult Income data...

  Deriving creditworthiness using income prediction model...

Male applicants: 13519
Female applicants: 6481
Male high-income rate: 0.312
Female high-income rate: 0.116

[STEP 2] Learning θ Parameters...

[STEP 3] Creating Environment...

[STEP 4] Creating PePG V2 Agent...
  Using device: cuda
  Mixed precision (AMP): Enabled
  Replay buffer capacity: 50 episodes
  Warmup episodes: 0

[STEP 5] Training PePG V2 Agent...
Training PePG V2 with utilitarian_profit (wealth constraint)...
  Warmup episodes: 0
  Gradient weights: hawkes=1.0, wealth=1.0, transition=1.0, reward=1.0
  [PePG] Ep 0: R=830.98, Avg=830.98, ρ=1.07, λw=2.000, ‖∇std‖=72.696, ‖∇H‖=2599.326, ‖∇W‖=17620.582
  [PePG] Ep 10: R=147.06, Avg=147.06, ρ=1.11, λw=2.000, ‖∇std‖=37.425, ‖∇H‖=51.241, ‖∇W‖=404.261
  [PePG] Ep 20: R=100.13, Avg=204.48, ρ=1.06, λw=2.000, ‖∇std‖=16.235, ‖∇H‖=1.584, ‖∇W‖=14.852
  [PePG] Ep 30: R=73.70, Avg=100.25, ρ=2.05, λw=2.000, ‖∇std‖=21.678, ‖∇H‖=4.514, ‖∇W‖=34.222
  [PePG] Ep 40: R=54.99, Avg=75.30, ρ=2.56, λw=2.000, ‖∇std‖=3.862, ‖∇H‖=0.295, ‖∇W‖=0.468
  [PePG] Ep 50: R=54.34, Avg=58.96, ρ=1.01, λw=2.000, ‖∇std‖=8.480, ‖∇H‖=0.169, ‖∇W‖=2.638
  [PePG] Ep 60: R=48.45, Avg=49.73, ρ=1.12, λw=2.000, ‖∇std‖=4.624, ‖∇H‖=0.085, ‖∇W‖=0.697
  [PePG] Ep 70: R=47.53, Avg=46.21, ρ=1.05, λw=2.000, ‖∇std‖=7.911, ‖∇H‖=8.480, ‖∇W‖=33.134
  [PePG] Ep 80: R=45.26, Avg=47.54, ρ=3.38, λw=2.000, ‖∇std‖=10.259, ‖∇H‖=3.881, ‖∇W‖=25.587
  [PePG] Ep 90: R=42.68, Avg=47.52, ρ=1.89, λw=2.000, ‖∇std‖=53.614, ‖∇H‖=14.356, ‖∇W‖=107.244
  [PePG] Ep 100: R=43.37, Avg=44.95, ρ=3.98, λw=2.000, ‖∇std‖=1.291, ‖∇H‖=0.475, ‖∇W‖=2.341
  [PePG] Ep 110: R=50.70, Avg=46.64, ρ=0.79, λw=2.000, ‖∇std‖=56.289, ‖∇H‖=4.144, ‖∇W‖=30.416
  [PePG] Ep 120: R=44.41, Avg=48.26, ρ=2.60, λw=2.000, ‖∇std‖=9.436, ‖∇H‖=1.092, ‖∇W‖=11.395
  [PePG] Ep 130: R=40.51, Avg=44.37, ρ=1.79, λw=2.000, ‖∇std‖=1.935, ‖∇H‖=1.224, ‖∇W‖=2.359
  [PePG] Ep 140: R=38.86, Avg=40.73, ρ=0.92, λw=2.000, ‖∇std‖=1.703, ‖∇H‖=0.207, ‖∇W‖=1.316
  [PePG] Ep 150: R=34.70, Avg=38.92, ρ=0.71, λw=2.000, ‖∇std‖=0.098, ‖∇H‖=0.121, ‖∇W‖=0.048
  [PePG] Ep 160: R=42.23, Avg=38.15, ρ=0.77, λw=2.000, ‖∇std‖=2.478, ‖∇H‖=1.870, ‖∇W‖=8.505
  [PePG] Ep 170: R=44.54, Avg=39.10, ρ=0.81, λw=2.000, ‖∇std‖=8.349, ‖∇H‖=1.664, ‖∇W‖=10.758
  [PePG] Ep 180: R=49.12, Avg=43.77, ρ=0.68, λw=2.000, ‖∇std‖=4.161, ‖∇H‖=0.202, ‖∇W‖=1.378
  [PePG] Ep 190: R=59.17, Avg=51.11, ρ=2.68, λw=2.000, ‖∇std‖=23.708, ‖∇H‖=10.851, ‖∇W‖=48.786
  [PePG] Ep 199: R=71.68, Avg=58.43, ρ=1.05, λw=2.000, ‖∇std‖=50.832, ‖∇H‖=12.210, ‖∇W‖=74.375

Training complete. Buffer: 50 episodes

============================================================
TRAINING COMPLETE
============================================================
  Final wealth gap: $14.815k
  Approval disparity: -0.0032
  Total profit: $68.259k
  Mean ρ: 1.4898
  PePG V2 model saved to ./pepg_sequential_results/pepg_utilitarian_profit_wealth_seed1.pt
================================================================================
TESTING TRAINED AGENT (EPISODE-WISE METRICS)
================================================================================
  Model: ./pepg_sequential_results/pepg_utilitarian_profit_wealth_seed1.pt
  Episodes: 100
  Continuous play: YES (no wealth reset between episodes)
  Credit threshold for ground truth: 0.5
  Checkpoint directory: ./checkpoints
  Resume from checkpoint: True
================================================================================

[1] Loading Data...
Downloading Adult Income dataset...
Preprocessing Adult Income data...

  Deriving creditworthiness (ground truth) using income prediction model...

Male applicants: 13519
Female applicants: 6481
Male ground truth approval rate: 0.180
Female ground truth approval rate: 0.087
Loading model from ./pepg_sequential_results/pepg_utilitarian_profit_wealth_seed1.pt...
  ✓ Model loaded successfully
    Reward function: utilitarian_profit
    Constraint type: wealth

[5] Running 100 Episodes (Episodes 1 to 100)...

  Starting Episode 1 (ALL state preserved - continuous play)

  Episode 10/100 Complete:
    Timesteps this episode: 199
    Total time elapsed: 995.0
    μ_M: $61.38k, μ_F: $48.70k
    Wealth Gap: $12.68k
    Episode Approval Rate M: 0.0296
    Episode Approval Rate F: 0.0384
    Episode Profit: $135.49k
    Cumulative Profit: $509.80k

  Starting Episode 11 (ALL state preserved - continuous play)

  Episode 20/100 Complete:
    Timesteps this episode: 199
    Total time elapsed: 1990.0
    μ_M: $61.96k, μ_F: $49.08k
    Wealth Gap: $12.88k
    Episode Approval Rate M: 0.0225
    Episode Approval Rate F: 0.0343
    Episode Profit: $106.44k
    Cumulative Profit: $746.52k

  Starting Episode 21 (ALL state preserved - continuous play)

  Episode 30/100 Complete:
    Timesteps this episode: 199
    Total time elapsed: 2985.0
    μ_M: $62.49k, μ_F: $49.47k
    Wealth Gap: $13.01k
    Episode Approval Rate M: 0.0540
    Episode Approval Rate F: 0.0403
    Episode Profit: $205.42k
    Cumulative Profit: $1472.42k

  Starting Episode 31 (ALL state preserved - continuous play)

  Episode 40/100 Complete:
    Timesteps this episode: 199
    Total time elapsed: 3980.0
    μ_M: $63.08k, μ_F: $49.89k
    Wealth Gap: $13.18k
    Episode Approval Rate M: 0.0405
    Episode Approval Rate F: 0.0412
    Episode Profit: $145.85k
    Cumulative Profit: $1953.03k

  Starting Episode 41 (ALL state preserved - continuous play)

  Episode 50/100 Complete:
    Timesteps this episode: 199
    Total time elapsed: 4975.0
    μ_M: $63.63k, μ_F: $50.28k
    Wealth Gap: $13.35k
    Episode Approval Rate M: 0.0382
    Episode Approval Rate F: 0.0321
    Episode Profit: $122.10k
    Cumulative Profit: $2255.19k

  Starting Episode 51 (ALL state preserved - continuous play)

  Episode 60/100 Complete:
    Timesteps this episode: 199
    Total time elapsed: 5970.0
    μ_M: $64.11k, μ_F: $50.77k
    Wealth Gap: $13.34k
    Episode Approval Rate M: 0.0195
    Episode Approval Rate F: 0.0444
    Episode Profit: $117.12k
    Cumulative Profit: $2649.35k

  Starting Episode 61 (ALL state preserved - continuous play)

  Episode 70/100 Complete:
    Timesteps this episode: 199
    Total time elapsed: 6965.0
    μ_M: $64.67k, μ_F: $51.14k
    Wealth Gap: $13.53k
    Episode Approval Rate M: 0.0399
    Episode Approval Rate F: 0.0275
    Episode Profit: $154.50k
    Cumulative Profit: $3494.09k

  Starting Episode 71 (ALL state preserved - continuous play)

  Episode 80/100 Complete:
    Timesteps this episode: 199
    Total time elapsed: 7960.0
    μ_M: $65.21k, μ_F: $51.51k
    Wealth Gap: $13.70k
    Episode Approval Rate M: 0.0319
    Episode Approval Rate F: 0.0258
    Episode Profit: $113.48k
    Cumulative Profit: $4003.52k

  Starting Episode 81 (ALL state preserved - continuous play)

  Episode 90/100 Complete:
    Timesteps this episode: 199
    Total time elapsed: 8955.0
    μ_M: $65.68k, μ_F: $52.07k
    Wealth Gap: $13.61k
    Episode Approval Rate M: 0.0254
    Episode Approval Rate F: 0.0368
    Episode Profit: $137.36k
    Cumulative Profit: $4360.38k

  Starting Episode 91 (ALL state preserved - continuous play)

  Episode 100/100 Complete:
    Timesteps this episode: 199
    Total time elapsed: 9950.0
    μ_M: $66.18k, μ_F: $52.50k
    Wealth Gap: $13.68k
    Episode Approval Rate M: 0.0450
    Episode Approval Rate F: 0.0326
    Episode Profit: $155.97k
    Cumulative Profit: $4976.57k

[6] Computing Final Metrics...

================================================================================
FINAL TESTING RESULTS
================================================================================

  Model: utilitarian_profit (wealth)
  Episodes: 100
  Total Time: 9950.0
  Hawkes Events (M/F): 2195/1669

  --- Wealth Metrics ---
  Initial μ_M,0: $60.82k
  Initial μ_F,0: $48.29k
  Final μ_M: $66.18k
  Final μ_F: $52.50k
  Final Wealth Gap: $13.68k

  --- Long-term Social Welfare R_g(t) = (μ_g,t - μ_g,0) / t ---
  R_M (Male):   0.000539 ($1000s per time unit)
  R_F (Female): 0.000423 ($1000s per time unit)
  R_total:      0.000481 ($1000s per time unit)
  R_M / R_F:    1.2733

  --- Inequality Ratio ρ = Δμ_M / Δμ_F (per episode) ---
  Mean ρ:   1.4612
  Std ρ:    0.8081
  Min ρ:    0.5329
  Max ρ:    5.2049
  Last 5 episodes: ['1.271', '1.125', '1.248', '1.058', '1.694']

  --- Approval Metrics ---
  Total Applications M: 60117
  Total Applications F: 48012
  Total Loans Approved M: 2195
  Total Loans Approved F: 1669
  Final Approval Rate M: 0.0365
  Final Approval Rate F: 0.0348

  --- Success Probabilities ---
  Total Defaults M: 205
  Total Defaults F: 148
  Final Success Prob M: 0.9066
  Final Success Prob F: 0.9113

  --- Ground Truth Comparison (Males) ---
  True Positives:  479
  False Positives: 1716
  True Negatives:  45789
  False Negatives: 12133
  Accuracy:  0.7696
  Precision: 0.2182
  Recall:    0.0380

  --- Ground Truth Comparison (Females) ---
  True Positives:  157
  False Positives: 1512
  True Negatives:  41360
  False Negatives: 4983
  Accuracy:  0.8647
  Precision: 0.0941
  Recall:    0.0305

  --- Profit ---
  Cumulative Profit: $4976.57k

[7] Saving Results...
  Saved episode metrics to ./pepg_sequential_results/test_episode_metrics_utilitarian_profit_wealth_seed1_20260123_110914.csv

================================================================================
Finished: 2026-01-23T11:09:15.490851
Exit code: 0
Test Exit code: 0
