Job: utilitarian_profit_approval_rate_seed5
Command: uv run python -u par_pepg.py --seeds 1 --seed 5 --reward utilitarian_profit --constraint approval_rate --episodes 200 --workers 1 --weights-dir ./pepg_sequential_results
Started: 2026-01-25T06:11:57.553355
================================================================================

================================================================================
PERFORMATIVE POLICY GRADIENT V2 (Explicit Hawkes) EXPERIMENT
  Reward: UTILITARIAN_PROFIT
  Constraint: APPROVAL_RATE
  Seed: 5
  Warmup: 0 episodes
================================================================================

CUDA Available: NVIDIA GeForce RTX 2080 Ti

[STEP 1] Loading Adult Income Data...
Downloading Adult Income dataset...
  Trying UCI Repository...
  ✓ Downloaded 20,000 records from UCI repository
Preprocessing Adult Income data...

  Deriving creditworthiness using income prediction model...

Male applicants: 13519
Female applicants: 6481
Male high-income rate: 0.312
Female high-income rate: 0.116

[STEP 2] Learning θ Parameters...

[STEP 3] Creating Environment...

[STEP 4] Creating PePG V2 Agent...
  Using device: cuda
  Mixed precision (AMP): Enabled
  Replay buffer capacity: 50 episodes
  Warmup episodes: 0

[STEP 5] Training PePG V2 Agent...
Training PePG V2 with utilitarian_profit (approval_rate constraint)...
  Warmup episodes: 0
  Gradient weights: hawkes=1.0, wealth=1.0, transition=1.0, reward=1.0
  [PePG] Ep 0: R=891.55, Avg=891.55, ρ=1.13, λw=2.000, Number of Approvals R = 295.000, Number of Approvals B = 244.000, 
  [PePG] Ep 10: R=1816.46, Avg=1816.46, ρ=1.27, λw=2.000, Number of Approvals R = 617.000, Number of Approvals B = 495.000, 
  [PePG] Ep 20: R=2312.07, Avg=1727.58, ρ=1.45, λw=2.000, Number of Approvals R = 823.000, Number of Approvals B = 579.000, 
  [PePG] Ep 30: R=3001.97, Avg=2313.24, ρ=1.40, λw=2.000, Number of Approvals R = 1057.000, Number of Approvals B = 755.000, 
  [PePG] Ep 40: R=3610.45, Avg=2889.37, ρ=1.48, λw=2.000, Number of Approvals R = 1329.000, Number of Approvals B = 953.000, 
