Job: utilitarian_profit_both_seed2
Command: uv run python -u par_pepg.py --seeds 1 --seed 2 --reward utilitarian_profit --constraint both --episodes 200 --workers 1 --weights-dir ./pepg_sequential_results
Started: 2026-01-23T11:53:55.815280
================================================================================

================================================================================
PERFORMATIVE POLICY GRADIENT V2 (Explicit Hawkes) EXPERIMENT
  Reward: UTILITARIAN_PROFIT
  Constraint: BOTH
  Seed: 2
  Warmup: 0 episodes
================================================================================

CUDA Available: NVIDIA GeForce RTX 2080 Ti

[STEP 1] Loading Adult Income Data...
Downloading Adult Income dataset...
  Trying UCI Repository...
  ✓ Downloaded 20,000 records from UCI repository
Preprocessing Adult Income data...

  Deriving creditworthiness using income prediction model...

Male applicants: 13519
Female applicants: 6481
Male high-income rate: 0.312
Female high-income rate: 0.116

[STEP 2] Learning θ Parameters...

[STEP 3] Creating Environment...

[STEP 4] Creating PePG V2 Agent...
  Using device: cuda
  Mixed precision (AMP): Enabled
  Replay buffer capacity: 50 episodes
  Warmup episodes: 0

[STEP 5] Training PePG V2 Agent...
Training PePG V2 with utilitarian_profit (both constraint)...
  Warmup episodes: 0
  Gradient weights: hawkes=1.0, wealth=1.0, transition=1.0, reward=1.0
  [PePG] Ep 0: R=928.33, Avg=928.33, ρ=1.19, λw=2.000, ‖∇std‖=60.697, ‖∇H‖=1720.713, ‖∇W‖=13007.393
  [PePG] Ep 10: R=219.08, Avg=219.08, ρ=1.21, λw=2.000, ‖∇std‖=17.562, ‖∇H‖=8.094, ‖∇W‖=60.258
  [PePG] Ep 20: R=135.18, Avg=291.82, ρ=1.69, λw=2.000, ‖∇std‖=3.302, ‖∇H‖=8.108, ‖∇W‖=34.927
  [PePG] Ep 30: R=90.36, Avg=137.84, ρ=0.97, λw=2.000, ‖∇std‖=3.213, ‖∇H‖=1.851, ‖∇W‖=24.957
  [PePG] Ep 40: R=61.20, Avg=91.77, ρ=1.01, λw=2.000, ‖∇std‖=8.872, ‖∇H‖=7.228, ‖∇W‖=53.095
  [PePG] Ep 50: R=56.91, Avg=67.78, ρ=1.33, λw=2.000, ‖∇std‖=15.448, ‖∇H‖=0.907, ‖∇W‖=13.398
  [PePG] Ep 60: R=56.13, Avg=59.23, ρ=1.24, λw=2.000, ‖∇std‖=12.155, ‖∇H‖=1.024, ‖∇W‖=20.624
  [PePG] Ep 70: R=55.14, Avg=57.16, ρ=0.83, λw=2.000, ‖∇std‖=5.978, ‖∇H‖=0.228, ‖∇W‖=0.077
  [PePG] Ep 80: R=59.18, Avg=56.75, ρ=1.30, λw=2.000, ‖∇std‖=14.421, ‖∇H‖=1.943, ‖∇W‖=2.361
  [PePG] Ep 90: R=54.44, Avg=55.33, ρ=1.63, λw=2.000, ‖∇std‖=3.029, ‖∇H‖=0.661, ‖∇W‖=2.891
  [PePG] Ep 100: R=54.02, Avg=53.96, ρ=0.96, λw=2.000, ‖∇std‖=5.757, ‖∇H‖=0.325, ‖∇W‖=6.472
  [PePG] Ep 110: R=52.00, Avg=53.28, ρ=0.70, λw=2.000, ‖∇std‖=3.460, ‖∇H‖=0.300, ‖∇W‖=1.449
  [PePG] Ep 120: R=60.16, Avg=53.66, ρ=0.97, λw=2.000, ‖∇std‖=1.972, ‖∇H‖=0.129, ‖∇W‖=7.687
  [PePG] Ep 130: R=58.46, Avg=57.31, ρ=3.42, λw=2.000, ‖∇std‖=5.619, ‖∇H‖=1.223, ‖∇W‖=15.551
  [PePG] Ep 140: R=56.46, Avg=60.87, ρ=1.13, λw=2.000, ‖∇std‖=6.382, ‖∇H‖=0.807, ‖∇W‖=3.001
  [PePG] Ep 150: R=50.26, Avg=59.02, ρ=1.07, λw=2.000, ‖∇std‖=2.228, ‖∇H‖=3.703, ‖∇W‖=15.915
  [PePG] Ep 160: R=54.10, Avg=54.16, ρ=1.30, λw=2.000, ‖∇std‖=11.467, ‖∇H‖=0.065, ‖∇W‖=3.027
  [PePG] Ep 170: R=52.31, Avg=51.54, ρ=0.86, λw=2.000, ‖∇std‖=9.217, ‖∇H‖=0.469, ‖∇W‖=6.855
  [PePG] Ep 180: R=48.67, Avg=52.35, ρ=1.95, λw=2.000, ‖∇std‖=4.597, ‖∇H‖=1.312, ‖∇W‖=9.846
  [PePG] Ep 190: R=54.72, Avg=54.52, ρ=1.77, λw=2.000, ‖∇std‖=22.727, ‖∇H‖=5.783, ‖∇W‖=20.037
  [PePG] Ep 199: R=48.78, Avg=54.26, ρ=0.75, λw=2.000, ‖∇std‖=1.701, ‖∇H‖=1.638, ‖∇W‖=12.604

Training complete. Buffer: 50 episodes

============================================================
TRAINING COMPLETE
============================================================
  Final wealth gap: $15.489k
  Approval disparity: -0.0118
  Total profit: $-75.109k
  Mean ρ: 1.3751
  PePG V2 model saved to ./pepg_sequential_results/pepg_utilitarian_profit_both_seed2.pt
================================================================================
TESTING TRAINED AGENT (EPISODE-WISE METRICS)
================================================================================
  Model: ./pepg_sequential_results/pepg_utilitarian_profit_both_seed2.pt
  Episodes: 100
  Continuous play: YES (no wealth reset between episodes)
  Credit threshold for ground truth: 0.5
  Checkpoint directory: ./checkpoints
  Resume from checkpoint: True
================================================================================

[1] Loading Data...
Downloading Adult Income dataset...
Preprocessing Adult Income data...

  Deriving creditworthiness (ground truth) using income prediction model...

Male applicants: 13519
Female applicants: 6481
Male ground truth approval rate: 0.180
Female ground truth approval rate: 0.087
Loading model from ./pepg_sequential_results/pepg_utilitarian_profit_both_seed2.pt...
  ✓ Model loaded successfully
    Reward function: utilitarian_profit
    Constraint type: both

[5] Running 100 Episodes (Episodes 1 to 100)...

  Starting Episode 1 (ALL state preserved - continuous play)

  Episode 10/100 Complete:
    Timesteps this episode: 199
    Total time elapsed: 995.0
    μ_M: $61.22k, μ_F: $48.56k
    Wealth Gap: $12.66k
    Episode Approval Rate M: 0.0233
    Episode Approval Rate F: 0.0163
    Episode Profit: $78.13k
    Cumulative Profit: $342.97k

  Starting Episode 11 (ALL state preserved - continuous play)

  Episode 20/100 Complete:
    Timesteps this episode: 199
    Total time elapsed: 1990.0
    μ_M: $61.51k, μ_F: $48.85k
    Wealth Gap: $12.66k
    Episode Approval Rate M: 0.0259
    Episode Approval Rate F: 0.0274
    Episode Profit: $112.62k
    Cumulative Profit: $801.43k

  Starting Episode 21 (ALL state preserved - continuous play)

  Episode 30/100 Complete:
    Timesteps this episode: 199
    Total time elapsed: 2985.0
    μ_M: $61.85k, μ_F: $49.11k
    Wealth Gap: $12.74k
    Episode Approval Rate M: 0.0296
    Episode Approval Rate F: 0.0269
    Episode Profit: $105.09k
    Cumulative Profit: $1333.62k

  Starting Episode 31 (ALL state preserved - continuous play)

  Episode 40/100 Complete:
    Timesteps this episode: 199
    Total time elapsed: 3980.0
    μ_M: $62.24k, μ_F: $49.44k
    Wealth Gap: $12.80k
    Episode Approval Rate M: 0.0252
    Episode Approval Rate F: 0.0265
    Episode Profit: $105.15k
    Cumulative Profit: $1638.02k

  Starting Episode 41 (ALL state preserved - continuous play)

  Episode 50/100 Complete:
    Timesteps this episode: 199
    Total time elapsed: 4975.0
    μ_M: $62.64k, μ_F: $49.70k
    Wealth Gap: $12.94k
    Episode Approval Rate M: 0.0330
    Episode Approval Rate F: 0.0161
    Episode Profit: $110.86k
    Cumulative Profit: $1893.18k

  Starting Episode 51 (ALL state preserved - continuous play)

  Episode 60/100 Complete:
    Timesteps this episode: 199
    Total time elapsed: 5970.0
    μ_M: $63.00k, μ_F: $49.96k
    Wealth Gap: $13.04k
    Episode Approval Rate M: 0.0293
    Episode Approval Rate F: 0.0251
    Episode Profit: $105.94k
    Cumulative Profit: $2475.46k

  Starting Episode 61 (ALL state preserved - continuous play)

  Episode 70/100 Complete:
    Timesteps this episode: 199
    Total time elapsed: 6965.0
    μ_M: $63.36k, μ_F: $50.28k
    Wealth Gap: $13.07k
    Episode Approval Rate M: 0.0199
    Episode Approval Rate F: 0.0352
    Episode Profit: $126.65k
    Cumulative Profit: $2699.99k

  Starting Episode 71 (ALL state preserved - continuous play)

  Episode 80/100 Complete:
    Timesteps this episode: 199
    Total time elapsed: 7960.0
    μ_M: $63.75k, μ_F: $50.61k
    Wealth Gap: $13.14k
    Episode Approval Rate M: 0.0287
    Episode Approval Rate F: 0.0215
    Episode Profit: $87.24k
    Cumulative Profit: $3015.10k

  Starting Episode 81 (ALL state preserved - continuous play)

  Episode 90/100 Complete:
    Timesteps this episode: 199
    Total time elapsed: 8955.0
    μ_M: $64.19k, μ_F: $50.92k
    Wealth Gap: $13.28k
    Episode Approval Rate M: 0.0310
    Episode Approval Rate F: 0.0312
    Episode Profit: $123.95k
    Cumulative Profit: $3428.02k

  Starting Episode 91 (ALL state preserved - continuous play)

  Episode 100/100 Complete:
    Timesteps this episode: 199
    Total time elapsed: 9950.0
    μ_M: $64.53k, μ_F: $51.25k
    Wealth Gap: $13.28k
    Episode Approval Rate M: 0.0134
    Episode Approval Rate F: 0.0215
    Episode Profit: $58.07k
    Cumulative Profit: $3657.08k

[6] Computing Final Metrics...

================================================================================
FINAL TESTING RESULTS
================================================================================

  Model: utilitarian_profit (both)
  Episodes: 100
  Total Time: 9950.0
  Hawkes Events (M/F): 1577/1247

  --- Wealth Metrics ---
  Initial μ_M,0: $60.82k
  Initial μ_F,0: $48.29k
  Final μ_M: $64.53k
  Final μ_F: $51.25k
  Final Wealth Gap: $13.28k

  --- Long-term Social Welfare R_g(t) = (μ_g,t - μ_g,0) / t ---
  R_M (Male):   0.000374 ($1000s per time unit)
  R_F (Female): 0.000297 ($1000s per time unit)
  R_total:      0.000336 ($1000s per time unit)
  R_M / R_F:    1.2558

  --- Inequality Ratio ρ = Δμ_M / Δμ_F (per episode) ---
  Mean ρ:   1.4616
  Std ρ:    0.8710
  Min ρ:    0.4275
  Max ρ:    5.4574
  Last 5 episodes: ['0.731', '1.777', '1.026', '1.274', '0.808']

  --- Approval Metrics ---
  Total Applications M: 59978
  Total Applications F: 47801
  Total Loans Approved M: 1577
  Total Loans Approved F: 1247
  Final Approval Rate M: 0.0263
  Final Approval Rate F: 0.0261

  --- Success Probabilities ---
  Total Defaults M: 136
  Total Defaults F: 111
  Final Success Prob M: 0.9138
  Final Success Prob F: 0.9110

  --- Ground Truth Comparison (Males) ---
  True Positives:  325
  False Positives: 1252
  True Negatives:  45896
  False Negatives: 12505
  Accuracy:  0.7706
  Precision: 0.2061
  Recall:    0.0253

  --- Ground Truth Comparison (Females) ---
  True Positives:  134
  False Positives: 1113
  True Negatives:  41430
  False Negatives: 5124
  Accuracy:  0.8695
  Precision: 0.1075
  Recall:    0.0255

  --- Profit ---
  Cumulative Profit: $3657.08k

[7] Saving Results...
  Saved episode metrics to ./pepg_sequential_results/test_episode_metrics_utilitarian_profit_both_seed2_20260123_120858.csv

================================================================================
Finished: 2026-01-23T12:08:59.565796
Exit code: 0
Test Exit code: 0
