Job: utilitarian_profit_approval_rate_seed3
Command: uv run python -u par_pepg.py --seeds 1 --seed 3 --reward utilitarian_profit --constraint approval_rate --episodes 200 --workers 1 --weights-dir ./pepg_sequential_results
Started: 2026-01-23T10:40:15.119504
================================================================================

================================================================================
PERFORMATIVE POLICY GRADIENT V2 (Explicit Hawkes) EXPERIMENT
  Reward: UTILITARIAN_PROFIT
  Constraint: APPROVAL_RATE
  Seed: 3
  Warmup: 0 episodes
================================================================================

CUDA Available: NVIDIA GeForce RTX 2080 Ti

[STEP 1] Loading Adult Income Data...
Downloading Adult Income dataset...
  Trying UCI Repository...
  ✓ Downloaded 20,000 records from UCI repository
Preprocessing Adult Income data...

  Deriving creditworthiness using income prediction model...

Male applicants: 13519
Female applicants: 6481
Male high-income rate: 0.312
Female high-income rate: 0.116

[STEP 2] Learning θ Parameters...

[STEP 3] Creating Environment...

[STEP 4] Creating PePG V2 Agent...
  Using device: cuda
  Mixed precision (AMP): Enabled
  Replay buffer capacity: 50 episodes
  Warmup episodes: 0

[STEP 5] Training PePG V2 Agent...
Training PePG V2 with utilitarian_profit (approval_rate constraint)...
  Warmup episodes: 0
  Gradient weights: hawkes=1.0, wealth=1.0, transition=1.0, reward=1.0
  [PePG] Ep 0: R=850.56, Avg=850.56, ρ=1.46, λw=2.000, ‖∇std‖=11.759, ‖∇H‖=884.100, ‖∇W‖=5983.074
  [PePG] Ep 10: R=229.20, Avg=229.20, ρ=1.19, λw=2.000, ‖∇std‖=3.478, ‖∇H‖=35.241, ‖∇W‖=177.418
  [PePG] Ep 20: R=116.00, Avg=279.05, ρ=0.85, λw=2.000, ‖∇std‖=7.809, ‖∇H‖=21.887, ‖∇W‖=167.906
  [PePG] Ep 30: R=92.78, Avg=130.25, ρ=1.03, λw=2.000, ‖∇std‖=12.549, ‖∇H‖=1.675, ‖∇W‖=6.830
  [PePG] Ep 40: R=79.30, Avg=92.20, ρ=0.86, λw=2.000, ‖∇std‖=3.564, ‖∇H‖=4.604, ‖∇W‖=84.847
  [PePG] Ep 50: R=69.42, Avg=79.18, ρ=1.43, λw=2.000, ‖∇std‖=14.029, ‖∇H‖=4.823, ‖∇W‖=33.299
  [PePG] Ep 60: R=75.68, Avg=72.55, ρ=1.05, λw=2.000, ‖∇std‖=26.825, ‖∇H‖=7.622, ‖∇W‖=45.821
  [PePG] Ep 70: R=70.36, Avg=71.21, ρ=1.06, λw=2.000, ‖∇std‖=8.834, ‖∇H‖=3.249, ‖∇W‖=3.397
  [PePG] Ep 80: R=84.16, Avg=73.86, ρ=1.48, λw=2.000, ‖∇std‖=47.641, ‖∇H‖=10.231, ‖∇W‖=28.931
  [PePG] Ep 90: R=74.54, Avg=75.85, ρ=1.11, λw=2.000, ‖∇std‖=5.126, ‖∇H‖=8.388, ‖∇W‖=42.070
  [PePG] Ep 100: R=59.96, Avg=72.24, ρ=2.47, λw=2.000, ‖∇std‖=4.759, ‖∇H‖=1.948, ‖∇W‖=21.854
  [PePG] Ep 110: R=53.95, Avg=62.54, ρ=1.45, λw=2.000, ‖∇std‖=8.905, ‖∇H‖=2.443, ‖∇W‖=12.202
  [PePG] Ep 120: R=48.28, Avg=52.28, ρ=0.90, λw=2.000, ‖∇std‖=1.112, ‖∇H‖=0.326, ‖∇W‖=0.758
  [PePG] Ep 130: R=44.86, Avg=45.72, ρ=1.24, λw=2.000, ‖∇std‖=14.477, ‖∇H‖=4.617, ‖∇W‖=45.214
  [PePG] Ep 140: R=46.30, Avg=44.65, ρ=1.44, λw=2.000, ‖∇std‖=1.476, ‖∇H‖=0.220, ‖∇W‖=3.066
  [PePG] Ep 150: R=49.40, Avg=48.21, ρ=0.98, λw=2.000, ‖∇std‖=1.036, ‖∇H‖=0.743, ‖∇W‖=4.275
  [PePG] Ep 160: R=52.32, Avg=51.58, ρ=1.12, λw=2.000, ‖∇std‖=5.391, ‖∇H‖=1.608, ‖∇W‖=4.326
  [PePG] Ep 170: R=47.41, Avg=50.79, ρ=1.93, λw=2.000, ‖∇std‖=3.493, ‖∇H‖=0.238, ‖∇W‖=0.839
  [PePG] Ep 180: R=38.18, Avg=47.26, ρ=0.87, λw=2.000, ‖∇std‖=60.737, ‖∇H‖=2.999, ‖∇W‖=22.604
  [PePG] Ep 190: R=44.83, Avg=44.85, ρ=0.59, λw=2.000, ‖∇std‖=21.803, ‖∇H‖=1.507, ‖∇W‖=7.729
  [PePG] Ep 199: R=47.91, Avg=44.63, ρ=0.95, λw=2.000, ‖∇std‖=8.055, ‖∇H‖=5.643, ‖∇W‖=22.528

Training complete. Buffer: 50 episodes

============================================================
TRAINING COMPLETE
============================================================
  Final wealth gap: $15.690k
  Approval disparity: 0.0042
  Total profit: $17.492k
  Mean ρ: 1.4390
  PePG V2 model saved to ./pepg_sequential_results/pepg_utilitarian_profit_approval_rate_seed3.pt
================================================================================
TESTING TRAINED AGENT (EPISODE-WISE METRICS)
================================================================================
  Model: ./pepg_sequential_results/pepg_utilitarian_profit_approval_rate_seed3.pt
  Episodes: 100
  Continuous play: YES (no wealth reset between episodes)
  Credit threshold for ground truth: 0.5
  Checkpoint directory: ./checkpoints
  Resume from checkpoint: True
================================================================================

[1] Loading Data...
Downloading Adult Income dataset...
Preprocessing Adult Income data...

  Deriving creditworthiness (ground truth) using income prediction model...

Male applicants: 13519
Female applicants: 6481
Male ground truth approval rate: 0.180
Female ground truth approval rate: 0.087
Loading model from ./pepg_sequential_results/pepg_utilitarian_profit_approval_rate_seed3.pt...
  ✓ Model loaded successfully
    Reward function: utilitarian_profit
    Constraint type: approval_rate

[5] Running 100 Episodes (Episodes 1 to 100)...

  Starting Episode 1 (ALL state preserved - continuous play)

  Episode 10/100 Complete:
    Timesteps this episode: 199
    Total time elapsed: 995.0
    μ_M: $61.19k, μ_F: $48.60k
    Wealth Gap: $12.60k
    Episode Approval Rate M: 0.0267
    Episode Approval Rate F: 0.0228
    Episode Profit: $75.84k
    Cumulative Profit: $189.33k

  Starting Episode 11 (ALL state preserved - continuous play)

  Episode 20/100 Complete:
    Timesteps this episode: 199
    Total time elapsed: 1990.0
    μ_M: $61.61k, μ_F: $48.90k
    Wealth Gap: $12.70k
    Episode Approval Rate M: 0.0365
    Episode Approval Rate F: 0.0432
    Episode Profit: $146.48k
    Cumulative Profit: $685.28k

  Starting Episode 21 (ALL state preserved - continuous play)

  Episode 30/100 Complete:
    Timesteps this episode: 199
    Total time elapsed: 2985.0
    μ_M: $61.99k, μ_F: $49.20k
    Wealth Gap: $12.79k
    Episode Approval Rate M: 0.0306
    Episode Approval Rate F: 0.0421
    Episode Profit: $148.23k
    Cumulative Profit: $914.84k

  Starting Episode 31 (ALL state preserved - continuous play)

  Episode 40/100 Complete:
    Timesteps this episode: 199
    Total time elapsed: 3980.0
    μ_M: $62.35k, μ_F: $49.51k
    Wealth Gap: $12.84k
    Episode Approval Rate M: 0.0101
    Episode Approval Rate F: 0.0149
    Episode Profit: $49.79k
    Cumulative Profit: $1157.80k

  Starting Episode 41 (ALL state preserved - continuous play)

  Episode 50/100 Complete:
    Timesteps this episode: 199
    Total time elapsed: 4975.0
    μ_M: $62.68k, μ_F: $49.82k
    Wealth Gap: $12.86k
    Episode Approval Rate M: 0.0322
    Episode Approval Rate F: 0.0420
    Episode Profit: $141.31k
    Cumulative Profit: $1744.49k

  Starting Episode 51 (ALL state preserved - continuous play)

  Episode 60/100 Complete:
    Timesteps this episode: 199
    Total time elapsed: 5970.0
    μ_M: $63.06k, μ_F: $50.10k
    Wealth Gap: $12.96k
    Episode Approval Rate M: 0.0363
    Episode Approval Rate F: 0.0263
    Episode Profit: $137.19k
    Cumulative Profit: $2028.84k

  Starting Episode 61 (ALL state preserved - continuous play)

  Episode 70/100 Complete:
    Timesteps this episode: 199
    Total time elapsed: 6965.0
    μ_M: $63.41k, μ_F: $50.39k
    Wealth Gap: $13.02k
    Episode Approval Rate M: 0.0185
    Episode Approval Rate F: 0.0188
    Episode Profit: $74.58k
    Cumulative Profit: $2599.22k

  Starting Episode 71 (ALL state preserved - continuous play)

  Episode 80/100 Complete:
    Timesteps this episode: 199
    Total time elapsed: 7960.0
    μ_M: $63.83k, μ_F: $50.77k
    Wealth Gap: $13.06k
    Episode Approval Rate M: 0.0290
    Episode Approval Rate F: 0.0323
    Episode Profit: $118.70k
    Cumulative Profit: $2810.15k

  Starting Episode 81 (ALL state preserved - continuous play)

  Episode 90/100 Complete:
    Timesteps this episode: 199
    Total time elapsed: 8955.0
    μ_M: $64.13k, μ_F: $51.09k
    Wealth Gap: $13.04k
    Episode Approval Rate M: 0.0134
    Episode Approval Rate F: 0.0205
    Episode Profit: $76.97k
    Cumulative Profit: $3410.54k

  Starting Episode 91 (ALL state preserved - continuous play)

  Episode 100/100 Complete:
    Timesteps this episode: 199
    Total time elapsed: 9950.0
    μ_M: $64.51k, μ_F: $51.36k
    Wealth Gap: $13.15k
    Episode Approval Rate M: 0.0256
    Episode Approval Rate F: 0.0250
    Episode Profit: $97.62k
    Cumulative Profit: $3689.31k

[6] Computing Final Metrics...

================================================================================
FINAL TESTING RESULTS
================================================================================

  Model: utilitarian_profit (approval_rate)
  Episodes: 100
  Total Time: 9950.0
  Hawkes Events (M/F): 1507/1260

  --- Wealth Metrics ---
  Initial μ_M,0: $60.82k
  Initial μ_F,0: $48.29k
  Final μ_M: $64.51k
  Final μ_F: $51.36k
  Final Wealth Gap: $13.15k

  --- Long-term Social Welfare R_g(t) = (μ_g,t - μ_g,0) / t ---
  R_M (Male):   0.000371 ($1000s per time unit)
  R_F (Female): 0.000309 ($1000s per time unit)
  R_total:      0.000340 ($1000s per time unit)
  R_M / R_F:    1.2026

  --- Inequality Ratio ρ = Δμ_M / Δμ_F (per episode) ---
  Mean ρ:   1.4383
  Std ρ:    0.9398
  Min ρ:    0.2864
  Max ρ:    5.5602
  Last 5 episodes: ['2.113', '1.427', '0.731', '2.119', '1.315']

  --- Approval Metrics ---
  Total Applications M: 59799
  Total Applications F: 47752
  Total Loans Approved M: 1507
  Total Loans Approved F: 1260
  Final Approval Rate M: 0.0252
  Final Approval Rate F: 0.0264

  --- Success Probabilities ---
  Total Defaults M: 134
  Total Defaults F: 106
  Final Success Prob M: 0.9111
  Final Success Prob F: 0.9159

  --- Ground Truth Comparison (Males) ---
  True Positives:  325
  False Positives: 1182
  True Negatives:  45827
  False Negatives: 12465
  Accuracy:  0.7718
  Precision: 0.2157
  Recall:    0.0254

  --- Ground Truth Comparison (Females) ---
  True Positives:  130
  False Positives: 1130
  True Negatives:  41464
  False Negatives: 5028
  Accuracy:  0.8710
  Precision: 0.1032
  Recall:    0.0252

  --- Profit ---
  Cumulative Profit: $3689.31k

[7] Saving Results...
  Saved episode metrics to ./pepg_sequential_results/test_episode_metrics_utilitarian_profit_approval_rate_seed3_20260123_105455.csv

================================================================================
Finished: 2026-01-23T10:54:56.637946
Exit code: 0
Test Exit code: 0
