Job: fairness_lagrangian_wealth_seed1
Command: uv run python -u adult_income_training.py --seed 1 --single --reward fairness_lagrangian --constraint wealth --episodes 200 --weights-dir ./static_sequential_results
Started: 2026-01-22T23:15:13.253754
================================================================================

================================================================================
SINGLE REWARD FUNCTION EXPERIMENT
  Reward: FAIRNESS_LAGRANGIAN
  Constraint: WEALTH
  Seed: 1
================================================================================

CUDA Available: NVIDIA GeForce RTX 2080 Ti

[STEP 1] Loading Adult Income Data...
Downloading Adult Income dataset...
  Trying UCI Repository...
  ✓ Downloaded 20,000 records from UCI repository
Preprocessing Adult Income data...

  Deriving creditworthiness using income prediction model...

Male applicants: 13519
Female applicants: 6481
Male high-income rate: 0.312
Female high-income rate: 0.116

[STEP 2] Learning θ Parameters...

[STEP 3] Creating Environment...

[STEP 4] Training Agent...
  Using device: cuda
Training with fairness_lagrangian (wealth constraint)...
  Episode 0: Reward=-26494.730, Avg=-26494.730, λ_w=2.0201, ρ=1.076, R_M=0.0067, R_F=0.0063
  Episode 20: Reward=-30687.280, Avg=-29663.949, λ_w=2.4674, ρ=0.968, R_M=0.0001, R_F=0.0001
  Episode 40: Reward=-37724.625, Avg=-36022.217, λ_w=3.0136, ρ=1.200, R_M=0.0000, R_F=0.0000
  Episode 60: Reward=-49649.519, Avg=-44019.088, λ_w=3.6809, ρ=1.150, R_M=0.0000, R_F=0.0000
  Episode 80: Reward=-57261.014, Avg=-53957.423, λ_w=4.4958, ρ=1.019, R_M=0.0000, R_F=0.0000
  Episode 100: Reward=-70629.825, Avg=-65586.272, λ_w=5.4912, ρ=1.006, R_M=0.0000, R_F=0.0000
  Episode 120: Reward=-91933.808, Avg=-80560.933, λ_w=6.7070, ρ=2.183, R_M=0.0000, R_F=0.0000
  Episode 140: Reward=-104559.927, Avg=-98407.709, λ_w=8.1919, ρ=0.840, R_M=0.0000, R_F=0.0000
  Episode 160: Reward=-133703.084, Avg=-119058.675, λ_w=10.0056, ρ=1.308, R_M=0.0000, R_F=0.0000
  Episode 180: Reward=-155076.837, Avg=-145904.412, λ_w=12.2209, ρ=1.769, R_M=0.0000, R_F=0.0000

[STEP 5] Running Test Episode...

============================================================
TRAINING COMPLETE: fairness_lagrangian (wealth)
============================================================
  Initial wealth gap: $12.525k
  Final wealth gap: $12.582k
  Approval disparity: 0.0152
  Total profit: $65.149k
  Final λ_wealth: 14.7781

  --- Episode-Level Metrics (Training) ---
  ρ (inequality ratio): mean=1.3473, std=0.5689
  R_M (male welfare):   final=0.000002
  R_F (female welfare): final=0.000004
  R_M / R_F:            0.5339

[STEP 6] Saving Model Weights...
  Model saved to ./static_sequential_results/fairness_lagrangian_wealth_seed1.pt
  Saved to: ./static_sequential_results/fairness_lagrangian_wealth_seed1.pt
================================================================================
TESTING TRAINED AGENT (EPISODE-WISE METRICS)
================================================================================
  Model: ./static_sequential_results/fairness_lagrangian_wealth_seed1.pt
  Episodes: 100
  Continuous play: YES (no wealth reset between episodes)
  Credit threshold for ground truth: 0.5
  Checkpoint directory: ./checkpoints
  Resume from checkpoint: True
================================================================================

[1] Loading Data...
Downloading Adult Income dataset...
Preprocessing Adult Income data...

  Deriving creditworthiness (ground truth) using income prediction model...

Male applicants: 13519
Female applicants: 6481
Male ground truth approval rate: 0.180
Female ground truth approval rate: 0.087
Loading model from ./static_sequential_results/fairness_lagrangian_wealth_seed1.pt...
  ✓ Model loaded successfully
    Reward function: fairness_lagrangian
    Constraint type: wealth

[5] Running 100 Episodes (Episodes 1 to 100)...

  Starting Episode 1 (ALL state preserved - continuous play)

  Episode 10/100 Complete:
    Timesteps this episode: 199
    Total time elapsed: 995.0
    μ_M: $61.54k, μ_F: $48.89k
    Wealth Gap: $12.66k
    Episode Approval Rate M: 0.0484
    Episode Approval Rate F: 0.0421
    Episode Profit: $188.14k
    Cumulative Profit: $634.14k

  Starting Episode 11 (ALL state preserved - continuous play)

  Episode 20/100 Complete:
    Timesteps this episode: 199
    Total time elapsed: 1990.0
    μ_M: $62.31k, μ_F: $49.53k
    Wealth Gap: $12.78k
    Episode Approval Rate M: 0.0502
    Episode Approval Rate F: 0.0462
    Episode Profit: $167.05k
    Cumulative Profit: $1387.03k

  Starting Episode 21 (ALL state preserved - continuous play)

  Episode 30/100 Complete:
    Timesteps this episode: 199
    Total time elapsed: 2985.0
    μ_M: $62.97k, μ_F: $50.09k
    Wealth Gap: $12.88k
    Episode Approval Rate M: 0.0468
    Episode Approval Rate F: 0.0304
    Episode Profit: $163.23k
    Cumulative Profit: $2344.21k

  Starting Episode 31 (ALL state preserved - continuous play)

  Episode 40/100 Complete:
    Timesteps this episode: 199
    Total time elapsed: 3980.0
    μ_M: $63.67k, μ_F: $50.68k
    Wealth Gap: $12.98k
    Episode Approval Rate M: 0.0484
    Episode Approval Rate F: 0.0359
    Episode Profit: $161.67k
    Cumulative Profit: $3294.13k

  Starting Episode 41 (ALL state preserved - continuous play)

  Episode 50/100 Complete:
    Timesteps this episode: 199
    Total time elapsed: 4975.0
    μ_M: $64.44k, μ_F: $51.31k
    Wealth Gap: $13.13k
    Episode Approval Rate M: 0.0565
    Episode Approval Rate F: 0.0501
    Episode Profit: $233.10k
    Cumulative Profit: $3915.36k

  Starting Episode 51 (ALL state preserved - continuous play)

  Episode 60/100 Complete:
    Timesteps this episode: 199
    Total time elapsed: 5970.0
    μ_M: $65.22k, μ_F: $51.92k
    Wealth Gap: $13.29k
    Episode Approval Rate M: 0.0408
    Episode Approval Rate F: 0.0483
    Episode Profit: $197.74k
    Cumulative Profit: $4592.48k

  Starting Episode 61 (ALL state preserved - continuous play)

  Episode 70/100 Complete:
    Timesteps this episode: 199
    Total time elapsed: 6965.0
    μ_M: $65.97k, μ_F: $52.48k
    Wealth Gap: $13.49k
    Episode Approval Rate M: 0.0539
    Episode Approval Rate F: 0.0402
    Episode Profit: $209.88k
    Cumulative Profit: $5450.65k

  Starting Episode 71 (ALL state preserved - continuous play)

  Episode 80/100 Complete:
    Timesteps this episode: 199
    Total time elapsed: 7960.0
    μ_M: $66.76k, μ_F: $53.04k
    Wealth Gap: $13.72k
    Episode Approval Rate M: 0.0797
    Episode Approval Rate F: 0.0441
    Episode Profit: $234.74k
    Cumulative Profit: $6362.09k

  Starting Episode 81 (ALL state preserved - continuous play)

  Episode 90/100 Complete:
    Timesteps this episode: 199
    Total time elapsed: 8955.0
    μ_M: $67.44k, μ_F: $53.67k
    Wealth Gap: $13.77k
    Episode Approval Rate M: 0.0436
    Episode Approval Rate F: 0.0439
    Episode Profit: $191.99k
    Cumulative Profit: $7183.63k

  Starting Episode 91 (ALL state preserved - continuous play)

  Episode 100/100 Complete:
    Timesteps this episode: 199
    Total time elapsed: 9950.0
    μ_M: $68.12k, μ_F: $54.32k
    Wealth Gap: $13.80k
    Episode Approval Rate M: 0.0627
    Episode Approval Rate F: 0.0639
    Episode Profit: $250.80k
    Cumulative Profit: $8082.45k

[6] Computing Final Metrics...

================================================================================
FINAL TESTING RESULTS
================================================================================

  Model: fairness_lagrangian (wealth)
  Episodes: 100
  Total Time: 9950.0
  Hawkes Events (M/F): 3130/2489

  --- Wealth Metrics ---
  Initial μ_M,0: $60.82k
  Initial μ_F,0: $48.29k
  Final μ_M: $68.12k
  Final μ_F: $54.32k
  Final Wealth Gap: $13.80k

  --- Long-term Social Welfare R_g(t) = (μ_g,t - μ_g,0) / t ---
  R_M (Male):   0.000734 ($1000s per time unit)
  R_F (Female): 0.000606 ($1000s per time unit)
  R_total:      0.000670 ($1000s per time unit)
  R_M / R_F:    1.2109

  --- Inequality Ratio ρ = Δμ_M / Δμ_F (per episode) ---
  Mean ρ:   1.3068
  Std ρ:    0.5291
  Min ρ:    0.5773
  Max ρ:    3.0377
  Last 5 episodes: ['1.173', '1.130', '1.341', '1.028', '0.815']

  --- Approval Metrics ---
  Total Applications M: 60725
  Total Applications F: 49090
  Total Loans Approved M: 3130
  Total Loans Approved F: 2489
  Final Approval Rate M: 0.0515
  Final Approval Rate F: 0.0507

  --- Success Probabilities ---
  Total Defaults M: 249
  Total Defaults F: 226
  Final Success Prob M: 0.9204
  Final Success Prob F: 0.9092

  --- Ground Truth Comparison (Males) ---
  True Positives:  702
  False Positives: 2428
  True Negatives:  45386
  False Negatives: 12209
  Accuracy:  0.7590
  Precision: 0.2243
  Recall:    0.0544

  --- Ground Truth Comparison (Females) ---
  True Positives:  284
  False Positives: 2205
  True Negatives:  41398
  False Negatives: 5203
  Accuracy:  0.8491
  Precision: 0.1141
  Recall:    0.0518

  --- Profit ---
  Cumulative Profit: $8082.45k

[7] Saving Results...
  Saved episode metrics to ./static_sequential_results/test_episode_metrics_fairness_lagrangian_wealth_seed1_20260122_232720.csv

================================================================================
Finished: 2026-01-22T23:27:21.395744
Exit code: 0
Test Exit code: 0
