Job: fairness_lagrangian_wealth_seed2
Command: uv run python -u adult_income_training.py --seed 2 --single --reward fairness_lagrangian --constraint wealth --episodes 200 --weights-dir ./static_sequential_results
Started: 2026-01-22T23:27:21.396848
================================================================================

================================================================================
SINGLE REWARD FUNCTION EXPERIMENT
  Reward: FAIRNESS_LAGRANGIAN
  Constraint: WEALTH
  Seed: 2
================================================================================

CUDA Available: NVIDIA GeForce RTX 2080 Ti

[STEP 1] Loading Adult Income Data...
Downloading Adult Income dataset...
  Trying UCI Repository...
  ✓ Downloaded 20,000 records from UCI repository
Preprocessing Adult Income data...

  Deriving creditworthiness using income prediction model...

Male applicants: 13519
Female applicants: 6481
Male high-income rate: 0.312
Female high-income rate: 0.116

[STEP 2] Learning θ Parameters...

[STEP 3] Creating Environment...

[STEP 4] Training Agent...
  Using device: cuda
Training with fairness_lagrangian (wealth constraint)...
  Episode 0: Reward=-26425.755, Avg=-26425.755, λ_w=2.0201, ρ=0.946, R_M=0.0078, R_F=0.0083
  Episode 20: Reward=-32893.267, Avg=-30081.786, λ_w=2.4674, ρ=1.287, R_M=0.0003, R_F=0.0002
  Episode 40: Reward=-39393.767, Avg=-36860.797, λ_w=3.0136, ρ=1.243, R_M=0.0003, R_F=0.0002
  Episode 60: Reward=-50786.830, Avg=-46436.311, λ_w=3.6809, ρ=1.292, R_M=0.0002, R_F=0.0002
  Episode 80: Reward=-61115.854, Avg=-58146.728, λ_w=4.4958, ρ=1.148, R_M=0.0002, R_F=0.0002
  Episode 100: Reward=-74462.460, Avg=-71521.485, λ_w=5.4912, ρ=1.113, R_M=0.0001, R_F=0.0001
  Episode 120: Reward=-99225.581, Avg=-87079.463, λ_w=6.7070, ρ=1.267, R_M=0.0001, R_F=0.0001
  Episode 140: Reward=-115736.288, Avg=-107458.045, λ_w=8.1919, ρ=1.233, R_M=0.0001, R_F=0.0001
  Episode 160: Reward=-145222.698, Avg=-128904.275, λ_w=10.0056, ρ=1.321, R_M=0.0001, R_F=0.0001
  Episode 180: Reward=-163420.048, Avg=-156083.507, λ_w=12.2209, ρ=1.361, R_M=0.0001, R_F=0.0000

[STEP 5] Running Test Episode...

============================================================
TRAINING COMPLETE: fairness_lagrangian (wealth)
============================================================
  Initial wealth gap: $12.525k
  Final wealth gap: $12.695k
  Approval disparity: -0.0005
  Total profit: $1174.503k
  Final λ_wealth: 14.7781

  --- Episode-Level Metrics (Training) ---
  ρ (inequality ratio): mean=1.2504, std=0.1382
  R_M (male welfare):   final=0.000043
  R_F (female welfare): final=0.000037
  R_M / R_F:            1.1684

[STEP 6] Saving Model Weights...
  Model saved to ./static_sequential_results/fairness_lagrangian_wealth_seed2.pt
  Saved to: ./static_sequential_results/fairness_lagrangian_wealth_seed2.pt
================================================================================
TESTING TRAINED AGENT (EPISODE-WISE METRICS)
================================================================================
  Model: ./static_sequential_results/fairness_lagrangian_wealth_seed2.pt
  Episodes: 100
  Continuous play: YES (no wealth reset between episodes)
  Credit threshold for ground truth: 0.5
  Checkpoint directory: ./checkpoints
  Resume from checkpoint: True
================================================================================

[1] Loading Data...
Downloading Adult Income dataset...
Preprocessing Adult Income data...

  Deriving creditworthiness (ground truth) using income prediction model...

Male applicants: 13519
Female applicants: 6481
Male ground truth approval rate: 0.180
Female ground truth approval rate: 0.087
Loading model from ./static_sequential_results/fairness_lagrangian_wealth_seed2.pt...
  ✓ Model loaded successfully
    Reward function: fairness_lagrangian
    Constraint type: wealth

[5] Running 100 Episodes (Episodes 1 to 100)...

  Starting Episode 1 (ALL state preserved - continuous play)

  Episode 10/100 Complete:
    Timesteps this episode: 199
    Total time elapsed: 995.0
    μ_M: $71.73k, μ_F: $56.67k
    Wealth Gap: $15.05k
    Episode Approval Rate M: 0.6214
    Episode Approval Rate F: 0.6294
    Episode Profit: $3135.21k
    Cumulative Profit: $11424.22k

  Starting Episode 11 (ALL state preserved - continuous play)

  Episode 20/100 Complete:
    Timesteps this episode: 199
    Total time elapsed: 1990.0
    μ_M: $84.45k, μ_F: $66.42k
    Wealth Gap: $18.03k
    Episode Approval Rate M: 0.6298
    Episode Approval Rate F: 0.6504
    Episode Profit: $3704.20k
    Cumulative Profit: $23937.01k

  Starting Episode 21 (ALL state preserved - continuous play)

  Episode 30/100 Complete:
    Timesteps this episode: 199
    Total time elapsed: 2985.0
    μ_M: $98.45k, μ_F: $77.30k
    Wealth Gap: $21.14k
    Episode Approval Rate M: 0.6150
    Episode Approval Rate F: 0.6406
    Episode Profit: $4086.07k
    Cumulative Profit: $39444.56k

  Starting Episode 31 (ALL state preserved - continuous play)

  Episode 40/100 Complete:
    Timesteps this episode: 199
    Total time elapsed: 3980.0
    μ_M: $114.72k, μ_F: $89.66k
    Wealth Gap: $25.06k
    Episode Approval Rate M: 0.6251
    Episode Approval Rate F: 0.6279
    Episode Profit: $4643.59k
    Cumulative Profit: $57229.25k

  Starting Episode 41 (ALL state preserved - continuous play)

  Episode 50/100 Complete:
    Timesteps this episode: 199
    Total time elapsed: 4975.0
    μ_M: $133.48k, μ_F: $103.33k
    Wealth Gap: $30.15k
    Episode Approval Rate M: 0.6233
    Episode Approval Rate F: 0.6340
    Episode Profit: $5362.67k
    Cumulative Profit: $76732.49k

  Starting Episode 51 (ALL state preserved - continuous play)

  Episode 60/100 Complete:
    Timesteps this episode: 199
    Total time elapsed: 5970.0
    μ_M: $154.69k, μ_F: $119.14k
    Wealth Gap: $35.55k
    Episode Approval Rate M: 0.6220
    Episode Approval Rate F: 0.6211
    Episode Profit: $6079.78k
    Cumulative Profit: $100088.43k

  Starting Episode 61 (ALL state preserved - continuous play)

  Episode 70/100 Complete:
    Timesteps this episode: 199
    Total time elapsed: 6965.0
    μ_M: $179.49k, μ_F: $137.04k
    Wealth Gap: $42.45k
    Episode Approval Rate M: 0.6256
    Episode Approval Rate F: 0.6073
    Episode Profit: $6960.37k
    Cumulative Profit: $125479.19k

  Starting Episode 71 (ALL state preserved - continuous play)

  Episode 80/100 Complete:
    Timesteps this episode: 199
    Total time elapsed: 7960.0
    μ_M: $205.83k, μ_F: $158.04k
    Wealth Gap: $47.79k
    Episode Approval Rate M: 0.6286
    Episode Approval Rate F: 0.6215
    Episode Profit: $7817.70k
    Cumulative Profit: $156494.23k

  Starting Episode 81 (ALL state preserved - continuous play)

  Episode 90/100 Complete:
    Timesteps this episode: 199
    Total time elapsed: 8955.0
    μ_M: $234.88k, μ_F: $182.11k
    Wealth Gap: $52.77k
    Episode Approval Rate M: 0.6356
    Episode Approval Rate F: 0.6307
    Episode Profit: $8714.97k
    Cumulative Profit: $188988.36k

  Starting Episode 91 (ALL state preserved - continuous play)

  Episode 100/100 Complete:
    Timesteps this episode: 199
    Total time elapsed: 9950.0
    μ_M: $265.50k, μ_F: $208.70k
    Wealth Gap: $56.80k
    Episode Approval Rate M: 0.6350
    Episode Approval Rate F: 0.6295
    Episode Profit: $8960.97k
    Cumulative Profit: $222916.33k

[6] Computing Final Metrics...

================================================================================
FINAL TESTING RESULTS
================================================================================

  Model: fairness_lagrangian (wealth)
  Episodes: 100
  Total Time: 9950.0
  Hawkes Events (M/F): 76937/59993

  --- Wealth Metrics ---
  Initial μ_M,0: $60.82k
  Initial μ_F,0: $48.29k
  Final μ_M: $265.50k
  Final μ_F: $208.70k
  Final Wealth Gap: $56.80k

  --- Long-term Social Welfare R_g(t) = (μ_g,t - μ_g,0) / t ---
  R_M (Male):   0.020572 ($1000s per time unit)
  R_F (Female): 0.016122 ($1000s per time unit)
  R_total:      0.018347 ($1000s per time unit)
  R_M / R_F:    1.2760

  --- Inequality Ratio ρ = Δμ_M / Δμ_F (per episode) ---
  Mean ρ:   1.2967
  Std ρ:    0.1228
  Min ρ:    0.9879
  Max ρ:    1.6804
  Last 5 episodes: ['1.192', '1.178', '1.138', '1.081', '1.192']

  --- Approval Metrics ---
  Total Applications M: 123653
  Total Applications F: 96077
  Total Loans Approved M: 76937
  Total Loans Approved F: 59993
  Final Approval Rate M: 0.6222
  Final Approval Rate F: 0.6244

  --- Success Probabilities ---
  Total Defaults M: 6414
  Total Defaults F: 4984
  Final Success Prob M: 0.9166
  Final Success Prob F: 0.9169

  --- Ground Truth Comparison (Males) ---
  True Positives:  14825
  False Positives: 62112
  True Negatives:  37721
  False Negatives: 8995
  Accuracy:  0.4249
  Precision: 0.1927
  Recall:    0.6224

  --- Ground Truth Comparison (Females) ---
  True Positives:  6467
  False Positives: 53526
  True Negatives:  32313
  False Negatives: 3771
  Accuracy:  0.4036
  Precision: 0.1078
  Recall:    0.6317

  --- Profit ---
  Cumulative Profit: $222916.33k

[7] Saving Results...
  Saved episode metrics to ./static_sequential_results/test_episode_metrics_fairness_lagrangian_wealth_seed2_20260122_235426.csv

================================================================================
Finished: 2026-01-22T23:54:26.879469
Exit code: 0
Test Exit code: 0
