Job: fairness_lagrangian_approval_rate_seed2
Command: uv run python -u adult_income_training.py --seed 2 --single --reward fairness_lagrangian --constraint approval_rate --episodes 200 --weights-dir ./static_sequential_results
Started: 2026-01-22T21:49:36.976945
================================================================================

================================================================================
SINGLE REWARD FUNCTION EXPERIMENT
  Reward: FAIRNESS_LAGRANGIAN
  Constraint: APPROVAL_RATE
  Seed: 2
================================================================================

CUDA Available: NVIDIA GeForce RTX 2080 Ti

[STEP 1] Loading Adult Income Data...
Downloading Adult Income dataset...
  Trying UCI Repository...
  ✓ Downloaded 20,000 records from UCI repository
Preprocessing Adult Income data...

  Deriving creditworthiness using income prediction model...

Male applicants: 13519
Female applicants: 6481
Male high-income rate: 0.312
Female high-income rate: 0.116

[STEP 2] Learning θ Parameters...

[STEP 3] Creating Environment...

[STEP 4] Training Agent...
  Using device: cuda
Training with fairness_lagrangian (approval_rate constraint)...
  Episode 0: Reward=854.861, Avg=854.861, λ_a=2.0201, ρ=0.946, R_M=0.0078, R_F=0.0083
  Episode 20: Reward=1405.254, Avg=1119.716, λ_a=2.4013, ρ=1.440, R_M=0.0007, R_F=0.0005
  Episode 40: Reward=1441.091, Avg=1488.569, λ_a=2.7669, ρ=1.305, R_M=0.0004, R_F=0.0003
  Episode 60: Reward=1549.929, Avg=1507.521, λ_a=3.2753, ρ=1.350, R_M=0.0003, R_F=0.0002
  Episode 80: Reward=1451.525, Avg=1513.775, λ_a=3.9099, ρ=1.399, R_M=0.0002, R_F=0.0001
  Episode 100: Reward=1335.941, Avg=1443.953, λ_a=4.6984, ρ=1.112, R_M=0.0001, R_F=0.0001
  Episode 120: Reward=1497.510, Avg=1456.413, λ_a=5.7669, ρ=1.317, R_M=0.0001, R_F=0.0001
  Episode 140: Reward=1337.707, Avg=1382.501, λ_a=7.1998, ρ=1.173, R_M=0.0001, R_F=0.0001
  Episode 160: Reward=1452.658, Avg=1448.246, λ_a=9.1156, ρ=1.217, R_M=0.0001, R_F=0.0001
  Episode 180: Reward=1416.822, Avg=1428.646, λ_a=11.3481, ρ=1.152, R_M=0.0001, R_F=0.0001

[STEP 5] Running Test Episode...

============================================================
TRAINING COMPLETE: fairness_lagrangian (approval_rate)
============================================================
  Initial wealth gap: $12.525k
  Final wealth gap: $12.837k
  Approval disparity: -0.0097
  Total profit: $2327.748k
  Final λ_approval: 13.9018

  --- Episode-Level Metrics (Training) ---
  ρ (inequality ratio): mean=1.2434, std=0.1075
  R_M (male welfare):   final=0.000074
  R_F (female welfare): final=0.000072
  R_M / R_F:            1.0322

[STEP 6] Saving Model Weights...
  Model saved to ./static_sequential_results/fairness_lagrangian_approval_rate_seed2.pt
  Saved to: ./static_sequential_results/fairness_lagrangian_approval_rate_seed2.pt
================================================================================
TESTING TRAINED AGENT (EPISODE-WISE METRICS)
================================================================================
  Model: ./static_sequential_results/fairness_lagrangian_approval_rate_seed2.pt
  Episodes: 100
  Continuous play: YES (no wealth reset between episodes)
  Credit threshold for ground truth: 0.5
  Checkpoint directory: ./checkpoints
  Resume from checkpoint: True
================================================================================

[1] Loading Data...
Downloading Adult Income dataset...
Preprocessing Adult Income data...

  Deriving creditworthiness (ground truth) using income prediction model...

Male applicants: 13519
Female applicants: 6481
Male ground truth approval rate: 0.180
Female ground truth approval rate: 0.087
Loading model from ./static_sequential_results/fairness_lagrangian_approval_rate_seed2.pt...
  ✓ Model loaded successfully
    Reward function: fairness_lagrangian
    Constraint type: approval_rate

[5] Running 100 Episodes (Episodes 1 to 100)...

  Starting Episode 1 (ALL state preserved - continuous play)

  Episode 10/100 Complete:
    Timesteps this episode: 199
    Total time elapsed: 995.0
    μ_M: $79.31k, μ_F: $62.33k
    Wealth Gap: $16.97k
    Episode Approval Rate M: 0.9550
    Episode Approval Rate F: 0.9710
    Episode Profit: $5363.86k
    Cumulative Profit: $17848.98k

  Starting Episode 11 (ALL state preserved - continuous play)

  Episode 20/100 Complete:
    Timesteps this episode: 199
    Total time elapsed: 1990.0
    μ_M: $102.20k, μ_F: $79.36k
    Wealth Gap: $22.84k
    Episode Approval Rate M: 0.9464
    Episode Approval Rate F: 0.9642
    Episode Profit: $6419.83k
    Cumulative Profit: $40348.14k

  Starting Episode 21 (ALL state preserved - continuous play)

  Episode 30/100 Complete:
    Timesteps this episode: 199
    Total time elapsed: 2985.0
    μ_M: $130.25k, μ_F: $99.96k
    Wealth Gap: $30.29k
    Episode Approval Rate M: 0.9572
    Episode Approval Rate F: 0.9631
    Episode Profit: $8257.48k
    Cumulative Profit: $71026.96k

  Starting Episode 31 (ALL state preserved - continuous play)

  Episode 40/100 Complete:
    Timesteps this episode: 199
    Total time elapsed: 3980.0
    μ_M: $164.82k, μ_F: $126.37k
    Wealth Gap: $38.45k
    Episode Approval Rate M: 0.9581
    Episode Approval Rate F: 0.9635
    Episode Profit: $10737.37k
    Cumulative Profit: $109802.14k

  Starting Episode 41 (ALL state preserved - continuous play)

  Episode 50/100 Complete:
    Timesteps this episode: 199
    Total time elapsed: 4975.0
    μ_M: $205.85k, μ_F: $158.56k
    Wealth Gap: $47.29k
    Episode Approval Rate M: 0.9513
    Episode Approval Rate F: 0.9606
    Episode Profit: $12176.36k
    Cumulative Profit: $152628.24k

  Starting Episode 51 (ALL state preserved - continuous play)

  Episode 60/100 Complete:
    Timesteps this episode: 199
    Total time elapsed: 5970.0
    μ_M: $252.59k, μ_F: $198.21k
    Wealth Gap: $54.38k
    Episode Approval Rate M: 0.9651
    Episode Approval Rate F: 0.9605
    Episode Profit: $14149.61k
    Cumulative Profit: $200092.80k

  Starting Episode 61 (ALL state preserved - continuous play)

  Episode 70/100 Complete:
    Timesteps this episode: 199
    Total time elapsed: 6965.0
    μ_M: $301.40k, μ_F: $244.33k
    Wealth Gap: $57.07k
    Episode Approval Rate M: 0.9671
    Episode Approval Rate F: 0.9616
    Episode Profit: $14968.16k
    Cumulative Profit: $254658.93k

  Starting Episode 71 (ALL state preserved - continuous play)

  Episode 80/100 Complete:
    Timesteps this episode: 199
    Total time elapsed: 7960.0
    μ_M: $351.68k, μ_F: $293.18k
    Wealth Gap: $58.50k
    Episode Approval Rate M: 0.9606
    Episode Approval Rate F: 0.9667
    Episode Profit: $15542.62k
    Cumulative Profit: $315097.78k

  Starting Episode 81 (ALL state preserved - continuous play)

  Episode 90/100 Complete:
    Timesteps this episode: 199
    Total time elapsed: 8955.0
    μ_M: $402.91k, μ_F: $343.82k
    Wealth Gap: $59.09k
    Episode Approval Rate M: 0.9648
    Episode Approval Rate F: 0.9656
    Episode Profit: $15746.83k
    Cumulative Profit: $374538.35k

  Starting Episode 91 (ALL state preserved - continuous play)

  Episode 100/100 Complete:
    Timesteps this episode: 199
    Total time elapsed: 9950.0
    μ_M: $454.70k, μ_F: $395.92k
    Wealth Gap: $58.78k
    Episode Approval Rate M: 0.9714
    Episode Approval Rate F: 0.9714
    Episode Profit: $15855.71k
    Cumulative Profit: $433087.36k

[6] Computing Final Metrics...

================================================================================
FINAL TESTING RESULTS
================================================================================

  Model: fairness_lagrangian (approval_rate)
  Episodes: 100
  Total Time: 9950.0
  Hawkes Events (M/F): 147655/128561

  --- Wealth Metrics ---
  Initial μ_M,0: $60.82k
  Initial μ_F,0: $48.29k
  Final μ_M: $454.70k
  Final μ_F: $395.92k
  Final Wealth Gap: $58.78k

  --- Long-term Social Welfare R_g(t) = (μ_g,t - μ_g,0) / t ---
  R_M (Male):   0.039586 ($1000s per time unit)
  R_F (Female): 0.034938 ($1000s per time unit)
  R_total:      0.037262 ($1000s per time unit)
  R_M / R_F:    1.1331

  --- Inequality Ratio ρ = Δμ_M / Δμ_F (per episode) ---
  Mean ρ:   1.1901
  Std ρ:    0.1612
  Min ρ:    0.9450
  Max ρ:    1.6224
  Last 5 episodes: ['1.029', '1.043', '1.000', '1.004', '1.009']

  --- Approval Metrics ---
  Total Applications M: 153617
  Total Applications F: 133670
  Total Loans Approved M: 147655
  Total Loans Approved F: 128561
  Final Approval Rate M: 0.9612
  Final Approval Rate F: 0.9618

  --- Success Probabilities ---
  Total Defaults M: 12497
  Total Defaults F: 10922
  Final Success Prob M: 0.9154
  Final Success Prob F: 0.9150

  --- Ground Truth Comparison (Males) ---
  True Positives:  27200
  False Positives: 120455
  True Negatives:  4839
  False Negatives: 1123
  Accuracy:  0.2086
  Precision: 0.1842
  Recall:    0.9604

  --- Ground Truth Comparison (Females) ---
  True Positives:  12886
  False Positives: 115675
  True Negatives:  4614
  False Negatives: 495
  Accuracy:  0.1309
  Precision: 0.1002
  Recall:    0.9630

  --- Profit ---
  Cumulative Profit: $433087.36k

[7] Saving Results...
  Saved episode metrics to ./static_sequential_results/test_episode_metrics_fairness_lagrangian_approval_rate_seed2_20260122_223335.csv

================================================================================
Finished: 2026-01-22T22:33:36.676475
Exit code: 0
Test Exit code: 0
