Job: fairness_lagrangian_approval_rate_seed1
Command: uv run python -u adult_income_training.py --seed 1 --single --reward fairness_lagrangian --constraint approval_rate --episodes 200 --weights-dir ./static_sequential_results
Started: 2026-01-22T21:08:04.468218
================================================================================

================================================================================
SINGLE REWARD FUNCTION EXPERIMENT
  Reward: FAIRNESS_LAGRANGIAN
  Constraint: APPROVAL_RATE
  Seed: 1
================================================================================

CUDA Available: NVIDIA GeForce RTX 2080 Ti

[STEP 1] Loading Adult Income Data...
Downloading Adult Income dataset...
  Trying UCI Repository...
  ✓ Downloaded 20,000 records from UCI repository
Preprocessing Adult Income data...

  Deriving creditworthiness using income prediction model...

Male applicants: 13519
Female applicants: 6481
Male high-income rate: 0.312
Female high-income rate: 0.116

[STEP 2] Learning θ Parameters...

[STEP 3] Creating Environment...

[STEP 4] Training Agent...
  Using device: cuda
Training with fairness_lagrangian (approval_rate constraint)...
  Episode 0: Reward=774.396, Avg=774.396, λ_a=2.0201, ρ=1.076, R_M=0.0067, R_F=0.0063
  Episode 20: Reward=1252.500, Avg=1028.155, λ_a=2.3865, ρ=1.301, R_M=0.0006, R_F=0.0005
  Episode 40: Reward=1083.788, Avg=1226.163, λ_a=2.7963, ρ=1.100, R_M=0.0003, R_F=0.0002
  Episode 60: Reward=1426.799, Avg=1236.410, λ_a=3.3371, ρ=1.319, R_M=0.0003, R_F=0.0002
  Episode 80: Reward=1426.923, Avg=1400.685, λ_a=4.0727, ρ=1.238, R_M=0.0002, R_F=0.0001
  Episode 100: Reward=1417.891, Avg=1554.443, λ_a=4.7570, ρ=1.484, R_M=0.0002, R_F=0.0001
  Episode 120: Reward=1551.814, Avg=1544.004, λ_a=5.5734, ρ=1.109, R_M=0.0001, R_F=0.0001
  Episode 140: Reward=1475.718, Avg=1519.185, λ_a=6.5475, ρ=1.280, R_M=0.0001, R_F=0.0001
  Episode 160: Reward=1534.819, Avg=1465.821, λ_a=8.1822, ρ=1.339, R_M=0.0001, R_F=0.0001
  Episode 180: Reward=1357.524, Avg=1450.517, λ_a=10.1453, ρ=1.417, R_M=0.0001, R_F=0.0001

[STEP 5] Running Test Episode...

============================================================
TRAINING COMPLETE: fairness_lagrangian (approval_rate)
============================================================
  Initial wealth gap: $12.525k
  Final wealth gap: $12.866k
  Approval disparity: -0.0073
  Total profit: $2055.730k
  Final λ_approval: 13.2777

  --- Episode-Level Metrics (Training) ---
  ρ (inequality ratio): mean=1.2600, std=0.1186
  R_M (male welfare):   final=0.000081
  R_F (female welfare): final=0.000068
  R_M / R_F:            1.1934

[STEP 6] Saving Model Weights...
  Model saved to ./static_sequential_results/fairness_lagrangian_approval_rate_seed1.pt
  Saved to: ./static_sequential_results/fairness_lagrangian_approval_rate_seed1.pt
================================================================================
TESTING TRAINED AGENT (EPISODE-WISE METRICS)
================================================================================
  Model: ./static_sequential_results/fairness_lagrangian_approval_rate_seed1.pt
  Episodes: 100
  Continuous play: YES (no wealth reset between episodes)
  Credit threshold for ground truth: 0.5
  Checkpoint directory: ./checkpoints
  Resume from checkpoint: True
================================================================================

[1] Loading Data...
Downloading Adult Income dataset...
Preprocessing Adult Income data...

  Deriving creditworthiness (ground truth) using income prediction model...

Male applicants: 13519
Female applicants: 6481
Male ground truth approval rate: 0.180
Female ground truth approval rate: 0.087
Loading model from ./static_sequential_results/fairness_lagrangian_approval_rate_seed1.pt...
  ✓ Model loaded successfully
    Reward function: fairness_lagrangian
    Constraint type: approval_rate

[5] Running 100 Episodes (Episodes 1 to 100)...

  Starting Episode 1 (ALL state preserved - continuous play)

  Episode 10/100 Complete:
    Timesteps this episode: 199
    Total time elapsed: 995.0
    μ_M: $78.61k, μ_F: $62.98k
    Wealth Gap: $15.63k
    Episode Approval Rate M: 0.9320
    Episode Approval Rate F: 0.9179
    Episode Profit: $5443.53k
    Cumulative Profit: $18808.37k

  Starting Episode 11 (ALL state preserved - continuous play)

  Episode 20/100 Complete:
    Timesteps this episode: 199
    Total time elapsed: 1990.0
    μ_M: $100.95k, μ_F: $79.69k
    Wealth Gap: $21.27k
    Episode Approval Rate M: 0.9312
    Episode Approval Rate F: 0.9295
    Episode Profit: $6363.96k
    Cumulative Profit: $43048.77k

  Starting Episode 21 (ALL state preserved - continuous play)

  Episode 30/100 Complete:
    Timesteps this episode: 199
    Total time elapsed: 2985.0
    μ_M: $128.94k, μ_F: $100.36k
    Wealth Gap: $28.58k
    Episode Approval Rate M: 0.9389
    Episode Approval Rate F: 0.9312
    Episode Profit: $8341.08k
    Cumulative Profit: $72292.06k

  Starting Episode 31 (ALL state preserved - continuous play)

  Episode 40/100 Complete:
    Timesteps this episode: 199
    Total time elapsed: 3980.0
    μ_M: $163.20k, μ_F: $125.64k
    Wealth Gap: $37.56k
    Episode Approval Rate M: 0.9370
    Episode Approval Rate F: 0.9406
    Episode Profit: $10252.00k
    Cumulative Profit: $109723.56k

  Starting Episode 41 (ALL state preserved - continuous play)

  Episode 50/100 Complete:
    Timesteps this episode: 199
    Total time elapsed: 4975.0
    μ_M: $204.11k, μ_F: $157.87k
    Wealth Gap: $46.24k
    Episode Approval Rate M: 0.9403
    Episode Approval Rate F: 0.9391
    Episode Profit: $11971.34k
    Cumulative Profit: $153494.86k

  Starting Episode 51 (ALL state preserved - continuous play)

  Episode 60/100 Complete:
    Timesteps this episode: 199
    Total time elapsed: 5970.0
    μ_M: $250.02k, μ_F: $197.36k
    Wealth Gap: $52.66k
    Episode Approval Rate M: 0.9283
    Episode Approval Rate F: 0.9418
    Episode Profit: $14005.85k
    Cumulative Profit: $202696.53k

  Starting Episode 61 (ALL state preserved - continuous play)

  Episode 70/100 Complete:
    Timesteps this episode: 199
    Total time elapsed: 6965.0
    μ_M: $298.65k, μ_F: $242.22k
    Wealth Gap: $56.42k
    Episode Approval Rate M: 0.9205
    Episode Approval Rate F: 0.9321
    Episode Profit: $14739.72k
    Cumulative Profit: $258027.21k

  Starting Episode 71 (ALL state preserved - continuous play)

  Episode 80/100 Complete:
    Timesteps this episode: 199
    Total time elapsed: 7960.0
    μ_M: $348.39k, μ_F: $290.54k
    Wealth Gap: $57.86k
    Episode Approval Rate M: 0.9174
    Episode Approval Rate F: 0.9234
    Episode Profit: $15125.96k
    Cumulative Profit: $315111.79k

  Starting Episode 81 (ALL state preserved - continuous play)

  Episode 90/100 Complete:
    Timesteps this episode: 199
    Total time elapsed: 8955.0
    μ_M: $398.38k, μ_F: $340.75k
    Wealth Gap: $57.63k
    Episode Approval Rate M: 0.9193
    Episode Approval Rate F: 0.9203
    Episode Profit: $15330.72k
    Cumulative Profit: $373237.10k

  Starting Episode 91 (ALL state preserved - continuous play)

  Episode 100/100 Complete:
    Timesteps this episode: 199
    Total time elapsed: 9950.0
    μ_M: $448.24k, μ_F: $390.84k
    Wealth Gap: $57.39k
    Episode Approval Rate M: 0.9278
    Episode Approval Rate F: 0.9270
    Episode Profit: $15746.46k
    Cumulative Profit: $435224.06k

[6] Computing Final Metrics...

================================================================================
FINAL TESTING RESULTS
================================================================================

  Model: fairness_lagrangian (approval_rate)
  Episodes: 100
  Total Time: 9950.0
  Hawkes Events (M/F): 142169/124309

  --- Wealth Metrics ---
  Initial μ_M,0: $60.82k
  Initial μ_F,0: $48.29k
  Final μ_M: $448.24k
  Final μ_F: $390.84k
  Final Wealth Gap: $57.39k

  --- Long-term Social Welfare R_g(t) = (μ_g,t - μ_g,0) / t ---
  R_M (Male):   0.038937 ($1000s per time unit)
  R_F (Female): 0.034427 ($1000s per time unit)
  R_total:      0.036682 ($1000s per time unit)
  R_M / R_F:    1.1310

  --- Inequality Ratio ρ = Δμ_M / Δμ_F (per episode) ---
  Mean ρ:   1.1816
  Std ρ:    0.1577
  Min ρ:    0.9202
  Max ρ:    1.5686
  Last 5 episodes: ['1.045', '1.020', '0.965', '0.987', '1.002']

  --- Approval Metrics ---
  Total Applications M: 152766
  Total Applications F: 133229
  Total Loans Approved M: 142169
  Total Loans Approved F: 124309
  Final Approval Rate M: 0.9306
  Final Approval Rate F: 0.9330

  --- Success Probabilities ---
  Total Defaults M: 12007
  Total Defaults F: 10384
  Final Success Prob M: 0.9155
  Final Success Prob F: 0.9165

  --- Ground Truth Comparison (Males) ---
  True Positives:  26514
  False Positives: 115655
  True Negatives:  8644
  False Negatives: 1953
  Accuracy:  0.2301
  Precision: 0.1865
  Recall:    0.9314

  --- Ground Truth Comparison (Females) ---
  True Positives:  12609
  False Positives: 111700
  True Negatives:  8032
  False Negatives: 888
  Accuracy:  0.1549
  Precision: 0.1014
  Recall:    0.9342

  --- Profit ---
  Cumulative Profit: $435224.06k

[7] Saving Results...
  Saved episode metrics to ./static_sequential_results/test_episode_metrics_fairness_lagrangian_approval_rate_seed1_20260122_214936.csv

================================================================================
Finished: 2026-01-22T21:49:36.975799
Exit code: 0
Test Exit code: 0
