Job: fairness_lagrangian_approval_rate_seed3
Command: uv run python -u adult_income_training.py --seed 3 --single --reward fairness_lagrangian --constraint approval_rate --episodes 200 --weights-dir ./static_sequential_results
Started: 2026-01-22T22:33:36.677582
================================================================================

================================================================================
SINGLE REWARD FUNCTION EXPERIMENT
  Reward: FAIRNESS_LAGRANGIAN
  Constraint: APPROVAL_RATE
  Seed: 3
================================================================================

CUDA Available: NVIDIA GeForce RTX 2080 Ti

[STEP 1] Loading Adult Income Data...
Downloading Adult Income dataset...
  Trying UCI Repository...
  ✓ Downloaded 20,000 records from UCI repository
Preprocessing Adult Income data...

  Deriving creditworthiness using income prediction model...

Male applicants: 13519
Female applicants: 6481
Male high-income rate: 0.312
Female high-income rate: 0.116

[STEP 2] Learning θ Parameters...

[STEP 3] Creating Environment...

[STEP 4] Training Agent...
  Using device: cuda
Training with fairness_lagrangian (approval_rate constraint)...
  Episode 0: Reward=729.079, Avg=729.079, λ_a=2.0201, ρ=1.172, R_M=0.0072, R_F=0.0062
  Episode 20: Reward=1280.513, Avg=992.182, λ_a=2.3630, ρ=1.461, R_M=0.0007, R_F=0.0005
  Episode 40: Reward=1267.637, Avg=1310.271, λ_a=2.7545, ρ=1.245, R_M=0.0003, R_F=0.0003
  Episode 60: Reward=1459.341, Avg=1362.369, λ_a=3.1766, ρ=1.297, R_M=0.0003, R_F=0.0002
  Episode 80: Reward=1491.738, Avg=1493.127, λ_a=3.6574, ρ=1.281, R_M=0.0002, R_F=0.0002
  Episode 100: Reward=1451.758, Avg=1482.985, λ_a=4.2742, ρ=1.226, R_M=0.0002, R_F=0.0001
  Episode 120: Reward=1402.655, Avg=1398.040, λ_a=5.2276, ρ=1.473, R_M=0.0001, R_F=0.0001
  Episode 140: Reward=1357.678, Avg=1329.941, λ_a=6.8588, ρ=1.179, R_M=0.0001, R_F=0.0001
  Episode 160: Reward=962.525, Avg=1296.245, λ_a=9.1246, ρ=1.273, R_M=0.0001, R_F=0.0001
  Episode 180: Reward=947.664, Avg=1159.377, λ_a=12.3748, ρ=1.302, R_M=0.0001, R_F=0.0001

[STEP 5] Running Test Episode...

============================================================
TRAINING COMPLETE: fairness_lagrangian (approval_rate)
============================================================
  Initial wealth gap: $12.525k
  Final wealth gap: $12.922k
  Approval disparity: -0.0068
  Total profit: $1929.506k
  Final λ_approval: 16.2898

  --- Episode-Level Metrics (Training) ---
  ρ (inequality ratio): mean=1.2694, std=0.1278
  R_M (male welfare):   final=0.000074
  R_F (female welfare): final=0.000056
  R_M / R_F:            1.3125

[STEP 6] Saving Model Weights...
  Model saved to ./static_sequential_results/fairness_lagrangian_approval_rate_seed3.pt
  Saved to: ./static_sequential_results/fairness_lagrangian_approval_rate_seed3.pt
================================================================================
TESTING TRAINED AGENT (EPISODE-WISE METRICS)
================================================================================
  Model: ./static_sequential_results/fairness_lagrangian_approval_rate_seed3.pt
  Episodes: 100
  Continuous play: YES (no wealth reset between episodes)
  Credit threshold for ground truth: 0.5
  Checkpoint directory: ./checkpoints
  Resume from checkpoint: True
================================================================================

[1] Loading Data...
Downloading Adult Income dataset...
Preprocessing Adult Income data...

  Deriving creditworthiness (ground truth) using income prediction model...

Male applicants: 13519
Female applicants: 6481
Male ground truth approval rate: 0.180
Female ground truth approval rate: 0.087
Loading model from ./static_sequential_results/fairness_lagrangian_approval_rate_seed3.pt...
  ✓ Model loaded successfully
    Reward function: fairness_lagrangian
    Constraint type: approval_rate

[5] Running 100 Episodes (Episodes 1 to 100)...

  Starting Episode 1 (ALL state preserved - continuous play)

  Episode 10/100 Complete:
    Timesteps this episode: 199
    Total time elapsed: 995.0
    μ_M: $77.93k, μ_F: $61.46k
    Wealth Gap: $16.47k
    Episode Approval Rate M: 0.8899
    Episode Approval Rate F: 0.9245
    Episode Profit: $5147.12k
    Cumulative Profit: $16789.13k

  Starting Episode 11 (ALL state preserved - continuous play)

  Episode 20/100 Complete:
    Timesteps this episode: 199
    Total time elapsed: 1990.0
    μ_M: $99.34k, μ_F: $77.24k
    Wealth Gap: $22.09k
    Episode Approval Rate M: 0.9154
    Episode Approval Rate F: 0.8995
    Episode Profit: $6582.72k
    Cumulative Profit: $39507.24k

  Starting Episode 21 (ALL state preserved - continuous play)

  Episode 30/100 Complete:
    Timesteps this episode: 199
    Total time elapsed: 2985.0
    μ_M: $125.22k, μ_F: $96.18k
    Wealth Gap: $29.04k
    Episode Approval Rate M: 0.9037
    Episode Approval Rate F: 0.9085
    Episode Profit: $7454.47k
    Cumulative Profit: $67951.78k

  Starting Episode 31 (ALL state preserved - continuous play)

  Episode 40/100 Complete:
    Timesteps this episode: 199
    Total time elapsed: 3980.0
    μ_M: $157.92k, μ_F: $120.97k
    Wealth Gap: $36.95k
    Episode Approval Rate M: 0.9164
    Episode Approval Rate F: 0.9169
    Episode Profit: $9337.95k
    Cumulative Profit: $98549.86k

  Starting Episode 41 (ALL state preserved - continuous play)

  Episode 50/100 Complete:
    Timesteps this episode: 199
    Total time elapsed: 4975.0
    μ_M: $197.41k, μ_F: $150.88k
    Wealth Gap: $46.53k
    Episode Approval Rate M: 0.9264
    Episode Approval Rate F: 0.9386
    Episode Profit: $11530.82k
    Cumulative Profit: $136978.98k

  Starting Episode 51 (ALL state preserved - continuous play)

  Episode 60/100 Complete:
    Timesteps this episode: 199
    Total time elapsed: 5970.0
    μ_M: $242.02k, μ_F: $188.02k
    Wealth Gap: $54.00k
    Episode Approval Rate M: 0.9263
    Episode Approval Rate F: 0.9355
    Episode Profit: $12755.01k
    Cumulative Profit: $183625.05k

  Starting Episode 61 (ALL state preserved - continuous play)

  Episode 70/100 Complete:
    Timesteps this episode: 199
    Total time elapsed: 6965.0
    μ_M: $290.59k, μ_F: $231.51k
    Wealth Gap: $59.08k
    Episode Approval Rate M: 0.9332
    Episode Approval Rate F: 0.9339
    Episode Profit: $14329.02k
    Cumulative Profit: $234369.45k

  Starting Episode 71 (ALL state preserved - continuous play)

  Episode 80/100 Complete:
    Timesteps this episode: 199
    Total time elapsed: 7960.0
    μ_M: $340.14k, μ_F: $279.34k
    Wealth Gap: $60.79k
    Episode Approval Rate M: 0.9353
    Episode Approval Rate F: 0.9554
    Episode Profit: $15421.55k
    Cumulative Profit: $292917.81k

  Starting Episode 81 (ALL state preserved - continuous play)

  Episode 90/100 Complete:
    Timesteps this episode: 199
    Total time elapsed: 8955.0
    μ_M: $390.56k, μ_F: $329.17k
    Wealth Gap: $61.40k
    Episode Approval Rate M: 0.9427
    Episode Approval Rate F: 0.9378
    Episode Profit: $15395.77k
    Cumulative Profit: $353393.05k

  Starting Episode 91 (ALL state preserved - continuous play)

  Episode 100/100 Complete:
    Timesteps this episode: 199
    Total time elapsed: 9950.0
    μ_M: $441.52k, μ_F: $379.79k
    Wealth Gap: $61.73k
    Episode Approval Rate M: 0.9465
    Episode Approval Rate F: 0.9553
    Episode Profit: $15658.65k
    Cumulative Profit: $413024.44k

[6] Computing Final Metrics...

================================================================================
FINAL TESTING RESULTS
================================================================================

  Model: fairness_lagrangian (approval_rate)
  Episodes: 100
  Total Time: 9950.0
  Hawkes Events (M/F): 140267/121693

  --- Wealth Metrics ---
  Initial μ_M,0: $60.82k
  Initial μ_F,0: $48.29k
  Final μ_M: $441.52k
  Final μ_F: $379.79k
  Final Wealth Gap: $61.73k

  --- Long-term Social Welfare R_g(t) = (μ_g,t - μ_g,0) / t ---
  R_M (Male):   0.038262 ($1000s per time unit)
  R_F (Female): 0.033316 ($1000s per time unit)
  R_total:      0.035789 ($1000s per time unit)
  R_M / R_F:    1.1484

  --- Inequality Ratio ρ = Δμ_M / Δμ_F (per episode) ---
  Mean ρ:   1.2060
  Std ρ:    0.1550
  Min ρ:    0.9410
  Max ρ:    1.4878
  Last 5 episodes: ['0.941', '1.027', '1.048', '1.018', '1.001']

  --- Approval Metrics ---
  Total Applications M: 150893
  Total Applications F: 130588
  Total Loans Approved M: 140267
  Total Loans Approved F: 121693
  Final Approval Rate M: 0.9296
  Final Approval Rate F: 0.9319

  --- Success Probabilities ---
  Total Defaults M: 12038
  Total Defaults F: 10213
  Final Success Prob M: 0.9142
  Final Success Prob F: 0.9161

  --- Ground Truth Comparison (Males) ---
  True Positives:  25948
  False Positives: 114319
  True Negatives:  8623
  False Negatives: 2003
  Accuracy:  0.2291
  Precision: 0.1850
  Recall:    0.9283

  --- Ground Truth Comparison (Females) ---
  True Positives:  12206
  False Positives: 109487
  True Negatives:  7994
  False Negatives: 901
  Accuracy:  0.1547
  Precision: 0.1003
  Recall:    0.9313

  --- Profit ---
  Cumulative Profit: $413024.44k

[7] Saving Results...
  Saved episode metrics to ./static_sequential_results/test_episode_metrics_fairness_lagrangian_approval_rate_seed3_20260122_231512.csv

================================================================================
Finished: 2026-01-22T23:15:13.252609
Exit code: 0
Test Exit code: 0
