Job: fairness_lagrangian_both_seed1
Command: uv run python -u adult_income_training.py --seed 1 --single --reward fairness_lagrangian --constraint both --episodes 200 --weights-dir ./static_sequential_results
Started: 2026-01-23T00:09:04.535934
================================================================================

================================================================================
SINGLE REWARD FUNCTION EXPERIMENT
  Reward: FAIRNESS_LAGRANGIAN
  Constraint: BOTH
  Seed: 1
================================================================================

CUDA Available: NVIDIA GeForce RTX 2080 Ti

[STEP 1] Loading Adult Income Data...
Downloading Adult Income dataset...
  Trying UCI Repository...
  ✓ Downloaded 20,000 records from UCI repository
Preprocessing Adult Income data...

  Deriving creditworthiness using income prediction model...

Male applicants: 13519
Female applicants: 6481
Male high-income rate: 0.312
Female high-income rate: 0.116

[STEP 2] Learning θ Parameters...

[STEP 3] Creating Environment...

[STEP 4] Training Agent...
  Using device: cuda
Training with fairness_lagrangian (both constraint)...
  Episode 0: Reward=-26539.839, Avg=-26539.839, λ_w=2.0201, λ_a=2.0201, ρ=1.076
  Episode 20: Reward=-30786.890, Avg=-29712.903, λ_w=2.4674, λ_a=2.3480, ρ=1.454
  Episode 40: Reward=-37591.819, Avg=-35855.393, λ_w=3.0136, λ_a=2.7679, ρ=0.692
  Episode 60: Reward=-50796.699, Avg=-44230.560, λ_w=3.6809, λ_a=3.2569, ρ=1.401
  Episode 80: Reward=-58752.592, Avg=-54434.542, λ_w=4.4958, λ_a=3.7893, ρ=1.639
  Episode 100: Reward=-70706.863, Avg=-66105.150, λ_w=5.4912, λ_a=4.4848, ρ=2.262
  Episode 120: Reward=-92215.618, Avg=-81090.057, λ_w=6.7070, λ_a=5.2160, ρ=1.703
  Episode 140: Reward=-104599.449, Avg=-98624.742, λ_w=8.1919, λ_a=5.9454, ρ=1.906
  Episode 160: Reward=-135923.718, Avg=-120201.285, λ_w=10.0056, λ_a=6.6404, ρ=1.384
  Episode 180: Reward=-155452.391, Avg=-145953.974, λ_w=12.2209, λ_a=7.3244, ρ=1.447

[STEP 5] Running Test Episode...

============================================================
TRAINING COMPLETE: fairness_lagrangian (both)
============================================================
  Initial wealth gap: $12.525k
  Final wealth gap: $12.573k
  Approval disparity: -0.0037
  Total profit: $-2.495k
  Final λ_wealth: 14.7781
  Final λ_approval: 8.0609

  --- Episode-Level Metrics (Training) ---
  ρ (inequality ratio): mean=1.2837, std=0.3349
  R_M (male welfare):   final=0.000005
  R_F (female welfare): final=0.000004
  R_M / R_F:            1.2620

[STEP 6] Saving Model Weights...
  Model saved to ./static_sequential_results/fairness_lagrangian_both_seed1.pt
  Saved to: ./static_sequential_results/fairness_lagrangian_both_seed1.pt
================================================================================
TESTING TRAINED AGENT (EPISODE-WISE METRICS)
================================================================================
  Model: ./static_sequential_results/fairness_lagrangian_both_seed1.pt
  Episodes: 100
  Continuous play: YES (no wealth reset between episodes)
  Credit threshold for ground truth: 0.5
  Checkpoint directory: ./checkpoints
  Resume from checkpoint: True
================================================================================

[1] Loading Data...
Downloading Adult Income dataset...
Preprocessing Adult Income data...

  Deriving creditworthiness (ground truth) using income prediction model...

Male applicants: 13519
Female applicants: 6481
Male ground truth approval rate: 0.180
Female ground truth approval rate: 0.087
Loading model from ./static_sequential_results/fairness_lagrangian_both_seed1.pt...
  ✓ Model loaded successfully
    Reward function: fairness_lagrangian
    Constraint type: both

[5] Running 100 Episodes (Episodes 1 to 100)...

  Starting Episode 1 (ALL state preserved - continuous play)

  Episode 10/100 Complete:
    Timesteps this episode: 199
    Total time elapsed: 995.0
    μ_M: $61.57k, μ_F: $48.97k
    Wealth Gap: $12.60k
    Episode Approval Rate M: 0.0494
    Episode Approval Rate F: 0.0479
    Episode Profit: $172.36k
    Cumulative Profit: $1064.92k

  Starting Episode 11 (ALL state preserved - continuous play)

  Episode 20/100 Complete:
    Timesteps this episode: 199
    Total time elapsed: 1990.0
    μ_M: $62.34k, μ_F: $49.64k
    Wealth Gap: $12.70k
    Episode Approval Rate M: 0.0488
    Episode Approval Rate F: 0.0903
    Episode Profit: $263.94k
    Cumulative Profit: $1823.47k

  Starting Episode 21 (ALL state preserved - continuous play)

  Episode 30/100 Complete:
    Timesteps this episode: 199
    Total time elapsed: 2985.0
    μ_M: $63.14k, μ_F: $50.26k
    Wealth Gap: $12.88k
    Episode Approval Rate M: 0.0519
    Episode Approval Rate F: 0.0741
    Episode Profit: $252.68k
    Cumulative Profit: $2788.31k

  Starting Episode 31 (ALL state preserved - continuous play)

  Episode 40/100 Complete:
    Timesteps this episode: 199
    Total time elapsed: 3980.0
    μ_M: $63.96k, μ_F: $50.91k
    Wealth Gap: $13.05k
    Episode Approval Rate M: 0.0380
    Episode Approval Rate F: 0.0573
    Episode Profit: $176.35k
    Cumulative Profit: $3487.91k

  Starting Episode 41 (ALL state preserved - continuous play)

  Episode 50/100 Complete:
    Timesteps this episode: 199
    Total time elapsed: 4975.0
    μ_M: $64.83k, μ_F: $51.55k
    Wealth Gap: $13.29k
    Episode Approval Rate M: 0.0528
    Episode Approval Rate F: 0.0565
    Episode Profit: $186.43k
    Cumulative Profit: $3742.24k

  Starting Episode 51 (ALL state preserved - continuous play)

  Episode 60/100 Complete:
    Timesteps this episode: 199
    Total time elapsed: 5970.0
    μ_M: $65.66k, μ_F: $52.21k
    Wealth Gap: $13.45k
    Episode Approval Rate M: 0.0544
    Episode Approval Rate F: 0.0579
    Episode Profit: $259.27k
    Cumulative Profit: $4393.58k

  Starting Episode 61 (ALL state preserved - continuous play)

  Episode 70/100 Complete:
    Timesteps this episode: 199
    Total time elapsed: 6965.0
    μ_M: $66.54k, μ_F: $52.87k
    Wealth Gap: $13.66k
    Episode Approval Rate M: 0.0571
    Episode Approval Rate F: 0.0259
    Episode Profit: $184.47k
    Cumulative Profit: $5246.03k

  Starting Episode 71 (ALL state preserved - continuous play)

  Episode 80/100 Complete:
    Timesteps this episode: 199
    Total time elapsed: 7960.0
    μ_M: $67.44k, μ_F: $53.46k
    Wealth Gap: $13.99k
    Episode Approval Rate M: 0.0636
    Episode Approval Rate F: 0.0498
    Episode Profit: $237.16k
    Cumulative Profit: $6567.02k

  Starting Episode 81 (ALL state preserved - continuous play)

  Episode 90/100 Complete:
    Timesteps this episode: 199
    Total time elapsed: 8955.0
    μ_M: $68.21k, μ_F: $54.14k
    Wealth Gap: $14.07k
    Episode Approval Rate M: 0.0519
    Episode Approval Rate F: 0.0498
    Episode Profit: $245.64k
    Cumulative Profit: $7770.39k

  Starting Episode 91 (ALL state preserved - continuous play)

  Episode 100/100 Complete:
    Timesteps this episode: 199
    Total time elapsed: 9950.0
    μ_M: $69.11k, μ_F: $54.94k
    Wealth Gap: $14.17k
    Episode Approval Rate M: 0.0488
    Episode Approval Rate F: 0.0550
    Episode Profit: $214.09k
    Cumulative Profit: $8334.17k

[6] Computing Final Metrics...

================================================================================
FINAL TESTING RESULTS
================================================================================

  Model: fairness_lagrangian (both)
  Episodes: 100
  Total Time: 9950.0
  Hawkes Events (M/F): 3375/2749

  --- Wealth Metrics ---
  Initial μ_M,0: $60.82k
  Initial μ_F,0: $48.29k
  Final μ_M: $69.11k
  Final μ_F: $54.94k
  Final Wealth Gap: $14.17k

  --- Long-term Social Welfare R_g(t) = (μ_g,t - μ_g,0) / t ---
  R_M (Male):   0.000834 ($1000s per time unit)
  R_F (Female): 0.000668 ($1000s per time unit)
  R_total:      0.000751 ($1000s per time unit)
  R_M / R_F:    1.2478

  --- Inequality Ratio ρ = Δμ_M / Δμ_F (per episode) ---
  Mean ρ:   1.3387
  Std ρ:    0.4926
  Min ρ:    0.4942
  Max ρ:    3.6869
  Last 5 episodes: ['1.088', '0.863', '1.632', '1.320', '1.074']

  --- Approval Metrics ---
  Total Applications M: 61136
  Total Applications F: 49129
  Total Loans Approved M: 3375
  Total Loans Approved F: 2749
  Final Approval Rate M: 0.0552
  Final Approval Rate F: 0.0560

  --- Success Probabilities ---
  Total Defaults M: 311
  Total Defaults F: 222
  Final Success Prob M: 0.9079
  Final Success Prob F: 0.9192

  --- Ground Truth Comparison (Males) ---
  True Positives:  738
  False Positives: 2637
  True Negatives:  45528
  False Negatives: 12233
  Accuracy:  0.7568
  Precision: 0.2187
  Recall:    0.0569

  --- Ground Truth Comparison (Females) ---
  True Positives:  284
  False Positives: 2465
  True Negatives:  41374
  False Negatives: 5006
  Accuracy:  0.8479
  Precision: 0.1033
  Recall:    0.0537

  --- Profit ---
  Cumulative Profit: $8334.17k

[7] Saving Results...
  Saved episode metrics to ./static_sequential_results/test_episode_metrics_fairness_lagrangian_both_seed1_20260123_002224.csv

================================================================================
Finished: 2026-01-23T00:22:25.631232
Exit code: 0
Test Exit code: 0
