Job: rawlsian_maximin_approval_rate_seed3
Command: uv run python -u adult_income_training.py --seed 3 --single --reward rawlsian_maximin --constraint approval_rate --episodes 200 --weights-dir ./static_sequential_results
Started: 2026-01-22T17:15:05.571992
================================================================================

================================================================================
SINGLE REWARD FUNCTION EXPERIMENT
  Reward: RAWLSIAN_MAXIMIN
  Constraint: APPROVAL_RATE
  Seed: 3
================================================================================

CUDA Available: NVIDIA GeForce RTX 2080 Ti

[STEP 1] Loading Adult Income Data...
Downloading Adult Income dataset...
  Trying UCI Repository...
  ✓ Downloaded 20,000 records from UCI repository
Preprocessing Adult Income data...

  Deriving creditworthiness using income prediction model...

Male applicants: 13519
Female applicants: 6481
Male high-income rate: 0.312
Female high-income rate: 0.116

[STEP 2] Learning θ Parameters...

[STEP 3] Creating Environment...

[STEP 4] Training Agent...
  Using device: cuda
Training with rawlsian_maximin (approval_rate constraint)...
  Episode 0: Reward=1844.551, Avg=1844.551, λ_a=2.0201, ρ=1.172, R_M=0.0072, R_F=0.0062
  Episode 20: Reward=3059.814, Avg=2332.775, λ_a=2.3620, ρ=1.125, R_M=0.0006, R_F=0.0005
  Episode 40: Reward=4246.257, Avg=3855.813, λ_a=2.7504, ρ=1.219, R_M=0.0004, R_F=0.0003
  Episode 60: Reward=4817.866, Avg=4545.913, λ_a=3.1822, ρ=1.135, R_M=0.0003, R_F=0.0002
  Episode 80: Reward=5197.121, Avg=5120.612, λ_a=3.7382, ρ=1.370, R_M=0.0002, R_F=0.0001
  Episode 100: Reward=5757.063, Avg=5492.895, λ_a=4.3844, ρ=1.354, R_M=0.0001, R_F=0.0001
  Episode 120: Reward=6996.083, Avg=6277.693, λ_a=5.3969, ρ=1.460, R_M=0.0001, R_F=0.0001
  Episode 140: Reward=8174.821, Avg=7637.253, λ_a=6.4541, ρ=1.177, R_M=0.0001, R_F=0.0001
  Episode 160: Reward=9692.169, Avg=8986.792, λ_a=8.1548, ρ=1.227, R_M=0.0001, R_F=0.0001
  Episode 180: Reward=11519.334, Avg=11032.440, λ_a=10.5514, ρ=1.292, R_M=0.0001, R_F=0.0001

[STEP 5] Running Test Episode...

============================================================
TRAINING COMPLETE: rawlsian_maximin (approval_rate)
============================================================
  Initial wealth gap: $12.525k
  Final wealth gap: $12.903k
  Approval disparity: 0.0098
  Total profit: $1888.255k
  Final λ_approval: 13.3597

  --- Episode-Level Metrics (Training) ---
  ρ (inequality ratio): mean=1.2625, std=0.1271
  R_M (male welfare):   final=0.000079
  R_F (female welfare): final=0.000058
  R_M / R_F:            1.3572

[STEP 6] Saving Model Weights...
  Model saved to ./static_sequential_results/rawlsian_maximin_approval_rate_seed3.pt
  Saved to: ./static_sequential_results/rawlsian_maximin_approval_rate_seed3.pt
================================================================================
TESTING TRAINED AGENT (EPISODE-WISE METRICS)
================================================================================
  Model: ./static_sequential_results/rawlsian_maximin_approval_rate_seed3.pt
  Episodes: 100
  Continuous play: YES (no wealth reset between episodes)
  Credit threshold for ground truth: 0.5
  Checkpoint directory: ./checkpoints
  Resume from checkpoint: True
================================================================================

[1] Loading Data...
Downloading Adult Income dataset...
Preprocessing Adult Income data...

  Deriving creditworthiness (ground truth) using income prediction model...

Male applicants: 13519
Female applicants: 6481
Male ground truth approval rate: 0.180
Female ground truth approval rate: 0.087
Loading model from ./static_sequential_results/rawlsian_maximin_approval_rate_seed3.pt...
  ✓ Model loaded successfully
    Reward function: rawlsian_maximin
    Constraint type: approval_rate

[5] Running 100 Episodes (Episodes 1 to 100)...

  Starting Episode 1 (ALL state preserved - continuous play)

  Episode 10/100 Complete:
    Timesteps this episode: 199
    Total time elapsed: 995.0
    μ_M: $78.20k, μ_F: $61.57k
    Wealth Gap: $16.63k
    Episode Approval Rate M: 0.9240
    Episode Approval Rate F: 0.9123
    Episode Profit: $5268.71k
    Cumulative Profit: $17354.34k

  Starting Episode 11 (ALL state preserved - continuous play)

  Episode 20/100 Complete:
    Timesteps this episode: 199
    Total time elapsed: 1990.0
    μ_M: $99.91k, μ_F: $77.99k
    Wealth Gap: $21.92k
    Episode Approval Rate M: 0.9105
    Episode Approval Rate F: 0.9184
    Episode Profit: $6815.24k
    Cumulative Profit: $40033.29k

  Starting Episode 21 (ALL state preserved - continuous play)

  Episode 30/100 Complete:
    Timesteps this episode: 199
    Total time elapsed: 2985.0
    μ_M: $126.04k, μ_F: $97.28k
    Wealth Gap: $28.76k
    Episode Approval Rate M: 0.8980
    Episode Approval Rate F: 0.9030
    Episode Profit: $7472.51k
    Cumulative Profit: $68199.06k

  Starting Episode 31 (ALL state preserved - continuous play)

  Episode 40/100 Complete:
    Timesteps this episode: 199
    Total time elapsed: 3980.0
    μ_M: $159.02k, μ_F: $121.69k
    Wealth Gap: $37.33k
    Episode Approval Rate M: 0.8903
    Episode Approval Rate F: 0.9084
    Episode Profit: $9248.79k
    Cumulative Profit: $98721.47k

  Starting Episode 41 (ALL state preserved - continuous play)

  Episode 50/100 Complete:
    Timesteps this episode: 199
    Total time elapsed: 4975.0
    μ_M: $198.66k, μ_F: $151.17k
    Wealth Gap: $47.50k
    Episode Approval Rate M: 0.9088
    Episode Approval Rate F: 0.9072
    Episode Profit: $11436.34k
    Cumulative Profit: $137684.81k

  Starting Episode 51 (ALL state preserved - continuous play)

  Episode 60/100 Complete:
    Timesteps this episode: 199
    Total time elapsed: 5970.0
    μ_M: $242.34k, μ_F: $187.97k
    Wealth Gap: $54.37k
    Episode Approval Rate M: 0.9103
    Episode Approval Rate F: 0.9238
    Episode Profit: $12754.53k
    Cumulative Profit: $185720.88k

  Starting Episode 61 (ALL state preserved - continuous play)

  Episode 70/100 Complete:
    Timesteps this episode: 199
    Total time elapsed: 6965.0
    μ_M: $289.47k, μ_F: $230.46k
    Wealth Gap: $59.01k
    Episode Approval Rate M: 0.9196
    Episode Approval Rate F: 0.9256
    Episode Profit: $14337.47k
    Cumulative Profit: $237778.03k

  Starting Episode 71 (ALL state preserved - continuous play)

  Episode 80/100 Complete:
    Timesteps this episode: 199
    Total time elapsed: 7960.0
    μ_M: $338.71k, μ_F: $277.82k
    Wealth Gap: $60.89k
    Episode Approval Rate M: 0.9208
    Episode Approval Rate F: 0.9152
    Episode Profit: $14930.93k
    Cumulative Profit: $290116.93k

  Starting Episode 81 (ALL state preserved - continuous play)

  Episode 90/100 Complete:
    Timesteps this episode: 199
    Total time elapsed: 8955.0
    μ_M: $388.33k, μ_F: $326.69k
    Wealth Gap: $61.64k
    Episode Approval Rate M: 0.9168
    Episode Approval Rate F: 0.9274
    Episode Profit: $15289.65k
    Cumulative Profit: $345446.51k

  Starting Episode 91 (ALL state preserved - continuous play)

  Episode 100/100 Complete:
    Timesteps this episode: 199
    Total time elapsed: 9950.0
    μ_M: $437.55k, μ_F: $376.39k
    Wealth Gap: $61.15k
    Episode Approval Rate M: 0.9259
    Episode Approval Rate F: 0.9231
    Episode Profit: $15432.04k
    Cumulative Profit: $403622.71k

[6] Computing Final Metrics...

================================================================================
FINAL TESTING RESULTS
================================================================================

  Model: rawlsian_maximin (approval_rate)
  Episodes: 100
  Total Time: 9950.0
  Hawkes Events (M/F): 138266/119412

  --- Wealth Metrics ---
  Initial μ_M,0: $60.82k
  Initial μ_F,0: $48.29k
  Final μ_M: $437.55k
  Final μ_F: $376.39k
  Final Wealth Gap: $61.15k

  --- Long-term Social Welfare R_g(t) = (μ_g,t - μ_g,0) / t ---
  R_M (Male):   0.037862 ($1000s per time unit)
  R_F (Female): 0.032975 ($1000s per time unit)
  R_total:      0.035419 ($1000s per time unit)
  R_M / R_F:    1.1482

  --- Inequality Ratio ρ = Δμ_M / Δμ_F (per episode) ---
  Mean ρ:   1.2053
  Std ρ:    0.1651
  Min ρ:    0.9369
  Max ρ:    1.5690
  Last 5 episodes: ['1.020', '0.999', '0.937', '0.983', '1.014']

  --- Approval Metrics ---
  Total Applications M: 151198
  Total Applications F: 130400
  Total Loans Approved M: 138266
  Total Loans Approved F: 119412
  Final Approval Rate M: 0.9145
  Final Approval Rate F: 0.9157

  --- Success Probabilities ---
  Total Defaults M: 11790
  Total Defaults F: 10270
  Final Success Prob M: 0.9147
  Final Success Prob F: 0.9140

  --- Ground Truth Comparison (Males) ---
  True Positives:  25594
  False Positives: 112672
  True Negatives:  10452
  False Negatives: 2480
  Accuracy:  0.2384
  Precision: 0.1851
  Recall:    0.9117

  --- Ground Truth Comparison (Females) ---
  True Positives:  12131
  False Positives: 107281
  True Negatives:  9881
  False Negatives: 1107
  Accuracy:  0.1688
  Precision: 0.1016
  Recall:    0.9164

  --- Profit ---
  Cumulative Profit: $403622.71k

[7] Saving Results...
  Saved episode metrics to ./static_sequential_results/test_episode_metrics_rawlsian_maximin_approval_rate_seed3_20260122_175939.csv

================================================================================
Finished: 2026-01-22T17:59:40.046833
Exit code: 0
Test Exit code: 0
