Job: rawlsian_maximin_wealth_seed3
Command: uv run python -u adult_income_training.py --seed 3 --single --reward rawlsian_maximin --constraint wealth --episodes 200 --weights-dir ./static_sequential_results
Started: 2026-01-22T19:17:03.156012
================================================================================

================================================================================
SINGLE REWARD FUNCTION EXPERIMENT
  Reward: RAWLSIAN_MAXIMIN
  Constraint: WEALTH
  Seed: 3
================================================================================

CUDA Available: NVIDIA GeForce RTX 2080 Ti

[STEP 1] Loading Adult Income Data...
Downloading Adult Income dataset...
  Trying UCI Repository...
  ✓ Downloaded 20,000 records from UCI repository
Preprocessing Adult Income data...

  Deriving creditworthiness using income prediction model...

Male applicants: 13519
Female applicants: 6481
Male high-income rate: 0.312
Female high-income rate: 0.116

[STEP 2] Learning θ Parameters...

[STEP 3] Creating Environment...

[STEP 4] Training Agent...
  Using device: cuda
Training with rawlsian_maximin (wealth constraint)...
  Episode 0: Reward=114464.997, Avg=114464.997, λ_w=2.0201, ρ=1.172, R_M=0.0072, R_F=0.0062
  Episode 20: Reward=129935.170, Avg=120709.598, λ_w=2.4674, ρ=1.284, R_M=0.0004, R_F=0.0003
  Episode 40: Reward=162195.988, Avg=148836.309, λ_w=3.0136, ρ=1.247, R_M=0.0002, R_F=0.0001
  Episode 60: Reward=196002.796, Avg=177408.155, λ_w=3.6809, ρ=1.519, R_M=0.0001, R_F=0.0001
  Episode 80: Reward=240919.329, Avg=220618.146, λ_w=4.4958, ρ=1.167, R_M=0.0001, R_F=0.0001
  Episode 100: Reward=301826.574, Avg=267641.678, λ_w=5.4912, ρ=1.152, R_M=0.0001, R_F=0.0001
  Episode 120: Reward=357019.225, Avg=324992.143, λ_w=6.7070, ρ=1.198, R_M=0.0001, R_F=0.0001
  Episode 140: Reward=430663.648, Avg=398718.255, λ_w=8.1919, ρ=1.325, R_M=0.0001, R_F=0.0000
  Episode 160: Reward=527714.984, Avg=493115.785, λ_w=10.0056, ρ=1.212, R_M=0.0001, R_F=0.0000
  Episode 180: Reward=624829.682, Avg=593676.424, λ_w=12.2209, ρ=1.312, R_M=0.0000, R_F=0.0000

[STEP 5] Running Test Episode...

============================================================
TRAINING COMPLETE: rawlsian_maximin (wealth)
============================================================
  Initial wealth gap: $12.525k
  Final wealth gap: $12.849k
  Approval disparity: 0.0073
  Total profit: $641.149k
  Final λ_wealth: 14.7781

  --- Episode-Level Metrics (Training) ---
  ρ (inequality ratio): mean=1.2526, std=0.1586
  R_M (male welfare):   final=0.000038
  R_F (female welfare): final=0.000029
  R_M / R_F:            1.2780

[STEP 6] Saving Model Weights...
  Model saved to ./static_sequential_results/rawlsian_maximin_wealth_seed3.pt
  Saved to: ./static_sequential_results/rawlsian_maximin_wealth_seed3.pt
================================================================================
TESTING TRAINED AGENT (EPISODE-WISE METRICS)
================================================================================
  Model: ./static_sequential_results/rawlsian_maximin_wealth_seed3.pt
  Episodes: 100
  Continuous play: YES (no wealth reset between episodes)
  Credit threshold for ground truth: 0.5
  Checkpoint directory: ./checkpoints
  Resume from checkpoint: True
================================================================================

[1] Loading Data...
Downloading Adult Income dataset...
Preprocessing Adult Income data...

  Deriving creditworthiness (ground truth) using income prediction model...

Male applicants: 13519
Female applicants: 6481
Male ground truth approval rate: 0.180
Female ground truth approval rate: 0.087
Loading model from ./static_sequential_results/rawlsian_maximin_wealth_seed3.pt...
  ✓ Model loaded successfully
    Reward function: rawlsian_maximin
    Constraint type: wealth

[5] Running 100 Episodes (Episodes 1 to 100)...

  Starting Episode 1 (ALL state preserved - continuous play)

  Episode 10/100 Complete:
    Timesteps this episode: 199
    Total time elapsed: 995.0
    μ_M: $69.00k, μ_F: $55.08k
    Wealth Gap: $13.92k
    Episode Approval Rate M: 0.4941
    Episode Approval Rate F: 0.4954
    Episode Profit: $2586.56k
    Cumulative Profit: $9068.36k

  Starting Episode 11 (ALL state preserved - continuous play)

  Episode 20/100 Complete:
    Timesteps this episode: 199
    Total time elapsed: 1990.0
    μ_M: $78.92k, μ_F: $62.16k
    Wealth Gap: $16.76k
    Episode Approval Rate M: 0.4856
    Episode Approval Rate F: 0.4868
    Episode Profit: $2806.06k
    Cumulative Profit: $18129.21k

  Starting Episode 21 (ALL state preserved - continuous play)

  Episode 30/100 Complete:
    Timesteps this episode: 199
    Total time elapsed: 2985.0
    μ_M: $89.20k, μ_F: $70.06k
    Wealth Gap: $19.14k
    Episode Approval Rate M: 0.4736
    Episode Approval Rate F: 0.4696
    Episode Profit: $2915.85k
    Cumulative Profit: $29445.83k

  Starting Episode 31 (ALL state preserved - continuous play)

  Episode 40/100 Complete:
    Timesteps this episode: 199
    Total time elapsed: 3980.0
    μ_M: $100.86k, μ_F: $78.46k
    Wealth Gap: $22.40k
    Episode Approval Rate M: 0.4941
    Episode Approval Rate F: 0.4508
    Episode Profit: $3148.09k
    Cumulative Profit: $41763.31k

  Starting Episode 41 (ALL state preserved - continuous play)

  Episode 50/100 Complete:
    Timesteps this episode: 199
    Total time elapsed: 4975.0
    μ_M: $113.85k, μ_F: $88.15k
    Wealth Gap: $25.69k
    Episode Approval Rate M: 0.4724
    Episode Approval Rate F: 0.4882
    Episode Profit: $3541.80k
    Cumulative Profit: $53804.09k

  Starting Episode 51 (ALL state preserved - continuous play)

  Episode 60/100 Complete:
    Timesteps this episode: 199
    Total time elapsed: 5970.0
    μ_M: $128.04k, μ_F: $98.71k
    Wealth Gap: $29.33k
    Episode Approval Rate M: 0.4688
    Episode Approval Rate F: 0.4818
    Episode Profit: $3851.83k
    Cumulative Profit: $69682.66k

  Starting Episode 61 (ALL state preserved - continuous play)

  Episode 70/100 Complete:
    Timesteps this episode: 199
    Total time elapsed: 6965.0
    μ_M: $144.15k, μ_F: $110.35k
    Wealth Gap: $33.80k
    Episode Approval Rate M: 0.4700
    Episode Approval Rate F: 0.4572
    Episode Profit: $4464.38k
    Cumulative Profit: $84774.54k

  Starting Episode 71 (ALL state preserved - continuous play)

  Episode 80/100 Complete:
    Timesteps this episode: 199
    Total time elapsed: 7960.0
    μ_M: $161.71k, μ_F: $123.70k
    Wealth Gap: $38.01k
    Episode Approval Rate M: 0.4699
    Episode Approval Rate F: 0.4677
    Episode Profit: $4975.56k
    Cumulative Profit: $101242.49k

  Starting Episode 81 (ALL state preserved - continuous play)

  Episode 90/100 Complete:
    Timesteps this episode: 199
    Total time elapsed: 8955.0
    μ_M: $181.30k, μ_F: $137.53k
    Wealth Gap: $43.77k
    Episode Approval Rate M: 0.4554
    Episode Approval Rate F: 0.4412
    Episode Profit: $5045.82k
    Cumulative Profit: $118967.69k

  Starting Episode 91 (ALL state preserved - continuous play)

  Episode 100/100 Complete:
    Timesteps this episode: 199
    Total time elapsed: 9950.0
    μ_M: $202.11k, μ_F: $153.25k
    Wealth Gap: $48.86k
    Episode Approval Rate M: 0.4606
    Episode Approval Rate F: 0.4338
    Episode Profit: $5538.98k
    Cumulative Profit: $138388.87k

[6] Computing Final Metrics...

================================================================================
FINAL TESTING RESULTS
================================================================================

  Model: rawlsian_maximin (wealth)
  Episodes: 100
  Total Time: 9950.0
  Hawkes Events (M/F): 50688/37719

  --- Wealth Metrics ---
  Initial μ_M,0: $60.82k
  Initial μ_F,0: $48.29k
  Final μ_M: $202.11k
  Final μ_F: $153.25k
  Final Wealth Gap: $48.86k

  --- Long-term Social Welfare R_g(t) = (μ_g,t - μ_g,0) / t ---
  R_M (Male):   0.014201 ($1000s per time unit)
  R_F (Female): 0.010549 ($1000s per time unit)
  R_total:      0.012375 ($1000s per time unit)
  R_M / R_F:    1.3462

  --- Inequality Ratio ρ = Δμ_M / Δμ_F (per episode) ---
  Mean ρ:   1.3493
  Std ρ:    0.1348
  Min ρ:    0.9849
  Max ρ:    1.6862
  Last 5 episodes: ['1.385', '1.302', '1.363', '1.335', '1.330']

  --- Approval Metrics ---
  Total Applications M: 107285
  Total Applications F: 79931
  Total Loans Approved M: 50688
  Total Loans Approved F: 37719
  Final Approval Rate M: 0.4725
  Final Approval Rate F: 0.4719

  --- Success Probabilities ---
  Total Defaults M: 4348
  Total Defaults F: 3258
  Final Success Prob M: 0.9142
  Final Success Prob F: 0.9136

  --- Ground Truth Comparison (Males) ---
  True Positives:  10055
  False Positives: 40633
  True Negatives:  45411
  False Negatives: 11186
  Accuracy:  0.5170
  Precision: 0.1984
  Recall:    0.4734

  --- Ground Truth Comparison (Females) ---
  True Positives:  4186
  False Positives: 33533
  True Negatives:  37561
  False Negatives: 4651
  Accuracy:  0.5223
  Precision: 0.1110
  Recall:    0.4737

  --- Profit ---
  Cumulative Profit: $138388.87k

[7] Saving Results...
  Saved episode metrics to ./static_sequential_results/test_episode_metrics_rawlsian_maximin_wealth_seed3_20260122_193500.csv

================================================================================
Finished: 2026-01-22T19:35:01.809891
Exit code: 0
Test Exit code: 0
