Job: rawlsian_maximin_approval_rate_seed1
Command: uv run python -u adult_income_training.py --seed 1 --single --reward rawlsian_maximin --constraint approval_rate --episodes 200 --weights-dir ./static_sequential_results
Started: 2026-01-22T15:56:11.071721
================================================================================

================================================================================
SINGLE REWARD FUNCTION EXPERIMENT
  Reward: RAWLSIAN_MAXIMIN
  Constraint: APPROVAL_RATE
  Seed: 1
================================================================================

CUDA Available: NVIDIA GeForce RTX 2080 Ti

[STEP 1] Loading Adult Income Data...
Downloading Adult Income dataset...
  Trying UCI Repository...
  ✓ Downloaded 20,000 records from UCI repository
Preprocessing Adult Income data...

  Deriving creditworthiness using income prediction model...

Male applicants: 13519
Female applicants: 6481
Male high-income rate: 0.312
Female high-income rate: 0.116

[STEP 2] Learning θ Parameters...

[STEP 3] Creating Environment...

[STEP 4] Training Agent...
  Using device: cuda
Training with rawlsian_maximin (approval_rate constraint)...
  Episode 0: Reward=1768.807, Avg=1768.807, λ_a=2.0201, ρ=1.076, R_M=0.0067, R_F=0.0063
  Episode 20: Reward=3260.850, Avg=2622.589, λ_a=2.3886, ρ=1.121, R_M=0.0005, R_F=0.0005
  Episode 40: Reward=3707.541, Avg=3395.741, λ_a=2.8264, ρ=1.205, R_M=0.0003, R_F=0.0003
  Episode 60: Reward=4413.770, Avg=4080.215, λ_a=3.3155, ρ=1.247, R_M=0.0002, R_F=0.0002
  Episode 80: Reward=5056.949, Avg=4700.755, λ_a=4.0127, ρ=1.300, R_M=0.0002, R_F=0.0001
  Episode 100: Reward=6284.216, Avg=5971.124, λ_a=4.7815, ρ=1.303, R_M=0.0002, R_F=0.0001
  Episode 120: Reward=7978.136, Avg=7074.496, λ_a=5.8597, ρ=1.368, R_M=0.0001, R_F=0.0001
  Episode 140: Reward=8889.765, Avg=8192.771, λ_a=7.2081, ρ=1.171, R_M=0.0001, R_F=0.0001
  Episode 160: Reward=10517.125, Avg=9741.351, λ_a=8.9245, ρ=1.289, R_M=0.0001, R_F=0.0001
  Episode 180: Reward=12503.890, Avg=11368.253, λ_a=11.6770, ρ=1.334, R_M=0.0001, R_F=0.0001

[STEP 5] Running Test Episode...

============================================================
TRAINING COMPLETE: rawlsian_maximin (approval_rate)
============================================================
  Initial wealth gap: $12.525k
  Final wealth gap: $12.755k
  Approval disparity: 0.0206
  Total profit: $2060.262k
  Final λ_approval: 15.5828

  --- Episode-Level Metrics (Training) ---
  ρ (inequality ratio): mean=1.2676, std=0.1230
  R_M (male welfare):   final=0.000075
  R_F (female welfare): final=0.000069
  R_M / R_F:            1.0767

[STEP 6] Saving Model Weights...
  Model saved to ./static_sequential_results/rawlsian_maximin_approval_rate_seed1.pt
  Saved to: ./static_sequential_results/rawlsian_maximin_approval_rate_seed1.pt
================================================================================
TESTING TRAINED AGENT (EPISODE-WISE METRICS)
================================================================================
  Model: ./static_sequential_results/rawlsian_maximin_approval_rate_seed1.pt
  Episodes: 100
  Continuous play: YES (no wealth reset between episodes)
  Credit threshold for ground truth: 0.5
  Checkpoint directory: ./checkpoints
  Resume from checkpoint: True
================================================================================

[1] Loading Data...
Downloading Adult Income dataset...
Preprocessing Adult Income data...

  Deriving creditworthiness (ground truth) using income prediction model...

Male applicants: 13519
Female applicants: 6481
Male ground truth approval rate: 0.180
Female ground truth approval rate: 0.087
Loading model from ./static_sequential_results/rawlsian_maximin_approval_rate_seed1.pt...
  ✓ Model loaded successfully
    Reward function: rawlsian_maximin
    Constraint type: approval_rate

[5] Running 100 Episodes (Episodes 1 to 100)...

  Starting Episode 1 (ALL state preserved - continuous play)

  Episode 10/100 Complete:
    Timesteps this episode: 199
    Total time elapsed: 995.0
    μ_M: $77.06k, μ_F: $61.43k
    Wealth Gap: $15.63k
    Episode Approval Rate M: 0.8689
    Episode Approval Rate F: 0.8917
    Episode Profit: $5127.05k
    Cumulative Profit: $18902.28k

  Starting Episode 11 (ALL state preserved - continuous play)

  Episode 20/100 Complete:
    Timesteps this episode: 199
    Total time elapsed: 1990.0
    μ_M: $97.31k, μ_F: $77.02k
    Wealth Gap: $20.29k
    Episode Approval Rate M: 0.8857
    Episode Approval Rate F: 0.8775
    Episode Profit: $5890.88k
    Cumulative Profit: $39240.19k

  Starting Episode 21 (ALL state preserved - continuous play)

  Episode 30/100 Complete:
    Timesteps this episode: 199
    Total time elapsed: 2985.0
    μ_M: $122.75k, μ_F: $95.75k
    Wealth Gap: $27.00k
    Episode Approval Rate M: 0.8778
    Episode Approval Rate F: 0.8967
    Episode Profit: $7492.39k
    Cumulative Profit: $64674.66k

  Starting Episode 31 (ALL state preserved - continuous play)

  Episode 40/100 Complete:
    Timesteps this episode: 199
    Total time elapsed: 3980.0
    μ_M: $153.39k, μ_F: $118.07k
    Wealth Gap: $35.32k
    Episode Approval Rate M: 0.8830
    Episode Approval Rate F: 0.8732
    Episode Profit: $8836.27k
    Cumulative Profit: $95964.37k

  Starting Episode 41 (ALL state preserved - continuous play)

  Episode 50/100 Complete:
    Timesteps this episode: 199
    Total time elapsed: 4975.0
    μ_M: $190.31k, μ_F: $145.39k
    Wealth Gap: $44.93k
    Episode Approval Rate M: 0.8939
    Episode Approval Rate F: 0.9077
    Episode Profit: $10877.88k
    Cumulative Profit: $135472.13k

  Starting Episode 51 (ALL state preserved - continuous play)

  Episode 60/100 Complete:
    Timesteps this episode: 199
    Total time elapsed: 5970.0
    μ_M: $232.27k, μ_F: $179.50k
    Wealth Gap: $52.77k
    Episode Approval Rate M: 0.8930
    Episode Approval Rate F: 0.8921
    Episode Profit: $12577.88k
    Cumulative Profit: $179291.30k

  Starting Episode 61 (ALL state preserved - continuous play)

  Episode 70/100 Complete:
    Timesteps this episode: 199
    Total time elapsed: 6965.0
    μ_M: $277.04k, μ_F: $219.66k
    Wealth Gap: $57.38k
    Episode Approval Rate M: 0.8809
    Episode Approval Rate F: 0.8901
    Episode Profit: $13793.62k
    Cumulative Profit: $230966.51k

  Starting Episode 71 (ALL state preserved - continuous play)

  Episode 80/100 Complete:
    Timesteps this episode: 199
    Total time elapsed: 7960.0
    μ_M: $323.24k, μ_F: $263.89k
    Wealth Gap: $59.35k
    Episode Approval Rate M: 0.8656
    Episode Approval Rate F: 0.8717
    Episode Profit: $13866.86k
    Cumulative Profit: $283156.15k

  Starting Episode 81 (ALL state preserved - continuous play)

  Episode 90/100 Complete:
    Timesteps this episode: 199
    Total time elapsed: 8955.0
    μ_M: $370.71k, μ_F: $311.21k
    Wealth Gap: $59.51k
    Episode Approval Rate M: 0.8759
    Episode Approval Rate F: 0.8896
    Episode Profit: $14574.57k
    Cumulative Profit: $336644.52k

  Starting Episode 91 (ALL state preserved - continuous play)

  Episode 100/100 Complete:
    Timesteps this episode: 199
    Total time elapsed: 9950.0
    μ_M: $418.42k, μ_F: $359.29k
    Wealth Gap: $59.13k
    Episode Approval Rate M: 0.8709
    Episode Approval Rate F: 0.8774
    Episode Profit: $14772.96k
    Cumulative Profit: $390359.62k

[6] Computing Final Metrics...

================================================================================
FINAL TESTING RESULTS
================================================================================

  Model: rawlsian_maximin (approval_rate)
  Episodes: 100
  Total Time: 9950.0
  Hawkes Events (M/F): 130980/112658

  --- Wealth Metrics ---
  Initial μ_M,0: $60.82k
  Initial μ_F,0: $48.29k
  Final μ_M: $418.42k
  Final μ_F: $359.29k
  Final Wealth Gap: $59.13k

  --- Long-term Social Welfare R_g(t) = (μ_g,t - μ_g,0) / t ---
  R_M (Male):   0.035940 ($1000s per time unit)
  R_F (Female): 0.031256 ($1000s per time unit)
  R_total:      0.033598 ($1000s per time unit)
  R_M / R_F:    1.1499

  --- Inequality Ratio ρ = Δμ_M / Δμ_F (per episode) ---
  Mean ρ:   1.2016
  Std ρ:    0.1561
  Min ρ:    0.9331
  Max ρ:    1.5824
  Last 5 episodes: ['0.956', '0.997', '0.954', '1.006', '1.007']

  --- Approval Metrics ---
  Total Applications M: 148875
  Total Applications F: 127522
  Total Loans Approved M: 130980
  Total Loans Approved F: 112658
  Final Approval Rate M: 0.8798
  Final Approval Rate F: 0.8834

  --- Success Probabilities ---
  Total Defaults M: 11172
  Total Defaults F: 9478
  Final Success Prob M: 0.9147
  Final Success Prob F: 0.9159

  --- Ground Truth Comparison (Males) ---
  True Positives:  24331
  False Positives: 106649
  True Negatives:  14495
  False Negatives: 3400
  Accuracy:  0.2608
  Precision: 0.1858
  Recall:    0.8774

  --- Ground Truth Comparison (Females) ---
  True Positives:  11361
  False Positives: 101297
  True Negatives:  13353
  False Negatives: 1511
  Accuracy:  0.1938
  Precision: 0.1008
  Recall:    0.8826

  --- Profit ---
  Cumulative Profit: $390359.62k

[7] Saving Results...
  Saved episode metrics to ./static_sequential_results/test_episode_metrics_rawlsian_maximin_approval_rate_seed1_20260122_163900.csv

================================================================================
Finished: 2026-01-22T16:39:01.095534
Exit code: 0
Test Exit code: 0
