Job: rawlsian_maximin_wealth_seed1
Command: uv run python -u adult_income_training.py --seed 1 --single --reward rawlsian_maximin --constraint wealth --episodes 200 --weights-dir ./static_sequential_results
Started: 2026-01-22T17:59:40.048681
================================================================================

================================================================================
SINGLE REWARD FUNCTION EXPERIMENT
  Reward: RAWLSIAN_MAXIMIN
  Constraint: WEALTH
  Seed: 1
================================================================================

CUDA Available: NVIDIA GeForce RTX 2080 Ti

[STEP 1] Loading Adult Income Data...
Downloading Adult Income dataset...
  Trying UCI Repository...
  ✓ Downloaded 20,000 records from UCI repository
Preprocessing Adult Income data...

  Deriving creditworthiness using income prediction model...

Male applicants: 13519
Female applicants: 6481
Male high-income rate: 0.312
Female high-income rate: 0.116

[STEP 2] Learning θ Parameters...

[STEP 3] Creating Environment...

[STEP 4] Training Agent...
  Using device: cuda
Training with rawlsian_maximin (wealth constraint)...
  Episode 0: Reward=106591.351, Avg=106591.351, λ_w=2.0201, ρ=1.076, R_M=0.0067, R_F=0.0063
  Episode 20: Reward=128798.429, Avg=122100.169, λ_w=2.4674, ρ=1.058, R_M=0.0004, R_F=0.0004
  Episode 40: Reward=153250.630, Avg=145989.829, λ_w=3.0136, ρ=1.251, R_M=0.0002, R_F=0.0001
  Episode 60: Reward=205066.576, Avg=177465.718, λ_w=3.6809, ρ=1.171, R_M=0.0001, R_F=0.0001
  Episode 80: Reward=219983.514, Avg=214441.059, λ_w=4.4958, ρ=1.224, R_M=0.0000, R_F=0.0000
  Episode 100: Reward=277041.326, Avg=257906.238, λ_w=5.4912, ρ=1.107, R_M=0.0000, R_F=0.0000
  Episode 120: Reward=357187.700, Avg=316888.771, λ_w=6.7070, ρ=1.327, R_M=0.0000, R_F=0.0000
  Episode 140: Reward=425708.249, Avg=395184.363, λ_w=8.1919, ρ=1.249, R_M=0.0001, R_F=0.0001
  Episode 160: Reward=562764.552, Avg=493142.676, λ_w=10.0056, ρ=1.193, R_M=0.0001, R_F=0.0001
  Episode 180: Reward=667611.327, Avg=616128.589, λ_w=12.2209, ρ=1.252, R_M=0.0001, R_F=0.0001

[STEP 5] Running Test Episode...

============================================================
TRAINING COMPLETE: rawlsian_maximin (wealth)
============================================================
  Initial wealth gap: $12.525k
  Final wealth gap: $12.916k
  Approval disparity: -0.0148
  Total profit: $1473.806k
  Final λ_wealth: 14.7781

  --- Episode-Level Metrics (Training) ---
  ρ (inequality ratio): mean=1.2500, std=0.1665
  R_M (male welfare):   final=0.000078
  R_F (female welfare): final=0.000061
  R_M / R_F:            1.2718

[STEP 6] Saving Model Weights...
  Model saved to ./static_sequential_results/rawlsian_maximin_wealth_seed1.pt
  Saved to: ./static_sequential_results/rawlsian_maximin_wealth_seed1.pt
================================================================================
TESTING TRAINED AGENT (EPISODE-WISE METRICS)
================================================================================
  Model: ./static_sequential_results/rawlsian_maximin_wealth_seed1.pt
  Episodes: 100
  Continuous play: YES (no wealth reset between episodes)
  Credit threshold for ground truth: 0.5
  Checkpoint directory: ./checkpoints
  Resume from checkpoint: True
================================================================================

[1] Loading Data...
Downloading Adult Income dataset...
Preprocessing Adult Income data...

  Deriving creditworthiness (ground truth) using income prediction model...

Male applicants: 13519
Female applicants: 6481
Male ground truth approval rate: 0.180
Female ground truth approval rate: 0.087
Loading model from ./static_sequential_results/rawlsian_maximin_wealth_seed1.pt...
  ✓ Model loaded successfully
    Reward function: rawlsian_maximin
    Constraint type: wealth

[5] Running 100 Episodes (Episodes 1 to 100)...

  Starting Episode 1 (ALL state preserved - continuous play)

  Episode 10/100 Complete:
    Timesteps this episode: 199
    Total time elapsed: 995.0
    μ_M: $76.66k, μ_F: $60.48k
    Wealth Gap: $16.17k
    Episode Approval Rate M: 0.8124
    Episode Approval Rate F: 0.8514
    Episode Profit: $4675.26k
    Cumulative Profit: $15083.66k

  Starting Episode 11 (ALL state preserved - continuous play)

  Episode 20/100 Complete:
    Timesteps this episode: 199
    Total time elapsed: 1990.0
    μ_M: $95.63k, μ_F: $74.85k
    Wealth Gap: $20.78k
    Episode Approval Rate M: 0.8404
    Episode Approval Rate F: 0.8262
    Episode Profit: $5298.62k
    Cumulative Profit: $34072.02k

  Starting Episode 21 (ALL state preserved - continuous play)

  Episode 30/100 Complete:
    Timesteps this episode: 199
    Total time elapsed: 2985.0
    μ_M: $118.75k, μ_F: $91.77k
    Wealth Gap: $26.98k
    Episode Approval Rate M: 0.8379
    Episode Approval Rate F: 0.8038
    Episode Profit: $6897.37k
    Cumulative Profit: $59019.10k

  Starting Episode 31 (ALL state preserved - continuous play)

  Episode 40/100 Complete:
    Timesteps this episode: 199
    Total time elapsed: 3980.0
    μ_M: $146.57k, μ_F: $111.93k
    Wealth Gap: $34.64k
    Episode Approval Rate M: 0.8332
    Episode Approval Rate F: 0.8342
    Episode Profit: $8132.11k
    Cumulative Profit: $87443.51k

  Starting Episode 41 (ALL state preserved - continuous play)

  Episode 50/100 Complete:
    Timesteps this episode: 199
    Total time elapsed: 4975.0
    μ_M: $179.97k, μ_F: $137.31k
    Wealth Gap: $42.67k
    Episode Approval Rate M: 0.8320
    Episode Approval Rate F: 0.8540
    Episode Profit: $9641.65k
    Cumulative Profit: $120910.18k

  Starting Episode 51 (ALL state preserved - continuous play)

  Episode 60/100 Complete:
    Timesteps this episode: 199
    Total time elapsed: 5970.0
    μ_M: $217.84k, μ_F: $167.36k
    Wealth Gap: $50.48k
    Episode Approval Rate M: 0.8282
    Episode Approval Rate F: 0.8281
    Episode Profit: $11378.87k
    Cumulative Profit: $163035.22k

  Starting Episode 61 (ALL state preserved - continuous play)

  Episode 70/100 Complete:
    Timesteps this episode: 199
    Total time elapsed: 6965.0
    μ_M: $260.19k, μ_F: $202.91k
    Wealth Gap: $57.27k
    Episode Approval Rate M: 0.8409
    Episode Approval Rate F: 0.8337
    Episode Profit: $12426.75k
    Cumulative Profit: $208150.57k

  Starting Episode 71 (ALL state preserved - continuous play)

  Episode 80/100 Complete:
    Timesteps this episode: 199
    Total time elapsed: 7960.0
    μ_M: $303.63k, μ_F: $243.19k
    Wealth Gap: $60.44k
    Episode Approval Rate M: 0.8337
    Episode Approval Rate F: 0.8343
    Episode Profit: $13189.65k
    Cumulative Profit: $258816.14k

  Starting Episode 81 (ALL state preserved - continuous play)

  Episode 90/100 Complete:
    Timesteps this episode: 199
    Total time elapsed: 8955.0
    μ_M: $348.10k, μ_F: $287.75k
    Wealth Gap: $60.36k
    Episode Approval Rate M: 0.8408
    Episode Approval Rate F: 0.8457
    Episode Profit: $13651.42k
    Cumulative Profit: $308108.17k

  Starting Episode 91 (ALL state preserved - continuous play)

  Episode 100/100 Complete:
    Timesteps this episode: 199
    Total time elapsed: 9950.0
    μ_M: $392.59k, μ_F: $332.52k
    Wealth Gap: $60.07k
    Episode Approval Rate M: 0.8404
    Episode Approval Rate F: 0.8486
    Episode Profit: $14029.07k
    Cumulative Profit: $364978.12k

[6] Computing Final Metrics...

================================================================================
FINAL TESTING RESULTS
================================================================================

  Model: rawlsian_maximin (wealth)
  Episodes: 100
  Total Time: 9950.0
  Hawkes Events (M/F): 121834/102550

  --- Wealth Metrics ---
  Initial μ_M,0: $60.82k
  Initial μ_F,0: $48.29k
  Final μ_M: $392.59k
  Final μ_F: $332.52k
  Final Wealth Gap: $60.07k

  --- Long-term Social Welfare R_g(t) = (μ_g,t - μ_g,0) / t ---
  R_M (Male):   0.033344 ($1000s per time unit)
  R_F (Female): 0.028566 ($1000s per time unit)
  R_total:      0.030955 ($1000s per time unit)
  R_M / R_F:    1.1673

  --- Inequality Ratio ρ = Δμ_M / Δμ_F (per episode) ---
  Mean ρ:   1.2234
  Std ρ:    0.1646
  Min ρ:    0.9214
  Max ρ:    1.6057
  Last 5 episodes: ['0.982', '1.026', '1.031', '0.921', '0.979']

  --- Approval Metrics ---
  Total Applications M: 145993
  Total Applications F: 122717
  Total Loans Approved M: 121834
  Total Loans Approved F: 102550
  Final Approval Rate M: 0.8345
  Final Approval Rate F: 0.8357

  --- Success Probabilities ---
  Total Defaults M: 10208
  Total Defaults F: 8714
  Final Success Prob M: 0.9162
  Final Success Prob F: 0.9150

  --- Ground Truth Comparison (Males) ---
  True Positives:  22787
  False Positives: 99047
  True Negatives:  19541
  False Negatives: 4618
  Accuracy:  0.2899
  Precision: 0.1870
  Recall:    0.8315

  --- Ground Truth Comparison (Females) ---
  True Positives:  10424
  False Positives: 92126
  True Negatives:  18112
  False Negatives: 2055
  Accuracy:  0.2325
  Precision: 0.1016
  Recall:    0.8353

  --- Profit ---
  Cumulative Profit: $364978.12k

[7] Saving Results...
  Saved episode metrics to ./static_sequential_results/test_episode_metrics_rawlsian_maximin_wealth_seed1_20260122_183634.csv

================================================================================
Finished: 2026-01-22T18:36:35.483442
Exit code: 0
Test Exit code: 0
