Job: rawlsian_maximin_both_seed3
Command: uv run python -u adult_income_training.py --seed 3 --single --reward rawlsian_maximin --constraint both --episodes 200 --weights-dir ./static_sequential_results
Started: 2026-01-22T20:35:35.034351
================================================================================

================================================================================
SINGLE REWARD FUNCTION EXPERIMENT
  Reward: RAWLSIAN_MAXIMIN
  Constraint: BOTH
  Seed: 3
================================================================================

CUDA Available: NVIDIA GeForce RTX 2080 Ti

[STEP 1] Loading Adult Income Data...
Downloading Adult Income dataset...
  Trying UCI Repository...
  ✓ Downloaded 20,000 records from UCI repository
Preprocessing Adult Income data...

  Deriving creditworthiness using income prediction model...

Male applicants: 13519
Female applicants: 6481
Male high-income rate: 0.312
Female high-income rate: 0.116

[STEP 2] Learning θ Parameters...

[STEP 3] Creating Environment...

[STEP 4] Training Agent...
  Using device: cuda
Training with rawlsian_maximin (both constraint)...
  Episode 0: Reward=115467.873, Avg=115467.873, λ_w=2.0201, λ_a=2.0201, ρ=1.172
  Episode 20: Reward=131090.572, Avg=121816.133, λ_w=2.4674, λ_a=2.3718, ρ=1.284
  Episode 40: Reward=163643.504, Avg=150352.000, λ_w=3.0136, λ_a=2.7285, ρ=1.002
  Episode 60: Reward=196581.845, Avg=177017.964, λ_w=3.6809, λ_a=3.1932, ρ=1.413
  Episode 80: Reward=239874.732, Avg=219246.770, λ_w=4.4958, λ_a=3.8015, ρ=1.182
  Episode 100: Reward=301665.129, Avg=269986.328, λ_w=5.4912, λ_a=4.4209, ρ=0.894
  Episode 120: Reward=361817.422, Avg=326819.252, λ_w=6.7070, λ_a=5.1262, ρ=1.303
  Episode 140: Reward=429712.376, Avg=403035.044, λ_w=8.1919, λ_a=5.7870, ρ=1.439
  Episode 160: Reward=528972.365, Avg=495993.836, λ_w=10.0056, λ_a=6.5583, ρ=1.080
  Episode 180: Reward=625899.801, Avg=594748.549, λ_w=12.2209, λ_a=7.4347, ρ=1.330

[STEP 5] Running Test Episode...

============================================================
TRAINING COMPLETE: rawlsian_maximin (both)
============================================================
  Initial wealth gap: $12.525k
  Final wealth gap: $12.812k
  Approval disparity: 0.0487
  Total profit: $1282.208k
  Final λ_wealth: 14.7781
  Final λ_approval: 8.1753

  --- Episode-Level Metrics (Training) ---
  ρ (inequality ratio): mean=1.2831, std=0.1551
  R_M (male welfare):   final=0.000058
  R_F (female welfare): final=0.000045
  R_M / R_F:            1.2907

[STEP 6] Saving Model Weights...
  Model saved to ./static_sequential_results/rawlsian_maximin_both_seed3.pt
  Saved to: ./static_sequential_results/rawlsian_maximin_both_seed3.pt
================================================================================
TESTING TRAINED AGENT (EPISODE-WISE METRICS)
================================================================================
  Model: ./static_sequential_results/rawlsian_maximin_both_seed3.pt
  Episodes: 100
  Continuous play: YES (no wealth reset between episodes)
  Credit threshold for ground truth: 0.5
  Checkpoint directory: ./checkpoints
  Resume from checkpoint: True
================================================================================

[1] Loading Data...
Downloading Adult Income dataset...
Preprocessing Adult Income data...

  Deriving creditworthiness (ground truth) using income prediction model...

Male applicants: 13519
Female applicants: 6481
Male ground truth approval rate: 0.180
Female ground truth approval rate: 0.087
Loading model from ./static_sequential_results/rawlsian_maximin_both_seed3.pt...
  ✓ Model loaded successfully
    Reward function: rawlsian_maximin
    Constraint type: both

[5] Running 100 Episodes (Episodes 1 to 100)...

  Starting Episode 1 (ALL state preserved - continuous play)

  Episode 10/100 Complete:
    Timesteps this episode: 199
    Total time elapsed: 995.0
    μ_M: $74.52k, μ_F: $58.50k
    Wealth Gap: $16.01k
    Episode Approval Rate M: 0.7211
    Episode Approval Rate F: 0.7238
    Episode Profit: $3805.47k
    Cumulative Profit: $12174.19k

  Starting Episode 11 (ALL state preserved - continuous play)

  Episode 20/100 Complete:
    Timesteps this episode: 199
    Total time elapsed: 1990.0
    μ_M: $90.45k, μ_F: $70.48k
    Wealth Gap: $19.96k
    Episode Approval Rate M: 0.7396
    Episode Approval Rate F: 0.7018
    Episode Profit: $4848.56k
    Cumulative Profit: $29582.59k

  Starting Episode 21 (ALL state preserved - continuous play)

  Episode 30/100 Complete:
    Timesteps this episode: 199
    Total time elapsed: 2985.0
    μ_M: $109.17k, μ_F: $84.53k
    Wealth Gap: $24.64k
    Episode Approval Rate M: 0.7317
    Episode Approval Rate F: 0.7363
    Episode Profit: $5432.98k
    Cumulative Profit: $47968.74k

  Starting Episode 31 (ALL state preserved - continuous play)

  Episode 40/100 Complete:
    Timesteps this episode: 199
    Total time elapsed: 3980.0
    μ_M: $131.94k, μ_F: $100.66k
    Wealth Gap: $31.28k
    Episode Approval Rate M: 0.7199
    Episode Approval Rate F: 0.7393
    Episode Profit: $6522.52k
    Cumulative Profit: $71498.21k

  Starting Episode 41 (ALL state preserved - continuous play)

  Episode 50/100 Complete:
    Timesteps this episode: 199
    Total time elapsed: 4975.0
    μ_M: $158.71k, μ_F: $120.04k
    Wealth Gap: $38.67k
    Episode Approval Rate M: 0.7523
    Episode Approval Rate F: 0.7463
    Episode Profit: $7666.93k
    Cumulative Profit: $97285.79k

  Starting Episode 51 (ALL state preserved - continuous play)

  Episode 60/100 Complete:
    Timesteps this episode: 199
    Total time elapsed: 5970.0
    μ_M: $189.97k, μ_F: $143.58k
    Wealth Gap: $46.39k
    Episode Approval Rate M: 0.7650
    Episode Approval Rate F: 0.7703
    Episode Profit: $9019.71k
    Cumulative Profit: $130449.48k

  Starting Episode 61 (ALL state preserved - continuous play)

  Episode 70/100 Complete:
    Timesteps this episode: 199
    Total time elapsed: 6965.0
    μ_M: $225.33k, μ_F: $171.73k
    Wealth Gap: $53.59k
    Episode Approval Rate M: 0.7642
    Episode Approval Rate F: 0.7509
    Episode Profit: $10212.44k
    Cumulative Profit: $165482.29k

  Starting Episode 71 (ALL state preserved - continuous play)

  Episode 80/100 Complete:
    Timesteps this episode: 199
    Total time elapsed: 7960.0
    μ_M: $263.67k, μ_F: $205.54k
    Wealth Gap: $58.13k
    Episode Approval Rate M: 0.7627
    Episode Approval Rate F: 0.7543
    Episode Profit: $11533.95k
    Cumulative Profit: $205683.27k

  Starting Episode 81 (ALL state preserved - continuous play)

  Episode 90/100 Complete:
    Timesteps this episode: 199
    Total time elapsed: 8955.0
    μ_M: $303.38k, μ_F: $242.52k
    Wealth Gap: $60.86k
    Episode Approval Rate M: 0.7536
    Episode Approval Rate F: 0.7708
    Episode Profit: $12114.60k
    Cumulative Profit: $249453.44k

  Starting Episode 91 (ALL state preserved - continuous play)

  Episode 100/100 Complete:
    Timesteps this episode: 199
    Total time elapsed: 9950.0
    μ_M: $344.55k, μ_F: $281.23k
    Wealth Gap: $63.32k
    Episode Approval Rate M: 0.7519
    Episode Approval Rate F: 0.7587
    Episode Profit: $12465.41k
    Cumulative Profit: $295501.07k

[6] Computing Final Metrics...

================================================================================
FINAL TESTING RESULTS
================================================================================

  Model: rawlsian_maximin (both)
  Episodes: 100
  Total Time: 9950.0
  Hawkes Events (M/F): 102898/84180

  --- Wealth Metrics ---
  Initial μ_M,0: $60.82k
  Initial μ_F,0: $48.29k
  Final μ_M: $344.55k
  Final μ_F: $281.23k
  Final Wealth Gap: $63.32k

  --- Long-term Social Welfare R_g(t) = (μ_g,t - μ_g,0) / t ---
  R_M (Male):   0.028516 ($1000s per time unit)
  R_F (Female): 0.023411 ($1000s per time unit)
  R_total:      0.025963 ($1000s per time unit)
  R_M / R_F:    1.2181

  --- Inequality Ratio ρ = Δμ_M / Δμ_F (per episode) ---
  Mean ρ:   1.2681
  Std ρ:    0.1435
  Min ρ:    0.9936
  Max ρ:    1.5386
  Last 5 episodes: ['1.080', '1.127', '1.040', '1.038', '1.083']

  --- Approval Metrics ---
  Total Applications M: 137852
  Total Applications F: 112313
  Total Loans Approved M: 102898
  Total Loans Approved F: 84180
  Final Approval Rate M: 0.7464
  Final Approval Rate F: 0.7495

  --- Success Probabilities ---
  Total Defaults M: 8873
  Total Defaults F: 7175
  Final Success Prob M: 0.9138
  Final Success Prob F: 0.9148

  --- Ground Truth Comparison (Males) ---
  True Positives:  19400
  False Positives: 83498
  True Negatives:  28253
  False Negatives: 6701
  Accuracy:  0.3457
  Precision: 0.1885
  Recall:    0.7433

  --- Ground Truth Comparison (Females) ---
  True Positives:  8838
  False Positives: 75342
  True Negatives:  25145
  False Negatives: 2988
  Accuracy:  0.3026
  Precision: 0.1050
  Recall:    0.7473

  --- Profit ---
  Cumulative Profit: $295501.07k

[7] Saving Results...
  Saved episode metrics to ./static_sequential_results/test_episode_metrics_rawlsian_maximin_both_seed3_20260122_210803.csv

================================================================================
Finished: 2026-01-22T21:08:04.466938
Exit code: 0
Test Exit code: 0
