Job: rawlsian_maximin_both_seed1
Command: uv run python -u adult_income_training.py --seed 1 --single --reward rawlsian_maximin --constraint both --episodes 200 --weights-dir ./static_sequential_results
Started: 2026-01-22T19:35:01.810998
================================================================================

================================================================================
SINGLE REWARD FUNCTION EXPERIMENT
  Reward: RAWLSIAN_MAXIMIN
  Constraint: BOTH
  Seed: 1
================================================================================

CUDA Available: NVIDIA GeForce RTX 2080 Ti

[STEP 1] Loading Adult Income Data...
Downloading Adult Income dataset...
  Trying UCI Repository...
  ✓ Downloaded 20,000 records from UCI repository
Preprocessing Adult Income data...

  Deriving creditworthiness using income prediction model...

Male applicants: 13519
Female applicants: 6481
Male high-income rate: 0.312
Female high-income rate: 0.116

[STEP 2] Learning θ Parameters...

[STEP 3] Creating Environment...

[STEP 4] Training Agent...
  Using device: cuda
Training with rawlsian_maximin (both constraint)...
  Episode 0: Reward=107540.652, Avg=107540.652, λ_w=2.0201, λ_a=2.0201, ρ=1.076
  Episode 20: Reward=130712.829, Avg=123957.343, λ_w=2.4674, λ_a=2.3822, ρ=1.022
  Episode 40: Reward=161903.811, Avg=151816.500, λ_w=3.0136, λ_a=2.8636, ρ=1.349
  Episode 60: Reward=216559.803, Avg=189402.904, λ_w=3.6809, λ_a=3.3138, ρ=1.252
  Episode 80: Reward=248496.040, Avg=232842.016, λ_w=4.4958, λ_a=3.7989, ρ=1.288
  Episode 100: Reward=310175.453, Avg=286374.909, λ_w=5.4912, λ_a=4.3493, ρ=1.393
  Episode 120: Reward=391894.340, Avg=348503.933, λ_w=6.7070, λ_a=4.8974, ρ=1.125
  Episode 140: Reward=455502.108, Avg=422652.439, λ_w=8.1919, λ_a=5.5294, ρ=1.086
  Episode 160: Reward=573826.183, Avg=511217.208, λ_w=10.0056, λ_a=6.2543, ρ=1.094
  Episode 180: Reward=674170.041, Avg=632383.046, λ_w=12.2209, λ_a=6.9080, ρ=1.358

[STEP 5] Running Test Episode...

============================================================
TRAINING COMPLETE: rawlsian_maximin (both)
============================================================
  Initial wealth gap: $12.525k
  Final wealth gap: $12.564k
  Approval disparity: -0.0267
  Total profit: $1456.060k
  Final λ_wealth: 14.7781
  Final λ_approval: 7.4623

  --- Episode-Level Metrics (Training) ---
  ρ (inequality ratio): mean=1.2669, std=0.1272
  R_M (male welfare):   final=0.000064
  R_F (female welfare): final=0.000058
  R_M / R_F:            1.1085

[STEP 6] Saving Model Weights...
  Model saved to ./static_sequential_results/rawlsian_maximin_both_seed1.pt
  Saved to: ./static_sequential_results/rawlsian_maximin_both_seed1.pt
================================================================================
TESTING TRAINED AGENT (EPISODE-WISE METRICS)
================================================================================
  Model: ./static_sequential_results/rawlsian_maximin_both_seed1.pt
  Episodes: 100
  Continuous play: YES (no wealth reset between episodes)
  Credit threshold for ground truth: 0.5
  Checkpoint directory: ./checkpoints
  Resume from checkpoint: True
================================================================================

[1] Loading Data...
Downloading Adult Income dataset...
Preprocessing Adult Income data...

  Deriving creditworthiness (ground truth) using income prediction model...

Male applicants: 13519
Female applicants: 6481
Male ground truth approval rate: 0.180
Female ground truth approval rate: 0.087
Loading model from ./static_sequential_results/rawlsian_maximin_both_seed1.pt...
  ✓ Model loaded successfully
    Reward function: rawlsian_maximin
    Constraint type: both

[5] Running 100 Episodes (Episodes 1 to 100)...

  Starting Episode 1 (ALL state preserved - continuous play)

  Episode 10/100 Complete:
    Timesteps this episode: 199
    Total time elapsed: 995.0
    μ_M: $76.01k, μ_F: $60.35k
    Wealth Gap: $15.67k
    Episode Approval Rate M: 0.8395
    Episode Approval Rate F: 0.8386
    Episode Profit: $4728.96k
    Cumulative Profit: $17933.43k

  Starting Episode 11 (ALL state preserved - continuous play)

  Episode 20/100 Complete:
    Timesteps this episode: 199
    Total time elapsed: 1990.0
    μ_M: $94.52k, μ_F: $74.76k
    Wealth Gap: $19.76k
    Episode Approval Rate M: 0.8414
    Episode Approval Rate F: 0.8250
    Episode Profit: $5321.19k
    Cumulative Profit: $35689.80k

  Starting Episode 21 (ALL state preserved - continuous play)

  Episode 30/100 Complete:
    Timesteps this episode: 199
    Total time elapsed: 2985.0
    μ_M: $116.67k, μ_F: $91.45k
    Wealth Gap: $25.22k
    Episode Approval Rate M: 0.8428
    Episode Approval Rate F: 0.8329
    Episode Profit: $6963.23k
    Cumulative Profit: $62817.64k

  Starting Episode 31 (ALL state preserved - continuous play)

  Episode 40/100 Complete:
    Timesteps this episode: 199
    Total time elapsed: 3980.0
    μ_M: $144.49k, μ_F: $111.73k
    Wealth Gap: $32.76k
    Episode Approval Rate M: 0.8236
    Episode Approval Rate F: 0.8600
    Episode Profit: $8120.53k
    Cumulative Profit: $90102.51k

  Starting Episode 41 (ALL state preserved - continuous play)

  Episode 50/100 Complete:
    Timesteps this episode: 199
    Total time elapsed: 4975.0
    μ_M: $177.53k, μ_F: $137.23k
    Wealth Gap: $40.30k
    Episode Approval Rate M: 0.8516
    Episode Approval Rate F: 0.8548
    Episode Profit: $9498.66k
    Cumulative Profit: $124338.09k

  Starting Episode 51 (ALL state preserved - continuous play)

  Episode 60/100 Complete:
    Timesteps this episode: 199
    Total time elapsed: 5970.0
    μ_M: $216.76k, μ_F: $167.98k
    Wealth Gap: $48.77k
    Episode Approval Rate M: 0.8545
    Episode Approval Rate F: 0.8557
    Episode Profit: $11424.35k
    Cumulative Profit: $165872.01k

  Starting Episode 61 (ALL state preserved - continuous play)

  Episode 70/100 Complete:
    Timesteps this episode: 199
    Total time elapsed: 6965.0
    μ_M: $260.22k, μ_F: $205.27k
    Wealth Gap: $54.95k
    Episode Approval Rate M: 0.8721
    Episode Approval Rate F: 0.8743
    Episode Profit: $12823.19k
    Cumulative Profit: $213164.81k

  Starting Episode 71 (ALL state preserved - continuous play)

  Episode 80/100 Complete:
    Timesteps this episode: 199
    Total time elapsed: 7960.0
    μ_M: $306.05k, μ_F: $248.15k
    Wealth Gap: $57.90k
    Episode Approval Rate M: 0.8873
    Episode Approval Rate F: 0.8923
    Episode Profit: $13891.02k
    Cumulative Profit: $265095.67k

  Starting Episode 81 (ALL state preserved - continuous play)

  Episode 90/100 Complete:
    Timesteps this episode: 199
    Total time elapsed: 8955.0
    μ_M: $353.33k, μ_F: $294.27k
    Wealth Gap: $59.06k
    Episode Approval Rate M: 0.8954
    Episode Approval Rate F: 0.8980
    Episode Profit: $14600.68k
    Cumulative Profit: $318722.53k

  Starting Episode 91 (ALL state preserved - continuous play)

  Episode 100/100 Complete:
    Timesteps this episode: 199
    Total time elapsed: 9950.0
    μ_M: $401.55k, μ_F: $342.26k
    Wealth Gap: $59.29k
    Episode Approval Rate M: 0.9045
    Episode Approval Rate F: 0.9078
    Episode Profit: $14952.37k
    Cumulative Profit: $373167.23k

[6] Computing Final Metrics...

================================================================================
FINAL TESTING RESULTS
================================================================================

  Model: rawlsian_maximin (both)
  Episodes: 100
  Total Time: 9950.0
  Hawkes Events (M/F): 125902/107337

  --- Wealth Metrics ---
  Initial μ_M,0: $60.82k
  Initial μ_F,0: $48.29k
  Final μ_M: $401.55k
  Final μ_F: $342.26k
  Final Wealth Gap: $59.29k

  --- Long-term Social Welfare R_g(t) = (μ_g,t - μ_g,0) / t ---
  R_M (Male):   0.034244 ($1000s per time unit)
  R_F (Female): 0.029544 ($1000s per time unit)
  R_total:      0.031894 ($1000s per time unit)
  R_M / R_F:    1.1591

  --- Inequality Ratio ρ = Δμ_M / Δμ_F (per episode) ---
  Mean ρ:   1.2101
  Std ρ:    0.1458
  Min ρ:    0.9713
  Max ρ:    1.4662
  Last 5 episodes: ['1.047', '0.983', '1.022', '0.997', '1.011']

  --- Approval Metrics ---
  Total Applications M: 145338
  Total Applications F: 123622
  Total Loans Approved M: 125902
  Total Loans Approved F: 107337
  Final Approval Rate M: 0.8663
  Final Approval Rate F: 0.8683

  --- Success Probabilities ---
  Total Defaults M: 10633
  Total Defaults F: 9085
  Final Success Prob M: 0.9155
  Final Success Prob F: 0.9154

  --- Ground Truth Comparison (Males) ---
  True Positives:  23436
  False Positives: 102466
  True Negatives:  15764
  False Negatives: 3672
  Accuracy:  0.2697
  Precision: 0.1861
  Recall:    0.8645

  --- Ground Truth Comparison (Females) ---
  True Positives:  11042
  False Positives: 96295
  True Negatives:  14558
  False Negatives: 1727
  Accuracy:  0.2071
  Precision: 0.1029
  Recall:    0.8648

  --- Profit ---
  Cumulative Profit: $373167.23k

[7] Saving Results...
  Saved episode metrics to ./static_sequential_results/test_episode_metrics_rawlsian_maximin_both_seed1_20260122_201447.csv

================================================================================
Finished: 2026-01-22T20:14:48.316766
Exit code: 0
Test Exit code: 0
