Job: rawlsian_maximin_both_seed2
Command: uv run python -u adult_income_training.py --seed 2 --single --reward rawlsian_maximin --constraint both --episodes 200 --weights-dir ./static_sequential_results
Started: 2026-01-22T20:14:48.318150
================================================================================

================================================================================
SINGLE REWARD FUNCTION EXPERIMENT
  Reward: RAWLSIAN_MAXIMIN
  Constraint: BOTH
  Seed: 2
================================================================================

CUDA Available: NVIDIA GeForce RTX 2080 Ti

[STEP 1] Loading Adult Income Data...
Downloading Adult Income dataset...
  Trying UCI Repository...
  ✓ Downloaded 20,000 records from UCI repository
Preprocessing Adult Income data...

  Deriving creditworthiness using income prediction model...

Male applicants: 13519
Female applicants: 6481
Male high-income rate: 0.312
Female high-income rate: 0.116

[STEP 2] Learning θ Parameters...

[STEP 3] Creating Environment...

[STEP 4] Training Agent...
  Using device: cuda
Training with rawlsian_maximin (both constraint)...
  Episode 0: Reward=108539.333, Avg=108539.333, λ_w=2.0201, λ_a=2.0201, ρ=0.946
  Episode 20: Reward=138059.826, Avg=124506.228, λ_w=2.4674, λ_a=2.4016, ρ=1.488
  Episode 40: Reward=163000.957, Avg=154478.392, λ_w=3.0136, λ_a=2.8333, ρ=1.446
  Episode 60: Reward=208033.006, Avg=188399.943, λ_w=3.6809, λ_a=3.3494, ρ=1.190
  Episode 80: Reward=243325.337, Avg=231875.301, λ_w=4.4958, λ_a=4.0013, ρ=1.110
  Episode 100: Reward=286789.584, Avg=279888.196, λ_w=5.4912, λ_a=4.7416, ρ=1.178
  Episode 120: Reward=383575.036, Avg=339704.614, λ_w=6.7070, λ_a=5.4783, ρ=1.433
  Episode 140: Reward=452540.363, Avg=413659.706, λ_w=8.1919, λ_a=6.3077, ρ=1.142
  Episode 160: Reward=545640.534, Avg=493082.719, λ_w=10.0056, λ_a=7.4376, ρ=1.375
  Episode 180: Reward=637029.290, Avg=594901.305, λ_w=12.2209, λ_a=8.5247, ρ=1.211

[STEP 5] Running Test Episode...

============================================================
TRAINING COMPLETE: rawlsian_maximin (both)
============================================================
  Initial wealth gap: $12.525k
  Final wealth gap: $12.670k
  Approval disparity: 0.0255
  Total profit: $1246.393k
  Final λ_wealth: 14.7781
  Final λ_approval: 9.6541

  --- Episode-Level Metrics (Training) ---
  ρ (inequality ratio): mean=1.2426, std=0.1287
  R_M (male welfare):   final=0.000037
  R_F (female welfare): final=0.000029
  R_M / R_F:            1.2552

[STEP 6] Saving Model Weights...
  Model saved to ./static_sequential_results/rawlsian_maximin_both_seed2.pt
  Saved to: ./static_sequential_results/rawlsian_maximin_both_seed2.pt
================================================================================
TESTING TRAINED AGENT (EPISODE-WISE METRICS)
================================================================================
  Model: ./static_sequential_results/rawlsian_maximin_both_seed2.pt
  Episodes: 100
  Continuous play: YES (no wealth reset between episodes)
  Credit threshold for ground truth: 0.5
  Checkpoint directory: ./checkpoints
  Resume from checkpoint: True
================================================================================

[1] Loading Data...
Downloading Adult Income dataset...
Preprocessing Adult Income data...

  Deriving creditworthiness (ground truth) using income prediction model...

Male applicants: 13519
Female applicants: 6481
Male ground truth approval rate: 0.180
Female ground truth approval rate: 0.087
Loading model from ./static_sequential_results/rawlsian_maximin_both_seed2.pt...
  ✓ Model loaded successfully
    Reward function: rawlsian_maximin
    Constraint type: both

[5] Running 100 Episodes (Episodes 1 to 100)...

  Starting Episode 1 (ALL state preserved - continuous play)

  Episode 10/100 Complete:
    Timesteps this episode: 199
    Total time elapsed: 995.0
    μ_M: $69.36k, μ_F: $55.10k
    Wealth Gap: $14.26k
    Episode Approval Rate M: 0.4911
    Episode Approval Rate F: 0.5184
    Episode Profit: $2491.33k
    Cumulative Profit: $8426.90k

  Starting Episode 11 (ALL state preserved - continuous play)

  Episode 20/100 Complete:
    Timesteps this episode: 199
    Total time elapsed: 1990.0
    μ_M: $78.98k, μ_F: $63.04k
    Wealth Gap: $15.94k
    Episode Approval Rate M: 0.4845
    Episode Approval Rate F: 0.5119
    Episode Profit: $2577.41k
    Cumulative Profit: $18028.20k

  Starting Episode 21 (ALL state preserved - continuous play)

  Episode 30/100 Complete:
    Timesteps this episode: 199
    Total time elapsed: 2985.0
    μ_M: $89.50k, μ_F: $71.62k
    Wealth Gap: $17.88k
    Episode Approval Rate M: 0.4688
    Episode Approval Rate F: 0.5312
    Episode Profit: $2874.75k
    Cumulative Profit: $29443.37k

  Starting Episode 31 (ALL state preserved - continuous play)

  Episode 40/100 Complete:
    Timesteps this episode: 199
    Total time elapsed: 3980.0
    μ_M: $101.62k, μ_F: $80.31k
    Wealth Gap: $21.31k
    Episode Approval Rate M: 0.5136
    Episode Approval Rate F: 0.4929
    Episode Profit: $3332.23k
    Cumulative Profit: $42405.83k

  Starting Episode 41 (ALL state preserved - continuous play)

  Episode 50/100 Complete:
    Timesteps this episode: 199
    Total time elapsed: 4975.0
    μ_M: $115.11k, μ_F: $90.07k
    Wealth Gap: $25.04k
    Episode Approval Rate M: 0.4892
    Episode Approval Rate F: 0.5095
    Episode Profit: $3648.04k
    Cumulative Profit: $55847.58k

  Starting Episode 51 (ALL state preserved - continuous play)

  Episode 60/100 Complete:
    Timesteps this episode: 199
    Total time elapsed: 5970.0
    μ_M: $129.55k, μ_F: $101.42k
    Wealth Gap: $28.13k
    Episode Approval Rate M: 0.5051
    Episode Approval Rate F: 0.5037
    Episode Profit: $4193.28k
    Cumulative Profit: $71040.47k

  Starting Episode 61 (ALL state preserved - continuous play)

  Episode 70/100 Complete:
    Timesteps this episode: 199
    Total time elapsed: 6965.0
    μ_M: $146.23k, μ_F: $113.75k
    Wealth Gap: $32.48k
    Episode Approval Rate M: 0.4856
    Episode Approval Rate F: 0.5086
    Episode Profit: $4582.51k
    Cumulative Profit: $87125.55k

  Starting Episode 71 (ALL state preserved - continuous play)

  Episode 80/100 Complete:
    Timesteps this episode: 199
    Total time elapsed: 7960.0
    μ_M: $164.54k, μ_F: $127.68k
    Wealth Gap: $36.86k
    Episode Approval Rate M: 0.5101
    Episode Approval Rate F: 0.5269
    Episode Profit: $5080.27k
    Cumulative Profit: $105705.82k

  Starting Episode 81 (ALL state preserved - continuous play)

  Episode 90/100 Complete:
    Timesteps this episode: 199
    Total time elapsed: 8955.0
    μ_M: $183.60k, μ_F: $143.30k
    Wealth Gap: $40.30k
    Episode Approval Rate M: 0.5013
    Episode Approval Rate F: 0.4901
    Episode Profit: $5804.25k
    Cumulative Profit: $127228.12k

  Starting Episode 91 (ALL state preserved - continuous play)

  Episode 100/100 Complete:
    Timesteps this episode: 199
    Total time elapsed: 9950.0
    μ_M: $205.40k, μ_F: $159.83k
    Wealth Gap: $45.57k
    Episode Approval Rate M: 0.5061
    Episode Approval Rate F: 0.5142
    Episode Profit: $6360.85k
    Cumulative Profit: $149546.94k

[6] Computing Final Metrics...

================================================================================
FINAL TESTING RESULTS
================================================================================

  Model: rawlsian_maximin (both)
  Episodes: 100
  Total Time: 9950.0
  Hawkes Events (M/F): 54297/41570

  --- Wealth Metrics ---
  Initial μ_M,0: $60.82k
  Initial μ_F,0: $48.29k
  Final μ_M: $205.40k
  Final μ_F: $159.83k
  Final Wealth Gap: $45.57k

  --- Long-term Social Welfare R_g(t) = (μ_g,t - μ_g,0) / t ---
  R_M (Male):   0.014531 ($1000s per time unit)
  R_F (Female): 0.011210 ($1000s per time unit)
  R_total:      0.012871 ($1000s per time unit)
  R_M / R_F:    1.2963

  --- Inequality Ratio ρ = Δμ_M / Δμ_F (per episode) ---
  Mean ρ:   1.3007
  Std ρ:    0.1317
  Min ρ:    0.8876
  Max ρ:    1.6691
  Last 5 episodes: ['1.243', '1.330', '1.261', '1.257', '1.361']

  --- Approval Metrics ---
  Total Applications M: 108122
  Total Applications F: 82292
  Total Loans Approved M: 54297
  Total Loans Approved F: 41570
  Final Approval Rate M: 0.5022
  Final Approval Rate F: 0.5052

  --- Success Probabilities ---
  Total Defaults M: 4632
  Total Defaults F: 3534
  Final Success Prob M: 0.9147
  Final Success Prob F: 0.9150

  --- Ground Truth Comparison (Males) ---
  True Positives:  10860
  False Positives: 43437
  True Negatives:  43047
  False Negatives: 10778
  Accuracy:  0.4986
  Precision: 0.2000
  Recall:    0.5019

  --- Ground Truth Comparison (Females) ---
  True Positives:  4543
  False Positives: 37027
  True Negatives:  36477
  False Negatives: 4245
  Accuracy:  0.4985
  Precision: 0.1093
  Recall:    0.5170

  --- Profit ---
  Cumulative Profit: $149546.94k

[7] Saving Results...
  Saved episode metrics to ./static_sequential_results/test_episode_metrics_rawlsian_maximin_both_seed2_20260122_203534.csv

================================================================================
Finished: 2026-01-22T20:35:35.033238
Exit code: 0
Test Exit code: 0
