Job: social_welfare_wealth_seed3
Command: uv run python -u adult_income_training.py --seed 3 --single --reward social_welfare --constraint wealth --episodes 200 --weights-dir ./static_sequential_results
Started: 2026-01-22T14:24:46.972937
================================================================================

================================================================================
SINGLE REWARD FUNCTION EXPERIMENT
  Reward: SOCIAL_WELFARE
  Constraint: WEALTH
  Seed: 3
================================================================================

CUDA Available: NVIDIA GeForce RTX 2080 Ti

[STEP 1] Loading Adult Income Data...
Downloading Adult Income dataset...
  Trying UCI Repository...
  ✓ Downloaded 20,000 records from UCI repository
Preprocessing Adult Income data...

  Deriving creditworthiness using income prediction model...

Male applicants: 13519
Female applicants: 6481
Male high-income rate: 0.312
Female high-income rate: 0.116

[STEP 2] Learning θ Parameters...

[STEP 3] Creating Environment...

[STEP 4] Training Agent...
  Using device: cuda
Training with social_welfare (wealth constraint)...
  Episode 0: Reward=257252.017, Avg=257252.017, λ_w=2.0201, ρ=1.172, R_M=0.0072, R_F=0.0062
  Episode 20: Reward=295832.395, Avg=272724.536, λ_w=2.4674, ρ=1.323, R_M=0.0005, R_F=0.0003
  Episode 40: Reward=375402.684, Avg=340830.366, λ_w=3.0136, ρ=1.280, R_M=0.0002, R_F=0.0002
  Episode 60: Reward=439327.145, Avg=402317.888, λ_w=3.6809, ρ=1.203, R_M=0.0001, R_F=0.0001
  Episode 80: Reward=534901.767, Avg=494424.292, λ_w=4.4958, ρ=1.213, R_M=0.0001, R_F=0.0001
  Episode 100: Reward=660719.761, Avg=596213.877, λ_w=5.4912, ρ=1.186, R_M=0.0000, R_F=0.0000
  Episode 120: Reward=777883.149, Avg=708390.267, λ_w=6.7070, ρ=0.967, R_M=0.0000, R_F=0.0000
  Episode 140: Reward=923813.739, Avg=860575.283, λ_w=8.1919, ρ=0.703, R_M=0.0000, R_F=0.0000
  Episode 160: Reward=1143131.947, Avg=1065075.125, λ_w=10.0056, ρ=1.327, R_M=0.0000, R_F=0.0000
  Episode 180: Reward=1371365.711, Avg=1285093.673, λ_w=12.2209, ρ=1.811, R_M=0.0000, R_F=0.0000

[STEP 5] Running Test Episode...

============================================================
TRAINING COMPLETE: social_welfare (wealth)
============================================================
  Initial wealth gap: $12.525k
  Final wealth gap: $12.658k
  Approval disparity: -0.0245
  Total profit: $670.294k
  Final λ_wealth: 14.7781

  --- Episode-Level Metrics (Training) ---
  ρ (inequality ratio): mean=1.2372, std=0.2324
  R_M (male welfare):   final=0.000018
  R_F (female welfare): final=0.000016
  R_M / R_F:            1.1428

[STEP 6] Saving Model Weights...
  Model saved to ./static_sequential_results/social_welfare_wealth_seed3.pt
  Saved to: ./static_sequential_results/social_welfare_wealth_seed3.pt
================================================================================
TESTING TRAINED AGENT (EPISODE-WISE METRICS)
================================================================================
  Model: ./static_sequential_results/social_welfare_wealth_seed3.pt
  Episodes: 100
  Continuous play: YES (no wealth reset between episodes)
  Credit threshold for ground truth: 0.5
  Checkpoint directory: ./checkpoints
  Resume from checkpoint: True
================================================================================

[1] Loading Data...
Downloading Adult Income dataset...
Preprocessing Adult Income data...

  Deriving creditworthiness (ground truth) using income prediction model...

Male applicants: 13519
Female applicants: 6481
Male ground truth approval rate: 0.180
Female ground truth approval rate: 0.087
Loading model from ./static_sequential_results/social_welfare_wealth_seed3.pt...
  ✓ Model loaded successfully
    Reward function: social_welfare
    Constraint type: wealth

[5] Running 100 Episodes (Episodes 1 to 100)...

  Starting Episode 1 (ALL state preserved - continuous play)

  Episode 10/100 Complete:
    Timesteps this episode: 199
    Total time elapsed: 995.0
    μ_M: $65.28k, μ_F: $51.64k
    Wealth Gap: $13.64k
    Episode Approval Rate M: 0.2615
    Episode Approval Rate F: 0.2204
    Episode Profit: $1113.48k
    Cumulative Profit: $4131.92k

  Starting Episode 11 (ALL state preserved - continuous play)

  Episode 20/100 Complete:
    Timesteps this episode: 199
    Total time elapsed: 1990.0
    μ_M: $69.72k, μ_F: $55.34k
    Wealth Gap: $14.38k
    Episode Approval Rate M: 0.2543
    Episode Approval Rate F: 0.2383
    Episode Profit: $1299.88k
    Cumulative Profit: $8566.10k

  Starting Episode 21 (ALL state preserved - continuous play)

  Episode 30/100 Complete:
    Timesteps this episode: 199
    Total time elapsed: 2985.0
    μ_M: $74.25k, μ_F: $59.05k
    Wealth Gap: $15.19k
    Episode Approval Rate M: 0.2382
    Episode Approval Rate F: 0.2838
    Episode Profit: $1348.47k
    Cumulative Profit: $14584.80k

  Starting Episode 31 (ALL state preserved - continuous play)

  Episode 40/100 Complete:
    Timesteps this episode: 199
    Total time elapsed: 3980.0
    μ_M: $79.11k, μ_F: $62.67k
    Wealth Gap: $16.44k
    Episode Approval Rate M: 0.2977
    Episode Approval Rate F: 0.2418
    Episode Profit: $1467.85k
    Cumulative Profit: $20505.51k

  Starting Episode 41 (ALL state preserved - continuous play)

  Episode 50/100 Complete:
    Timesteps this episode: 199
    Total time elapsed: 4975.0
    μ_M: $84.15k, μ_F: $66.75k
    Wealth Gap: $17.40k
    Episode Approval Rate M: 0.2270
    Episode Approval Rate F: 0.2613
    Episode Profit: $1341.46k
    Cumulative Profit: $25664.11k

  Starting Episode 51 (ALL state preserved - continuous play)

  Episode 60/100 Complete:
    Timesteps this episode: 199
    Total time elapsed: 5970.0
    μ_M: $89.43k, μ_F: $70.63k
    Wealth Gap: $18.80k
    Episode Approval Rate M: 0.2399
    Episode Approval Rate F: 0.2471
    Episode Profit: $1346.08k
    Cumulative Profit: $30993.97k

  Starting Episode 61 (ALL state preserved - continuous play)

  Episode 70/100 Complete:
    Timesteps this episode: 199
    Total time elapsed: 6965.0
    μ_M: $94.90k, μ_F: $74.58k
    Wealth Gap: $20.32k
    Episode Approval Rate M: 0.2401
    Episode Approval Rate F: 0.2241
    Episode Profit: $1563.79k
    Cumulative Profit: $36869.11k

  Starting Episode 71 (ALL state preserved - continuous play)

  Episode 80/100 Complete:
    Timesteps this episode: 199
    Total time elapsed: 7960.0
    μ_M: $100.38k, μ_F: $78.83k
    Wealth Gap: $21.55k
    Episode Approval Rate M: 0.2461
    Episode Approval Rate F: 0.2310
    Episode Profit: $1566.45k
    Cumulative Profit: $43159.64k

  Starting Episode 81 (ALL state preserved - continuous play)

  Episode 90/100 Complete:
    Timesteps this episode: 199
    Total time elapsed: 8955.0
    μ_M: $106.41k, μ_F: $83.30k
    Wealth Gap: $23.11k
    Episode Approval Rate M: 0.2547
    Episode Approval Rate F: 0.2180
    Episode Profit: $1702.63k
    Cumulative Profit: $49291.55k

  Starting Episode 91 (ALL state preserved - continuous play)

  Episode 100/100 Complete:
    Timesteps this episode: 199
    Total time elapsed: 9950.0
    μ_M: $112.51k, μ_F: $87.72k
    Wealth Gap: $24.80k
    Episode Approval Rate M: 0.2453
    Episode Approval Rate F: 0.2200
    Episode Profit: $1595.74k
    Cumulative Profit: $55917.81k

[6] Computing Final Metrics...

================================================================================
FINAL TESTING RESULTS
================================================================================

  Model: social_welfare (wealth)
  Episodes: 100
  Total Time: 9950.0
  Hawkes Events (M/F): 19501/14822

  --- Wealth Metrics ---
  Initial μ_M,0: $60.82k
  Initial μ_F,0: $48.29k
  Final μ_M: $112.51k
  Final μ_F: $87.72k
  Final Wealth Gap: $24.80k

  --- Long-term Social Welfare R_g(t) = (μ_g,t - μ_g,0) / t ---
  R_M (Male):   0.005196 ($1000s per time unit)
  R_F (Female): 0.003962 ($1000s per time unit)
  R_total:      0.004579 ($1000s per time unit)
  R_M / R_F:    1.3113

  --- Inequality Ratio ρ = Δμ_M / Δμ_F (per episode) ---
  Mean ρ:   1.3283
  Std ρ:    0.2275
  Min ρ:    0.8754
  Max ρ:    2.1562
  Last 5 episodes: ['1.296', '1.070', '1.389', '1.505', '1.578']

  --- Approval Metrics ---
  Total Applications M: 77609
  Total Applications F: 60127
  Total Loans Approved M: 19501
  Total Loans Approved F: 14822
  Final Approval Rate M: 0.2513
  Final Approval Rate F: 0.2465

  --- Success Probabilities ---
  Total Defaults M: 1618
  Total Defaults F: 1252
  Final Success Prob M: 0.9170
  Final Success Prob F: 0.9155

  --- Ground Truth Comparison (Males) ---
  True Positives:  4026
  False Positives: 15475
  True Negatives:  46151
  False Negatives: 11957
  Accuracy:  0.6465
  Precision: 0.2065
  Recall:    0.2519

  --- Ground Truth Comparison (Females) ---
  True Positives:  1652
  False Positives: 13170
  True Negatives:  40233
  False Negatives: 5072
  Accuracy:  0.6966
  Precision: 0.1115
  Recall:    0.2457

  --- Profit ---
  Cumulative Profit: $55917.81k

[7] Saving Results...
  Saved episode metrics to ./static_sequential_results/test_episode_metrics_social_welfare_wealth_seed3_20260122_144146.csv

================================================================================
Finished: 2026-01-22T14:41:47.079141
Exit code: 0
Test Exit code: 0
