Job: social_welfare_approval_rate_seed3
Command: uv run python -u adult_income_training.py --seed 3 --single --reward social_welfare --constraint approval_rate --episodes 200 --weights-dir ./static_sequential_results
Started: 2026-01-22T12:58:39.911087
================================================================================

================================================================================
SINGLE REWARD FUNCTION EXPERIMENT
  Reward: SOCIAL_WELFARE
  Constraint: APPROVAL_RATE
  Seed: 3
================================================================================

CUDA Available: NVIDIA GeForce RTX 2080 Ti

[STEP 1] Loading Adult Income Data...
Downloading Adult Income dataset...
  Trying UCI Repository...
  ✓ Downloaded 20,000 records from UCI repository
Preprocessing Adult Income data...

  Deriving creditworthiness using income prediction model...

Male applicants: 13519
Female applicants: 6481
Male high-income rate: 0.312
Female high-income rate: 0.116

[STEP 2] Learning θ Parameters...

[STEP 3] Creating Environment...

[STEP 4] Training Agent...
  Using device: cuda
Training with social_welfare (approval_rate constraint)...
  Episode 0: Reward=1955.746, Avg=1955.746, λ_a=2.0201, ρ=1.172, R_M=0.0072, R_F=0.0062
  Episode 20: Reward=3559.147, Avg=2736.931, λ_a=2.3749, ρ=1.217, R_M=0.0007, R_F=0.0006
  Episode 40: Reward=4294.420, Avg=4025.667, λ_a=2.7860, ρ=1.178, R_M=0.0003, R_F=0.0003
  Episode 60: Reward=4519.616, Avg=4509.396, λ_a=3.2435, ρ=1.090, R_M=0.0002, R_F=0.0002
  Episode 80: Reward=5490.570, Avg=5031.291, λ_a=3.8403, ρ=1.325, R_M=0.0002, R_F=0.0002
  Episode 100: Reward=6321.618, Avg=5927.530, λ_a=4.5272, ρ=1.345, R_M=0.0002, R_F=0.0001
  Episode 120: Reward=7082.441, Avg=6600.269, λ_a=5.3112, ρ=1.180, R_M=0.0001, R_F=0.0001
  Episode 140: Reward=8133.317, Avg=7593.788, λ_a=6.6960, ρ=1.234, R_M=0.0001, R_F=0.0001
  Episode 160: Reward=9554.322, Avg=8866.926, λ_a=8.7793, ρ=1.201, R_M=0.0001, R_F=0.0001
  Episode 180: Reward=12585.287, Avg=11762.405, λ_a=11.5256, ρ=1.331, R_M=0.0001, R_F=0.0001

[STEP 5] Running Test Episode...

============================================================
TRAINING COMPLETE: social_welfare (approval_rate)
============================================================
  Initial wealth gap: $12.525k
  Final wealth gap: $13.040k
  Approval disparity: 0.0019
  Total profit: $2006.436k
  Final λ_approval: 14.7639

  --- Episode-Level Metrics (Training) ---
  ρ (inequality ratio): mean=1.2580, std=0.1322
  R_M (male welfare):   final=0.000075
  R_F (female welfare): final=0.000059
  R_M / R_F:            1.2741

[STEP 6] Saving Model Weights...
  Model saved to ./static_sequential_results/social_welfare_approval_rate_seed3.pt
  Saved to: ./static_sequential_results/social_welfare_approval_rate_seed3.pt
================================================================================
TESTING TRAINED AGENT (EPISODE-WISE METRICS)
================================================================================
  Model: ./static_sequential_results/social_welfare_approval_rate_seed3.pt
  Episodes: 100
  Continuous play: YES (no wealth reset between episodes)
  Credit threshold for ground truth: 0.5
  Checkpoint directory: ./checkpoints
  Resume from checkpoint: True
================================================================================

[1] Loading Data...
Downloading Adult Income dataset...
Preprocessing Adult Income data...

  Deriving creditworthiness (ground truth) using income prediction model...

Male applicants: 13519
Female applicants: 6481
Male ground truth approval rate: 0.180
Female ground truth approval rate: 0.087
Loading model from ./static_sequential_results/social_welfare_approval_rate_seed3.pt...
  ✓ Model loaded successfully
    Reward function: social_welfare
    Constraint type: approval_rate

[5] Running 100 Episodes (Episodes 1 to 100)...

  Starting Episode 1 (ALL state preserved - continuous play)

  Episode 10/100 Complete:
    Timesteps this episode: 199
    Total time elapsed: 995.0
    μ_M: $78.79k, μ_F: $61.55k
    Wealth Gap: $17.23k
    Episode Approval Rate M: 0.9135
    Episode Approval Rate F: 0.9196
    Episode Profit: $5279.79k
    Cumulative Profit: $15846.93k

  Starting Episode 11 (ALL state preserved - continuous play)

  Episode 20/100 Complete:
    Timesteps this episode: 199
    Total time elapsed: 1990.0
    μ_M: $101.26k, μ_F: $77.82k
    Wealth Gap: $23.44k
    Episode Approval Rate M: 0.9221
    Episode Approval Rate F: 0.9332
    Episode Profit: $6829.38k
    Cumulative Profit: $37870.56k

  Starting Episode 21 (ALL state preserved - continuous play)

  Episode 30/100 Complete:
    Timesteps this episode: 199
    Total time elapsed: 2985.0
    μ_M: $128.79k, μ_F: $97.87k
    Wealth Gap: $30.91k
    Episode Approval Rate M: 0.9235
    Episode Approval Rate F: 0.9297
    Episode Profit: $8034.68k
    Cumulative Profit: $63001.47k

  Starting Episode 31 (ALL state preserved - continuous play)

  Episode 40/100 Complete:
    Timesteps this episode: 199
    Total time elapsed: 3980.0
    μ_M: $162.83k, μ_F: $121.68k
    Wealth Gap: $41.15k
    Episode Approval Rate M: 0.9349
    Episode Approval Rate F: 0.9390
    Episode Profit: $10209.30k
    Cumulative Profit: $99195.79k

  Starting Episode 41 (ALL state preserved - continuous play)

  Episode 50/100 Complete:
    Timesteps this episode: 199
    Total time elapsed: 4975.0
    μ_M: $203.49k, μ_F: $152.58k
    Wealth Gap: $50.91k
    Episode Approval Rate M: 0.9288
    Episode Approval Rate F: 0.9366
    Episode Profit: $12040.41k
    Cumulative Profit: $139808.64k

  Starting Episode 51 (ALL state preserved - continuous play)

  Episode 60/100 Complete:
    Timesteps this episode: 199
    Total time elapsed: 5970.0
    μ_M: $248.59k, μ_F: $190.43k
    Wealth Gap: $58.15k
    Episode Approval Rate M: 0.9326
    Episode Approval Rate F: 0.9281
    Episode Profit: $12886.43k
    Cumulative Profit: $188286.14k

  Starting Episode 61 (ALL state preserved - continuous play)

  Episode 70/100 Complete:
    Timesteps this episode: 199
    Total time elapsed: 6965.0
    μ_M: $297.21k, μ_F: $233.84k
    Wealth Gap: $63.36k
    Episode Approval Rate M: 0.9407
    Episode Approval Rate F: 0.9449
    Episode Profit: $14753.88k
    Cumulative Profit: $242423.77k

  Starting Episode 71 (ALL state preserved - continuous play)

  Episode 80/100 Complete:
    Timesteps this episode: 199
    Total time elapsed: 7960.0
    μ_M: $347.85k, μ_F: $281.92k
    Wealth Gap: $65.92k
    Episode Approval Rate M: 0.9443
    Episode Approval Rate F: 0.9520
    Episode Profit: $15534.52k
    Cumulative Profit: $297069.84k

  Starting Episode 81 (ALL state preserved - continuous play)

  Episode 90/100 Complete:
    Timesteps this episode: 199
    Total time elapsed: 8955.0
    μ_M: $398.45k, μ_F: $332.11k
    Wealth Gap: $66.34k
    Episode Approval Rate M: 0.9508
    Episode Approval Rate F: 0.9500
    Episode Profit: $15514.40k
    Cumulative Profit: $355042.25k

  Starting Episode 91 (ALL state preserved - continuous play)

  Episode 100/100 Complete:
    Timesteps this episode: 199
    Total time elapsed: 9950.0
    μ_M: $450.05k, μ_F: $382.84k
    Wealth Gap: $67.21k
    Episode Approval Rate M: 0.9475
    Episode Approval Rate F: 0.9553
    Episode Profit: $15647.76k
    Cumulative Profit: $412398.48k

[6] Computing Final Metrics...

================================================================================
FINAL TESTING RESULTS
================================================================================

  Model: social_welfare (approval_rate)
  Episodes: 100
  Total Time: 9950.0
  Hawkes Events (M/F): 142887/122651

  --- Wealth Metrics ---
  Initial μ_M,0: $60.82k
  Initial μ_F,0: $48.29k
  Final μ_M: $450.05k
  Final μ_F: $382.84k
  Final Wealth Gap: $67.21k

  --- Long-term Social Welfare R_g(t) = (μ_g,t - μ_g,0) / t ---
  R_M (Male):   0.039119 ($1000s per time unit)
  R_F (Female): 0.033623 ($1000s per time unit)
  R_total:      0.036371 ($1000s per time unit)
  R_M / R_F:    1.1634

  --- Inequality Ratio ρ = Δμ_M / Δμ_F (per episode) ---
  Mean ρ:   1.2276
  Std ρ:    0.1791
  Min ρ:    0.9436
  Max ρ:    1.7935
  Last 5 episodes: ['1.082', '1.023', '1.010', '1.028', '1.005']

  --- Approval Metrics ---
  Total Applications M: 152850
  Total Applications F: 130865
  Total Loans Approved M: 142887
  Total Loans Approved F: 122651
  Final Approval Rate M: 0.9348
  Final Approval Rate F: 0.9372

  --- Success Probabilities ---
  Total Defaults M: 12395
  Total Defaults F: 10356
  Final Success Prob M: 0.9133
  Final Success Prob F: 0.9156

  --- Ground Truth Comparison (Males) ---
  True Positives:  26598
  False Positives: 116289
  True Negatives:  8080
  False Negatives: 1883
  Accuracy:  0.2269
  Precision: 0.1861
  Recall:    0.9339

  --- Ground Truth Comparison (Females) ---
  True Positives:  12324
  False Positives: 110327
  True Negatives:  7360
  False Negatives: 854
  Accuracy:  0.1504
  Precision: 0.1005
  Recall:    0.9352

  --- Profit ---
  Cumulative Profit: $412398.48k

[7] Saving Results...
  Saved episode metrics to ./static_sequential_results/test_episode_metrics_social_welfare_approval_rate_seed3_20260122_134335.csv

================================================================================
Finished: 2026-01-22T13:43:35.921502
Exit code: 0
Test Exit code: 0
