Job: social_welfare_both_seed2
Command: uv run python -u adult_income_training.py --seed 2 --single --reward social_welfare --constraint both --episodes 200 --weights-dir ./static_sequential_results
Started: 2026-01-22T15:04:19.399071
================================================================================

================================================================================
SINGLE REWARD FUNCTION EXPERIMENT
  Reward: SOCIAL_WELFARE
  Constraint: BOTH
  Seed: 2
================================================================================

CUDA Available: NVIDIA GeForce RTX 2080 Ti

[STEP 1] Loading Adult Income Data...
Downloading Adult Income dataset...
  Trying UCI Repository...
  ✓ Downloaded 20,000 records from UCI repository
Preprocessing Adult Income data...

  Deriving creditworthiness using income prediction model...

Male applicants: 13519
Female applicants: 6481
Male high-income rate: 0.312
Female high-income rate: 0.116

[STEP 2] Learning θ Parameters...

[STEP 3] Creating Environment...

[STEP 4] Training Agent...
  Using device: cuda
Training with social_welfare (both constraint)...
  Episode 0: Reward=242361.019, Avg=242361.019, λ_w=2.0201, λ_a=2.0201, ρ=0.946
  Episode 20: Reward=310077.383, Avg=277408.101, λ_w=2.4674, λ_a=2.4035, ρ=1.355
  Episode 40: Reward=354040.762, Avg=344975.811, λ_w=3.0136, λ_a=2.7685, ρ=1.316
  Episode 60: Reward=468289.768, Avg=423779.560, λ_w=3.6809, λ_a=3.1113, ρ=1.181
  Episode 80: Reward=548883.537, Avg=519635.168, λ_w=4.4958, λ_a=3.5167, ρ=1.414
  Episode 100: Reward=646738.164, Avg=618632.447, λ_w=5.4912, λ_a=4.1801, ρ=1.193
  Episode 120: Reward=850653.197, Avg=746331.293, λ_w=6.7070, λ_a=5.1179, ρ=1.218
  Episode 140: Reward=1039345.002, Avg=939415.979, λ_w=8.1919, λ_a=5.9919, ρ=1.236
  Episode 160: Reward=1298285.659, Avg=1145113.450, λ_w=10.0056, λ_a=6.7445, ρ=1.335
  Episode 180: Reward=1458654.949, Avg=1400905.316, λ_w=12.2209, λ_a=7.7239, ρ=1.187

[STEP 5] Running Test Episode...

============================================================
TRAINING COMPLETE: social_welfare (both)
============================================================
  Initial wealth gap: $12.525k
  Final wealth gap: $12.779k
  Approval disparity: -0.0105
  Total profit: $2061.249k
  Final λ_wealth: 14.7781
  Final λ_approval: 8.6364

  --- Episode-Level Metrics (Training) ---
  ρ (inequality ratio): mean=1.2381, std=0.1183
  R_M (male welfare):   final=0.000070
  R_F (female welfare): final=0.000063
  R_M / R_F:            1.1108

[STEP 6] Saving Model Weights...
  Model saved to ./static_sequential_results/social_welfare_both_seed2.pt
  Saved to: ./static_sequential_results/social_welfare_both_seed2.pt
================================================================================
TESTING TRAINED AGENT (EPISODE-WISE METRICS)
================================================================================
  Model: ./static_sequential_results/social_welfare_both_seed2.pt
  Episodes: 100
  Continuous play: YES (no wealth reset between episodes)
  Credit threshold for ground truth: 0.5
  Checkpoint directory: ./checkpoints
  Resume from checkpoint: True
================================================================================

[1] Loading Data...
Downloading Adult Income dataset...
Preprocessing Adult Income data...

  Deriving creditworthiness (ground truth) using income prediction model...

Male applicants: 13519
Female applicants: 6481
Male ground truth approval rate: 0.180
Female ground truth approval rate: 0.087
Loading model from ./static_sequential_results/social_welfare_both_seed2.pt...
  ✓ Model loaded successfully
    Reward function: social_welfare
    Constraint type: both

[5] Running 100 Episodes (Episodes 1 to 100)...

  Starting Episode 1 (ALL state preserved - continuous play)

  Episode 10/100 Complete:
    Timesteps this episode: 199
    Total time elapsed: 995.0
    μ_M: $76.73k, μ_F: $61.31k
    Wealth Gap: $15.41k
    Episode Approval Rate M: 0.8654
    Episode Approval Rate F: 0.8829
    Episode Profit: $4708.18k
    Cumulative Profit: $17809.21k

  Starting Episode 11 (ALL state preserved - continuous play)

  Episode 20/100 Complete:
    Timesteps this episode: 199
    Total time elapsed: 1990.0
    μ_M: $96.82k, μ_F: $76.06k
    Wealth Gap: $20.76k
    Episode Approval Rate M: 0.8541
    Episode Approval Rate F: 0.8674
    Episode Profit: $5675.30k
    Cumulative Profit: $38823.62k

  Starting Episode 21 (ALL state preserved - continuous play)

  Episode 30/100 Complete:
    Timesteps this episode: 199
    Total time elapsed: 2985.0
    μ_M: $120.71k, μ_F: $94.05k
    Wealth Gap: $26.66k
    Episode Approval Rate M: 0.8525
    Episode Approval Rate F: 0.8632
    Episode Profit: $6868.52k
    Cumulative Profit: $63616.74k

  Starting Episode 31 (ALL state preserved - continuous play)

  Episode 40/100 Complete:
    Timesteps this episode: 199
    Total time elapsed: 3980.0
    μ_M: $150.89k, μ_F: $115.48k
    Wealth Gap: $35.41k
    Episode Approval Rate M: 0.8736
    Episode Approval Rate F: 0.8720
    Episode Profit: $8773.64k
    Cumulative Profit: $94586.28k

  Starting Episode 41 (ALL state preserved - continuous play)

  Episode 50/100 Complete:
    Timesteps this episode: 199
    Total time elapsed: 4975.0
    μ_M: $186.12k, μ_F: $141.64k
    Wealth Gap: $44.48k
    Episode Approval Rate M: 0.8680
    Episode Approval Rate F: 0.8633
    Episode Profit: $10172.50k
    Cumulative Profit: $129519.64k

  Starting Episode 51 (ALL state preserved - continuous play)

  Episode 60/100 Complete:
    Timesteps this episode: 199
    Total time elapsed: 5970.0
    μ_M: $226.19k, μ_F: $173.10k
    Wealth Gap: $53.09k
    Episode Approval Rate M: 0.8680
    Episode Approval Rate F: 0.8616
    Episode Profit: $11781.78k
    Cumulative Profit: $172062.99k

  Starting Episode 61 (ALL state preserved - continuous play)

  Episode 70/100 Complete:
    Timesteps this episode: 199
    Total time elapsed: 6965.0
    μ_M: $269.62k, μ_F: $210.65k
    Wealth Gap: $58.97k
    Episode Approval Rate M: 0.8588
    Episode Approval Rate F: 0.8735
    Episode Profit: $12855.00k
    Cumulative Profit: $220236.05k

  Starting Episode 71 (ALL state preserved - continuous play)

  Episode 80/100 Complete:
    Timesteps this episode: 199
    Total time elapsed: 7960.0
    μ_M: $314.36k, μ_F: $253.24k
    Wealth Gap: $61.12k
    Episode Approval Rate M: 0.8804
    Episode Approval Rate F: 0.8883
    Episode Profit: $14009.82k
    Cumulative Profit: $272514.13k

  Starting Episode 81 (ALL state preserved - continuous play)
