Job: social_welfare_both_seed3
Command: uv run python -u adult_income_training.py --seed 3 --single --reward social_welfare --constraint both --episodes 200 --weights-dir ./static_sequential_results
Started: 2026-01-22T15:44:40.146728
================================================================================

================================================================================
SINGLE REWARD FUNCTION EXPERIMENT
  Reward: SOCIAL_WELFARE
  Constraint: BOTH
  Seed: 3
================================================================================

CUDA Available: NVIDIA GeForce RTX 2080 Ti

[STEP 1] Loading Adult Income Data...
Downloading Adult Income dataset...
  Trying UCI Repository...
  ✓ Downloaded 20,000 records from UCI repository
Preprocessing Adult Income data...

  Deriving creditworthiness using income prediction model...

Male applicants: 13519
Female applicants: 6481
Male high-income rate: 0.312
Female high-income rate: 0.116

[STEP 2] Learning θ Parameters...

[STEP 3] Creating Environment...

[STEP 4] Training Agent...
  Using device: cuda
Training with social_welfare (both constraint)...
  Episode 0: Reward=258366.088, Avg=258366.088, λ_w=2.0201, λ_a=2.0201, ρ=1.172
  Episode 20: Reward=291079.870, Avg=272188.662, λ_w=2.4674, λ_a=2.3514, ρ=1.188
  Episode 40: Reward=368928.290, Avg=334067.938, λ_w=3.0136, λ_a=2.7527, ρ=1.633
  Episode 60: Reward=440223.190, Avg=396584.466, λ_w=3.6809, λ_a=3.2114, ρ=1.128
  Episode 80: Reward=522551.075, Avg=490117.690, λ_w=4.4958, λ_a=3.7687, ρ=1.144
  Episode 100: Reward=637814.630, Avg=582283.978, λ_w=5.4912, λ_a=4.3766, ρ=1.316
  Episode 120: Reward=780442.260, Avg=703296.733, λ_w=6.7070, λ_a=5.0146, ρ=1.246
  Episode 140: Reward=926944.896, Avg=862866.676, λ_w=8.1919, λ_a=5.6751, ρ=1.433
  Episode 160: Reward=1162887.232, Avg=1063372.246, λ_w=10.0056, λ_a=6.2924, ρ=1.139
  Episode 180: Reward=1339843.196, Avg=1279049.017, λ_w=12.2209, λ_a=6.7302, ρ=1.099

[STEP 5] Running Test Episode...

============================================================
TRAINING COMPLETE: social_welfare (both)
============================================================
  Initial wealth gap: $12.525k
  Final wealth gap: $12.560k
  Approval disparity: 0.0072
  Total profit: $312.427k
  Final λ_wealth: 14.7781
  Final λ_approval: 7.3633

  --- Episode-Level Metrics (Training) ---
  ρ (inequality ratio): mean=1.2743, std=0.2490
  R_M (male welfare):   final=0.000010
  R_F (female welfare): final=0.000010
  R_M / R_F:            0.9258

[STEP 6] Saving Model Weights...
  Model saved to ./static_sequential_results/social_welfare_both_seed3.pt
  Saved to: ./static_sequential_results/social_welfare_both_seed3.pt
================================================================================
TESTING TRAINED AGENT (EPISODE-WISE METRICS)
================================================================================
  Model: ./static_sequential_results/social_welfare_both_seed3.pt
  Episodes: 100
  Continuous play: YES (no wealth reset between episodes)
  Credit threshold for ground truth: 0.5
  Checkpoint directory: ./checkpoints
  Resume from checkpoint: True
================================================================================

[1] Loading Data...
Downloading Adult Income dataset...
Preprocessing Adult Income data...

  Deriving creditworthiness (ground truth) using income prediction model...

Male applicants: 13519
Female applicants: 6481
Male ground truth approval rate: 0.180
Female ground truth approval rate: 0.087
Loading model from ./static_sequential_results/social_welfare_both_seed3.pt...
  ✓ Model loaded successfully
    Reward function: social_welfare
    Constraint type: both

[5] Running 100 Episodes (Episodes 1 to 100)...

  Starting Episode 1 (ALL state preserved - continuous play)

  Episode 10/100 Complete:
    Timesteps this episode: 199
    Total time elapsed: 995.0
    μ_M: $63.01k, μ_F: $49.91k
    Wealth Gap: $13.10k
    Episode Approval Rate M: 0.1680
    Episode Approval Rate F: 0.1247
    Episode Profit: $615.31k
    Cumulative Profit: $2225.56k

  Starting Episode 11 (ALL state preserved - continuous play)

  Episode 20/100 Complete:
    Timesteps this episode: 199
    Total time elapsed: 1990.0
    μ_M: $65.21k, μ_F: $51.60k
    Wealth Gap: $13.60k
    Episode Approval Rate M: 0.1476
    Episode Approval Rate F: 0.1743
    Episode Profit: $719.90k
    Cumulative Profit: $4376.25k

  Starting Episode 21 (ALL state preserved - continuous play)

  Episode 30/100 Complete:
    Timesteps this episode: 199
    Total time elapsed: 2985.0
    μ_M: $67.32k, μ_F: $53.33k
    Wealth Gap: $13.99k
    Episode Approval Rate M: 0.1381
    Episode Approval Rate F: 0.1663
    Episode Profit: $675.12k
    Cumulative Profit: $7111.42k

  Starting Episode 31 (ALL state preserved - continuous play)

  Episode 40/100 Complete:
    Timesteps this episode: 199
    Total time elapsed: 3980.0
    μ_M: $69.58k, μ_F: $55.14k
    Wealth Gap: $14.44k
    Episode Approval Rate M: 0.1364
    Episode Approval Rate F: 0.1575
    Episode Profit: $676.01k
    Cumulative Profit: $9172.23k

  Starting Episode 41 (ALL state preserved - continuous play)

  Episode 50/100 Complete:
    Timesteps this episode: 199
    Total time elapsed: 4975.0
    μ_M: $71.61k, μ_F: $56.85k
    Wealth Gap: $14.76k
    Episode Approval Rate M: 0.1479
    Episode Approval Rate F: 0.1185
    Episode Profit: $595.75k
    Cumulative Profit: $11511.62k

  Starting Episode 51 (ALL state preserved - continuous play)

  Episode 60/100 Complete:
    Timesteps this episode: 199
    Total time elapsed: 5970.0
    μ_M: $73.93k, μ_F: $58.74k
    Wealth Gap: $15.19k
    Episode Approval Rate M: 0.1320
    Episode Approval Rate F: 0.1597
    Episode Profit: $638.92k
    Cumulative Profit: $14017.99k

  Starting Episode 61 (ALL state preserved - continuous play)

  Episode 70/100 Complete:
    Timesteps this episode: 199
    Total time elapsed: 6965.0
    μ_M: $76.32k, μ_F: $60.59k
    Wealth Gap: $15.73k
    Episode Approval Rate M: 0.1381
    Episode Approval Rate F: 0.1257
    Episode Profit: $633.12k
    Cumulative Profit: $15865.66k

  Starting Episode 71 (ALL state preserved - continuous play)

  Episode 80/100 Complete:
    Timesteps this episode: 199
    Total time elapsed: 7960.0
    μ_M: $78.65k, μ_F: $62.51k
    Wealth Gap: $16.14k
    Episode Approval Rate M: 0.1281
    Episode Approval Rate F: 0.1517
    Episode Profit: $701.03k
    Cumulative Profit: $18405.77k

  Starting Episode 81 (ALL state preserved - continuous play)

  Episode 90/100 Complete:
    Timesteps this episode: 199
    Total time elapsed: 8955.0
    μ_M: $81.12k, μ_F: $64.40k
    Wealth Gap: $16.73k
    Episode Approval Rate M: 0.1318
    Episode Approval Rate F: 0.1403
    Episode Profit: $679.30k
    Cumulative Profit: $21355.16k

  Starting Episode 91 (ALL state preserved - continuous play)

  Episode 100/100 Complete:
    Timesteps this episode: 199
    Total time elapsed: 9950.0
    μ_M: $83.72k, μ_F: $66.35k
    Wealth Gap: $17.37k
    Episode Approval Rate M: 0.1207
    Episode Approval Rate F: 0.1143
    Episode Profit: $621.29k
    Cumulative Profit: $23897.21k

[6] Computing Final Metrics...

================================================================================
FINAL TESTING RESULTS
================================================================================

  Model: social_welfare (both)
  Episodes: 100
  Total Time: 9950.0
  Hawkes Events (M/F): 9180/7329

  --- Wealth Metrics ---
  Initial μ_M,0: $60.82k
  Initial μ_F,0: $48.29k
  Final μ_M: $83.72k
  Final μ_F: $66.35k
  Final Wealth Gap: $17.37k

  --- Long-term Social Welfare R_g(t) = (μ_g,t - μ_g,0) / t ---
  R_M (Male):   0.002302 ($1000s per time unit)
  R_F (Female): 0.001815 ($1000s per time unit)
  R_total:      0.002058 ($1000s per time unit)
  R_M / R_F:    1.2681

  --- Inequality Ratio ρ = Δμ_M / Δμ_F (per episode) ---
  Mean ρ:   1.2993
  Std ρ:    0.2853
  Min ρ:    0.6158
  Max ρ:    2.3108
  Last 5 episodes: ['1.151', '1.567', '1.428', '1.697', '1.143']

  --- Approval Metrics ---
  Total Applications M: 67202
  Total Applications F: 52639
  Total Loans Approved M: 9180
  Total Loans Approved F: 7329
  Final Approval Rate M: 0.1366
  Final Approval Rate F: 0.1392

  --- Success Probabilities ---
  Total Defaults M: 786
  Total Defaults F: 602
  Final Success Prob M: 0.9144
  Final Success Prob F: 0.9179

  --- Ground Truth Comparison (Males) ---
  True Positives:  1911
  False Positives: 7269
  True Negatives:  45680
  False Negatives: 12342
  Accuracy:  0.7082
  Precision: 0.2082
  Recall:    0.1341

  --- Ground Truth Comparison (Females) ---
  True Positives:  824
  False Positives: 6505
  True Negatives:  40274
  False Negatives: 5036
  Accuracy:  0.7808
  Precision: 0.1124
  Recall:    0.1406

  --- Profit ---
  Cumulative Profit: $23897.21k

[7] Saving Results...
  Saved episode metrics to ./static_sequential_results/test_episode_metrics_social_welfare_both_seed3_20260122_155610.csv

================================================================================
Finished: 2026-01-22T15:56:11.070686
Exit code: 0
Test Exit code: 0
