Job: social_welfare_approval_rate_seed1
Command: uv run python -u adult_income_training.py --seed 1 --single --reward social_welfare --constraint approval_rate --episodes 200 --weights-dir ./static_sequential_results
Started: 2026-01-22T11:26:22.015850
================================================================================

================================================================================
SINGLE REWARD FUNCTION EXPERIMENT
  Reward: SOCIAL_WELFARE
  Constraint: APPROVAL_RATE
  Seed: 1
================================================================================

CUDA Available: NVIDIA GeForce RTX 2080 Ti

[STEP 1] Loading Adult Income Data...
Downloading Adult Income dataset...
  Trying UCI Repository...
  ✓ Downloaded 20,000 records from UCI repository
Preprocessing Adult Income data...

  Deriving creditworthiness using income prediction model...

Male applicants: 13519
Female applicants: 6481
Male high-income rate: 0.312
Female high-income rate: 0.116

[STEP 2] Learning θ Parameters...

[STEP 3] Creating Environment...

[STEP 4] Training Agent...
  Using device: cuda
Training with social_welfare (approval_rate constraint)...
  Episode 0: Reward=1831.963, Avg=1831.963, λ_a=2.0201, ρ=1.076, R_M=0.0067, R_F=0.0063
  Episode 20: Reward=3263.035, Avg=2749.041, λ_a=2.3812, ρ=1.187, R_M=0.0005, R_F=0.0005
  Episode 40: Reward=3674.955, Avg=3520.633, λ_a=2.9022, ρ=1.101, R_M=0.0003, R_F=0.0002
  Episode 60: Reward=4749.355, Avg=4311.705, λ_a=3.4095, ρ=1.314, R_M=0.0002, R_F=0.0002
  Episode 80: Reward=5628.249, Avg=5048.197, λ_a=4.1774, ρ=1.178, R_M=0.0002, R_F=0.0002
  Episode 100: Reward=6670.877, Avg=6239.679, λ_a=5.0300, ρ=1.154, R_M=0.0001, R_F=0.0001
  Episode 120: Reward=8356.643, Avg=7529.705, λ_a=6.2750, ρ=1.355, R_M=0.0001, R_F=0.0001
  Episode 140: Reward=9583.154, Avg=8825.728, λ_a=7.9401, ρ=1.262, R_M=0.0001, R_F=0.0001
  Episode 160: Reward=11639.320, Avg=10617.598, λ_a=9.9742, ρ=1.271, R_M=0.0001, R_F=0.0001
  Episode 180: Reward=13798.319, Avg=12548.698, λ_a=13.3172, ρ=1.282, R_M=0.0001, R_F=0.0001

[STEP 5] Running Test Episode...

============================================================
TRAINING COMPLETE: social_welfare (approval_rate)
============================================================
  Initial wealth gap: $12.525k
  Final wealth gap: $12.905k
  Approval disparity: -0.0069
  Total profit: $1658.546k
  Final λ_approval: 17.5881

  --- Episode-Level Metrics (Training) ---
  ρ (inequality ratio): mean=1.2549, std=0.1129
  R_M (male welfare):   final=0.000086
  R_F (female welfare): final=0.000063
  R_M / R_F:            1.3732

[STEP 6] Saving Model Weights...
  Model saved to ./static_sequential_results/social_welfare_approval_rate_seed1.pt
  Saved to: ./static_sequential_results/social_welfare_approval_rate_seed1.pt
================================================================================
TESTING TRAINED AGENT (EPISODE-WISE METRICS)
================================================================================
  Model: ./static_sequential_results/social_welfare_approval_rate_seed1.pt
  Episodes: 100
  Continuous play: YES (no wealth reset between episodes)
  Credit threshold for ground truth: 0.5
  Checkpoint directory: ./checkpoints
  Resume from checkpoint: True
================================================================================

[1] Loading Data...
Downloading Adult Income dataset...
Preprocessing Adult Income data...

  Deriving creditworthiness (ground truth) using income prediction model...

Male applicants: 13519
Female applicants: 6481
Male ground truth approval rate: 0.180
Female ground truth approval rate: 0.087
Loading model from ./static_sequential_results/social_welfare_approval_rate_seed1.pt...
  ✓ Model loaded successfully
    Reward function: social_welfare
    Constraint type: approval_rate

[5] Running 100 Episodes (Episodes 1 to 100)...

  Starting Episode 1 (ALL state preserved - continuous play)

  Episode 10/100 Complete:
    Timesteps this episode: 199
    Total time elapsed: 995.0
    μ_M: $77.78k, μ_F: $61.63k
    Wealth Gap: $16.14k
    Episode Approval Rate M: 0.8830
    Episode Approval Rate F: 0.8699
    Episode Profit: $5084.46k
    Cumulative Profit: $16866.43k

  Starting Episode 11 (ALL state preserved - continuous play)

  Episode 20/100 Complete:
    Timesteps this episode: 199
    Total time elapsed: 1990.0
    μ_M: $98.09k, μ_F: $76.71k
    Wealth Gap: $21.38k
    Episode Approval Rate M: 0.8639
    Episode Approval Rate F: 0.8967
    Episode Profit: $5801.59k
    Cumulative Profit: $39098.51k

  Starting Episode 21 (ALL state preserved - continuous play)

  Episode 30/100 Complete:
    Timesteps this episode: 199
    Total time elapsed: 2985.0
    μ_M: $124.04k, μ_F: $95.51k
    Wealth Gap: $28.54k
    Episode Approval Rate M: 0.8952
    Episode Approval Rate F: 0.8796
    Episode Profit: $7650.45k
    Cumulative Profit: $64242.48k

  Starting Episode 31 (ALL state preserved - continuous play)

  Episode 40/100 Complete:
    Timesteps this episode: 199
    Total time elapsed: 3980.0
    μ_M: $155.26k, μ_F: $118.21k
    Wealth Gap: $37.05k
    Episode Approval Rate M: 0.8906
    Episode Approval Rate F: 0.9038
    Episode Profit: $9358.83k
    Cumulative Profit: $95720.19k

  Starting Episode 41 (ALL state preserved - continuous play)

  Episode 50/100 Complete:
    Timesteps this episode: 199
    Total time elapsed: 4975.0
    μ_M: $192.34k, μ_F: $146.83k
    Wealth Gap: $45.51k
    Episode Approval Rate M: 0.8824
    Episode Approval Rate F: 0.8820
    Episode Profit: $10691.14k
    Cumulative Profit: $132829.68k

  Starting Episode 51 (ALL state preserved - continuous play)

  Episode 60/100 Complete:
    Timesteps this episode: 199
    Total time elapsed: 5970.0
    μ_M: $234.07k, μ_F: $181.10k
    Wealth Gap: $52.97k
    Episode Approval Rate M: 0.8904
    Episode Approval Rate F: 0.8856
    Episode Profit: $12491.09k
    Cumulative Profit: $176010.75k

  Starting Episode 61 (ALL state preserved - continuous play)

  Episode 70/100 Complete:
    Timesteps this episode: 199
    Total time elapsed: 6965.0
    μ_M: $279.65k, μ_F: $221.70k
    Wealth Gap: $57.95k
    Episode Approval Rate M: 0.8933
    Episode Approval Rate F: 0.8723
    Episode Profit: $13474.66k
    Cumulative Profit: $225338.00k

  Starting Episode 71 (ALL state preserved - continuous play)

  Episode 80/100 Complete:
    Timesteps this episode: 199
    Total time elapsed: 7960.0
    μ_M: $326.57k, μ_F: $265.68k
    Wealth Gap: $60.88k
    Episode Approval Rate M: 0.8750
    Episode Approval Rate F: 0.8787
    Episode Profit: $14005.12k
    Cumulative Profit: $279656.72k

  Starting Episode 81 (ALL state preserved - continuous play)

  Episode 90/100 Complete:
    Timesteps this episode: 199
    Total time elapsed: 8955.0
    μ_M: $374.17k, μ_F: $312.96k
    Wealth Gap: $61.21k
    Episode Approval Rate M: 0.8755
    Episode Approval Rate F: 0.8951
    Episode Profit: $14556.97k
    Cumulative Profit: $334829.26k

  Starting Episode 91 (ALL state preserved - continuous play)

  Episode 100/100 Complete:
    Timesteps this episode: 199
    Total time elapsed: 9950.0
    μ_M: $421.54k, μ_F: $360.84k
    Wealth Gap: $60.70k
    Episode Approval Rate M: 0.8835
    Episode Approval Rate F: 0.8808
    Episode Profit: $14623.07k
    Cumulative Profit: $392595.87k

[6] Computing Final Metrics...

================================================================================
FINAL TESTING RESULTS
================================================================================

  Model: social_welfare (approval_rate)
  Episodes: 100
  Total Time: 9950.0
  Hawkes Events (M/F): 131961/113409

  --- Wealth Metrics ---
  Initial μ_M,0: $60.82k
  Initial μ_F,0: $48.29k
  Final μ_M: $421.54k
  Final μ_F: $360.84k
  Final Wealth Gap: $60.70k

  --- Long-term Social Welfare R_g(t) = (μ_g,t - μ_g,0) / t ---
  R_M (Male):   0.036254 ($1000s per time unit)
  R_F (Female): 0.031412 ($1000s per time unit)
  R_total:      0.033833 ($1000s per time unit)
  R_M / R_F:    1.1542

  --- Inequality Ratio ρ = Δμ_M / Δμ_F (per episode) ---
  Mean ρ:   1.2109
  Std ρ:    0.1702
  Min ρ:    0.9488
  Max ρ:    1.6747
  Last 5 episodes: ['1.003', '1.010', '0.964', '1.052', '0.968']

  --- Approval Metrics ---
  Total Applications M: 149456
  Total Applications F: 127871
  Total Loans Approved M: 131961
  Total Loans Approved F: 113409
  Final Approval Rate M: 0.8829
  Final Approval Rate F: 0.8869

  --- Success Probabilities ---
  Total Defaults M: 11246
  Total Defaults F: 9572
  Final Success Prob M: 0.9148
  Final Success Prob F: 0.9156

  --- Ground Truth Comparison (Males) ---
  True Positives:  24692
  False Positives: 107269
  True Negatives:  14093
  False Negatives: 3402
  Accuracy:  0.2595
  Precision: 0.1871
  Recall:    0.8789

  --- Ground Truth Comparison (Females) ---
  True Positives:  11387
  False Positives: 102022
  True Negatives:  13003
  False Negatives: 1459
  Accuracy:  0.1907
  Precision: 0.1004
  Recall:    0.8864

  --- Profit ---
  Cumulative Profit: $392595.87k

[7] Saving Results...
  Saved episode metrics to ./static_sequential_results/test_episode_metrics_social_welfare_approval_rate_seed1_20260122_121030.csv

================================================================================
Finished: 2026-01-22T12:10:31.496193
Exit code: 0
Test Exit code: 0
