Job: social_welfare_wealth_seed2
Command: uv run python -u adult_income_training.py --seed 2 --single --reward social_welfare --constraint wealth --episodes 200 --weights-dir ./static_sequential_results
Started: 2026-01-22T14:02:03.600208
================================================================================

================================================================================
SINGLE REWARD FUNCTION EXPERIMENT
  Reward: SOCIAL_WELFARE
  Constraint: WEALTH
  Seed: 2
================================================================================

CUDA Available: NVIDIA GeForce RTX 2080 Ti

[STEP 1] Loading Adult Income Data...
Downloading Adult Income dataset...
  Trying UCI Repository...
  ✓ Downloaded 20,000 records from UCI repository
Preprocessing Adult Income data...

  Deriving creditworthiness using income prediction model...

Male applicants: 13519
Female applicants: 6481
Male high-income rate: 0.312
Female high-income rate: 0.116

[STEP 2] Learning θ Parameters...

[STEP 3] Creating Environment...

[STEP 4] Training Agent...
  Using device: cuda
Training with social_welfare (wealth constraint)...
  Episode 0: Reward=241211.521, Avg=241211.521, λ_w=2.0201, ρ=0.946, R_M=0.0078, R_F=0.0083
  Episode 20: Reward=293256.063, Avg=271714.992, λ_w=2.4674, ρ=1.378, R_M=0.0004, R_F=0.0003
  Episode 40: Reward=351021.900, Avg=332394.990, λ_w=3.0136, ρ=1.292, R_M=0.0002, R_F=0.0002
  Episode 60: Reward=443148.581, Avg=407371.791, λ_w=3.6809, ρ=1.293, R_M=0.0001, R_F=0.0001
  Episode 80: Reward=542250.928, Avg=505643.592, λ_w=4.4958, ρ=1.139, R_M=0.0002, R_F=0.0001
  Episode 100: Reward=646679.617, Avg=622122.357, λ_w=5.4912, ρ=1.270, R_M=0.0001, R_F=0.0001
  Episode 120: Reward=849859.669, Avg=744610.222, λ_w=6.7070, ρ=1.079, R_M=0.0001, R_F=0.0001
  Episode 140: Reward=997039.553, Avg=909665.278, λ_w=8.1919, ρ=1.275, R_M=0.0001, R_F=0.0000
  Episode 160: Reward=1182435.999, Avg=1091205.555, λ_w=10.0056, ρ=1.342, R_M=0.0001, R_F=0.0000
  Episode 180: Reward=1399667.986, Avg=1330395.070, λ_w=12.2209, ρ=1.299, R_M=0.0000, R_F=0.0000

[STEP 5] Running Test Episode...

============================================================
TRAINING COMPLETE: social_welfare (wealth)
============================================================
  Initial wealth gap: $12.525k
  Final wealth gap: $12.677k
  Approval disparity: -0.0001
  Total profit: $1201.132k
  Final λ_wealth: 14.7781

  --- Episode-Level Metrics (Training) ---
  ρ (inequality ratio): mean=1.2550, std=0.1458
  R_M (male welfare):   final=0.000041
  R_F (female welfare): final=0.000035
  R_M / R_F:            1.1786

[STEP 6] Saving Model Weights...
  Model saved to ./static_sequential_results/social_welfare_wealth_seed2.pt
  Saved to: ./static_sequential_results/social_welfare_wealth_seed2.pt
================================================================================
TESTING TRAINED AGENT (EPISODE-WISE METRICS)
================================================================================
  Model: ./static_sequential_results/social_welfare_wealth_seed2.pt
  Episodes: 100
  Continuous play: YES (no wealth reset between episodes)
  Credit threshold for ground truth: 0.5
  Checkpoint directory: ./checkpoints
  Resume from checkpoint: True
================================================================================

[1] Loading Data...
Downloading Adult Income dataset...
Preprocessing Adult Income data...

  Deriving creditworthiness (ground truth) using income prediction model...

Male applicants: 13519
Female applicants: 6481
Male ground truth approval rate: 0.180
Female ground truth approval rate: 0.087
Loading model from ./static_sequential_results/social_welfare_wealth_seed2.pt...
  ✓ Model loaded successfully
    Reward function: social_welfare
    Constraint type: wealth

[5] Running 100 Episodes (Episodes 1 to 100)...

  Starting Episode 1 (ALL state preserved - continuous play)

  Episode 10/100 Complete:
    Timesteps this episode: 199
    Total time elapsed: 995.0
    μ_M: $69.48k, μ_F: $55.26k
    Wealth Gap: $14.22k
    Episode Approval Rate M: 0.5053
    Episode Approval Rate F: 0.4876
    Episode Profit: $2415.27k
    Cumulative Profit: $8668.50k

  Starting Episode 11 (ALL state preserved - continuous play)

  Episode 20/100 Complete:
    Timesteps this episode: 199
    Total time elapsed: 1990.0
    μ_M: $78.66k, μ_F: $62.91k
    Wealth Gap: $15.76k
    Episode Approval Rate M: 0.4814
    Episode Approval Rate F: 0.5177
    Episode Profit: $2656.15k
    Cumulative Profit: $18859.04k

  Starting Episode 21 (ALL state preserved - continuous play)

  Episode 30/100 Complete:
    Timesteps this episode: 199
    Total time elapsed: 2985.0
    μ_M: $89.42k, μ_F: $71.07k
    Wealth Gap: $18.35k
    Episode Approval Rate M: 0.4922
    Episode Approval Rate F: 0.4835
    Episode Profit: $2851.13k
    Cumulative Profit: $28479.14k

  Starting Episode 31 (ALL state preserved - continuous play)

  Episode 40/100 Complete:
    Timesteps this episode: 199
    Total time elapsed: 3980.0
    μ_M: $100.70k, μ_F: $80.23k
    Wealth Gap: $20.47k
    Episode Approval Rate M: 0.4782
    Episode Approval Rate F: 0.5175
    Episode Profit: $3365.42k
    Cumulative Profit: $42165.10k

  Starting Episode 41 (ALL state preserved - continuous play)

  Episode 50/100 Complete:
    Timesteps this episode: 199
    Total time elapsed: 4975.0
    μ_M: $113.92k, μ_F: $90.05k
    Wealth Gap: $23.86k
    Episode Approval Rate M: 0.5079
    Episode Approval Rate F: 0.5089
    Episode Profit: $3723.61k
    Cumulative Profit: $55838.32k

  Starting Episode 51 (ALL state preserved - continuous play)

  Episode 60/100 Complete:
    Timesteps this episode: 199
    Total time elapsed: 5970.0
    μ_M: $128.65k, μ_F: $100.96k
    Wealth Gap: $27.69k
    Episode Approval Rate M: 0.5240
    Episode Approval Rate F: 0.4976
    Episode Profit: $4140.23k
    Cumulative Profit: $69508.52k

  Starting Episode 61 (ALL state preserved - continuous play)

  Episode 70/100 Complete:
    Timesteps this episode: 199
    Total time elapsed: 6965.0
    μ_M: $145.32k, μ_F: $113.19k
    Wealth Gap: $32.13k
    Episode Approval Rate M: 0.5150
    Episode Approval Rate F: 0.4817
    Episode Profit: $4644.21k
    Cumulative Profit: $85425.42k

  Starting Episode 71 (ALL state preserved - continuous play)

  Episode 80/100 Complete:
    Timesteps this episode: 199
    Total time elapsed: 7960.0
    μ_M: $163.94k, μ_F: $126.67k
    Wealth Gap: $37.27k
    Episode Approval Rate M: 0.5283
    Episode Approval Rate F: 0.4964
    Episode Profit: $5010.14k
    Cumulative Profit: $103016.54k

  Starting Episode 81 (ALL state preserved - continuous play)

  Episode 90/100 Complete:
    Timesteps this episode: 199
    Total time elapsed: 8955.0
    μ_M: $183.67k, μ_F: $142.11k
    Wealth Gap: $41.56k
    Episode Approval Rate M: 0.5131
    Episode Approval Rate F: 0.5126
    Episode Profit: $5649.94k
    Cumulative Profit: $122727.92k

  Starting Episode 91 (ALL state preserved - continuous play)

  Episode 100/100 Complete:
    Timesteps this episode: 199
    Total time elapsed: 9950.0
    μ_M: $204.73k, μ_F: $159.43k
    Wealth Gap: $45.30k
    Episode Approval Rate M: 0.5050
    Episode Approval Rate F: 0.5301
    Episode Profit: $6354.59k
    Cumulative Profit: $146346.39k

[6] Computing Final Metrics...

================================================================================
FINAL TESTING RESULTS
================================================================================

  Model: social_welfare (wealth)
  Episodes: 100
  Total Time: 9950.0
  Hawkes Events (M/F): 53900/41297

  --- Wealth Metrics ---
  Initial μ_M,0: $60.82k
  Initial μ_F,0: $48.29k
  Final μ_M: $204.73k
  Final μ_F: $159.43k
  Final Wealth Gap: $45.30k

  --- Long-term Social Welfare R_g(t) = (μ_g,t - μ_g,0) / t ---
  R_M (Male):   0.014464 ($1000s per time unit)
  R_F (Female): 0.011170 ($1000s per time unit)
  R_total:      0.012817 ($1000s per time unit)
  R_M / R_F:    1.2949

  --- Inequality Ratio ρ = Δμ_M / Δμ_F (per episode) ---
  Mean ρ:   1.2998
  Std ρ:    0.1444
  Min ρ:    0.8313
  Max ρ:    1.7035
  Last 5 episodes: ['1.310', '1.145', '1.093', '1.259', '1.165']

  --- Approval Metrics ---
  Total Applications M: 107630
  Total Applications F: 82018
  Total Loans Approved M: 53900
  Total Loans Approved F: 41297
  Final Approval Rate M: 0.5008
  Final Approval Rate F: 0.5035

  --- Success Probabilities ---
  Total Defaults M: 4550
  Total Defaults F: 3529
  Final Success Prob M: 0.9156
  Final Success Prob F: 0.9145

  --- Ground Truth Comparison (Males) ---
  True Positives:  10805
  False Positives: 43095
  True Negatives:  43029
  False Negatives: 10701
  Accuracy:  0.5002
  Precision: 0.2005
  Recall:    0.5024

  --- Ground Truth Comparison (Females) ---
  True Positives:  4374
  False Positives: 36923
  True Negatives:  36212
  False Negatives: 4509
  Accuracy:  0.4948
  Precision: 0.1059
  Recall:    0.4924

  --- Profit ---
  Cumulative Profit: $146346.39k

[7] Saving Results...
  Saved episode metrics to ./static_sequential_results/test_episode_metrics_social_welfare_wealth_seed2_20260122_142446.csv

================================================================================
Finished: 2026-01-22T14:24:46.971859
Exit code: 0
Test Exit code: 0
