Job: social_welfare_both_seed1
Command: uv run python -u adult_income_training.py --seed 1 --single --reward social_welfare --constraint both --episodes 200 --weights-dir ./static_sequential_results
Started: 2026-01-22T14:41:47.080263
================================================================================

================================================================================
SINGLE REWARD FUNCTION EXPERIMENT
  Reward: SOCIAL_WELFARE
  Constraint: BOTH
  Seed: 1
================================================================================

CUDA Available: NVIDIA GeForce RTX 2080 Ti

[STEP 1] Loading Adult Income Data...
Downloading Adult Income dataset...
  Trying UCI Repository...
  ✓ Downloaded 20,000 records from UCI repository
Preprocessing Adult Income data...

  Deriving creditworthiness using income prediction model...

Male applicants: 13519
Female applicants: 6481
Male high-income rate: 0.312
Female high-income rate: 0.116

[STEP 2] Learning θ Parameters...

[STEP 3] Creating Environment...

[STEP 4] Training Agent...
  Using device: cuda
Training with social_welfare (both constraint)...
  Episode 0: Reward=240249.621, Avg=240249.621, λ_w=2.0201, λ_a=2.0201, ρ=1.076
  Episode 20: Reward=291000.650, Avg=274952.279, λ_w=2.4674, λ_a=2.3672, ρ=1.077
  Episode 40: Reward=359843.218, Avg=337084.449, λ_w=3.0136, λ_a=2.7411, ρ=1.232
  Episode 60: Reward=473694.284, Avg=411607.964, λ_w=3.6809, λ_a=3.2370, ρ=1.328
  Episode 80: Reward=527967.774, Avg=495523.044, λ_w=4.4958, λ_a=3.7794, ρ=1.145
  Episode 100: Reward=644931.539, Avg=607327.589, λ_w=5.4912, λ_a=4.3656, ρ=1.219
  Episode 120: Reward=839777.654, Avg=743848.245, λ_w=6.7070, λ_a=5.0000, ρ=1.362
  Episode 140: Reward=949094.722, Avg=904603.885, λ_w=8.1919, λ_a=5.8358, ρ=1.330
  Episode 160: Reward=1261757.577, Avg=1101317.403, λ_w=10.0056, λ_a=6.7554, ρ=1.297
  Episode 180: Reward=1426588.552, Avg=1344334.438, λ_w=12.2209, λ_a=7.7359, ρ=1.181

[STEP 5] Running Test Episode...

============================================================
TRAINING COMPLETE: social_welfare (both)
============================================================
  Initial wealth gap: $12.525k
  Final wealth gap: $12.788k
  Approval disparity: -0.0356
  Total profit: $1263.501k
  Final λ_wealth: 14.7781
  Final λ_approval: 8.7784

  --- Episode-Level Metrics (Training) ---
  ρ (inequality ratio): mean=1.2570, std=0.1411
  R_M (male welfare):   final=0.000040
  R_F (female welfare): final=0.000034
  R_M / R_F:            1.1962

[STEP 6] Saving Model Weights...
  Model saved to ./static_sequential_results/social_welfare_both_seed1.pt
  Saved to: ./static_sequential_results/social_welfare_both_seed1.pt
================================================================================
TESTING TRAINED AGENT (EPISODE-WISE METRICS)
================================================================================
  Model: ./static_sequential_results/social_welfare_both_seed1.pt
  Episodes: 100
  Continuous play: YES (no wealth reset between episodes)
  Credit threshold for ground truth: 0.5
  Checkpoint directory: ./checkpoints
  Resume from checkpoint: True
================================================================================

[1] Loading Data...
Downloading Adult Income dataset...
Preprocessing Adult Income data...

  Deriving creditworthiness (ground truth) using income prediction model...

Male applicants: 13519
Female applicants: 6481
Male ground truth approval rate: 0.180
Female ground truth approval rate: 0.087
Loading model from ./static_sequential_results/social_welfare_both_seed1.pt...
  ✓ Model loaded successfully
    Reward function: social_welfare
    Constraint type: both

[5] Running 100 Episodes (Episodes 1 to 100)...

  Starting Episode 1 (ALL state preserved - continuous play)

  Episode 10/100 Complete:
    Timesteps this episode: 199
    Total time elapsed: 995.0
    μ_M: $69.12k, μ_F: $55.43k
    Wealth Gap: $13.69k
    Episode Approval Rate M: 0.4971
    Episode Approval Rate F: 0.5203
    Episode Profit: $2475.30k
    Cumulative Profit: $9386.83k

  Starting Episode 11 (ALL state preserved - continuous play)

  Episode 20/100 Complete:
    Timesteps this episode: 199
    Total time elapsed: 1990.0
    μ_M: $78.00k, μ_F: $63.13k
    Wealth Gap: $14.88k
    Episode Approval Rate M: 0.4878
    Episode Approval Rate F: 0.4939
    Episode Profit: $2581.22k
    Cumulative Profit: $19042.59k

  Starting Episode 21 (ALL state preserved - continuous play)

  Episode 30/100 Complete:
    Timesteps this episode: 199
    Total time elapsed: 2985.0
    μ_M: $88.72k, μ_F: $71.18k
    Wealth Gap: $17.54k
    Episode Approval Rate M: 0.5210
    Episode Approval Rate F: 0.5237
    Episode Profit: $3377.46k
    Cumulative Profit: $31457.28k

  Starting Episode 31 (ALL state preserved - continuous play)

  Episode 40/100 Complete:
    Timesteps this episode: 199
    Total time elapsed: 3980.0
    μ_M: $100.69k, μ_F: $80.16k
    Wealth Gap: $20.53k
    Episode Approval Rate M: 0.5134
    Episode Approval Rate F: 0.5145
    Episode Profit: $3607.94k
    Cumulative Profit: $43633.04k

  Starting Episode 41 (ALL state preserved - continuous play)

  Episode 50/100 Complete:
    Timesteps this episode: 199
    Total time elapsed: 4975.0
    μ_M: $114.13k, μ_F: $90.19k
    Wealth Gap: $23.94k
    Episode Approval Rate M: 0.4850
    Episode Approval Rate F: 0.5146
    Episode Profit: $3644.85k
    Cumulative Profit: $57097.88k

  Starting Episode 51 (ALL state preserved - continuous play)

  Episode 60/100 Complete:
    Timesteps this episode: 199
    Total time elapsed: 5970.0
    μ_M: $129.16k, μ_F: $101.14k
    Wealth Gap: $28.03k
    Episode Approval Rate M: 0.4942
    Episode Approval Rate F: 0.5028
    Episode Profit: $4310.29k
    Cumulative Profit: $71364.11k

  Starting Episode 61 (ALL state preserved - continuous play)

  Episode 70/100 Complete:
    Timesteps this episode: 199
    Total time elapsed: 6965.0
    μ_M: $146.23k, μ_F: $113.52k
    Wealth Gap: $32.71k
    Episode Approval Rate M: 0.5373
    Episode Approval Rate F: 0.4844
    Episode Profit: $4698.71k
    Cumulative Profit: $87594.52k

  Starting Episode 71 (ALL state preserved - continuous play)

  Episode 80/100 Complete:
    Timesteps this episode: 199
    Total time elapsed: 7960.0
    μ_M: $164.69k, μ_F: $127.46k
    Wealth Gap: $37.23k
    Episode Approval Rate M: 0.4846
    Episode Approval Rate F: 0.4990
    Episode Profit: $4751.89k
    Cumulative Profit: $104842.43k

  Starting Episode 81 (ALL state preserved - continuous play)

  Episode 90/100 Complete:
    Timesteps this episode: 199
    Total time elapsed: 8955.0
    μ_M: $184.39k, μ_F: $142.85k
    Wealth Gap: $41.54k
    Episode Approval Rate M: 0.5035
    Episode Approval Rate F: 0.4895
    Episode Profit: $5754.68k
    Cumulative Profit: $127489.71k

  Starting Episode 91 (ALL state preserved - continuous play)

  Episode 100/100 Complete:
    Timesteps this episode: 199
    Total time elapsed: 9950.0
    μ_M: $206.51k, μ_F: $160.28k
    Wealth Gap: $46.22k
    Episode Approval Rate M: 0.5120
    Episode Approval Rate F: 0.4902
    Episode Profit: $6234.54k
    Cumulative Profit: $149234.66k

[6] Computing Final Metrics...

================================================================================
FINAL TESTING RESULTS
================================================================================

  Model: social_welfare (both)
  Episodes: 100
  Total Time: 9950.0
  Hawkes Events (M/F): 54127/40977

  --- Wealth Metrics ---
  Initial μ_M,0: $60.82k
  Initial μ_F,0: $48.29k
  Final μ_M: $206.51k
  Final μ_F: $160.28k
  Final Wealth Gap: $46.22k

  --- Long-term Social Welfare R_g(t) = (μ_g,t - μ_g,0) / t ---
  R_M (Male):   0.014642 ($1000s per time unit)
  R_F (Female): 0.011255 ($1000s per time unit)
  R_total:      0.012949 ($1000s per time unit)
  R_M / R_F:    1.3009

  --- Inequality Ratio ρ = Δμ_M / Δμ_F (per episode) ---
  Mean ρ:   1.3012
  Std ρ:    0.1384
  Min ρ:    1.0106
  Max ρ:    1.7711
  Last 5 episodes: ['1.139', '1.203', '1.210', '1.210', '1.383']

  --- Approval Metrics ---
  Total Applications M: 107539
  Total Applications F: 82101
  Total Loans Approved M: 54127
  Total Loans Approved F: 40977
  Final Approval Rate M: 0.5033
  Final Approval Rate F: 0.4991

  --- Success Probabilities ---
  Total Defaults M: 4594
  Total Defaults F: 3521
  Final Success Prob M: 0.9151
  Final Success Prob F: 0.9141

  --- Ground Truth Comparison (Males) ---
  True Positives:  10836
  False Positives: 43291
  True Negatives:  42650
  False Negatives: 10762
  Accuracy:  0.4974
  Precision: 0.2002
  Recall:    0.5017

  --- Ground Truth Comparison (Females) ---
  True Positives:  4482
  False Positives: 36495
  True Negatives:  36643
  False Negatives: 4481
  Accuracy:  0.5009
  Precision: 0.1094
  Recall:    0.5001

  --- Profit ---
  Cumulative Profit: $149234.66k

[7] Saving Results...
  Saved episode metrics to ./static_sequential_results/test_episode_metrics_social_welfare_both_seed1_20260122_150418.csv

================================================================================
Finished: 2026-01-22T15:04:19.397998
Exit code: 0
Test Exit code: 0
