Job: utilitarian_profit_both_seed1
Command: uv run python -u adult_income_training.py --seed 1 --single --reward utilitarian_profit --constraint both --episodes 200 --weights-dir ./static_sequential_results
Started: 2026-01-23T05:38:14.307344
================================================================================

================================================================================
SINGLE REWARD FUNCTION EXPERIMENT
  Reward: UTILITARIAN_PROFIT
  Constraint: BOTH
  Seed: 1
================================================================================

CUDA Available: NVIDIA GeForce RTX 2080 Ti

[STEP 1] Loading Adult Income Data...
Downloading Adult Income dataset...
  Trying UCI Repository...
  ✓ Downloaded 20,000 records from UCI repository
Preprocessing Adult Income data...

  Deriving creditworthiness using income prediction model...

Male applicants: 13519
Female applicants: 6481
Male high-income rate: 0.312
Female high-income rate: 0.116

[STEP 2] Learning θ Parameters...

[STEP 3] Creating Environment...

[STEP 4] Training Agent...
  Using device: cuda
Training with utilitarian_profit (both constraint)...
  Episode 0: Reward=819.505, Avg=819.505, ρ=1.076, R_M=0.0067, R_F=0.0063
  Episode 20: Reward=1240.322, Avg=1135.570, ρ=1.512, R_M=0.0006, R_F=0.0004
  Episode 40: Reward=1434.133, Avg=1350.682, ρ=1.119, R_M=0.0003, R_F=0.0003
  Episode 60: Reward=1525.467, Avg=1491.868, ρ=1.200, R_M=0.0002, R_F=0.0002
  Episode 80: Reward=1592.192, Avg=1434.433, ρ=1.156, R_M=0.0002, R_F=0.0001
  Episode 100: Reward=1599.655, Avg=1614.469, ρ=1.031, R_M=0.0001, R_F=0.0001
  Episode 120: Reward=1655.487, Avg=1633.517, ρ=1.186, R_M=0.0001, R_F=0.0001
  Episode 140: Reward=1623.862, Avg=1641.320, ρ=1.344, R_M=0.0001, R_F=0.0001
  Episode 160: Reward=1648.445, Avg=1614.042, ρ=1.093, R_M=0.0001, R_F=0.0001
  Episode 180: Reward=1573.632, Avg=1657.736, ρ=1.278, R_M=0.0001, R_F=0.0001

[STEP 5] Running Test Episode...

============================================================
TRAINING COMPLETE: utilitarian_profit (both)
============================================================
  Initial wealth gap: $12.525k
  Final wealth gap: $12.545k
  Approval disparity: -0.0115
  Total profit: $1898.120k

  --- Episode-Level Metrics (Training) ---
  ρ (inequality ratio): mean=1.2549, std=0.1281
  R_M (male welfare):   final=0.000083
  R_F (female welfare): final=0.000065
  R_M / R_F:            1.2808

[STEP 6] Saving Model Weights...
  Model saved to ./static_sequential_results/utilitarian_profit_both_seed1.pt
  Saved to: ./static_sequential_results/utilitarian_profit_both_seed1.pt
================================================================================
TESTING TRAINED AGENT (EPISODE-WISE METRICS)
================================================================================
  Model: ./static_sequential_results/utilitarian_profit_both_seed1.pt
  Episodes: 100
  Continuous play: YES (no wealth reset between episodes)
  Credit threshold for ground truth: 0.5
  Checkpoint directory: ./checkpoints
  Resume from checkpoint: True
================================================================================

[1] Loading Data...
Downloading Adult Income dataset...
Preprocessing Adult Income data...

  Deriving creditworthiness (ground truth) using income prediction model...

Male applicants: 13519
Female applicants: 6481
Male ground truth approval rate: 0.180
Female ground truth approval rate: 0.087
Loading model from ./static_sequential_results/utilitarian_profit_both_seed1.pt...
  ✓ Model loaded successfully
    Reward function: utilitarian_profit
    Constraint type: both

[5] Running 100 Episodes (Episodes 1 to 100)...

  Starting Episode 1 (ALL state preserved - continuous play)

  Episode 10/100 Complete:
    Timesteps this episode: 199
    Total time elapsed: 995.0
    μ_M: $78.89k, μ_F: $63.15k
    Wealth Gap: $15.74k
    Episode Approval Rate M: 0.9476
    Episode Approval Rate F: 0.9500
    Episode Profit: $5538.12k
    Cumulative Profit: $16963.02k

  Starting Episode 11 (ALL state preserved - continuous play)

  Episode 20/100 Complete:
    Timesteps this episode: 199
    Total time elapsed: 1990.0
    μ_M: $101.56k, μ_F: $80.26k
    Wealth Gap: $21.30k
    Episode Approval Rate M: 0.9495
    Episode Approval Rate F: 0.9508
    Episode Profit: $6602.18k
    Cumulative Profit: $40466.41k

  Starting Episode 21 (ALL state preserved - continuous play)

  Episode 30/100 Complete:
    Timesteps this episode: 199
    Total time elapsed: 2985.0
    μ_M: $129.48k, μ_F: $101.28k
    Wealth Gap: $28.20k
    Episode Approval Rate M: 0.9505
    Episode Approval Rate F: 0.9648
    Episode Profit: $8676.41k
    Cumulative Profit: $71875.99k

  Starting Episode 31 (ALL state preserved - continuous play)

  Episode 40/100 Complete:
    Timesteps this episode: 199
    Total time elapsed: 3980.0
    μ_M: $164.98k, μ_F: $127.53k
    Wealth Gap: $37.45k
    Episode Approval Rate M: 0.9613
    Episode Approval Rate F: 0.9558
    Episode Profit: $10367.47k
    Cumulative Profit: $106428.67k

  Starting Episode 41 (ALL state preserved - continuous play)

  Episode 50/100 Complete:
    Timesteps this episode: 199
    Total time elapsed: 4975.0
    μ_M: $206.97k, μ_F: $160.09k
    Wealth Gap: $46.89k
    Episode Approval Rate M: 0.9597
    Episode Approval Rate F: 0.9722
    Episode Profit: $12417.53k
    Cumulative Profit: $153065.82k

  Starting Episode 51 (ALL state preserved - continuous play)

  Episode 60/100 Complete:
    Timesteps this episode: 199
    Total time elapsed: 5970.0
    μ_M: $253.92k, μ_F: $200.65k
    Wealth Gap: $53.27k
    Episode Approval Rate M: 0.9628
    Episode Approval Rate F: 0.9645
    Episode Profit: $14350.01k
    Cumulative Profit: $203027.29k

  Starting Episode 61 (ALL state preserved - continuous play)

  Episode 70/100 Complete:
    Timesteps this episode: 199
    Total time elapsed: 6965.0
    μ_M: $303.49k, μ_F: $247.62k
    Wealth Gap: $55.87k
    Episode Approval Rate M: 0.9692
    Episode Approval Rate F: 0.9657
    Episode Profit: $15438.87k
    Cumulative Profit: $261553.75k

  Starting Episode 71 (ALL state preserved - continuous play)

  Episode 80/100 Complete:
    Timesteps this episode: 199
    Total time elapsed: 7960.0
    μ_M: $354.41k, μ_F: $297.26k
    Wealth Gap: $57.15k
    Episode Approval Rate M: 0.9613
    Episode Approval Rate F: 0.9656
    Episode Profit: $15616.05k
    Cumulative Profit: $322132.10k

  Starting Episode 81 (ALL state preserved - continuous play)

  Episode 90/100 Complete:
    Timesteps this episode: 199
    Total time elapsed: 8955.0
    μ_M: $406.73k, μ_F: $349.19k
    Wealth Gap: $57.54k
    Episode Approval Rate M: 0.9684
    Episode Approval Rate F: 0.9677
    Episode Profit: $16052.29k
    Cumulative Profit: $381733.85k

  Starting Episode 91 (ALL state preserved - continuous play)

  Episode 100/100 Complete:
    Timesteps this episode: 199
    Total time elapsed: 9950.0
    μ_M: $458.71k, μ_F: $401.33k
    Wealth Gap: $57.38k
    Episode Approval Rate M: 0.9714
    Episode Approval Rate F: 0.9673
    Episode Profit: $15949.18k
    Cumulative Profit: $442711.57k

[6] Computing Final Metrics...

================================================================================
FINAL TESTING RESULTS
================================================================================

  Model: utilitarian_profit (both)
  Episodes: 100
  Total Time: 9950.0
  Hawkes Events (M/F): 147768/129052

  --- Wealth Metrics ---
  Initial μ_M,0: $60.82k
  Initial μ_F,0: $48.29k
  Final μ_M: $458.71k
  Final μ_F: $401.33k
  Final Wealth Gap: $57.38k

  --- Long-term Social Welfare R_g(t) = (μ_g,t - μ_g,0) / t ---
  R_M (Male):   0.039990 ($1000s per time unit)
  R_F (Female): 0.035482 ($1000s per time unit)
  R_total:      0.037736 ($1000s per time unit)
  R_M / R_F:    1.1271

  --- Inequality Ratio ρ = Δμ_M / Δμ_F (per episode) ---
  Mean ρ:   1.1784
  Std ρ:    0.1552
  Min ρ:    0.9474
  Max ρ:    1.5683
  Last 5 episodes: ['0.961', '1.031', '1.006', '0.976', '0.992']

  --- Approval Metrics ---
  Total Applications M: 153553
  Total Applications F: 133984
  Total Loans Approved M: 147768
  Total Loans Approved F: 129052
  Final Approval Rate M: 0.9623
  Final Approval Rate F: 0.9632

  --- Success Probabilities ---
  Total Defaults M: 12342
  Total Defaults F: 10925
  Final Success Prob M: 0.9165
  Final Success Prob F: 0.9153

  --- Ground Truth Comparison (Males) ---
  True Positives:  27443
  False Positives: 120325
  True Negatives:  4727
  False Negatives: 1058
  Accuracy:  0.2095
  Precision: 0.1857
  Recall:    0.9629

  --- Ground Truth Comparison (Females) ---
  True Positives:  13059
  False Positives: 115993
  True Negatives:  4446
  False Negatives: 486
  Accuracy:  0.1306
  Precision: 0.1012
  Recall:    0.9641

  --- Profit ---
  Cumulative Profit: $442711.57k

[7] Saving Results...
  Saved episode metrics to ./static_sequential_results/test_episode_metrics_utilitarian_profit_both_seed1_20260123_062501.csv

================================================================================
Finished: 2026-01-23T06:25:02.088334
Exit code: 0
Test Exit code: 0
